Test run for /home/runner/work/PitHero/PitHero/PitHero.Tests/bin/Debug/net8.0/PitHero.Tests.dll (.NETCoreApp,Version=v8.0)
VSTest version 18.0.1 (x64)

Starting test execution, please wait...
A total of 1 test files matched the specified pattern.
  Skipped HeroProgression_UnequippedKnight_Pit1to10_FacesSubstantialChallenge
  Skipped HeroProgression_EquippedKnight_Pit1to10_CanOvercomeWithGearAndPotions
  Skipped HeroProgression_UndergearKnight_Pit10_FailsWithInadequateGear
  Skipped BattleSequence_ShowsBackAndForthCombat
  Skipped BattleSequence_EquippedVsUnequipped_ShowsClearDifference
  Failed WalkingStick_NewWeaponType_ShouldHaveCorrectStats [11 ms]
  Error Message:
   Assert.AreEqual failed. Expected:<WeaponStaff>. Actual:<WeaponRod>. 
  Stack Trace:
     at PitHero.Tests.CaveBiomeEquipmentTests.WalkingStick_NewWeaponType_ShouldHaveCorrectStats() in /home/runner/work/PitHero/PitHero/PitHero.Tests/CaveBiomeEquipmentTests.cs:line 270
   at System.RuntimeMethodHandle.InvokeMethod(Object target, Void** arguments, Signature sig, Boolean isConstructor)
   at System.Reflection.MethodBaseInvoker.InvokeWithNoArgs(Object obj, BindingFlags invokeAttr)

  Skipped CompleteVirtualGameWorkflow_Demonstration
  Failed GoapConstants_SimplifiedModel_ShouldOnlyContainCoreConstants [< 1 ms]
  Error Message:
   Assert.AreEqual failed. Expected:<35>. Actual:<38>. Should have exactly 35 GOAP constants (14 hero states + 6 mercenary states + 10 hero actions + 5 mercenary actions)
  Stack Trace:
     at PitHero.Tests.JumpIntoPitActionTests.GoapConstants_SimplifiedModel_ShouldOnlyContainCoreConstants() in /home/runner/work/PitHero/PitHero/PitHero.Tests/MoveToPitActionTests.cs:line 47
   at System.RuntimeMethodHandle.InvokeMethod(Object target, Void** arguments, Signature sig, Boolean isConstructor)
   at System.Reflection.MethodBaseInvoker.InvokeWithNoArgs(Object obj, BindingFlags invokeAttr)


Failed!  - Failed:     2, Passed:   839, Skipped:     6, Total:   847, Duration: 701 ms - PitHero.Tests.dll (net8.0)
