  Determining projects to restore...
  All projects are up-to-date for restore.
  No property overrides found at 'FNA.Settings.props'
  FNA.Core -> /home/runner/work/PitHero/PitHero/FNA/bin/Debug/net8.0/FNA.dll
  Nez.FNA.Core.Persistence -> /home/runner/work/PitHero/PitHero/Nez/Nez.Persistence/bin/Debug/FNA/Nez.Persistence.dll
  Nez.FNA.Core -> /home/runner/work/PitHero/PitHero/Nez/Nez.Portable/bin/Debug/FNA/Nez.dll
  PitHero -> /home/runner/work/PitHero/PitHero/PitHero/bin/Debug/PitHero.dll
  PitHero.Tests -> /home/runner/work/PitHero/PitHero/PitHero.Tests/bin/Debug/net8.0/PitHero.Tests.dll
Test run for /home/runner/work/PitHero/PitHero/PitHero.Tests/bin/Debug/net8.0/PitHero.Tests.dll (.NETCoreApp,Version=v8.0)
VSTest version 18.0.1 (x64)

Starting test execution, please wait...
A total of 1 test files matched the specified pattern.
/home/runner/work/PitHero/PitHero/PitHero.Tests/bin/Debug/net8.0/PitHero.Tests.dll
  Passed HeroComponent_HasActionQueue [10 ms]
  Passed ActionQueue_CanQueueMultipleActions [3 ms]
  Passed ActionQueue_ProcessesInCorrectOrder [1 ms]
  Passed BattleOnly_PotionsCanBeUsedOutsideOfBattle [1 ms]
  Passed BattleOnly_HealSkillCanBeUsedOutsideOfBattle [1 ms]
  Passed BattleOnly_DefenseUpSkillIsBattleOnly [< 1 ms]
  Passed ActionQueue_ClearsCorrectly [< 1 ms]
  Passed ActionQueue_StartsEmpty [< 1 ms]
  Passed ActionQueue_CanEnqueueItem [< 1 ms]
  Passed ActionQueue_CanEnqueueSkill [< 1 ms]
  Passed ActionQueue_CanDequeueItem [< 1 ms]
  Passed ActionQueue_CanDequeueSkill [< 1 ms]
  Passed ActionQueue_FIFOOrder [< 1 ms]
  Passed ActionQueue_DequeueEmptyReturnsNull [< 1 ms]
  Passed ActionQueue_PeekDoesNotRemove [< 1 ms]
  Passed ActionQueue_CanClear [< 1 ms]
  Passed ActionQueue_RespectMaxQueueSize [< 1 ms]
  Passed ActionQueue_RespectMaxQueueSizeForSkills [< 1 ms]
  Passed ActionQueue_GetAllReturnsAllActions [< 1 ms]
  Passed ActionQueue_GetAllReturnsEmptyArrayWhenEmpty [< 1 ms]
  Passed ActionQueueVisualization_CanBeCreated [21 ms]
  Passed ActionQueueVisualization_HeightMatchesMaxQueueSize [3 ms]
  Passed HeroComponent_WhenPriority1IsAdvanceAndWizardOrbFound_ShouldSetExploredPitTrue [1 ms]
  Passed HeroComponent_WhenPriority2IsAdvanceAndWizardOrbFound_ShouldSetExploredPitTrue [2 ms]
  Passed HeroComponent_WhenAdvanceIsCurrentPriorityAndWizardOrbFound_ShouldSetExploredPitTrue [< 1 ms]
  Passed AlliedMonsterManager_New_HasEmptyRoster [< 1 ms]
  Passed AlliedMonsterManager_TryRecruit_GuaranteedJoin_ReturnsMonster [3 ms]
  Standard Output Messages:
 
 
 Debug Trace:
 Log: [AlliedMonsterManager] Slime joined as 'Cedric'! Fishing:1 Cooking:2 Farming:6


  Passed AlliedMonsterManager_TryRecruit_ZeroModifier_ReturnsNull [< 1 ms]
  Passed AlliedMonsterManager_TryRecruit_SetsMonsterTypeName [< 1 ms]
  Standard Output Messages:
 
 
 Debug Trace:
 Log: [AlliedMonsterManager] Rat joined as 'Jade'! Fishing:2 Cooking:4 Farming:6


  Passed AlliedMonsterManager_TryRecruit_AssignsNonEmptyName [< 1 ms]
  Standard Output Messages:
 
 
 Debug Trace:
 Log: [AlliedMonsterManager] Bat joined as 'Helena'! Fishing:4 Cooking:1 Farming:8


  Passed AlliedMonsterManager_TryRecruit_ProficienciesInRange [< 1 ms]
  Standard Output Messages:
 
 
 Debug Trace:
 Log: [AlliedMonsterManager] Goblin joined as 'Aldric'! Fishing:4 Cooking:4 Farming:4


  Passed AlliedMonsterManager_TryRecruit_MultipleRecruits_CountIncrementsCorrectly [< 1 ms]
  Standard Output Messages:
 
 
 Debug Trace:
 Log: [AlliedMonsterManager] Slime joined as 'Gareth'! Fishing:1 Cooking:1 Farming:4
 Log: [AlliedMonsterManager] Slime joined as 'Gareth'! Fishing:3 Cooking:9 Farming:4
 Log: [AlliedMonsterManager] Slime joined as 'Cedric'! Fishing:4 Cooking:4 Farming:6


  Passed AlliedMonsterManager_AlliedMonsters_ListMatchesCount [< 1 ms]
  Standard Output Messages:
 
 
 Debug Trace:
 Log: [AlliedMonsterManager] Snake joined as 'Nina'! Fishing:6 Cooking:8 Farming:6
 Log: [AlliedMonsterManager] Snake joined as 'Sasha'! Fishing:6 Cooking:3 Farming:9


  Passed AlliedMonster_Constructor_StoresNameAndType [< 1 ms]
  Passed AlliedMonster_Constructor_StoresProficienciesCorrectly [< 1 ms]
  Passed AlliedMonster_Proficiency_ClampsToMinimum [< 1 ms]
  Passed AlliedMonster_Proficiency_ClampsToMaximum [< 1 ms]
  Passed AlliedMonster_Proficiency_AcceptsBoundaryValues [< 1 ms]
  Passed AttackMonsterAction_VirtualExecuteNotAffectedByPause [9 ms]
  Standard Output Messages:
 [VirtualWorld] Generated 5 obstacles and 1 wizard orb in pit
 [VirtualWorld] Regenerated pit at level 10, bounds: (1,2,14,9)
 [VirtualTiledMapService] Initialized basic tile patterns for PitWidthManager
 [VirtualGoapContext] [AttackMonster] Starting monster attack with interface-based context
 [VirtualGoapContext] [AttackMonster] Hero at tile (34,6)
 [VirtualGoapContext] [AttackMonster] Attack completed in virtual context
 
 
 Debug Trace:
 Log: [PauseService] Game pause state changed to: True


  Passed AttackMonsterAction_HasCorrectBasicProperties [< 1 ms]
  Standard Output Messages:
 [VirtualWorld] Generated 5 obstacles and 1 wizard orb in pit
 [VirtualWorld] Regenerated pit at level 10, bounds: (1,2,14,9)
 [VirtualTiledMapService] Initialized basic tile patterns for PitWidthManager


  Passed AttackMonsterAction_InheritsFromHeroActionBase [< 1 ms]
  Standard Output Messages:
 [VirtualWorld] Generated 5 obstacles and 1 wizard orb in pit
 [VirtualWorld] Regenerated pit at level 10, bounds: (1,2,14,9)
 [VirtualTiledMapService] Initialized basic tile patterns for PitWidthManager


  Passed PauseService_CanBeToggled [< 1 ms]
  Standard Output Messages:
 [VirtualWorld] Generated 5 obstacles and 1 wizard orb in pit
 [VirtualWorld] Regenerated pit at level 10, bounds: (1,2,14,9)
 [VirtualTiledMapService] Initialized basic tile patterns for PitWidthManager
 
 
 Debug Trace:
 Log: [PauseService] Game pause state changed to: True
 Log: [PauseService] Game pause state changed to: False


  Passed Slime_FixedStats_DoNotScaleWithLevel [4 ms]
  Passed BattleParticipant_Structure_WorksCorrectly [1 ms]
  Passed AttackMonsterAction_Instantiation_HasCorrectProperties [< 1 ms]
  Passed CalculateExperienceForLevel_Level1_ReturnsZero [< 1 ms]
  Passed CalculateExperienceForLevel_Level2_ReturnsBaseExperience [< 1 ms]
  Passed CalculateExperienceForLevel_GrowsExponentially [< 1 ms]
  Passed CalculateExperienceForLevel_Level99_IsReasonable [< 1 ms]
  Passed CalculateExperienceForLevel_InvalidLevel_Handled [< 1 ms]
  Passed EstimatePlayerLevelForPitLevel_EarlyGame_CorrectProgression [< 1 ms]
  Passed EstimatePlayerLevelForPitLevel_MidGame_CorrectProgression [< 1 ms]
  Passed EstimatePlayerLevelForPitLevel_LateGame_CapsAt99 [< 1 ms]
  Passed EstimatePlayerLevelForPitLevel_InvalidPit_Handled [< 1 ms]
  Passed CalculateMonsterHP_BalancedArchetype_ScalesWithLevel [< 1 ms]
  Passed CalculateMonsterHP_TankArchetype_HasMoreHP [< 1 ms]
  Passed CalculateMonsterHP_FastFragileArchetype_HasLessHP [< 1 ms]
  Passed CalculateMonsterHP_Level99_DoesNotBreakGame [< 1 ms]
  Passed CalculateMonsterStat_BalancedArchetype_ScalesWithLevel [< 1 ms]
  Passed CalculateMonsterStat_ArchetypeModifiers_ApplyCorrectly [< 1 ms]
  Passed CalculateMonsterStat_AllStats_AtLeastOne [< 1 ms]
  Passed CalculateMonsterExperience_ScalesWithLevel [< 1 ms]
  Passed CalculateEquipmentAttackBonus_ScalesWithPitLevel [< 1 ms]
  Passed CalculateEquipmentAttackBonus_RarityMultiplier_AppliesCorrectly [< 1 ms]
  Passed CalculateEquipmentDefenseBonus_ScalesWithPitLevel [< 1 ms]
  Passed CalculateEquipmentDefenseBonus_LowerThanAttack [< 1 ms]
  Passed CalculateEquipmentStatBonus_ScalesWithPitAndRarity [< 1 ms]
  Passed CalculateEquipmentStatBonus_HighLevel_DoesNotBreakGame [< 1 ms]
  Passed GetElementalDamageMultiplier_NeutralAttack_ReturnsOne [< 1 ms]
  Passed GetElementalDamageMultiplier_SameElement_ReturnsResistance [< 1 ms]
  Passed GetElementalDamageMultiplier_OpposingElement_ReturnsWeakness [< 1 ms]
  Passed GetElementalDamageMultiplier_AllOpposingPairs_CorrectWeakness [< 1 ms]
  Passed GetElementalDamageMultiplier_CustomResistance_AppliesCorrectly [< 1 ms]
  Passed GetElementalDamageMultiplier_NoRelationship_ReturnsOne [< 1 ms]
  Passed CalculateAttackDamage_AttackGreaterThanDefense_LinearScaling [< 1 ms]
  Passed CalculateAttackDamage_AttackLessThanDefense_QuadraticPenalty [< 1 ms]
  Passed CalculateAttackDamage_EqualStats_ModerateResult [< 1 ms]
  Passed CalculateAttackDamage_MinimumDamageIsOne [< 1 ms]
  Passed CalculateAttackDamage_TypicalCases_ReasonableResults [< 1 ms]
  Passed CalculateEvasion_ScalesWithAgilityAndLevel [< 1 ms]
  Passed CalculateEvasion_Formula_MatchesExpected [< 1 ms]
  Passed CalculateEvasion_CapsAt255 [< 1 ms]
  Passed CalculateEvasion_LowStats_ReasonableChance [< 1 ms]
  Passed Integration_MonsterStatsAtLevel50_Reasonable [< 1 ms]
  Passed Integration_EquipmentAtPit50_Reasonable [< 1 ms]
  Passed Integration_ExperienceProgression_FormulasWorkTogether [< 1 ms]
  Skipped HeroProgression_UnequippedKnight_Pit1to10_FacesSubstantialChallenge
  Error Message:
   Needs rebalancing for new monster stat formulas (3 + level * 1.0)

  Skipped HeroProgression_EquippedKnight_Pit1to10_CanOvercomeWithGearAndPotions
  Error Message:
   Needs rebalancing for new monster stat formulas (3 + level * 1.0)

  Skipped HeroProgression_UndergearKnight_Pit10_FailsWithInadequateGear
  Error Message:
   Needs rebalancing for new monster stat formulas (3 + level * 1.0)

  Skipped BattleSequence_ShowsBackAndForthCombat
  Error Message:
   Needs rebalancing for new monster stat formulas (3 + level * 1.0)

  Skipped BattleSequence_EquippedVsUnequipped_ShowsClearDifference
  Error Message:
   Needs rebalancing for new monster stat formulas (3 + level * 1.0)

  Passed DynamicFeedback_IdentifiesImbalancedPitLevels [12 ms]
  Standard Output Messages:
 ===========================================
 DYNAMIC CHALLENGE FEEDBACK SYSTEM
 ===========================================
 
 === IMBALANCE REPORT ===
 ⚠ Found 10 potentially imbalanced pit level(s):
 
 PIT LEVEL 1:
   Current Performance: 100 % win rate, 1.3 avg turns
   Current Monster Stats: HP=41, Attack=5, Defense=2
   Hero Stats (Unequipped): Attack=21, Defense=7
 
   SUGGESTED ADJUSTMENTS:
   - Increase Monster HP: 41 → 51 (+10)
   - Increase Monster Attack (Strength): 5 → 6 (+1)
   - Increase Monster Agility: +2 (for better evasion)
 
 PIT LEVEL 2:
   Current Performance: 100 % win rate, 2.3 avg turns
   Current Monster Stats: HP=57, Attack=7, Defense=3
   Hero Stats (Unequipped): Attack=22, Defense=8
 
   SUGGESTED ADJUSTMENTS:
   - Increase Monster HP: 57 → 71 (+14)
   - Increase Monster Attack (Strength): 7 → 8 (+1)
   - Increase Monster Agility: +2 (for better evasion)
 
 PIT LEVEL 3:
   Current Performance: 100 % win rate, 2.0 avg turns
   Current Monster Stats: HP=65, Attack=8, Defense=4
   Hero Stats (Unequipped): Attack=22, Defense=8
 
   SUGGESTED ADJUSTMENTS:
   - Increase Monster HP: 65 → 81 (+16)
   - Increase Monster Attack (Strength): 8 → 9 (+1)
   - Increase Monster Agility: +2 (for better evasion)
 
 PIT LEVEL 4:
   Current Performance: 100 % win rate, 2.0 avg turns
   Current Monster Stats: HP=81, Attack=10, Defense=5
   Hero Stats (Unequipped): Attack=24, Defense=8
 
   SUGGESTED ADJUSTMENTS:
   - Increase Monster HP: 81 → 101 (+20)
   - Increase Monster Attack (Strength): 10 → 12 (+2)
   - Increase Monster Agility: +2 (for better evasion)
 
 PIT LEVEL 5:
   Current Performance: 100 % win rate, 3.3 avg turns
   Current Monster Stats: HP=89, Attack=11, Defense=5
   Hero Stats (Unequipped): Attack=24, Defense=9
 
   SUGGESTED ADJUSTMENTS:
   - Increase Monster HP: 89 → 111 (+22)
   - Increase Monster Attack (Strength): 11 → 13 (+2)
   - Increase Monster Agility: +2 (for better evasion)
 
 PIT LEVEL 6:
   Current Performance: 100 % win rate, 3.7 avg turns
   Current Monster Stats: HP=105, Attack=13, Defense=6
   Hero Stats (Unequipped): Attack=26, Defense=9
 
   SUGGESTED ADJUSTMENTS:
   - Increase Monster HP: 105 → 131 (+26)
   - Increase Monster Attack (Strength): 13 → 15 (+2)
   - Increase Monster Agility: +2 (for better evasion)
 
 PIT LEVEL 7:
   Current Performance: 100 % win rate, 3.0 avg turns
   Current Monster Stats: HP=113, Attack=14, Defense=7
   Hero Stats (Unequipped): Attack=26, Defense=9
 
   SUGGESTED ADJUSTMENTS:
   - Increase Monster HP: 113 → 141 (+28)
   - Increase Monster Attack (Strength): 14 → 16 (+2)
   - Increase Monster Agility: +2 (for better evasion)
 
 PIT LEVEL 8:
   Current Performance: 100 % win rate, 4.0 avg turns
   Current Monster Stats: HP=129, Attack=16, Defense=8
   Hero Stats (Unequipped): Attack=27, Defense=10
 
   SUGGESTED ADJUSTMENTS:
   - Increase Monster HP: 129 → 161 (+32)
   - Increase Monster Attack (Strength): 16 → 19 (+3)
   - Increase Monster Agility: +2 (for better evasion)
 
 PIT LEVEL 9:
   Current Performance: 100 % win rate, 4.0 avg turns
   Current Monster Stats: HP=137, Attack=17, Defense=8
   Hero Stats (Unequipped): Attack=28, Defense=10
 
   SUGGESTED ADJUSTMENTS:
   - Increase Monster HP: 137 → 171 (+34)
   - Increase Monster Attack (Strength): 17 → 20 (+3)
   - Increase Monster Agility: +2 (for better evasion)
 
 PIT LEVEL 10:
   Current Performance: 100 % win rate, 4.7 avg turns
   Current Monster Stats: HP=153, Attack=19, Defense=9
   Hero Stats (Unequipped): Attack=29, Defense=10
 
   SUGGESTED ADJUSTMENTS:
   - Increase Monster HP: 153 → 191 (+38)
   - Increase Monster Attack (Strength): 19 → 22 (+3)
   - Increase Monster Agility: +2 (for better evasion)
 
 


  Passed StatProgression_KeyLevels_ValidateHeroAndMonsterScaling [< 1 ms]
  Standard Output Messages:
 ===========================================
 STAT PROGRESSION AT KEY LEVELS
 Levels: 1, 10, 25, 50, 75, 99
 ===========================================
 
 --- LEVEL 1 ---
 Hero - HP:110, MP:25, Str:20, Agi:15, Vit:17, Mag:5
 Monster (Balanced) - HP:33, Str:4, Agi:4, Vit:4, Mag:4
 
 --- LEVEL 10 ---
 Hero - HP:140, MP:31, Str:26, Agi:18, Vit:23, Mag:7
 Monster (Balanced) - HP:105, Str:13, Agi:13, Vit:13, Mag:13
 
 --- LEVEL 25 ---
 Hero - HP:195, MP:43, Str:35, Agi:24, Vit:34, Mag:11
 Monster (Balanced) - HP:225, Str:28, Agi:28, Vit:28, Mag:28
 
 --- LEVEL 50 ---
 Hero - HP:280, MP:61, Str:50, Agi:34, Vit:51, Mag:17
 Monster (Balanced) - HP:425, Str:53, Agi:53, Vit:53, Mag:53
 
 --- LEVEL 75 ---
 Hero - HP:370, MP:82, Str:65, Agi:43, Vit:69, Mag:24
 Monster (Balanced) - HP:625, Str:78, Agi:78, Vit:78, Mag:78
 
 --- LEVEL 99 ---
 Hero - HP:455, MP:100, Str:80, Agi:52, Vit:86, Mag:30
 Monster (Balanced) - HP:817, Str:99, Agi:99, Vit:99, Mag:99
 
 ✓ All key levels show valid stat progression within caps
 


  Passed Equipment_Effectiveness_AtDifferentPitLevelsAndRarities [4 ms]
  Standard Output Messages:
 ===========================================
 EQUIPMENT EFFECTIVENESS
 Pit Levels 1, 10, 25, 50 across rarities
 ===========================================
 
 --- Pit Level 1 ---
     Normal: Attack +  1, Defense +  1, Stats + 0
       Rare: Attack +  3, Defense +  2, Stats + 0
  Legendary: Attack +  5, Defense +  4, Stats + 0
 
 --- Pit Level 10 ---
     Normal: Attack +  6, Defense +  4, Stats + 2
       Rare: Attack + 12, Defense +  8, Stats + 4
  Legendary: Attack + 21, Defense + 15, Stats + 7
 
 --- Pit Level 25 ---
     Normal: Attack + 13, Defense +  9, Stats + 5
       Rare: Attack + 27, Defense + 18, Stats +10
  Legendary: Attack + 47, Defense + 32, Stats +17
 
 --- Pit Level 50 ---
     Normal: Attack + 26, Defense + 17, Stats +10
       Rare: Attack + 52, Defense + 35, Stats +20
  Legendary: Attack + 91, Defense + 61, Stats +35
 
 ✓ Equipment scales appropriately with pit level and rarity
 


  Passed ElementalSystem_AdvantageAndDisadvantage_WorksCorrectly [3 ms]
  Standard Output Messages:
 ===========================================
 ELEMENTAL MATCHUP VALIDATION
 ===========================================
 
 Fire vs Water: 2x damage (expected 2.0x - advantage)
 Fire vs Fire: 0.5x damage (expected 0.5x - resistance)
 Fire vs Neutral: 1x damage (expected 1.0x - neutral)
 
 ✓ Elemental matchups work correctly (2x advantage, 0.5x resistance, 1x neutral)
 


  Passed Consumables_DefaultBattleOnlyIsFalse [< 1 ms]
  Passed Skills_DefaultBattleOnlyIsTrue [< 1 ms]
  Passed HealSkill_BattleOnlyIsFalse [< 1 ms]
  Passed SkillInterface_HasBattleOnlyProperty [< 1 ms]
  Passed CaveBiome_FullProgression_AllLevels1To25 [29 ms]
  Standard Output Messages:
 [VirtualWorld] Generated 5 obstacles and 1 wizard orb in pit
 [VirtualWorld] Regenerated pit at level 10, bounds: (1,2,14,9)
 [VirtualTiledMapService] Initialized basic tile patterns for PitWidthManager
 [VirtualPitWidthManager] Recorded FogOfWar index: 301
 [VirtualPitWidthManager] Recorded ground tile index: 104
 [VirtualPitWidthManager] baseOuterFloor[1] = 100
 [VirtualPitWidthManager] baseOuterFloor[2] = 103
 [VirtualPitWidthManager] baseOuterFloor[3] = 103
 [VirtualPitWidthManager] baseOuterFloor[4] = 103
 [VirtualPitWidthManager] baseOuterFloor[5] = 103
 [VirtualPitWidthManager] baseOuterFloor[6] = 103
 [VirtualPitWidthManager] baseOuterFloor[7] = 103
 [VirtualPitWidthManager] baseOuterFloor[8] = 103
 [VirtualPitWidthManager] baseOuterFloor[9] = 103
 [VirtualPitWidthManager] baseOuterFloor[10] = 103
 [VirtualPitWidthManager] baseOuterFloor[11] = 100
 [VirtualPitWidthManager] baseOuterFloor total: 11 tiles, 11 non-zero
 [VirtualPitWidthManager] collisionOuterFloor[1] = 0
 [VirtualPitWidthManager] collisionOuterFloor[2] = 0
 [VirtualPitWidthManager] collisionOuterFloor[3] = 0
 [VirtualPitWidthManager] collisionOuterFloor[4] = 0
 [VirtualPitWidthManager] collisionOuterFloor[5] = 0
 [VirtualPitWidthManager] collisionOuterFloor[6] = 0
 [VirtualPitWidthManager] collisionOuterFloor[7] = 0
 [VirtualPitWidthManager] collisionOuterFloor[8] = 0
 [VirtualPitWidthManager] collisionOuterFloor[9] = 0
 [VirtualPitWidthManager] collisionOuterFloor[10] = 0
 [VirtualPitWidthManager] collisionOuterFloor[11] = 0
 [VirtualPitWidthManager] collisionOuterFloor total: 11 tiles, 0 non-zero
 [VirtualPitWidthManager] baseInnerWall[1] = 102
 [VirtualPitWidthManager] baseInnerWall[2] = 102
 [VirtualPitWidthManager] baseInnerWall[3] = 102
 [VirtualPitWidthManager] baseInnerWall[4] = 102
 [VirtualPitWidthManager] baseInnerWall[5] = 102
 [VirtualPitWidthManager] baseInnerWall[6] = 102
 [VirtualPitWidthManager] baseInnerWall[7] = 102
 [VirtualPitWidthManager] baseInnerWall[8] = 102
 [VirtualPitWidthManager] baseInnerWall[9] = 102
 [VirtualPitWidthManager] baseInnerWall[10] = 102
 [VirtualPitWidthManager] baseInnerWall[11] = 102
 [VirtualPitWidthManager] baseInnerWall total: 11 tiles, 11 non-zero
 [VirtualPitWidthManager] collisionInnerWall[1] = 0
 [VirtualPitWidthManager] collisionInnerWall[2] = 201
 [VirtualPitWidthManager] collisionInnerWall[3] = 201
 [VirtualPitWidthManager] collisionInnerWall[4] = 201
 [VirtualPitWidthManager] collisionInnerWall[5] = 201
 [VirtualPitWidthManager] collisionInnerWall[6] = 201
 [VirtualPitWidthManager] collisionInnerWall[7] = 201
 [VirtualPitWidthManager] collisionInnerWall[8] = 201
 [VirtualPitWidthManager] collisionInnerWall[9] = 201
 [VirtualPitWidthManager] collisionInnerWall[10] = 201
 [VirtualPitWidthManager] collisionInnerWall[11] = 0
 [VirtualPitWidthManager] collisionInnerWall total: 11 tiles, 9 non-zero
 [VirtualPitWidthManager] baseInnerFloor[1] = 100
 [VirtualPitWidthManager] baseInnerFloor[2] = 101
 [VirtualPitWidthManager] baseInnerFloor[3] = 101
 [VirtualPitWidthManager] baseInnerFloor[4] = 101
 [VirtualPitWidthManager] baseInnerFloor[5] = 101
 [VirtualPitWidthManager] baseInnerFloor[6] = 101
 [VirtualPitWidthManager] baseInnerFloor[7] = 101
 [VirtualPitWidthManager] baseInnerFloor[8] = 101
 [VirtualPitWidthManager] baseInnerFloor[9] = 101
 [VirtualPitWidthManager] baseInnerFloor[10] = 101
 [VirtualPitWidthManager] baseInnerFloor[11] = 100
 [VirtualPitWidthManager] baseInnerFloor total: 11 tiles, 11 non-zero
 [VirtualPitWidthManager] collisionInnerFloor[1] = 0
 [VirtualPitWidthManager] collisionInnerFloor[2] = 0
 [VirtualPitWidthManager] collisionInnerFloor[3] = 0
 [VirtualPitWidthManager] collisionInnerFloor[4] = 0
 [VirtualPitWidthManager] collisionInnerFloor[5] = 0
 [VirtualPitWidthManager] collisionInnerFloor[6] = 0
 [VirtualPitWidthManager] collisionInnerFloor[7] = 0
 [VirtualPitWidthManager] collisionInnerFloor[8] = 0
 [VirtualPitWidthManager] collisionInnerFloor[9] = 0
 [VirtualPitWidthManager] collisionInnerFloor[10] = 0
 [VirtualPitWidthManager] collisionInnerFloor[11] = 0
 [VirtualPitWidthManager] collisionInnerFloor total: 11 tiles, 0 non-zero
 [VirtualPitWidthManager] Initialization complete. Current pit right edge: 13
 [VirtualPitGenerator] Regenerating pit content for level 1
 [VirtualWorld] Cleared all entities and interior collisions
 [VirtualPitGenerator] Valid placement area for level 1: tiles (2,3) to (10,9)
 [VirtualPitGenerator] Level 1 calculated amounts:
 [VirtualPitGenerator]   Max Monsters: 2, Actual: 1
 [VirtualPitGenerator]   Max Chests: 2, Actual: 1
 [VirtualPitGenerator]   Min Obstacles: 5
 [VirtualPitGenerator]   Max Obstacles: 10, Actual: 6
 [VirtualWorld] Wizard orb positioned at (8,7)
 [VirtualPitGenerator] Generated wizard orb at (8,7)
 [VirtualWorld] Added obstacle at (5,5)
 [VirtualWorld] Added obstacle at (10,3)
 [VirtualWorld] Added obstacle at (7,3)
 [VirtualWorld] Added obstacle at (4,5)
 [VirtualWorld] Added obstacle at (10,7)
 [VirtualWorld] Added obstacle at (7,4)
 [VirtualWorld] Added EarlyHelm_Normal treasure (level 1) at (7,7)
 [VirtualWorld] Added Bat monster at (2,4)
 [VirtualPitGenerator] Generated 6 obstacles, 1 treasures, 1 monsters, and 1 wizard orb
 [VirtualPitGenerator] Regenerating pit content for level 2
 [VirtualWorld] Cleared all entities and interior collisions
 [VirtualPitGenerator] Valid placement area for level 2: tiles (2,3) to (10,9)
 [VirtualPitGenerator] Level 2 calculated amounts:
 [VirtualPitGenerator]   Max Monsters: 2, Actual: 1
 [VirtualPitGenerator]   Max Chests: 2, Actual: 1
 [VirtualPitGenerator]   Min Obstacles: 5
 [VirtualPitGenerator]   Max Obstacles: 10, Actual: 9
 [VirtualWorld] Wizard orb positioned at (10,3)
 [VirtualPitGenerator] Generated wizard orb at (10,3)
 [VirtualWorld] Added obstacle at (4,8)
 [VirtualWorld] Added obstacle at (6,4)
 [VirtualWorld] Added obstacle at (2,8)
 [VirtualWorld] Added obstacle at (2,3)
 [VirtualWorld] Added obstacle at (6,5)
 [VirtualWorld] Added obstacle at (4,7)
 [VirtualWorld] Added obstacle at (5,5)
 [VirtualWorld] Added obstacle at (8,9)
 [VirtualWorld] Added obstacle at (9,7)
 [VirtualWorld] Added EarlyArmor_Normal treasure (level 1) at (2,5)
 [VirtualWorld] Added Slime monster at (8,7)
 [VirtualPitGenerator] Generated 9 obstacles, 1 treasures, 1 monsters, and 1 wizard orb
 [VirtualPitGenerator] Regenerating pit content for level 3
 [VirtualWorld] Cleared all entities and interior collisions
 [VirtualPitGenerator] Valid placement area for level 3: tiles (2,3) to (10,9)
 [VirtualPitGenerator] Level 3 calculated amounts:
 [VirtualPitGenerator]   Max Monsters: 2, Actual: 2
 [VirtualPitGenerator]   Max Chests: 2, Actual: 2
 [VirtualPitGenerator]   Min Obstacles: 5
 [VirtualPitGenerator]   Max Obstacles: 10, Actual: 6
 [VirtualWorld] Wizard orb positioned at (3,6)
 [VirtualPitGenerator] Generated wizard orb at (3,6)
 [VirtualWorld] Added obstacle at (3,4)
 [VirtualWorld] Added obstacle at (10,5)
 [VirtualWorld] Added obstacle at (5,6)
 [VirtualWorld] Added obstacle at (9,7)
 [VirtualWorld] Added obstacle at (2,3)
 [VirtualWorld] Added obstacle at (10,3)
 [VirtualWorld] Added EarlyAxe_Normal treasure (level 1) at (9,8)
 [VirtualWorld] Added EarlyHelm_Normal treasure (level 1) at (7,6)
 [VirtualWorld] Added Rat monster at (6,6)
 [VirtualWorld] Added Rat monster at (4,4)
 [VirtualPitGenerator] Generated 6 obstacles, 2 treasures, 2 monsters, and 1 wizard orb
 [VirtualPitGenerator] Regenerating pit content for level 4
 [VirtualWorld] Cleared all entities and interior collisions
 [VirtualPitGenerator] Valid placement area for level 4: tiles (2,3) to (10,9)
 [VirtualPitGenerator] Level 4 calculated amounts:
 [VirtualPitGenerator]   Max Monsters: 2, Actual: 2
 [VirtualPitGenerator]   Max Chests: 2, Actual: 2
 [VirtualPitGenerator]   Min Obstacles: 5
 [VirtualPitGenerator]   Max Obstacles: 10, Actual: 9
 [VirtualWorld] Wizard orb positioned at (5,3)
 [VirtualPitGenerator] Generated wizard orb at (5,3)
 [VirtualWorld] Added obstacle at (2,7)
 [VirtualWorld] Added obstacle at (6,6)
 [VirtualWorld] Added obstacle at (8,4)
 [VirtualWorld] Added obstacle at (7,5)
 [VirtualWorld] Added obstacle at (6,8)
 [VirtualWorld] Added obstacle at (9,5)
 [VirtualWorld] Added obstacle at (9,7)
 [VirtualWorld] Added obstacle at (2,5)
 [VirtualWorld] Added obstacle at (3,7)
 [VirtualWorld] Added EarlyHelm_Normal treasure (level 1) at (4,7)
 [VirtualWorld] Added EarlySpear_Normal treasure (level 1) at (2,3)
 [VirtualWorld] Added Bat monster at (8,3)
 [VirtualWorld] Added Rat monster at (8,6)
 [VirtualPitGenerator] Generated 9 obstacles, 2 treasures, 2 monsters, and 1 wizard orb
 [VirtualPitGenerator] Regenerating pit content for level 5
 [VirtualWorld] Cleared all entities and interior collisions
 [VirtualPitGenerator] Valid placement area for level 5: tiles (2,3) to (10,9)
 [VirtualPitGenerator] Level 5 calculated amounts:
 [VirtualPitGenerator]   Max Monsters: 2, Actual: 1
 [VirtualPitGenerator]   Max Chests: 2, Actual: 1
 [VirtualPitGenerator]   Min Obstacles: 5
 [VirtualPitGenerator]   Max Obstacles: 10, Actual: 7
 [VirtualWorld] Wizard orb positioned at (7,6)
 [VirtualPitGenerator] Generated wizard orb at (7,6)
 [VirtualWorld] Added obstacle at (10,4)
 [VirtualWorld] Added obstacle at (10,7)
 [VirtualWorld] Added obstacle at (3,9)
 [VirtualWorld] Added obstacle at (5,3)
 [VirtualWorld] Added obstacle at (2,6)
 [VirtualWorld] Added obstacle at (2,8)
 [VirtualWorld] Added obstacle at (4,6)
 [VirtualWorld] Added EarlyDagger_Normal treasure (level 1) at (9,4)
 [VirtualWorld] Added Stone Guardian monster at (9,9)
 [VirtualPitGenerator] Cave boss floor at level 5 with Stone Guardian (scaled level 10)
 [VirtualPitGenerator] Generated 7 obstacles, 1 treasures, 0 monsters, and 1 wizard orb
 [VirtualPitGenerator] Regenerating pit content for level 6
 [VirtualWorld] Cleared all entities and interior collisions
 [VirtualPitGenerator] Valid placement area for level 6: tiles (2,3) to (10,9)
 [VirtualPitGenerator] Level 6 calculated amounts:
 [VirtualPitGenerator]   Max Monsters: 2, Actual: 2
 [VirtualPitGenerator]   Max Chests: 2, Actual: 2
 [VirtualPitGenerator]   Min Obstacles: 5
 [VirtualPitGenerator]   Max Obstacles: 10, Actual: 10
 [VirtualWorld] Wizard orb positioned at (9,9)
 [VirtualPitGenerator] Generated wizard orb at (9,9)
 [VirtualWorld] Added obstacle at (9,7)
 [VirtualWorld] Added obstacle at (6,8)
 [VirtualWorld] Added obstacle at (6,7)
 [VirtualWorld] Added obstacle at (3,8)
 [VirtualWorld] Added obstacle at (7,4)
 [VirtualWorld] Added obstacle at (8,5)
 [VirtualWorld] Added obstacle at (8,8)
 [VirtualWorld] Added obstacle at (7,7)
 [VirtualWorld] Added obstacle at (4,3)
 [VirtualWorld] Added obstacle at (3,5)
 [VirtualWorld] Added MidAxe_Normal treasure (level 1) at (5,3)
 [VirtualWorld] Added MidArmor_Normal treasure (level 1) at (10,5)
 [VirtualWorld] Added Stone Beetle monster at (2,3)
 [VirtualWorld] Added Bat monster at (5,5)
 [VirtualPitGenerator] Generated 10 obstacles, 2 treasures, 2 monsters, and 1 wizard orb
 [VirtualPitGenerator] Regenerating pit content for level 7
 [VirtualWorld] Cleared all entities and interior collisions
 [VirtualPitGenerator] Valid placement area for level 7: tiles (2,3) to (10,9)
 [VirtualPitGenerator] Level 7 calculated amounts:
 [VirtualPitGenerator]   Max Monsters: 2, Actual: 2
 [VirtualPitGenerator]   Max Chests: 2, Actual: 2
 [VirtualPitGenerator]   Min Obstacles: 5
 [VirtualPitGenerator]   Max Obstacles: 10, Actual: 7
 [VirtualWorld] Wizard orb positioned at (2,5)
 [VirtualPitGenerator] Generated wizard orb at (2,5)
 [VirtualWorld] Added obstacle at (8,3)
 [VirtualWorld] Added obstacle at (10,8)
 [VirtualWorld] Added obstacle at (9,6)
 [VirtualWorld] Added obstacle at (10,6)
 [VirtualWorld] Added obstacle at (3,9)
 [VirtualWorld] Added obstacle at (5,8)
 [VirtualWorld] Added obstacle at (5,9)
 [VirtualWorld] Added MidAxe_Normal treasure (level 1) at (2,8)
 [VirtualWorld] Added MidHelm_Normal treasure (level 1) at (6,5)
 [VirtualWorld] Added Snake monster at (2,6)
 [VirtualWorld] Added Bat monster at (8,5)
 [VirtualPitGenerator] Generated 7 obstacles, 2 treasures, 2 monsters, and 1 wizard orb
 [VirtualPitGenerator] Regenerating pit content for level 8
 [VirtualWorld] Cleared all entities and interior collisions
 [VirtualPitGenerator] Valid placement area for level 8: tiles (2,3) to (10,9)
 [VirtualPitGenerator] Level 8 calculated amounts:
 [VirtualPitGenerator]   Max Monsters: 2, Actual: 1
 [VirtualPitGenerator]   Max Chests: 2, Actual: 1
 [VirtualPitGenerator]   Min Obstacles: 5
 [VirtualPitGenerator]   Max Obstacles: 10, Actual: 10
 [VirtualWorld] Wizard orb positioned at (4,8)
 [VirtualPitGenerator] Generated wizard orb at (4,8)
 [VirtualWorld] Added obstacle at (6,6)
 [VirtualWorld] Added obstacle at (6,9)
 [VirtualWorld] Added obstacle at (4,4)
 [VirtualWorld] Added obstacle at (8,3)
 [VirtualWorld] Added obstacle at (7,7)
 [VirtualWorld] Added obstacle at (2,4)
 [VirtualWorld] Added obstacle at (10,9)
 [VirtualWorld] Added obstacle at (5,9)
 [VirtualWorld] Added obstacle at (9,5)
 [VirtualWorld] Added obstacle at (9,6)
 [VirtualWorld] Added MidArmor_Normal treasure (level 1) at (8,8)
 [VirtualWorld] Added Goblin monster at (6,3)
 [VirtualPitGenerator] Generated 10 obstacles, 1 treasures, 1 monsters, and 1 wizard orb
 [VirtualPitGenerator] Regenerating pit content for level 9
 [VirtualWorld] Cleared all entities and interior collisions
 [VirtualPitGenerator] Valid placement area for level 9: tiles (2,3) to (10,9)
 [VirtualPitGenerator] Level 9 calculated amounts:
 [VirtualPitGenerator]   Max Monsters: 2, Actual: 1
 [VirtualPitGenerator]   Max Chests: 2, Actual: 1
 [VirtualPitGenerator]   Min Obstacles: 5
 [VirtualPitGenerator]   Max Obstacles: 10, Actual: 7
 [VirtualWorld] Wizard orb positioned at (6,4)
 [VirtualPitGenerator] Generated wizard orb at (6,4)
 [VirtualWorld] Added obstacle at (5,9)
 [VirtualWorld] Added obstacle at (10,3)
 [VirtualWorld] Added obstacle at (7,9)
 [VirtualWorld] Added obstacle at (6,8)
 [VirtualWorld] Added obstacle at (3,4)
 [VirtualWorld] Added obstacle at (7,7)
 [VirtualWorld] Added obstacle at (9,3)
 [VirtualWorld] Added MidStaff_Normal treasure (level 1) at (2,6)
 [VirtualWorld] Added Rat monster at (4,7)
 [VirtualPitGenerator] Generated 7 obstacles, 1 treasures, 1 monsters, and 1 wizard orb
 [VirtualPitGenerator] Regenerating pit content for level 10
 [VirtualWorld] Cleared all entities and interior collisions
 [VirtualPitGenerator] Valid placement area for level 10: tiles (2,3) to (10,9)
 [VirtualPitGenerator] Level 10 calculated amounts:
 [VirtualPitGenerator]   Max Monsters: 2, Actual: 2
 [VirtualPitGenerator]   Max Chests: 2, Actual: 2
 [VirtualPitGenerator]   Min Obstacles: 5
 [VirtualPitGenerator]   Max Obstacles: 10, Actual: 10
 [VirtualWorld] Wizard orb positioned at (8,8)
 [VirtualPitGenerator] Generated wizard orb at (8,8)
 [VirtualWorld] Added obstacle at (4,5)
 [VirtualWorld] Added obstacle at (6,4)
 [VirtualWorld] Added obstacle at (10,7)
 [VirtualWorld] Added obstacle at (4,6)
 [VirtualWorld] Added obstacle at (8,9)
 [VirtualWorld] Added obstacle at (4,3)
 [VirtualWorld] Added obstacle at (3,9)
 [VirtualWorld] Added obstacle at (3,4)
 [VirtualWorld] Added obstacle at (4,7)
 [VirtualWorld] Added obstacle at (6,7)
 [VirtualWorld] Added MidDagger_Normal treasure (level 1) at (10,6)
 [VirtualWorld] Added MidAxe_Normal treasure (level 1) at (2,5)
 [VirtualWorld] Added Pit Lord monster at (3,5)
 [VirtualPitGenerator] Cave boss floor at level 10 with Pit Lord (scaled level 18)
 [VirtualPitGenerator] Generated 10 obstacles, 2 treasures, 1 monsters, and 1 wizard orb
 [VirtualPitGenerator] Regenerating pit content for level 11
 [VirtualWorld] Cleared all entities and interior collisions
 [VirtualPitGenerator] Valid placement area for level 11: tiles (2,3) to (10,9)
 [VirtualPitGenerator] Level 11 calculated amounts:
 [VirtualPitGenerator]   Max Monsters: 2, Actual: 1
 [VirtualPitGenerator]   Max Chests: 2, Actual: 1
 [VirtualPitGenerator]   Min Obstacles: 5
 [VirtualPitGenerator]   Max Obstacles: 10, Actual: 7
 [VirtualWorld] Wizard orb positioned at (10,4)
 [VirtualPitGenerator] Generated wizard orb at (10,4)
 [VirtualWorld] Added obstacle at (3,8)
 [VirtualWorld] Added obstacle at (10,5)
 [VirtualWorld] Added obstacle at (4,5)
 [VirtualWorld] Added obstacle at (2,4)
 [VirtualWorld] Added obstacle at (3,7)
 [VirtualWorld] Added obstacle at (10,6)
 [VirtualWorld] Added obstacle at (9,9)
 [VirtualWorld] Added LateShield_Normal treasure (level 1) at (7,4)
 [VirtualWorld] Added Orc monster at (9,8)
 [VirtualPitGenerator] Generated 7 obstacles, 1 treasures, 1 monsters, and 1 wizard orb
 [VirtualPitGenerator] Regenerating pit content for level 12
 [VirtualWorld] Cleared all entities and interior collisions
 [VirtualPitGenerator] Valid placement area for level 12: tiles (2,3) to (10,9)
 [VirtualPitGenerator] Level 12 calculated amounts:
 [VirtualPitGenerator]   Max Monsters: 2, Actual: 1
 [VirtualPitGenerator]   Max Chests: 2, Actual: 1
 [VirtualPitGenerator]   Min Obstacles: 6
 [VirtualPitGenerator]   Max Obstacles: 11, Actual: 11
 [VirtualWorld] Wizard orb positioned at (3,7)
 [VirtualPitGenerator] Generated wizard orb at (3,7)
 [VirtualWorld] Added obstacle at (2,4)
 [VirtualWorld] Added obstacle at (6,6)
 [VirtualWorld] Added obstacle at (8,3)
 [VirtualWorld] Added obstacle at (9,9)
 [VirtualWorld] Added obstacle at (8,5)
 [VirtualWorld] Added obstacle at (6,9)
 [VirtualWorld] Added obstacle at (5,3)
 [VirtualWorld] Added obstacle at (10,5)
 [VirtualWorld] Added obstacle at (9,3)
 [VirtualWorld] Added obstacle at (4,9)
 [VirtualWorld] Added obstacle at (4,4)
 [VirtualWorld] Added LateStaff_Normal treasure (level 1) at (3,9)
 [VirtualWorld] Added Snake monster at (7,3)
 [VirtualPitGenerator] Generated 11 obstacles, 1 treasures, 1 monsters, and 1 wizard orb
 [VirtualPitGenerator] Regenerating pit content for level 13
 [VirtualWorld] Cleared all entities and interior collisions
 [VirtualPitGenerator] Valid placement area for level 13: tiles (2,3) to (10,9)
 [VirtualPitGenerator] Level 13 calculated amounts:
 [VirtualPitGenerator]   Max Monsters: 2, Actual: 2
 [VirtualPitGenerator]   Max Chests: 2, Actual: 2
 [VirtualPitGenerator]   Min Obstacles: 6
 [VirtualPitGenerator]   Max Obstacles: 11, Actual: 9
 [VirtualWorld] Wizard orb positioned at (4,3)
 [VirtualPitGenerator] Generated wizard orb at (4,3)
 [VirtualWorld] Added obstacle at (10,8)
 [VirtualWorld] Added obstacle at (10,7)
 [VirtualWorld] Added obstacle at (2,9)
 [VirtualWorld] Added obstacle at (7,6)
 [VirtualWorld] Added obstacle at (3,5)
 [VirtualWorld] Added obstacle at (2,3)
 [VirtualWorld] Added obstacle at (5,6)
 [VirtualWorld] Added obstacle at (2,4)
 [VirtualWorld] Added obstacle at (7,9)
 [VirtualWorld] Added LateAxe_Normal treasure (level 1) at (9,3)
 [VirtualWorld] Added LateHammer_Normal treasure (level 1) at (6,9)
 [VirtualWorld] Added Tunnel Worm monster at (4,4)
 [VirtualWorld] Added Skeleton monster at (9,4)
 [VirtualPitGenerator] Generated 9 obstacles, 2 treasures, 2 monsters, and 1 wizard orb
 [VirtualPitGenerator] Regenerating pit content for level 14
 [VirtualWorld] Cleared all entities and interior collisions
 [VirtualPitGenerator] Valid placement area for level 14: tiles (2,3) to (10,9)
 [VirtualPitGenerator] Level 14 calculated amounts:
 [VirtualPitGenerator]   Max Monsters: 2, Actual: 2
 [VirtualPitGenerator]   Max Chests: 2, Actual: 2
 [VirtualPitGenerator]   Min Obstacles: 7
 [VirtualPitGenerator]   Max Obstacles: 12, Actual: 7
 [VirtualWorld] Wizard orb positioned at (6,6)
 [VirtualPitGenerator] Generated wizard orb at (6,6)
 [VirtualWorld] Added obstacle at (9,4)
 [VirtualWorld] Added obstacle at (6,7)
 [VirtualWorld] Added obstacle at (5,7)
 [VirtualWorld] Added obstacle at (5,4)
 [VirtualWorld] Added obstacle at (8,8)
 [VirtualWorld] Added obstacle at (8,3)
 [VirtualWorld] Added obstacle at (8,7)
 [VirtualWorld] Added LateSword_Normal treasure (level 1) at (4,5)
 [VirtualWorld] Added LateSpear_Normal treasure (level 1) at (6,9)
 [VirtualWorld] Added Spider monster at (5,5)
 [VirtualWorld] Added Skeleton monster at (10,5)
 [VirtualPitGenerator] Generated 7 obstacles, 2 treasures, 2 monsters, and 1 wizard orb
 [VirtualPitGenerator] Regenerating pit content for level 15
 [VirtualWorld] Cleared all entities and interior collisions
 [VirtualPitGenerator] Valid placement area for level 15: tiles (2,3) to (10,9)
 [VirtualPitGenerator] Level 15 calculated amounts:
 [VirtualPitGenerator]   Max Monsters: 2, Actual: 1
 [VirtualPitGenerator]   Max Chests: 2, Actual: 1
 [VirtualPitGenerator]   Min Obstacles: 7
 [VirtualPitGenerator]   Max Obstacles: 12, Actual: 10
 [VirtualWorld] Wizard orb positioned at (8,9)
 [VirtualPitGenerator] Generated wizard orb at (8,9)
 [VirtualWorld] Added obstacle at (8,7)
 [VirtualWorld] Added obstacle at (10,8)
 [VirtualWorld] Added obstacle at (9,5)
 [VirtualWorld] Added obstacle at (3,9)
 [VirtualWorld] Added obstacle at (4,6)
 [VirtualWorld] Added obstacle at (5,4)
 [VirtualWorld] Added obstacle at (4,3)
 [VirtualWorld] Added obstacle at (3,8)
 [VirtualWorld] Added obstacle at (6,6)
 [VirtualWorld] Added obstacle at (4,4)
 [VirtualWorld] Added LateArmor_Uncommon treasure (level 2) at (10,7)
 [VirtualWorld] Added Earth Elemental monster at (5,5)
 [VirtualPitGenerator] Cave boss floor at level 15 with Earth Elemental (scaled level 28)
 [VirtualPitGenerator] Generated 10 obstacles, 1 treasures, 0 monsters, and 1 wizard orb
 [VirtualPitGenerator] Regenerating pit content for level 16
 [VirtualWorld] Cleared all entities and interior collisions
 [VirtualPitGenerator] Valid placement area for level 16: tiles (2,3) to (10,9)
 [VirtualPitGenerator] Level 16 calculated amounts:
 [VirtualPitGenerator]   Max Monsters: 3, Actual: 3
 [VirtualPitGenerator]   Max Chests: 3, Actual: 2
 [VirtualPitGenerator]   Min Obstacles: 7
 [VirtualPitGenerator]   Max Obstacles: 13, Actual: 7
 [VirtualWorld] Wizard orb positioned at (10,6)
 [VirtualPitGenerator] Generated wizard orb at (10,6)
 [VirtualWorld] Added obstacle at (6,3)
 [VirtualWorld] Added obstacle at (6,9)
 [VirtualWorld] Added obstacle at (3,3)
 [VirtualWorld] Added obstacle at (10,7)
 [VirtualWorld] Added obstacle at (9,4)
 [VirtualWorld] Added obstacle at (2,7)
 [VirtualWorld] Added obstacle at (10,3)
 [VirtualWorld] Added AdvancedDagger_Normal treasure (level 1) at (8,7)
 [VirtualWorld] Added AdvancedHelm_Normal treasure (level 1) at (9,7)
 [VirtualWorld] Added Magma Ooze monster at (8,8)
 [VirtualWorld] Added Wraith monster at (4,6)
 [VirtualWorld] Added Skeleton monster at (4,3)
 [VirtualPitGenerator] Generated 7 obstacles, 2 treasures, 3 monsters, and 1 wizard orb
 [VirtualPitGenerator] Regenerating pit content for level 17
 [VirtualWorld] Cleared all entities and interior collisions
 [VirtualPitGenerator] Valid placement area for level 17: tiles (2,3) to (10,9)
 [VirtualPitGenerator] Level 17 calculated amounts:
 [VirtualPitGenerator]   Max Monsters: 3, Actual: 2
 [VirtualPitGenerator]   Max Chests: 3, Actual: 3
 [VirtualPitGenerator]   Min Obstacles: 8
 [VirtualPitGenerator]   Max Obstacles: 13, Actual: 11
 [VirtualWorld] Wizard orb positioned at (3,9)
 [VirtualPitGenerator] Generated wizard orb at (3,9)
 [VirtualWorld] Added obstacle at (5,6)
 [VirtualWorld] Added obstacle at (10,3)
 [VirtualWorld] Added obstacle at (6,8)
 [VirtualWorld] Added obstacle at (8,5)
 [VirtualWorld] Added obstacle at (4,9)
 [VirtualWorld] Added obstacle at (7,3)
 [VirtualWorld] Added obstacle at (6,3)
 [VirtualWorld] Added obstacle at (2,9)
 [VirtualWorld] Added obstacle at (10,5)
 [VirtualWorld] Added obstacle at (6,6)
 [VirtualWorld] Added obstacle at (3,4)
 [VirtualWorld] Added AdvancedAxe_Normal treasure (level 1) at (8,6)
 [VirtualWorld] Added AdvancedAxe_Normal treasure (level 1) at (5,7)
 [VirtualWorld] Added AdvancedStaff_Normal treasure (level 1) at (10,4)
 [VirtualWorld] Added Orc monster at (5,8)
 [VirtualWorld] Added Orc monster at (9,8)
 [VirtualPitGenerator] Generated 11 obstacles, 3 treasures, 2 monsters, and 1 wizard orb
 [VirtualPitGenerator] Regenerating pit content for level 18
 [VirtualWorld] Cleared all entities and interior collisions
 [VirtualPitGenerator] Valid placement area for level 18: tiles (2,3) to (10,9)
 [VirtualPitGenerator] Level 18 calculated amounts:
 [VirtualPitGenerator]   Max Monsters: 3, Actual: 2
 [VirtualPitGenerator]   Max Chests: 3, Actual: 1
 [VirtualPitGenerator]   Min Obstacles: 8
 [VirtualPitGenerator]   Max Obstacles: 14, Actual: 8
 [VirtualWorld] Wizard orb positioned at (5,5)
 [VirtualPitGenerator] Generated wizard orb at (5,5)
 [VirtualWorld] Added obstacle at (4,9)
 [VirtualWorld] Added obstacle at (6,4)
 [VirtualWorld] Added obstacle at (10,6)
 [VirtualWorld] Added obstacle at (6,3)
 [VirtualWorld] Added obstacle at (9,7)
 [VirtualWorld] Added obstacle at (4,6)
 [VirtualWorld] Added obstacle at (3,4)
 [VirtualWorld] Added obstacle at (4,4)
 [VirtualWorld] Added AdvancedHammer_Uncommon treasure (level 2) at (4,3)
 [VirtualWorld] Added Lava Drake monster at (2,5)
 [VirtualWorld] Added Lava Drake monster at (6,7)
 [VirtualPitGenerator] Generated 8 obstacles, 1 treasures, 2 monsters, and 1 wizard orb
 [VirtualPitGenerator] Regenerating pit content for level 19
 [VirtualWorld] Cleared all entities and interior collisions
 [VirtualPitGenerator] Valid placement area for level 19: tiles (2,3) to (10,9)
 [VirtualPitGenerator] Level 19 calculated amounts:
 [VirtualPitGenerator]   Max Monsters: 3, Actual: 1
 [VirtualPitGenerator]   Max Chests: 3, Actual: 2
 [VirtualPitGenerator]   Min Obstacles: 8
 [VirtualPitGenerator]   Max Obstacles: 14, Actual: 12
 [VirtualWorld] Wizard orb positioned at (7,8)
 [VirtualPitGenerator] Generated wizard orb at (7,8)
 [VirtualWorld] Added obstacle at (3,5)
 [VirtualWorld] Added obstacle at (10,5)
 [VirtualWorld] Added obstacle at (4,5)
 [VirtualWorld] Added obstacle at (4,7)
 [VirtualWorld] Added obstacle at (5,4)
 [VirtualWorld] Added obstacle at (10,8)
 [VirtualWorld] Added obstacle at (8,4)
 [VirtualWorld] Added obstacle at (8,5)
 [VirtualWorld] Added obstacle at (6,4)
 [VirtualWorld] Added obstacle at (8,6)
 [VirtualWorld] Added obstacle at (6,8)
 [VirtualWorld] Added obstacle at (6,9)
 [VirtualWorld] Added AdvancedHelm_Normal treasure (level 1) at (8,3)
 [VirtualWorld] Added AdvancedShield_Normal treasure (level 1) at (5,9)
 [VirtualWorld] Added Wraith monster at (8,7)
 [VirtualPitGenerator] Generated 12 obstacles, 2 treasures, 1 monsters, and 1 wizard orb
 [VirtualPitGenerator] Regenerating pit content for level 20
 [VirtualWorld] Cleared all entities and interior collisions
 [VirtualPitGenerator] Valid placement area for level 20: tiles (2,3) to (10,9)
 [VirtualPitGenerator] Level 20 calculated amounts:
 [VirtualPitGenerator]   Max Monsters: 3, Actual: 3
 [VirtualPitGenerator]   Max Chests: 3, Actual: 3
 [VirtualPitGenerator]   Min Obstacles: 9
 [VirtualPitGenerator]   Max Obstacles: 14, Actual: 10
 [VirtualWorld] Wizard orb positioned at (9,4)
 [VirtualPitGenerator] Generated wizard orb at (9,4)
 [VirtualWorld] Added obstacle at (2,9)
 [VirtualWorld] Added obstacle at (6,6)
 [VirtualWorld] Added obstacle at (7,3)
 [VirtualWorld] Added obstacle at (2,5)
 [VirtualWorld] Added obstacle at (9,9)
 [VirtualWorld] Added obstacle at (6,4)
 [VirtualWorld] Added obstacle at (5,4)
 [VirtualWorld] Added obstacle at (2,6)
 [VirtualWorld] Added obstacle at (8,5)
 [VirtualWorld] Added obstacle at (2,7)
 [VirtualWorld] Added AdvancedSword_Uncommon treasure (level 3) at (5,3)
 [VirtualWorld] Added AdvancedSpear_Normal treasure (level 1) at (3,6)
 [VirtualWorld] Added AdvancedStaff_Uncommon treasure (level 2) at (6,7)
 [VirtualWorld] Added Molten Titan monster at (2,8)
 [VirtualPitGenerator] Cave boss floor at level 20 with Molten Titan (scaled level 38)
 [VirtualPitGenerator] Generated 10 obstacles, 3 treasures, 2 monsters, and 1 wizard orb
 [VirtualPitGenerator] Regenerating pit content for level 21
 [VirtualWorld] Cleared all entities and interior collisions
 [VirtualPitGenerator] Valid placement area for level 21: tiles (2,3) to (10,9)
 [VirtualPitGenerator] Level 21 calculated amounts:
 [VirtualPitGenerator]   Max Monsters: 3, Actual: 2
 [VirtualPitGenerator]   Max Chests: 3, Actual: 3
 [VirtualPitGenerator]   Min Obstacles: 9
 [VirtualPitGenerator]   Max Obstacles: 15, Actual: 13
 [VirtualWorld] Wizard orb positioned at (2,7)
 [VirtualPitGenerator] Generated wizard orb at (2,7)
 [VirtualWorld] Added obstacle at (10,5)
 [VirtualWorld] Added obstacle at (10,7)
 [VirtualWorld] Added obstacle at (2,8)
 [VirtualWorld] Added obstacle at (9,3)
 [VirtualWorld] Added obstacle at (5,7)
 [VirtualWorld] Added obstacle at (3,7)
 [VirtualWorld] Added obstacle at (2,4)
 [VirtualWorld] Added obstacle at (6,7)
 [VirtualWorld] Added obstacle at (2,6)
 [VirtualWorld] Added obstacle at (5,8)
 [VirtualWorld] Added obstacle at (2,9)
 [VirtualWorld] Added obstacle at (8,5)
 [VirtualWorld] Added obstacle at (10,9)
 [VirtualWorld] Added EliteHelm_Normal treasure (level 1) at (10,8)
 [VirtualWorld] Added EliteStaff_Normal treasure (level 1) at (8,9)
 [VirtualWorld] Added EliteHelm_Normal treasure (level 1) at (6,3)
 [VirtualWorld] Added Lava Drake monster at (4,6)
 [VirtualWorld] Added Stone Wyrm monster at (3,9)
 [VirtualPitGenerator] Generated 13 obstacles, 3 treasures, 2 monsters, and 1 wizard orb
 [VirtualPitGenerator] Regenerating pit content for level 22
 [VirtualWorld] Cleared all entities and interior collisions
 [VirtualPitGenerator] Valid placement area for level 22: tiles (2,3) to (10,9)
 [VirtualPitGenerator] Level 22 calculated amounts:
 [VirtualPitGenerator]   Max Monsters: 3, Actual: 1
 [VirtualPitGenerator]   Max Chests: 3, Actual: 1
 [VirtualPitGenerator]   Min Obstacles: 10
 [VirtualPitGenerator]   Max Obstacles: 15, Actual: 11
 [VirtualWorld] Wizard orb positioned at (4,3)
 [VirtualPitGenerator] Generated wizard orb at (4,3)
 [VirtualWorld] Added obstacle at (9,8)
 [VirtualWorld] Added obstacle at (6,7)
 [VirtualWorld] Added obstacle at (5,6)
 [VirtualWorld] Added obstacle at (7,8)
 [VirtualWorld] Added obstacle at (10,5)
 [VirtualWorld] Added obstacle at (8,3)
 [VirtualWorld] Added obstacle at (7,4)
 [VirtualWorld] Added obstacle at (4,7)
 [VirtualWorld] Added obstacle at (8,8)
 [VirtualWorld] Added obstacle at (9,5)
 [VirtualWorld] Added obstacle at (4,4)
 [VirtualWorld] Added EliteDagger_Normal treasure (level 1) at (6,5)
 [VirtualWorld] Added Cave Troll monster at (5,3)
 [VirtualPitGenerator] Generated 11 obstacles, 1 treasures, 1 monsters, and 1 wizard orb
 [VirtualPitGenerator] Regenerating pit content for level 23
 [VirtualWorld] Cleared all entities and interior collisions
 [VirtualPitGenerator] Valid placement area for level 23: tiles (2,3) to (10,9)
 [VirtualPitGenerator] Level 23 calculated amounts:
 [VirtualPitGenerator]   Max Monsters: 3, Actual: 3
 [VirtualPitGenerator]   Max Chests: 3, Actual: 2
 [VirtualPitGenerator]   Min Obstacles: 10
 [VirtualPitGenerator]   Max Obstacles: 16, Actual: 15
 [VirtualWorld] Wizard orb positioned at (6,7)
 [VirtualPitGenerator] Generated wizard orb at (6,7)
 [VirtualWorld] Added obstacle at (7,4)
 [VirtualWorld] Added obstacle at (10,8)
 [VirtualWorld] Added obstacle at (8,4)
 [VirtualWorld] Added obstacle at (5,6)
 [VirtualWorld] Added obstacle at (5,3)
 [VirtualWorld] Added obstacle at (4,5)
 [VirtualWorld] Added obstacle at (3,9)
 [VirtualWorld] Added obstacle at (6,9)
 [VirtualWorld] Added obstacle at (2,9)
 [VirtualWorld] Added obstacle at (4,7)
 [VirtualWorld] Added obstacle at (10,9)
 [VirtualWorld] Added obstacle at (7,7)
 [VirtualWorld] Added obstacle at (6,6)
 [VirtualWorld] Added obstacle at (8,3)
 [VirtualWorld] Added obstacle at (2,4)
 [VirtualWorld] Added EliteAxe_Uncommon treasure (level 3) at (9,3)
 [VirtualWorld] Added EliteSword_Uncommon treasure (level 2) at (9,5)
 [VirtualWorld] Added Orc monster at (2,5)
 [VirtualWorld] Added Shadow Beast monster at (9,4)
 [VirtualWorld] Added Wraith monster at (8,6)
 [VirtualPitGenerator] Generated 15 obstacles, 2 treasures, 3 monsters, and 1 wizard orb
 [VirtualPitGenerator] Regenerating pit content for level 24
 [VirtualWorld] Cleared all entities and interior collisions
 [VirtualPitGenerator] Valid placement area for level 24: tiles (2,3) to (10,9)
 [VirtualPitGenerator] Level 24 calculated amounts:
 [VirtualPitGenerator]   Max Monsters: 3, Actual: 2
 [VirtualPitGenerator]   Max Chests: 3, Actual: 3
 [VirtualPitGenerator]   Min Obstacles: 10
 [VirtualPitGenerator]   Max Obstacles: 16, Actual: 11
 [VirtualWorld] Wizard orb positioned at (8,3)
 [VirtualPitGenerator] Generated wizard orb at (8,3)
 [VirtualWorld] Added obstacle at (6,7)
 [VirtualWorld] Added obstacle at (6,9)
 [VirtualWorld] Added obstacle at (3,9)
 [VirtualWorld] Added obstacle at (3,3)
 [VirtualWorld] Added obstacle at (10,8)
 [VirtualWorld] Added obstacle at (2,9)
 [VirtualWorld] Added obstacle at (9,5)
 [VirtualWorld] Added obstacle at (7,3)
 [VirtualWorld] Added obstacle at (5,3)
 [VirtualWorld] Added obstacle at (10,6)
 [VirtualWorld] Added obstacle at (7,4)
 [VirtualWorld] Added EliteSword_Normal treasure (level 1) at (8,9)
 [VirtualWorld] Added EliteHammer_Normal treasure (level 1) at (9,9)
 [VirtualWorld] Added EliteShield_Uncommon treasure (level 2) at (7,9)
 [VirtualWorld] Added Crystal Golem monster at (9,6)
 [VirtualWorld] Added Skeleton monster at (3,6)
 [VirtualPitGenerator] Generated 11 obstacles, 3 treasures, 2 monsters, and 1 wizard orb
 [VirtualPitGenerator] Regenerating pit content for level 25
 [VirtualWorld] Cleared all entities and interior collisions
 [VirtualPitGenerator] Valid placement area for level 25: tiles (2,3) to (10,9)
 [VirtualPitGenerator] Level 25 calculated amounts:
 [VirtualPitGenerator]   Max Monsters: 3, Actual: 1
 [VirtualPitGenerator]   Max Chests: 3, Actual: 1
 [VirtualPitGenerator]   Min Obstacles: 11
 [VirtualPitGenerator]   Max Obstacles: 17, Actual: 16
 [VirtualWorld] Wizard orb positioned at (10,6)
 [VirtualPitGenerator] Generated wizard orb at (10,6)
 [VirtualWorld] Added obstacle at (5,3)
 [VirtualWorld] Added obstacle at (10,3)
 [VirtualWorld] Added obstacle at (6,7)
 [VirtualWorld] Added obstacle at (10,8)
 [VirtualWorld] Added obstacle at (6,6)
 [VirtualWorld] Added obstacle at (7,5)
 [VirtualWorld] Added obstacle at (6,5)
 [VirtualWorld] Added obstacle at (10,4)
 [VirtualWorld] Added obstacle at (8,4)
 [VirtualWorld] Added obstacle at (3,6)
 [VirtualWorld] Added obstacle at (3,5)
 [VirtualWorld] Added obstacle at (2,5)
 [VirtualWorld] Added obstacle at (9,8)
 [VirtualWorld] Added obstacle at (5,7)
 [VirtualWorld] Added obstacle at (3,7)
 [VirtualWorld] Added obstacle at (2,3)
 [VirtualWorld] Added EliteDagger_Uncommon treasure (level 2) at (9,7)
 [VirtualWorld] Added Ancient Wyrm monster at (7,4)
 [VirtualPitGenerator] Cave boss floor at level 25 with Ancient Wyrm (scaled level 46)
 [VirtualPitGenerator] Generated 16 obstacles, 1 treasures, 0 monsters, and 1 wizard orb
 === CAVE BIOME BALANCE TEST REPORT ===
 Test Date: 2026-03-24 02:35:48
 Pit Levels: 1-25
 
 TEST 1: Full Progression - All 25 Cave Levels
 ==============================================
 
 Pit Level 1 [Normal]:
   Scaled Enemy Level: 2
   Monsters: 1 (Bat)
   Treasures: 1 (Levels: 1)
 
 Pit Level 2 [Normal]:
   Scaled Enemy Level: 4
   Monsters: 1 (Slime)
   Treasures: 1 (Levels: 1)
 
 Pit Level 3 [Normal]:
   Scaled Enemy Level: 5
   Monsters: 2 (Rat)
   Treasures: 2 (Levels: 1, 1)
 
 Pit Level 4 [Normal]:
   Scaled Enemy Level: 7
   Monsters: 2 (Bat, Rat)
   Treasures: 2 (Levels: 1, 1)
 
 Pit Level 5 [BOSS]:
   Scaled Enemy Level: 10
   Monsters: 1 (Stone Guardian)
   Treasures: 1 (Levels: 1)
   Boss: 1 boss marker(s)
 
 Pit Level 6 [Normal]:
   Scaled Enemy Level: 10
   Monsters: 2 (Stone Beetle, Bat)
   Treasures: 2 (Levels: 1, 1)
 
 Pit Level 7 [Normal]:
   Scaled Enemy Level: 11
   Monsters: 2 (Snake, Bat)
   Treasures: 2 (Levels: 1, 1)
 
 Pit Level 8 [Normal]:
   Scaled Enemy Level: 13
   Monsters: 1 (Goblin)
   Treasures: 1 (Levels: 1)
 
 Pit Level 9 [Normal]:
   Scaled Enemy Level: 14
   Monsters: 1 (Rat)
   Treasures: 1 (Levels: 1)
 
 Pit Level 10 [BOSS]:
   Scaled Enemy Level: 18
   Monsters: 1 (Pit Lord)
   Treasures: 2 (Levels: 1, 1)
   Boss: 1 boss marker(s)
 
 Pit Level 11 [Normal]:
   Scaled Enemy Level: 18
   Monsters: 1 (Orc)
   Treasures: 1 (Levels: 1)
 
 Pit Level 12 [Normal]:
   Scaled Enemy Level: 20
   Monsters: 1 (Snake)
   Treasures: 1 (Levels: 1)
 
 Pit Level 13 [Normal]:
   Scaled Enemy Level: 22
   Monsters: 2 (Tunnel Worm, Skeleton)
   Treasures: 2 (Levels: 1, 1)
 
 Pit Level 14 [Normal]:
   Scaled Enemy Level: 24
   Monsters: 2 (Spider, Skeleton)
   Treasures: 2 (Levels: 1, 1)
 
 Pit Level 15 [BOSS]:
   Scaled Enemy Level: 28
   Monsters: 1 (Earth Elemental)
   Treasures: 1 (Levels: 2)
   Boss: 1 boss marker(s)
 
 Pit Level 16 [Normal]:
   Scaled Enemy Level: 28
   Monsters: 3 (Magma Ooze, Wraith, Skeleton)
   Treasures: 2 (Levels: 1, 1)
 
 Pit Level 17 [Normal]:
   Scaled Enemy Level: 30
   Monsters: 2 (Orc)
   Treasures: 3 (Levels: 1, 1, 1)
 
 Pit Level 18 [Normal]:
   Scaled Enemy Level: 32
   Monsters: 2 (Lava Drake)
   Treasures: 1 (Levels: 2)
 
 Pit Level 19 [Normal]:
   Scaled Enemy Level: 34
   Monsters: 1 (Wraith)
   Treasures: 2 (Levels: 1, 1)
 
 Pit Level 20 [BOSS]:
   Scaled Enemy Level: 38
   Monsters: 1 (Molten Titan)
   Treasures: 3 (Levels: 3, 1, 2)
   Boss: 1 boss marker(s)
 
 Pit Level 21 [Normal]:
   Scaled Enemy Level: 37
   Monsters: 2 (Lava Drake, Stone Wyrm)
   Treasures: 3 (Levels: 1, 1, 1)
 
 Pit Level 22 [Normal]:
   Scaled Enemy Level: 39
   Monsters: 1 (Cave Troll)
   Treasures: 1 (Levels: 1)
 
 Pit Level 23 [Normal]:
   Scaled Enemy Level: 41
   Monsters: 3 (Orc, Shadow Beast, Wraith)
   Treasures: 2 (Levels: 3, 2)
 
 Pit Level 24 [Normal]:
   Scaled Enemy Level: 43
   Monsters: 2 (Crystal Golem, Skeleton)
   Treasures: 3 (Levels: 1, 1, 2)
 
 Pit Level 25 [BOSS]:
   Scaled Enemy Level: 46
   Monsters: 1 (Ancient Wyrm)
   Treasures: 1 (Levels: 2)
   Boss: 1 boss marker(s)
 
 ✓ All 25 cave levels generated successfully
 
 
 === END OF REPORT ===
 


  Passed CaveBiome_BossEncounters_ValidateAllFiveBosses [2 ms]
  Standard Output Messages:
 [VirtualWorld] Generated 5 obstacles and 1 wizard orb in pit
 [VirtualWorld] Regenerated pit at level 10, bounds: (1,2,14,9)
 [VirtualTiledMapService] Initialized basic tile patterns for PitWidthManager
 [VirtualPitWidthManager] Recorded FogOfWar index: 301
 [VirtualPitWidthManager] Recorded ground tile index: 104
 [VirtualPitWidthManager] baseOuterFloor[1] = 100
 [VirtualPitWidthManager] baseOuterFloor[2] = 103
 [VirtualPitWidthManager] baseOuterFloor[3] = 103
 [VirtualPitWidthManager] baseOuterFloor[4] = 103
 [VirtualPitWidthManager] baseOuterFloor[5] = 103
 [VirtualPitWidthManager] baseOuterFloor[6] = 103
 [VirtualPitWidthManager] baseOuterFloor[7] = 103
 [VirtualPitWidthManager] baseOuterFloor[8] = 103
 [VirtualPitWidthManager] baseOuterFloor[9] = 103
 [VirtualPitWidthManager] baseOuterFloor[10] = 103
 [VirtualPitWidthManager] baseOuterFloor[11] = 100
 [VirtualPitWidthManager] baseOuterFloor total: 11 tiles, 11 non-zero
 [VirtualPitWidthManager] collisionOuterFloor[1] = 0
 [VirtualPitWidthManager] collisionOuterFloor[2] = 0
 [VirtualPitWidthManager] collisionOuterFloor[3] = 0
 [VirtualPitWidthManager] collisionOuterFloor[4] = 0
 [VirtualPitWidthManager] collisionOuterFloor[5] = 0
 [VirtualPitWidthManager] collisionOuterFloor[6] = 0
 [VirtualPitWidthManager] collisionOuterFloor[7] = 0
 [VirtualPitWidthManager] collisionOuterFloor[8] = 0
 [VirtualPitWidthManager] collisionOuterFloor[9] = 0
 [VirtualPitWidthManager] collisionOuterFloor[10] = 0
 [VirtualPitWidthManager] collisionOuterFloor[11] = 0
 [VirtualPitWidthManager] collisionOuterFloor total: 11 tiles, 0 non-zero
 [VirtualPitWidthManager] baseInnerWall[1] = 102
 [VirtualPitWidthManager] baseInnerWall[2] = 102
 [VirtualPitWidthManager] baseInnerWall[3] = 102
 [VirtualPitWidthManager] baseInnerWall[4] = 102
 [VirtualPitWidthManager] baseInnerWall[5] = 102
 [VirtualPitWidthManager] baseInnerWall[6] = 102
 [VirtualPitWidthManager] baseInnerWall[7] = 102
 [VirtualPitWidthManager] baseInnerWall[8] = 102
 [VirtualPitWidthManager] baseInnerWall[9] = 102
 [VirtualPitWidthManager] baseInnerWall[10] = 102
 [VirtualPitWidthManager] baseInnerWall[11] = 102
 [VirtualPitWidthManager] baseInnerWall total: 11 tiles, 11 non-zero
 [VirtualPitWidthManager] collisionInnerWall[1] = 0
 [VirtualPitWidthManager] collisionInnerWall[2] = 201
 [VirtualPitWidthManager] collisionInnerWall[3] = 201
 [VirtualPitWidthManager] collisionInnerWall[4] = 201
 [VirtualPitWidthManager] collisionInnerWall[5] = 201
 [VirtualPitWidthManager] collisionInnerWall[6] = 201
 [VirtualPitWidthManager] collisionInnerWall[7] = 201
 [VirtualPitWidthManager] collisionInnerWall[8] = 201
 [VirtualPitWidthManager] collisionInnerWall[9] = 201
 [VirtualPitWidthManager] collisionInnerWall[10] = 201
 [VirtualPitWidthManager] collisionInnerWall[11] = 0
 [VirtualPitWidthManager] collisionInnerWall total: 11 tiles, 9 non-zero
 [VirtualPitWidthManager] baseInnerFloor[1] = 100
 [VirtualPitWidthManager] baseInnerFloor[2] = 101
 [VirtualPitWidthManager] baseInnerFloor[3] = 101
 [VirtualPitWidthManager] baseInnerFloor[4] = 101
 [VirtualPitWidthManager] baseInnerFloor[5] = 101
 [VirtualPitWidthManager] baseInnerFloor[6] = 101
 [VirtualPitWidthManager] baseInnerFloor[7] = 101
 [VirtualPitWidthManager] baseInnerFloor[8] = 101
 [VirtualPitWidthManager] baseInnerFloor[9] = 101
 [VirtualPitWidthManager] baseInnerFloor[10] = 101
 [VirtualPitWidthManager] baseInnerFloor[11] = 100
 [VirtualPitWidthManager] baseInnerFloor total: 11 tiles, 11 non-zero
 [VirtualPitWidthManager] collisionInnerFloor[1] = 0
 [VirtualPitWidthManager] collisionInnerFloor[2] = 0
 [VirtualPitWidthManager] collisionInnerFloor[3] = 0
 [VirtualPitWidthManager] collisionInnerFloor[4] = 0
 [VirtualPitWidthManager] collisionInnerFloor[5] = 0
 [VirtualPitWidthManager] collisionInnerFloor[6] = 0
 [VirtualPitWidthManager] collisionInnerFloor[7] = 0
 [VirtualPitWidthManager] collisionInnerFloor[8] = 0
 [VirtualPitWidthManager] collisionInnerFloor[9] = 0
 [VirtualPitWidthManager] collisionInnerFloor[10] = 0
 [VirtualPitWidthManager] collisionInnerFloor[11] = 0
 [VirtualPitWidthManager] collisionInnerFloor total: 11 tiles, 0 non-zero
 [VirtualPitWidthManager] Initialization complete. Current pit right edge: 13
 [VirtualPitGenerator] Regenerating pit content for level 5
 [VirtualWorld] Cleared all entities and interior collisions
 [VirtualPitGenerator] Valid placement area for level 5: tiles (2,3) to (10,9)
 [VirtualPitGenerator] Level 5 calculated amounts:
 [VirtualPitGenerator]   Max Monsters: 2, Actual: 1
 [VirtualPitGenerator]   Max Chests: 2, Actual: 1
 [VirtualPitGenerator]   Min Obstacles: 5
 [VirtualPitGenerator]   Max Obstacles: 10, Actual: 7
 [VirtualWorld] Wizard orb positioned at (7,6)
 [VirtualPitGenerator] Generated wizard orb at (7,6)
 [VirtualWorld] Added obstacle at (10,4)
 [VirtualWorld] Added obstacle at (10,7)
 [VirtualWorld] Added obstacle at (3,9)
 [VirtualWorld] Added obstacle at (5,3)
 [VirtualWorld] Added obstacle at (2,6)
 [VirtualWorld] Added obstacle at (2,8)
 [VirtualWorld] Added obstacle at (4,6)
 [VirtualWorld] Added EarlyDagger_Normal treasure (level 1) at (9,4)
 [VirtualWorld] Added Stone Guardian monster at (9,9)
 [VirtualPitGenerator] Cave boss floor at level 5 with Stone Guardian (scaled level 10)
 [VirtualPitGenerator] Generated 7 obstacles, 1 treasures, 0 monsters, and 1 wizard orb
 [VirtualPitGenerator] Regenerating pit content for level 10
 [VirtualWorld] Cleared all entities and interior collisions
 [VirtualPitGenerator] Valid placement area for level 10: tiles (2,3) to (10,9)
 [VirtualPitGenerator] Level 10 calculated amounts:
 [VirtualPitGenerator]   Max Monsters: 2, Actual: 2
 [VirtualPitGenerator]   Max Chests: 2, Actual: 2
 [VirtualPitGenerator]   Min Obstacles: 5
 [VirtualPitGenerator]   Max Obstacles: 10, Actual: 10
 [VirtualWorld] Wizard orb positioned at (8,8)
 [VirtualPitGenerator] Generated wizard orb at (8,8)
 [VirtualWorld] Added obstacle at (4,5)
 [VirtualWorld] Added obstacle at (6,4)
 [VirtualWorld] Added obstacle at (10,7)
 [VirtualWorld] Added obstacle at (4,6)
 [VirtualWorld] Added obstacle at (8,9)
 [VirtualWorld] Added obstacle at (4,3)
 [VirtualWorld] Added obstacle at (3,9)
 [VirtualWorld] Added obstacle at (3,4)
 [VirtualWorld] Added obstacle at (4,7)
 [VirtualWorld] Added obstacle at (6,7)
 [VirtualWorld] Added MidDagger_Normal treasure (level 1) at (10,6)
 [VirtualWorld] Added MidAxe_Normal treasure (level 1) at (2,5)
 [VirtualWorld] Added Pit Lord monster at (3,5)
 [VirtualPitGenerator] Cave boss floor at level 10 with Pit Lord (scaled level 18)
 [VirtualPitGenerator] Generated 10 obstacles, 2 treasures, 1 monsters, and 1 wizard orb
 [VirtualPitGenerator] Regenerating pit content for level 15
 [VirtualWorld] Cleared all entities and interior collisions
 [VirtualPitGenerator] Valid placement area for level 15: tiles (2,3) to (10,9)
 [VirtualPitGenerator] Level 15 calculated amounts:
 [VirtualPitGenerator]   Max Monsters: 2, Actual: 1
 [VirtualPitGenerator]   Max Chests: 2, Actual: 1
 [VirtualPitGenerator]   Min Obstacles: 7
 [VirtualPitGenerator]   Max Obstacles: 12, Actual: 10
 [VirtualWorld] Wizard orb positioned at (8,9)
 [VirtualPitGenerator] Generated wizard orb at (8,9)
 [VirtualWorld] Added obstacle at (8,7)
 [VirtualWorld] Added obstacle at (10,8)
 [VirtualWorld] Added obstacle at (9,5)
 [VirtualWorld] Added obstacle at (3,9)
 [VirtualWorld] Added obstacle at (4,6)
 [VirtualWorld] Added obstacle at (5,4)
 [VirtualWorld] Added obstacle at (4,3)
 [VirtualWorld] Added obstacle at (3,8)
 [VirtualWorld] Added obstacle at (6,6)
 [VirtualWorld] Added obstacle at (4,4)
 [VirtualWorld] Added LateArmor_Uncommon treasure (level 2) at (10,7)
 [VirtualWorld] Added Earth Elemental monster at (5,5)
 [VirtualPitGenerator] Cave boss floor at level 15 with Earth Elemental (scaled level 28)
 [VirtualPitGenerator] Generated 10 obstacles, 1 treasures, 0 monsters, and 1 wizard orb
 [VirtualPitGenerator] Regenerating pit content for level 20
 [VirtualWorld] Cleared all entities and interior collisions
 [VirtualPitGenerator] Valid placement area for level 20: tiles (2,3) to (10,9)
 [VirtualPitGenerator] Level 20 calculated amounts:
 [VirtualPitGenerator]   Max Monsters: 3, Actual: 3
 [VirtualPitGenerator]   Max Chests: 3, Actual: 3
 [VirtualPitGenerator]   Min Obstacles: 9
 [VirtualPitGenerator]   Max Obstacles: 14, Actual: 10
 [VirtualWorld] Wizard orb positioned at (9,4)
 [VirtualPitGenerator] Generated wizard orb at (9,4)
 [VirtualWorld] Added obstacle at (2,9)
 [VirtualWorld] Added obstacle at (6,6)
 [VirtualWorld] Added obstacle at (7,3)
 [VirtualWorld] Added obstacle at (2,5)
 [VirtualWorld] Added obstacle at (9,9)
 [VirtualWorld] Added obstacle at (6,4)
 [VirtualWorld] Added obstacle at (5,4)
 [VirtualWorld] Added obstacle at (2,6)
 [VirtualWorld] Added obstacle at (8,5)
 [VirtualWorld] Added obstacle at (2,7)
 [VirtualWorld] Added AdvancedSword_Uncommon treasure (level 3) at (5,3)
 [VirtualWorld] Added AdvancedSpear_Normal treasure (level 1) at (3,6)
 [VirtualWorld] Added AdvancedStaff_Uncommon treasure (level 2) at (6,7)
 [VirtualWorld] Added Molten Titan monster at (2,8)
 [VirtualPitGenerator] Cave boss floor at level 20 with Molten Titan (scaled level 38)
 [VirtualPitGenerator] Generated 10 obstacles, 3 treasures, 2 monsters, and 1 wizard orb
 [VirtualPitGenerator] Regenerating pit content for level 25
 [VirtualWorld] Cleared all entities and interior collisions
 [VirtualPitGenerator] Valid placement area for level 25: tiles (2,3) to (10,9)
 [VirtualPitGenerator] Level 25 calculated amounts:
 [VirtualPitGenerator]   Max Monsters: 3, Actual: 1
 [VirtualPitGenerator]   Max Chests: 3, Actual: 1
 [VirtualPitGenerator]   Min Obstacles: 11
 [VirtualPitGenerator]   Max Obstacles: 17, Actual: 16
 [VirtualWorld] Wizard orb positioned at (10,6)
 [VirtualPitGenerator] Generated wizard orb at (10,6)
 [VirtualWorld] Added obstacle at (5,3)
 [VirtualWorld] Added obstacle at (10,3)
 [VirtualWorld] Added obstacle at (6,7)
 [VirtualWorld] Added obstacle at (10,8)
 [VirtualWorld] Added obstacle at (6,6)
 [VirtualWorld] Added obstacle at (7,5)
 [VirtualWorld] Added obstacle at (6,5)
 [VirtualWorld] Added obstacle at (10,4)
 [VirtualWorld] Added obstacle at (8,4)
 [VirtualWorld] Added obstacle at (3,6)
 [VirtualWorld] Added obstacle at (3,5)
 [VirtualWorld] Added obstacle at (2,5)
 [VirtualWorld] Added obstacle at (9,8)
 [VirtualWorld] Added obstacle at (5,7)
 [VirtualWorld] Added obstacle at (3,7)
 [VirtualWorld] Added obstacle at (2,3)
 [VirtualWorld] Added EliteDagger_Uncommon treasure (level 2) at (9,7)
 [VirtualWorld] Added Ancient Wyrm monster at (7,4)
 [VirtualPitGenerator] Cave boss floor at level 25 with Ancient Wyrm (scaled level 46)
 [VirtualPitGenerator] Generated 16 obstacles, 1 treasures, 0 monsters, and 1 wizard orb
 === CAVE BIOME BALANCE TEST REPORT ===
 Test Date: 2026-03-24 02:35:48
 Pit Levels: 1-25
 
 TEST 2: Boss Encounter Validation
 ==================================
 
 Boss Floor 5:
   Expected: Stone Guardian
   Actual: Stone Guardian
   Scaled Level: 10
   Result: ✓ PASS
 
 Boss Floor 10:
   Expected: Pit Lord
   Actual: Pit Lord
   Scaled Level: 18
   Result: ✓ PASS
 
 Boss Floor 15:
   Expected: Earth Elemental
   Actual: Earth Elemental
   Scaled Level: 28
   Result: ✓ PASS
 
 Boss Floor 20:
   Expected: Molten Titan
   Actual: Molten Titan
   Scaled Level: 38
   Result: ✓ PASS
 
 Boss Floor 25:
   Expected: Ancient Wyrm
   Actual: Ancient Wyrm
   Scaled Level: 46
   Result: ✓ PASS
 
 ✓ All 5 boss encounters validated successfully
 
 
 === END OF REPORT ===
 


  Passed CaveBiome_MonsterScaling_ValidateLevelProgression [3 ms]
  Standard Output Messages:
 [VirtualWorld] Generated 5 obstacles and 1 wizard orb in pit
 [VirtualWorld] Regenerated pit at level 10, bounds: (1,2,14,9)
 [VirtualTiledMapService] Initialized basic tile patterns for PitWidthManager
 [VirtualPitWidthManager] Recorded FogOfWar index: 301
 [VirtualPitWidthManager] Recorded ground tile index: 104
 [VirtualPitWidthManager] baseOuterFloor[1] = 100
 [VirtualPitWidthManager] baseOuterFloor[2] = 103
 [VirtualPitWidthManager] baseOuterFloor[3] = 103
 [VirtualPitWidthManager] baseOuterFloor[4] = 103
 [VirtualPitWidthManager] baseOuterFloor[5] = 103
 [VirtualPitWidthManager] baseOuterFloor[6] = 103
 [VirtualPitWidthManager] baseOuterFloor[7] = 103
 [VirtualPitWidthManager] baseOuterFloor[8] = 103
 [VirtualPitWidthManager] baseOuterFloor[9] = 103
 [VirtualPitWidthManager] baseOuterFloor[10] = 103
 [VirtualPitWidthManager] baseOuterFloor[11] = 100
 [VirtualPitWidthManager] baseOuterFloor total: 11 tiles, 11 non-zero
 [VirtualPitWidthManager] collisionOuterFloor[1] = 0
 [VirtualPitWidthManager] collisionOuterFloor[2] = 0
 [VirtualPitWidthManager] collisionOuterFloor[3] = 0
 [VirtualPitWidthManager] collisionOuterFloor[4] = 0
 [VirtualPitWidthManager] collisionOuterFloor[5] = 0
 [VirtualPitWidthManager] collisionOuterFloor[6] = 0
 [VirtualPitWidthManager] collisionOuterFloor[7] = 0
 [VirtualPitWidthManager] collisionOuterFloor[8] = 0
 [VirtualPitWidthManager] collisionOuterFloor[9] = 0
 [VirtualPitWidthManager] collisionOuterFloor[10] = 0
 [VirtualPitWidthManager] collisionOuterFloor[11] = 0
 [VirtualPitWidthManager] collisionOuterFloor total: 11 tiles, 0 non-zero
 [VirtualPitWidthManager] baseInnerWall[1] = 102
 [VirtualPitWidthManager] baseInnerWall[2] = 102
 [VirtualPitWidthManager] baseInnerWall[3] = 102
 [VirtualPitWidthManager] baseInnerWall[4] = 102
 [VirtualPitWidthManager] baseInnerWall[5] = 102
 [VirtualPitWidthManager] baseInnerWall[6] = 102
 [VirtualPitWidthManager] baseInnerWall[7] = 102
 [VirtualPitWidthManager] baseInnerWall[8] = 102
 [VirtualPitWidthManager] baseInnerWall[9] = 102
 [VirtualPitWidthManager] baseInnerWall[10] = 102
 [VirtualPitWidthManager] baseInnerWall[11] = 102
 [VirtualPitWidthManager] baseInnerWall total: 11 tiles, 11 non-zero
 [VirtualPitWidthManager] collisionInnerWall[1] = 0
 [VirtualPitWidthManager] collisionInnerWall[2] = 201
 [VirtualPitWidthManager] collisionInnerWall[3] = 201
 [VirtualPitWidthManager] collisionInnerWall[4] = 201
 [VirtualPitWidthManager] collisionInnerWall[5] = 201
 [VirtualPitWidthManager] collisionInnerWall[6] = 201
 [VirtualPitWidthManager] collisionInnerWall[7] = 201
 [VirtualPitWidthManager] collisionInnerWall[8] = 201
 [VirtualPitWidthManager] collisionInnerWall[9] = 201
 [VirtualPitWidthManager] collisionInnerWall[10] = 201
 [VirtualPitWidthManager] collisionInnerWall[11] = 0
 [VirtualPitWidthManager] collisionInnerWall total: 11 tiles, 9 non-zero
 [VirtualPitWidthManager] baseInnerFloor[1] = 100
 [VirtualPitWidthManager] baseInnerFloor[2] = 101
 [VirtualPitWidthManager] baseInnerFloor[3] = 101
 [VirtualPitWidthManager] baseInnerFloor[4] = 101
 [VirtualPitWidthManager] baseInnerFloor[5] = 101
 [VirtualPitWidthManager] baseInnerFloor[6] = 101
 [VirtualPitWidthManager] baseInnerFloor[7] = 101
 [VirtualPitWidthManager] baseInnerFloor[8] = 101
 [VirtualPitWidthManager] baseInnerFloor[9] = 101
 [VirtualPitWidthManager] baseInnerFloor[10] = 101
 [VirtualPitWidthManager] baseInnerFloor[11] = 100
 [VirtualPitWidthManager] baseInnerFloor total: 11 tiles, 11 non-zero
 [VirtualPitWidthManager] collisionInnerFloor[1] = 0
 [VirtualPitWidthManager] collisionInnerFloor[2] = 0
 [VirtualPitWidthManager] collisionInnerFloor[3] = 0
 [VirtualPitWidthManager] collisionInnerFloor[4] = 0
 [VirtualPitWidthManager] collisionInnerFloor[5] = 0
 [VirtualPitWidthManager] collisionInnerFloor[6] = 0
 [VirtualPitWidthManager] collisionInnerFloor[7] = 0
 [VirtualPitWidthManager] collisionInnerFloor[8] = 0
 [VirtualPitWidthManager] collisionInnerFloor[9] = 0
 [VirtualPitWidthManager] collisionInnerFloor[10] = 0
 [VirtualPitWidthManager] collisionInnerFloor[11] = 0
 [VirtualPitWidthManager] collisionInnerFloor total: 11 tiles, 0 non-zero
 [VirtualPitWidthManager] Initialization complete. Current pit right edge: 13
 === CAVE BIOME BALANCE TEST REPORT ===
 Test Date: 2026-03-24 02:35:48
 Pit Levels: 1-25
 
 TEST 3: Monster Scaling & Level Progression
 ===========================================
 
 | Pit | Player Lvl | Enemy Lvl | Boss Bonus | Type   |
 |-----|------------|-----------|------------|--------|
 |   1 |          2 |         2 |          0 | Normal |
 |   2 |          4 |         4 |          0 | Normal |
 |   3 |          5 |         5 |          0 | Normal |
 |   4 |          7 |         7 |          0 | Normal |
 |   5 |          8 |        10 |          2 | BOSS   |
 |   6 |         10 |        10 |          0 | Normal |
 |   7 |         11 |        11 |          0 | Normal |
 |   8 |         13 |        13 |          0 | Normal |
 |   9 |         14 |        14 |          0 | Normal |
 |  10 |         16 |        18 |          2 | BOSS   |
 |  11 |         18 |        18 |          0 | Normal |
 |  12 |         20 |        20 |          0 | Normal |
 |  13 |         22 |        22 |          0 | Normal |
 |  14 |         24 |        24 |          0 | Normal |
 |  15 |         26 |        28 |          2 | BOSS   |
 |  16 |         28 |        28 |          0 | Normal |
 |  17 |         30 |        30 |          0 | Normal |
 |  18 |         32 |        32 |          0 | Normal |
 |  19 |         34 |        34 |          0 | Normal |
 |  20 |         36 |        38 |          2 | BOSS   |
 |  21 |         37 |        37 |          0 | Normal |
 |  22 |         39 |        39 |          0 | Normal |
 |  23 |         41 |        41 |          0 | Normal |
 |  24 |         43 |        43 |          0 | Normal |
 |  25 |         44 |        46 |          2 | BOSS   |
 
 ✓ Monster scaling validates successfully - no sudden difficulty spikes
 
 
 === END OF REPORT ===
 


  Passed CaveBiome_LootDistribution_ValidateTreasureLevels [6 ms]
  Standard Output Messages:
 [VirtualWorld] Generated 5 obstacles and 1 wizard orb in pit
 [VirtualWorld] Regenerated pit at level 10, bounds: (1,2,14,9)
 [VirtualTiledMapService] Initialized basic tile patterns for PitWidthManager
 [VirtualPitWidthManager] Recorded FogOfWar index: 301
 [VirtualPitWidthManager] Recorded ground tile index: 104
 [VirtualPitWidthManager] baseOuterFloor[1] = 100
 [VirtualPitWidthManager] baseOuterFloor[2] = 103
 [VirtualPitWidthManager] baseOuterFloor[3] = 103
 [VirtualPitWidthManager] baseOuterFloor[4] = 103
 [VirtualPitWidthManager] baseOuterFloor[5] = 103
 [VirtualPitWidthManager] baseOuterFloor[6] = 103
 [VirtualPitWidthManager] baseOuterFloor[7] = 103
 [VirtualPitWidthManager] baseOuterFloor[8] = 103
 [VirtualPitWidthManager] baseOuterFloor[9] = 103
 [VirtualPitWidthManager] baseOuterFloor[10] = 103
 [VirtualPitWidthManager] baseOuterFloor[11] = 100
 [VirtualPitWidthManager] baseOuterFloor total: 11 tiles, 11 non-zero
 [VirtualPitWidthManager] collisionOuterFloor[1] = 0
 [VirtualPitWidthManager] collisionOuterFloor[2] = 0
 [VirtualPitWidthManager] collisionOuterFloor[3] = 0
 [VirtualPitWidthManager] collisionOuterFloor[4] = 0
 [VirtualPitWidthManager] collisionOuterFloor[5] = 0
 [VirtualPitWidthManager] collisionOuterFloor[6] = 0
 [VirtualPitWidthManager] collisionOuterFloor[7] = 0
 [VirtualPitWidthManager] collisionOuterFloor[8] = 0
 [VirtualPitWidthManager] collisionOuterFloor[9] = 0
 [VirtualPitWidthManager] collisionOuterFloor[10] = 0
 [VirtualPitWidthManager] collisionOuterFloor[11] = 0
 [VirtualPitWidthManager] collisionOuterFloor total: 11 tiles, 0 non-zero
 [VirtualPitWidthManager] baseInnerWall[1] = 102
 [VirtualPitWidthManager] baseInnerWall[2] = 102
 [VirtualPitWidthManager] baseInnerWall[3] = 102
 [VirtualPitWidthManager] baseInnerWall[4] = 102
 [VirtualPitWidthManager] baseInnerWall[5] = 102
 [VirtualPitWidthManager] baseInnerWall[6] = 102
 [VirtualPitWidthManager] baseInnerWall[7] = 102
 [VirtualPitWidthManager] baseInnerWall[8] = 102
 [VirtualPitWidthManager] baseInnerWall[9] = 102
 [VirtualPitWidthManager] baseInnerWall[10] = 102
 [VirtualPitWidthManager] baseInnerWall[11] = 102
 [VirtualPitWidthManager] baseInnerWall total: 11 tiles, 11 non-zero
 [VirtualPitWidthManager] collisionInnerWall[1] = 0
 [VirtualPitWidthManager] collisionInnerWall[2] = 201
 [VirtualPitWidthManager] collisionInnerWall[3] = 201
 [VirtualPitWidthManager] collisionInnerWall[4] = 201
 [VirtualPitWidthManager] collisionInnerWall[5] = 201
 [VirtualPitWidthManager] collisionInnerWall[6] = 201
 [VirtualPitWidthManager] collisionInnerWall[7] = 201
 [VirtualPitWidthManager] collisionInnerWall[8] = 201
 [VirtualPitWidthManager] collisionInnerWall[9] = 201
 [VirtualPitWidthManager] collisionInnerWall[10] = 201
 [VirtualPitWidthManager] collisionInnerWall[11] = 0
 [VirtualPitWidthManager] collisionInnerWall total: 11 tiles, 9 non-zero
 [VirtualPitWidthManager] baseInnerFloor[1] = 100
 [VirtualPitWidthManager] baseInnerFloor[2] = 101
 [VirtualPitWidthManager] baseInnerFloor[3] = 101
 [VirtualPitWidthManager] baseInnerFloor[4] = 101
 [VirtualPitWidthManager] baseInnerFloor[5] = 101
 [VirtualPitWidthManager] baseInnerFloor[6] = 101
 [VirtualPitWidthManager] baseInnerFloor[7] = 101
 [VirtualPitWidthManager] baseInnerFloor[8] = 101
 [VirtualPitWidthManager] baseInnerFloor[9] = 101
 [VirtualPitWidthManager] baseInnerFloor[10] = 101
 [VirtualPitWidthManager] baseInnerFloor[11] = 100
 [VirtualPitWidthManager] baseInnerFloor total: 11 tiles, 11 non-zero
 [VirtualPitWidthManager] collisionInnerFloor[1] = 0
 [VirtualPitWidthManager] collisionInnerFloor[2] = 0
 [VirtualPitWidthManager] collisionInnerFloor[3] = 0
 [VirtualPitWidthManager] collisionInnerFloor[4] = 0
 [VirtualPitWidthManager] collisionInnerFloor[5] = 0
 [VirtualPitWidthManager] collisionInnerFloor[6] = 0
 [VirtualPitWidthManager] collisionInnerFloor[7] = 0
 [VirtualPitWidthManager] collisionInnerFloor[8] = 0
 [VirtualPitWidthManager] collisionInnerFloor[9] = 0
 [VirtualPitWidthManager] collisionInnerFloor[10] = 0
 [VirtualPitWidthManager] collisionInnerFloor[11] = 0
 [VirtualPitWidthManager] collisionInnerFloor total: 11 tiles, 0 non-zero
 [VirtualPitWidthManager] Initialization complete. Current pit right edge: 13
 [VirtualPitGenerator] Regenerating pit content for level 1
 [VirtualWorld] Cleared all entities and interior collisions
 [VirtualPitGenerator] Valid placement area for level 1: tiles (2,3) to (10,9)
 [VirtualPitGenerator] Level 1 calculated amounts:
 [VirtualPitGenerator]   Max Monsters: 2, Actual: 1
 [VirtualPitGenerator]   Max Chests: 2, Actual: 1
 [VirtualPitGenerator]   Min Obstacles: 5
 [VirtualPitGenerator]   Max Obstacles: 10, Actual: 6
 [VirtualWorld] Wizard orb positioned at (8,7)
 [VirtualPitGenerator] Generated wizard orb at (8,7)
 [VirtualWorld] Added obstacle at (5,5)
 [VirtualWorld] Added obstacle at (10,3)
 [VirtualWorld] Added obstacle at (7,3)
 [VirtualWorld] Added obstacle at (4,5)
 [VirtualWorld] Added obstacle at (10,7)
 [VirtualWorld] Added obstacle at (7,4)
 [VirtualWorld] Added EarlyHelm_Normal treasure (level 1) at (7,7)
 [VirtualWorld] Added Bat monster at (2,4)
 [VirtualPitGenerator] Generated 6 obstacles, 1 treasures, 1 monsters, and 1 wizard orb
 [VirtualPitGenerator] Regenerating pit content for level 2
 [VirtualWorld] Cleared all entities and interior collisions
 [VirtualPitGenerator] Valid placement area for level 2: tiles (2,3) to (10,9)
 [VirtualPitGenerator] Level 2 calculated amounts:
 [VirtualPitGenerator]   Max Monsters: 2, Actual: 1
 [VirtualPitGenerator]   Max Chests: 2, Actual: 1
 [VirtualPitGenerator]   Min Obstacles: 5
 [VirtualPitGenerator]   Max Obstacles: 10, Actual: 9
 [VirtualWorld] Wizard orb positioned at (10,3)
 [VirtualPitGenerator] Generated wizard orb at (10,3)
 [VirtualWorld] Added obstacle at (4,8)
 [VirtualWorld] Added obstacle at (6,4)
 [VirtualWorld] Added obstacle at (2,8)
 [VirtualWorld] Added obstacle at (2,3)
 [VirtualWorld] Added obstacle at (6,5)
 [VirtualWorld] Added obstacle at (4,7)
 [VirtualWorld] Added obstacle at (5,5)
 [VirtualWorld] Added obstacle at (8,9)
 [VirtualWorld] Added obstacle at (9,7)
 [VirtualWorld] Added EarlyArmor_Normal treasure (level 1) at (2,5)
 [VirtualWorld] Added Slime monster at (8,7)
 [VirtualPitGenerator] Generated 9 obstacles, 1 treasures, 1 monsters, and 1 wizard orb
 [VirtualPitGenerator] Regenerating pit content for level 3
 [VirtualWorld] Cleared all entities and interior collisions
 [VirtualPitGenerator] Valid placement area for level 3: tiles (2,3) to (10,9)
 [VirtualPitGenerator] Level 3 calculated amounts:
 [VirtualPitGenerator]   Max Monsters: 2, Actual: 2
 [VirtualPitGenerator]   Max Chests: 2, Actual: 2
 [VirtualPitGenerator]   Min Obstacles: 5
 [VirtualPitGenerator]   Max Obstacles: 10, Actual: 6
 [VirtualWorld] Wizard orb positioned at (3,6)
 [VirtualPitGenerator] Generated wizard orb at (3,6)
 [VirtualWorld] Added obstacle at (3,4)
 [VirtualWorld] Added obstacle at (10,5)
 [VirtualWorld] Added obstacle at (5,6)
 [VirtualWorld] Added obstacle at (9,7)
 [VirtualWorld] Added obstacle at (2,3)
 [VirtualWorld] Added obstacle at (10,3)
 [VirtualWorld] Added EarlyAxe_Normal treasure (level 1) at (9,8)
 [VirtualWorld] Added EarlyHelm_Normal treasure (level 1) at (7,6)
 [VirtualWorld] Added Rat monster at (6,6)
 [VirtualWorld] Added Rat monster at (4,4)
 [VirtualPitGenerator] Generated 6 obstacles, 2 treasures, 2 monsters, and 1 wizard orb
 [VirtualPitGenerator] Regenerating pit content for level 4
 [VirtualWorld] Cleared all entities and interior collisions
 [VirtualPitGenerator] Valid placement area for level 4: tiles (2,3) to (10,9)
 [VirtualPitGenerator] Level 4 calculated amounts:
 [VirtualPitGenerator]   Max Monsters: 2, Actual: 2
 [VirtualPitGenerator]   Max Chests: 2, Actual: 2
 [VirtualPitGenerator]   Min Obstacles: 5
 [VirtualPitGenerator]   Max Obstacles: 10, Actual: 9
 [VirtualWorld] Wizard orb positioned at (5,3)
 [VirtualPitGenerator] Generated wizard orb at (5,3)
 [VirtualWorld] Added obstacle at (2,7)
 [VirtualWorld] Added obstacle at (6,6)
 [VirtualWorld] Added obstacle at (8,4)
 [VirtualWorld] Added obstacle at (7,5)
 [VirtualWorld] Added obstacle at (6,8)
 [VirtualWorld] Added obstacle at (9,5)
 [VirtualWorld] Added obstacle at (9,7)
 [VirtualWorld] Added obstacle at (2,5)
 [VirtualWorld] Added obstacle at (3,7)
 [VirtualWorld] Added EarlyHelm_Normal treasure (level 1) at (4,7)
 [VirtualWorld] Added EarlySpear_Normal treasure (level 1) at (2,3)
 [VirtualWorld] Added Bat monster at (8,3)
 [VirtualWorld] Added Rat monster at (8,6)
 [VirtualPitGenerator] Generated 9 obstacles, 2 treasures, 2 monsters, and 1 wizard orb
 [VirtualPitGenerator] Regenerating pit content for level 5
 [VirtualWorld] Cleared all entities and interior collisions
 [VirtualPitGenerator] Valid placement area for level 5: tiles (2,3) to (10,9)
 [VirtualPitGenerator] Level 5 calculated amounts:
 [VirtualPitGenerator]   Max Monsters: 2, Actual: 1
 [VirtualPitGenerator]   Max Chests: 2, Actual: 1
 [VirtualPitGenerator]   Min Obstacles: 5
 [VirtualPitGenerator]   Max Obstacles: 10, Actual: 7
 [VirtualWorld] Wizard orb positioned at (7,6)
 [VirtualPitGenerator] Generated wizard orb at (7,6)
 [VirtualWorld] Added obstacle at (10,4)
 [VirtualWorld] Added obstacle at (10,7)
 [VirtualWorld] Added obstacle at (3,9)
 [VirtualWorld] Added obstacle at (5,3)
 [VirtualWorld] Added obstacle at (2,6)
 [VirtualWorld] Added obstacle at (2,8)
 [VirtualWorld] Added obstacle at (4,6)
 [VirtualWorld] Added EarlyDagger_Normal treasure (level 1) at (9,4)
 [VirtualWorld] Added Stone Guardian monster at (9,9)
 [VirtualPitGenerator] Cave boss floor at level 5 with Stone Guardian (scaled level 10)
 [VirtualPitGenerator] Generated 7 obstacles, 1 treasures, 0 monsters, and 1 wizard orb
 [VirtualPitGenerator] Regenerating pit content for level 6
 [VirtualWorld] Cleared all entities and interior collisions
 [VirtualPitGenerator] Valid placement area for level 6: tiles (2,3) to (10,9)
 [VirtualPitGenerator] Level 6 calculated amounts:
 [VirtualPitGenerator]   Max Monsters: 2, Actual: 2
 [VirtualPitGenerator]   Max Chests: 2, Actual: 2
 [VirtualPitGenerator]   Min Obstacles: 5
 [VirtualPitGenerator]   Max Obstacles: 10, Actual: 10
 [VirtualWorld] Wizard orb positioned at (9,9)
 [VirtualPitGenerator] Generated wizard orb at (9,9)
 [VirtualWorld] Added obstacle at (9,7)
 [VirtualWorld] Added obstacle at (6,8)
 [VirtualWorld] Added obstacle at (6,7)
 [VirtualWorld] Added obstacle at (3,8)
 [VirtualWorld] Added obstacle at (7,4)
 [VirtualWorld] Added obstacle at (8,5)
 [VirtualWorld] Added obstacle at (8,8)
 [VirtualWorld] Added obstacle at (7,7)
 [VirtualWorld] Added obstacle at (4,3)
 [VirtualWorld] Added obstacle at (3,5)
 [VirtualWorld] Added MidAxe_Normal treasure (level 1) at (5,3)
 [VirtualWorld] Added MidArmor_Normal treasure (level 1) at (10,5)
 [VirtualWorld] Added Stone Beetle monster at (2,3)
 [VirtualWorld] Added Bat monster at (5,5)
 [VirtualPitGenerator] Generated 10 obstacles, 2 treasures, 2 monsters, and 1 wizard orb
 [VirtualPitGenerator] Regenerating pit content for level 7
 [VirtualWorld] Cleared all entities and interior collisions
 [VirtualPitGenerator] Valid placement area for level 7: tiles (2,3) to (10,9)
 [VirtualPitGenerator] Level 7 calculated amounts:
 [VirtualPitGenerator]   Max Monsters: 2, Actual: 2
 [VirtualPitGenerator]   Max Chests: 2, Actual: 2
 [VirtualPitGenerator]   Min Obstacles: 5
 [VirtualPitGenerator]   Max Obstacles: 10, Actual: 7
 [VirtualWorld] Wizard orb positioned at (2,5)
 [VirtualPitGenerator] Generated wizard orb at (2,5)
 [VirtualWorld] Added obstacle at (8,3)
 [VirtualWorld] Added obstacle at (10,8)
 [VirtualWorld] Added obstacle at (9,6)
 [VirtualWorld] Added obstacle at (10,6)
 [VirtualWorld] Added obstacle at (3,9)
 [VirtualWorld] Added obstacle at (5,8)
 [VirtualWorld] Added obstacle at (5,9)
 [VirtualWorld] Added MidAxe_Normal treasure (level 1) at (2,8)
 [VirtualWorld] Added MidHelm_Normal treasure (level 1) at (6,5)
 [VirtualWorld] Added Snake monster at (2,6)
 [VirtualWorld] Added Bat monster at (8,5)
 [VirtualPitGenerator] Generated 7 obstacles, 2 treasures, 2 monsters, and 1 wizard orb
 [VirtualPitGenerator] Regenerating pit content for level 8
 [VirtualWorld] Cleared all entities and interior collisions
 [VirtualPitGenerator] Valid placement area for level 8: tiles (2,3) to (10,9)
 [VirtualPitGenerator] Level 8 calculated amounts:
 [VirtualPitGenerator]   Max Monsters: 2, Actual: 1
 [VirtualPitGenerator]   Max Chests: 2, Actual: 1
 [VirtualPitGenerator]   Min Obstacles: 5
 [VirtualPitGenerator]   Max Obstacles: 10, Actual: 10
 [VirtualWorld] Wizard orb positioned at (4,8)
 [VirtualPitGenerator] Generated wizard orb at (4,8)
 [VirtualWorld] Added obstacle at (6,6)
 [VirtualWorld] Added obstacle at (6,9)
 [VirtualWorld] Added obstacle at (4,4)
 [VirtualWorld] Added obstacle at (8,3)
 [VirtualWorld] Added obstacle at (7,7)
 [VirtualWorld] Added obstacle at (2,4)
 [VirtualWorld] Added obstacle at (10,9)
 [VirtualWorld] Added obstacle at (5,9)
 [VirtualWorld] Added obstacle at (9,5)
 [VirtualWorld] Added obstacle at (9,6)
 [VirtualWorld] Added MidArmor_Normal treasure (level 1) at (8,8)
 [VirtualWorld] Added Goblin monster at (6,3)
 [VirtualPitGenerator] Generated 10 obstacles, 1 treasures, 1 monsters, and 1 wizard orb
 [VirtualPitGenerator] Regenerating pit content for level 9
 [VirtualWorld] Cleared all entities and interior collisions
 [VirtualPitGenerator] Valid placement area for level 9: tiles (2,3) to (10,9)
 [VirtualPitGenerator] Level 9 calculated amounts:
 [VirtualPitGenerator]   Max Monsters: 2, Actual: 1
 [VirtualPitGenerator]   Max Chests: 2, Actual: 1
 [VirtualPitGenerator]   Min Obstacles: 5
 [VirtualPitGenerator]   Max Obstacles: 10, Actual: 7
 [VirtualWorld] Wizard orb positioned at (6,4)
 [VirtualPitGenerator] Generated wizard orb at (6,4)
 [VirtualWorld] Added obstacle at (5,9)
 [VirtualWorld] Added obstacle at (10,3)
 [VirtualWorld] Added obstacle at (7,9)
 [VirtualWorld] Added obstacle at (6,8)
 [VirtualWorld] Added obstacle at (3,4)
 [VirtualWorld] Added obstacle at (7,7)
 [VirtualWorld] Added obstacle at (9,3)
 [VirtualWorld] Added MidStaff_Normal treasure (level 1) at (2,6)
 [VirtualWorld] Added Rat monster at (4,7)
 [VirtualPitGenerator] Generated 7 obstacles, 1 treasures, 1 monsters, and 1 wizard orb
 [VirtualPitGenerator] Regenerating pit content for level 10
 [VirtualWorld] Cleared all entities and interior collisions
 [VirtualPitGenerator] Valid placement area for level 10: tiles (2,3) to (10,9)
 [VirtualPitGenerator] Level 10 calculated amounts:
 [VirtualPitGenerator]   Max Monsters: 2, Actual: 2
 [VirtualPitGenerator]   Max Chests: 2, Actual: 2
 [VirtualPitGenerator]   Min Obstacles: 5
 [VirtualPitGenerator]   Max Obstacles: 10, Actual: 10
 [VirtualWorld] Wizard orb positioned at (8,8)
 [VirtualPitGenerator] Generated wizard orb at (8,8)
 [VirtualWorld] Added obstacle at (4,5)
 [VirtualWorld] Added obstacle at (6,4)
 [VirtualWorld] Added obstacle at (10,7)
 [VirtualWorld] Added obstacle at (4,6)
 [VirtualWorld] Added obstacle at (8,9)
 [VirtualWorld] Added obstacle at (4,3)
 [VirtualWorld] Added obstacle at (3,9)
 [VirtualWorld] Added obstacle at (3,4)
 [VirtualWorld] Added obstacle at (4,7)
 [VirtualWorld] Added obstacle at (6,7)
 [VirtualWorld] Added MidDagger_Normal treasure (level 1) at (10,6)
 [VirtualWorld] Added MidAxe_Normal treasure (level 1) at (2,5)
 [VirtualWorld] Added Pit Lord monster at (3,5)
 [VirtualPitGenerator] Cave boss floor at level 10 with Pit Lord (scaled level 18)
 [VirtualPitGenerator] Generated 10 obstacles, 2 treasures, 1 monsters, and 1 wizard orb
 [VirtualPitGenerator] Regenerating pit content for level 11
 [VirtualWorld] Cleared all entities and interior collisions
 [VirtualPitGenerator] Valid placement area for level 11: tiles (2,3) to (10,9)
 [VirtualPitGenerator] Level 11 calculated amounts:
 [VirtualPitGenerator]   Max Monsters: 2, Actual: 1
 [VirtualPitGenerator]   Max Chests: 2, Actual: 1
 [VirtualPitGenerator]   Min Obstacles: 5
 [VirtualPitGenerator]   Max Obstacles: 10, Actual: 7
 [VirtualWorld] Wizard orb positioned at (10,4)
 [VirtualPitGenerator] Generated wizard orb at (10,4)
 [VirtualWorld] Added obstacle at (3,8)
 [VirtualWorld] Added obstacle at (10,5)
 [VirtualWorld] Added obstacle at (4,5)
 [VirtualWorld] Added obstacle at (2,4)
 [VirtualWorld] Added obstacle at (3,7)
 [VirtualWorld] Added obstacle at (10,6)
 [VirtualWorld] Added obstacle at (9,9)
 [VirtualWorld] Added LateShield_Normal treasure (level 1) at (7,4)
 [VirtualWorld] Added Orc monster at (9,8)
 [VirtualPitGenerator] Generated 7 obstacles, 1 treasures, 1 monsters, and 1 wizard orb
 [VirtualPitGenerator] Regenerating pit content for level 12
 [VirtualWorld] Cleared all entities and interior collisions
 [VirtualPitGenerator] Valid placement area for level 12: tiles (2,3) to (10,9)
 [VirtualPitGenerator] Level 12 calculated amounts:
 [VirtualPitGenerator]   Max Monsters: 2, Actual: 1
 [VirtualPitGenerator]   Max Chests: 2, Actual: 1
 [VirtualPitGenerator]   Min Obstacles: 6
 [VirtualPitGenerator]   Max Obstacles: 11, Actual: 11
 [VirtualWorld] Wizard orb positioned at (3,7)
 [VirtualPitGenerator] Generated wizard orb at (3,7)
 [VirtualWorld] Added obstacle at (2,4)
 [VirtualWorld] Added obstacle at (6,6)
 [VirtualWorld] Added obstacle at (8,3)
 [VirtualWorld] Added obstacle at (9,9)
 [VirtualWorld] Added obstacle at (8,5)
 [VirtualWorld] Added obstacle at (6,9)
 [VirtualWorld] Added obstacle at (5,3)
 [VirtualWorld] Added obstacle at (10,5)
 [VirtualWorld] Added obstacle at (9,3)
 [VirtualWorld] Added obstacle at (4,9)
 [VirtualWorld] Added obstacle at (4,4)
 [VirtualWorld] Added LateStaff_Normal treasure (level 1) at (3,9)
 [VirtualWorld] Added Snake monster at (7,3)
 [VirtualPitGenerator] Generated 11 obstacles, 1 treasures, 1 monsters, and 1 wizard orb
 [VirtualPitGenerator] Regenerating pit content for level 13
 [VirtualWorld] Cleared all entities and interior collisions
 [VirtualPitGenerator] Valid placement area for level 13: tiles (2,3) to (10,9)
 [VirtualPitGenerator] Level 13 calculated amounts:
 [VirtualPitGenerator]   Max Monsters: 2, Actual: 2
 [VirtualPitGenerator]   Max Chests: 2, Actual: 2
 [VirtualPitGenerator]   Min Obstacles: 6
 [VirtualPitGenerator]   Max Obstacles: 11, Actual: 9
 [VirtualWorld] Wizard orb positioned at (4,3)
 [VirtualPitGenerator] Generated wizard orb at (4,3)
 [VirtualWorld] Added obstacle at (10,8)
 [VirtualWorld] Added obstacle at (10,7)
 [VirtualWorld] Added obstacle at (2,9)
 [VirtualWorld] Added obstacle at (7,6)
 [VirtualWorld] Added obstacle at (3,5)
 [VirtualWorld] Added obstacle at (2,3)
 [VirtualWorld] Added obstacle at (5,6)
 [VirtualWorld] Added obstacle at (2,4)
 [VirtualWorld] Added obstacle at (7,9)
 [VirtualWorld] Added LateAxe_Normal treasure (level 1) at (9,3)
 [VirtualWorld] Added LateHammer_Normal treasure (level 1) at (6,9)
 [VirtualWorld] Added Tunnel Worm monster at (4,4)
 [VirtualWorld] Added Skeleton monster at (9,4)
 [VirtualPitGenerator] Generated 9 obstacles, 2 treasures, 2 monsters, and 1 wizard orb
 [VirtualPitGenerator] Regenerating pit content for level 14
 [VirtualWorld] Cleared all entities and interior collisions
 [VirtualPitGenerator] Valid placement area for level 14: tiles (2,3) to (10,9)
 [VirtualPitGenerator] Level 14 calculated amounts:
 [VirtualPitGenerator]   Max Monsters: 2, Actual: 2
 [VirtualPitGenerator]   Max Chests: 2, Actual: 2
 [VirtualPitGenerator]   Min Obstacles: 7
 [VirtualPitGenerator]   Max Obstacles: 12, Actual: 7
 [VirtualWorld] Wizard orb positioned at (6,6)
 [VirtualPitGenerator] Generated wizard orb at (6,6)
 [VirtualWorld] Added obstacle at (9,4)
 [VirtualWorld] Added obstacle at (6,7)
 [VirtualWorld] Added obstacle at (5,7)
 [VirtualWorld] Added obstacle at (5,4)
 [VirtualWorld] Added obstacle at (8,8)
 [VirtualWorld] Added obstacle at (8,3)
 [VirtualWorld] Added obstacle at (8,7)
 [VirtualWorld] Added LateSword_Normal treasure (level 1) at (4,5)
 [VirtualWorld] Added LateSpear_Normal treasure (level 1) at (6,9)
 [VirtualWorld] Added Spider monster at (5,5)
 [VirtualWorld] Added Skeleton monster at (10,5)
 [VirtualPitGenerator] Generated 7 obstacles, 2 treasures, 2 monsters, and 1 wizard orb
 [VirtualPitGenerator] Regenerating pit content for level 15
 [VirtualWorld] Cleared all entities and interior collisions
 [VirtualPitGenerator] Valid placement area for level 15: tiles (2,3) to (10,9)
 [VirtualPitGenerator] Level 15 calculated amounts:
 [VirtualPitGenerator]   Max Monsters: 2, Actual: 1
 [VirtualPitGenerator]   Max Chests: 2, Actual: 1
 [VirtualPitGenerator]   Min Obstacles: 7
 [VirtualPitGenerator]   Max Obstacles: 12, Actual: 10
 [VirtualWorld] Wizard orb positioned at (8,9)
 [VirtualPitGenerator] Generated wizard orb at (8,9)
 [VirtualWorld] Added obstacle at (8,7)
 [VirtualWorld] Added obstacle at (10,8)
 [VirtualWorld] Added obstacle at (9,5)
 [VirtualWorld] Added obstacle at (3,9)
 [VirtualWorld] Added obstacle at (4,6)
 [VirtualWorld] Added obstacle at (5,4)
 [VirtualWorld] Added obstacle at (4,3)
 [VirtualWorld] Added obstacle at (3,8)
 [VirtualWorld] Added obstacle at (6,6)
 [VirtualWorld] Added obstacle at (4,4)
 [VirtualWorld] Added LateArmor_Uncommon treasure (level 2) at (10,7)
 [VirtualWorld] Added Earth Elemental monster at (5,5)
 [VirtualPitGenerator] Cave boss floor at level 15 with Earth Elemental (scaled level 28)
 [VirtualPitGenerator] Generated 10 obstacles, 1 treasures, 0 monsters, and 1 wizard orb
 [VirtualPitGenerator] Regenerating pit content for level 16
 [VirtualWorld] Cleared all entities and interior collisions
 [VirtualPitGenerator] Valid placement area for level 16: tiles (2,3) to (10,9)
 [VirtualPitGenerator] Level 16 calculated amounts:
 [VirtualPitGenerator]   Max Monsters: 3, Actual: 3
 [VirtualPitGenerator]   Max Chests: 3, Actual: 2
 [VirtualPitGenerator]   Min Obstacles: 7
 [VirtualPitGenerator]   Max Obstacles: 13, Actual: 7
 [VirtualWorld] Wizard orb positioned at (10,6)
 [VirtualPitGenerator] Generated wizard orb at (10,6)
 [VirtualWorld] Added obstacle at (6,3)
 [VirtualWorld] Added obstacle at (6,9)
 [VirtualWorld] Added obstacle at (3,3)
 [VirtualWorld] Added obstacle at (10,7)
 [VirtualWorld] Added obstacle at (9,4)
 [VirtualWorld] Added obstacle at (2,7)
 [VirtualWorld] Added obstacle at (10,3)
 [VirtualWorld] Added AdvancedDagger_Normal treasure (level 1) at (8,7)
 [VirtualWorld] Added AdvancedHelm_Normal treasure (level 1) at (9,7)
 [VirtualWorld] Added Magma Ooze monster at (8,8)
 [VirtualWorld] Added Wraith monster at (4,6)
 [VirtualWorld] Added Skeleton monster at (4,3)
 [VirtualPitGenerator] Generated 7 obstacles, 2 treasures, 3 monsters, and 1 wizard orb
 [VirtualPitGenerator] Regenerating pit content for level 17
 [VirtualWorld] Cleared all entities and interior collisions
 [VirtualPitGenerator] Valid placement area for level 17: tiles (2,3) to (10,9)
 [VirtualPitGenerator] Level 17 calculated amounts:
 [VirtualPitGenerator]   Max Monsters: 3, Actual: 2
 [VirtualPitGenerator]   Max Chests: 3, Actual: 3
 [VirtualPitGenerator]   Min Obstacles: 8
 [VirtualPitGenerator]   Max Obstacles: 13, Actual: 11
 [VirtualWorld] Wizard orb positioned at (3,9)
 [VirtualPitGenerator] Generated wizard orb at (3,9)
 [VirtualWorld] Added obstacle at (5,6)
 [VirtualWorld] Added obstacle at (10,3)
 [VirtualWorld] Added obstacle at (6,8)
 [VirtualWorld] Added obstacle at (8,5)
 [VirtualWorld] Added obstacle at (4,9)
 [VirtualWorld] Added obstacle at (7,3)
 [VirtualWorld] Added obstacle at (6,3)
 [VirtualWorld] Added obstacle at (2,9)
 [VirtualWorld] Added obstacle at (10,5)
 [VirtualWorld] Added obstacle at (6,6)
 [VirtualWorld] Added obstacle at (3,4)
 [VirtualWorld] Added AdvancedAxe_Normal treasure (level 1) at (8,6)
 [VirtualWorld] Added AdvancedAxe_Normal treasure (level 1) at (5,7)
 [VirtualWorld] Added AdvancedStaff_Normal treasure (level 1) at (10,4)
 [VirtualWorld] Added Orc monster at (5,8)
 [VirtualWorld] Added Orc monster at (9,8)
 [VirtualPitGenerator] Generated 11 obstacles, 3 treasures, 2 monsters, and 1 wizard orb
 [VirtualPitGenerator] Regenerating pit content for level 18
 [VirtualWorld] Cleared all entities and interior collisions
 [VirtualPitGenerator] Valid placement area for level 18: tiles (2,3) to (10,9)
 [VirtualPitGenerator] Level 18 calculated amounts:
 [VirtualPitGenerator]   Max Monsters: 3, Actual: 2
 [VirtualPitGenerator]   Max Chests: 3, Actual: 1
 [VirtualPitGenerator]   Min Obstacles: 8
 [VirtualPitGenerator]   Max Obstacles: 14, Actual: 8
 [VirtualWorld] Wizard orb positioned at (5,5)
 [VirtualPitGenerator] Generated wizard orb at (5,5)
 [VirtualWorld] Added obstacle at (4,9)
 [VirtualWorld] Added obstacle at (6,4)
 [VirtualWorld] Added obstacle at (10,6)
 [VirtualWorld] Added obstacle at (6,3)
 [VirtualWorld] Added obstacle at (9,7)
 [VirtualWorld] Added obstacle at (4,6)
 [VirtualWorld] Added obstacle at (3,4)
 [VirtualWorld] Added obstacle at (4,4)
 [VirtualWorld] Added AdvancedHammer_Uncommon treasure (level 2) at (4,3)
 [VirtualWorld] Added Lava Drake monster at (2,5)
 [VirtualWorld] Added Lava Drake monster at (6,7)
 [VirtualPitGenerator] Generated 8 obstacles, 1 treasures, 2 monsters, and 1 wizard orb
 [VirtualPitGenerator] Regenerating pit content for level 19
 [VirtualWorld] Cleared all entities and interior collisions
 [VirtualPitGenerator] Valid placement area for level 19: tiles (2,3) to (10,9)
 [VirtualPitGenerator] Level 19 calculated amounts:
 [VirtualPitGenerator]   Max Monsters: 3, Actual: 1
 [VirtualPitGenerator]   Max Chests: 3, Actual: 2
 [VirtualPitGenerator]   Min Obstacles: 8
 [VirtualPitGenerator]   Max Obstacles: 14, Actual: 12
 [VirtualWorld] Wizard orb positioned at (7,8)
 [VirtualPitGenerator] Generated wizard orb at (7,8)
 [VirtualWorld] Added obstacle at (3,5)
 [VirtualWorld] Added obstacle at (10,5)
 [VirtualWorld] Added obstacle at (4,5)
 [VirtualWorld] Added obstacle at (4,7)
 [VirtualWorld] Added obstacle at (5,4)
 [VirtualWorld] Added obstacle at (10,8)
 [VirtualWorld] Added obstacle at (8,4)
 [VirtualWorld] Added obstacle at (8,5)
 [VirtualWorld] Added obstacle at (6,4)
 [VirtualWorld] Added obstacle at (8,6)
 [VirtualWorld] Added obstacle at (6,8)
 [VirtualWorld] Added obstacle at (6,9)
 [VirtualWorld] Added AdvancedHelm_Normal treasure (level 1) at (8,3)
 [VirtualWorld] Added AdvancedShield_Normal treasure (level 1) at (5,9)
 [VirtualWorld] Added Wraith monster at (8,7)
 [VirtualPitGenerator] Generated 12 obstacles, 2 treasures, 1 monsters, and 1 wizard orb
 [VirtualPitGenerator] Regenerating pit content for level 20
 [VirtualWorld] Cleared all entities and interior collisions
 [VirtualPitGenerator] Valid placement area for level 20: tiles (2,3) to (10,9)
 [VirtualPitGenerator] Level 20 calculated amounts:
 [VirtualPitGenerator]   Max Monsters: 3, Actual: 3
 [VirtualPitGenerator]   Max Chests: 3, Actual: 3
 [VirtualPitGenerator]   Min Obstacles: 9
 [VirtualPitGenerator]   Max Obstacles: 14, Actual: 10
 [VirtualWorld] Wizard orb positioned at (9,4)
 [VirtualPitGenerator] Generated wizard orb at (9,4)
 [VirtualWorld] Added obstacle at (2,9)
 [VirtualWorld] Added obstacle at (6,6)
 [VirtualWorld] Added obstacle at (7,3)
 [VirtualWorld] Added obstacle at (2,5)
 [VirtualWorld] Added obstacle at (9,9)
 [VirtualWorld] Added obstacle at (6,4)
 [VirtualWorld] Added obstacle at (5,4)
 [VirtualWorld] Added obstacle at (2,6)
 [VirtualWorld] Added obstacle at (8,5)
 [VirtualWorld] Added obstacle at (2,7)
 [VirtualWorld] Added AdvancedSword_Uncommon treasure (level 3) at (5,3)
 [VirtualWorld] Added AdvancedSpear_Normal treasure (level 1) at (3,6)
 [VirtualWorld] Added AdvancedStaff_Uncommon treasure (level 2) at (6,7)
 [VirtualWorld] Added Molten Titan monster at (2,8)
 [VirtualPitGenerator] Cave boss floor at level 20 with Molten Titan (scaled level 38)
 [VirtualPitGenerator] Generated 10 obstacles, 3 treasures, 2 monsters, and 1 wizard orb
 [VirtualPitGenerator] Regenerating pit content for level 21
 [VirtualWorld] Cleared all entities and interior collisions
 [VirtualPitGenerator] Valid placement area for level 21: tiles (2,3) to (10,9)
 [VirtualPitGenerator] Level 21 calculated amounts:
 [VirtualPitGenerator]   Max Monsters: 3, Actual: 2
 [VirtualPitGenerator]   Max Chests: 3, Actual: 3
 [VirtualPitGenerator]   Min Obstacles: 9
 [VirtualPitGenerator]   Max Obstacles: 15, Actual: 13
 [VirtualWorld] Wizard orb positioned at (2,7)
 [VirtualPitGenerator] Generated wizard orb at (2,7)
 [VirtualWorld] Added obstacle at (10,5)
 [VirtualWorld] Added obstacle at (10,7)
 [VirtualWorld] Added obstacle at (2,8)
 [VirtualWorld] Added obstacle at (9,3)
 [VirtualWorld] Added obstacle at (5,7)
 [VirtualWorld] Added obstacle at (3,7)
 [VirtualWorld] Added obstacle at (2,4)
 [VirtualWorld] Added obstacle at (6,7)
 [VirtualWorld] Added obstacle at (2,6)
 [VirtualWorld] Added obstacle at (5,8)
 [VirtualWorld] Added obstacle at (2,9)
 [VirtualWorld] Added obstacle at (8,5)
 [VirtualWorld] Added obstacle at (10,9)
 [VirtualWorld] Added EliteHelm_Normal treasure (level 1) at (10,8)
 [VirtualWorld] Added EliteStaff_Normal treasure (level 1) at (8,9)
 [VirtualWorld] Added EliteHelm_Normal treasure (level 1) at (6,3)
 [VirtualWorld] Added Lava Drake monster at (4,6)
 [VirtualWorld] Added Stone Wyrm monster at (3,9)
 [VirtualPitGenerator] Generated 13 obstacles, 3 treasures, 2 monsters, and 1 wizard orb
 [VirtualPitGenerator] Regenerating pit content for level 22
 [VirtualWorld] Cleared all entities and interior collisions
 [VirtualPitGenerator] Valid placement area for level 22: tiles (2,3) to (10,9)
 [VirtualPitGenerator] Level 22 calculated amounts:
 [VirtualPitGenerator]   Max Monsters: 3, Actual: 1
 [VirtualPitGenerator]   Max Chests: 3, Actual: 1
 [VirtualPitGenerator]   Min Obstacles: 10
 [VirtualPitGenerator]   Max Obstacles: 15, Actual: 11
 [VirtualWorld] Wizard orb positioned at (4,3)
 [VirtualPitGenerator] Generated wizard orb at (4,3)
 [VirtualWorld] Added obstacle at (9,8)
 [VirtualWorld] Added obstacle at (6,7)
 [VirtualWorld] Added obstacle at (5,6)
 [VirtualWorld] Added obstacle at (7,8)
 [VirtualWorld] Added obstacle at (10,5)
 [VirtualWorld] Added obstacle at (8,3)
 [VirtualWorld] Added obstacle at (7,4)
 [VirtualWorld] Added obstacle at (4,7)
 [VirtualWorld] Added obstacle at (8,8)
 [VirtualWorld] Added obstacle at (9,5)
 [VirtualWorld] Added obstacle at (4,4)
 [VirtualWorld] Added EliteDagger_Normal treasure (level 1) at (6,5)
 [VirtualWorld] Added Cave Troll monster at (5,3)
 [VirtualPitGenerator] Generated 11 obstacles, 1 treasures, 1 monsters, and 1 wizard orb
 [VirtualPitGenerator] Regenerating pit content for level 23
 [VirtualWorld] Cleared all entities and interior collisions
 [VirtualPitGenerator] Valid placement area for level 23: tiles (2,3) to (10,9)
 [VirtualPitGenerator] Level 23 calculated amounts:
 [VirtualPitGenerator]   Max Monsters: 3, Actual: 3
 [VirtualPitGenerator]   Max Chests: 3, Actual: 2
 [VirtualPitGenerator]   Min Obstacles: 10
 [VirtualPitGenerator]   Max Obstacles: 16, Actual: 15
 [VirtualWorld] Wizard orb positioned at (6,7)
 [VirtualPitGenerator] Generated wizard orb at (6,7)
 [VirtualWorld] Added obstacle at (7,4)
 [VirtualWorld] Added obstacle at (10,8)
 [VirtualWorld] Added obstacle at (8,4)
 [VirtualWorld] Added obstacle at (5,6)
 [VirtualWorld] Added obstacle at (5,3)
 [VirtualWorld] Added obstacle at (4,5)
 [VirtualWorld] Added obstacle at (3,9)
 [VirtualWorld] Added obstacle at (6,9)
 [VirtualWorld] Added obstacle at (2,9)
 [VirtualWorld] Added obstacle at (4,7)
 [VirtualWorld] Added obstacle at (10,9)
 [VirtualWorld] Added obstacle at (7,7)
 [VirtualWorld] Added obstacle at (6,6)
 [VirtualWorld] Added obstacle at (8,3)
 [VirtualWorld] Added obstacle at (2,4)
 [VirtualWorld] Added EliteAxe_Uncommon treasure (level 3) at (9,3)
 [VirtualWorld] Added EliteSword_Uncommon treasure (level 2) at (9,5)
 [VirtualWorld] Added Orc monster at (2,5)
 [VirtualWorld] Added Shadow Beast monster at (9,4)
 [VirtualWorld] Added Wraith monster at (8,6)
 [VirtualPitGenerator] Generated 15 obstacles, 2 treasures, 3 monsters, and 1 wizard orb
 [VirtualPitGenerator] Regenerating pit content for level 24
 [VirtualWorld] Cleared all entities and interior collisions
 [VirtualPitGenerator] Valid placement area for level 24: tiles (2,3) to (10,9)
 [VirtualPitGenerator] Level 24 calculated amounts:
 [VirtualPitGenerator]   Max Monsters: 3, Actual: 2
 [VirtualPitGenerator]   Max Chests: 3, Actual: 3
 [VirtualPitGenerator]   Min Obstacles: 10
 [VirtualPitGenerator]   Max Obstacles: 16, Actual: 11
 [VirtualWorld] Wizard orb positioned at (8,3)
 [VirtualPitGenerator] Generated wizard orb at (8,3)
 [VirtualWorld] Added obstacle at (6,7)
 [VirtualWorld] Added obstacle at (6,9)
 [VirtualWorld] Added obstacle at (3,9)
 [VirtualWorld] Added obstacle at (3,3)
 [VirtualWorld] Added obstacle at (10,8)
 [VirtualWorld] Added obstacle at (2,9)
 [VirtualWorld] Added obstacle at (9,5)
 [VirtualWorld] Added obstacle at (7,3)
 [VirtualWorld] Added obstacle at (5,3)
 [VirtualWorld] Added obstacle at (10,6)
 [VirtualWorld] Added obstacle at (7,4)
 [VirtualWorld] Added EliteSword_Normal treasure (level 1) at (8,9)
 [VirtualWorld] Added EliteHammer_Normal treasure (level 1) at (9,9)
 [VirtualWorld] Added EliteShield_Uncommon treasure (level 2) at (7,9)
 [VirtualWorld] Added Crystal Golem monster at (9,6)
 [VirtualWorld] Added Skeleton monster at (3,6)
 [VirtualPitGenerator] Generated 11 obstacles, 3 treasures, 2 monsters, and 1 wizard orb
 [VirtualPitGenerator] Regenerating pit content for level 25
 [VirtualWorld] Cleared all entities and interior collisions
 [VirtualPitGenerator] Valid placement area for level 25: tiles (2,3) to (10,9)
 [VirtualPitGenerator] Level 25 calculated amounts:
 [VirtualPitGenerator]   Max Monsters: 3, Actual: 1
 [VirtualPitGenerator]   Max Chests: 3, Actual: 1
 [VirtualPitGenerator]   Min Obstacles: 11
 [VirtualPitGenerator]   Max Obstacles: 17, Actual: 16
 [VirtualWorld] Wizard orb positioned at (10,6)
 [VirtualPitGenerator] Generated wizard orb at (10,6)
 [VirtualWorld] Added obstacle at (5,3)
 [VirtualWorld] Added obstacle at (10,3)
 [VirtualWorld] Added obstacle at (6,7)
 [VirtualWorld] Added obstacle at (10,8)
 [VirtualWorld] Added obstacle at (6,6)
 [VirtualWorld] Added obstacle at (7,5)
 [VirtualWorld] Added obstacle at (6,5)
 [VirtualWorld] Added obstacle at (10,4)
 [VirtualWorld] Added obstacle at (8,4)
 [VirtualWorld] Added obstacle at (3,6)
 [VirtualWorld] Added obstacle at (3,5)
 [VirtualWorld] Added obstacle at (2,5)
 [VirtualWorld] Added obstacle at (9,8)
 [VirtualWorld] Added obstacle at (5,7)
 [VirtualWorld] Added obstacle at (3,7)
 [VirtualWorld] Added obstacle at (2,3)
 [VirtualWorld] Added EliteDagger_Uncommon treasure (level 2) at (9,7)
 [VirtualWorld] Added Ancient Wyrm monster at (7,4)
 [VirtualPitGenerator] Cave boss floor at level 25 with Ancient Wyrm (scaled level 46)
 [VirtualPitGenerator] Generated 16 obstacles, 1 treasures, 0 monsters, and 1 wizard orb
 === CAVE BIOME BALANCE TEST REPORT ===
 Test Date: 2026-03-24 02:35:48
 Pit Levels: 1-25
 
 TEST 4: Loot Distribution & Treasure Levels
 ===========================================
 
 Treasure Distribution by Pit Level:
 | Pit | Lvl 1 | Lvl 2 | Total | Rarity Band |
 |-----|-------|-------|-------|-------------|
 |   1 |     1 |     0 |     1 | Normal      |
 |   2 |     1 |     0 |     1 | Normal      |
 |   3 |     2 |     0 |     2 | Normal      |
 |   4 |     2 |     0 |     2 | Normal      |
 |   5 |     1 |     0 |     1 | Normal      |
 |   6 |     2 |     0 |     2 | Normal      |
 |   7 |     2 |     0 |     2 | Normal      |
 |   8 |     1 |     0 |     1 | Normal      |
 |   9 |     1 |     0 |     1 | Normal      |
 |  10 |     2 |     0 |     2 | Normal      |
 |  11 |     1 |     0 |     1 | Uncommon    |
 |  12 |     1 |     0 |     1 | Uncommon    |
 |  13 |     2 |     0 |     2 | Uncommon    |
 |  14 |     2 |     0 |     2 | Uncommon    |
 |  15 |     0 |     1 |     1 | Uncommon    |
 |  16 |     2 |     0 |     2 | Uncommon    |
 |  17 |     3 |     0 |     3 | Uncommon    |
 |  18 |     0 |     1 |     1 | Uncommon    |
 |  19 |     2 |     0 |     2 | Uncommon    |
 |  20 |     1 |     1 |     2 | Uncommon    |
 |  21 |     3 |     0 |     3 | Uncommon    |
 |  22 |     1 |     0 |     1 | Uncommon    |
 |  23 |     0 |     1 |     1 | Uncommon    |
 |  24 |     2 |     1 |     3 | Uncommon    |
 |  25 |     0 |     1 |     1 | Uncommon    |
 
 ✓ Loot distribution follows cave rarity bands
 
 
 === END OF REPORT ===
 


  Passed CaveBiome_SpawnPoolRotation_ValidateSlidingWindow [4 ms]
  Standard Output Messages:
 [VirtualWorld] Generated 5 obstacles and 1 wizard orb in pit
 [VirtualWorld] Regenerated pit at level 10, bounds: (1,2,14,9)
 [VirtualTiledMapService] Initialized basic tile patterns for PitWidthManager
 [VirtualPitWidthManager] Recorded FogOfWar index: 301
 [VirtualPitWidthManager] Recorded ground tile index: 104
 [VirtualPitWidthManager] baseOuterFloor[1] = 100
 [VirtualPitWidthManager] baseOuterFloor[2] = 103
 [VirtualPitWidthManager] baseOuterFloor[3] = 103
 [VirtualPitWidthManager] baseOuterFloor[4] = 103
 [VirtualPitWidthManager] baseOuterFloor[5] = 103
 [VirtualPitWidthManager] baseOuterFloor[6] = 103
 [VirtualPitWidthManager] baseOuterFloor[7] = 103
 [VirtualPitWidthManager] baseOuterFloor[8] = 103
 [VirtualPitWidthManager] baseOuterFloor[9] = 103
 [VirtualPitWidthManager] baseOuterFloor[10] = 103
 [VirtualPitWidthManager] baseOuterFloor[11] = 100
 [VirtualPitWidthManager] baseOuterFloor total: 11 tiles, 11 non-zero
 [VirtualPitWidthManager] collisionOuterFloor[1] = 0
 [VirtualPitWidthManager] collisionOuterFloor[2] = 0
 [VirtualPitWidthManager] collisionOuterFloor[3] = 0
 [VirtualPitWidthManager] collisionOuterFloor[4] = 0
 [VirtualPitWidthManager] collisionOuterFloor[5] = 0
 [VirtualPitWidthManager] collisionOuterFloor[6] = 0
 [VirtualPitWidthManager] collisionOuterFloor[7] = 0
 [VirtualPitWidthManager] collisionOuterFloor[8] = 0
 [VirtualPitWidthManager] collisionOuterFloor[9] = 0
 [VirtualPitWidthManager] collisionOuterFloor[10] = 0
 [VirtualPitWidthManager] collisionOuterFloor[11] = 0
 [VirtualPitWidthManager] collisionOuterFloor total: 11 tiles, 0 non-zero
 [VirtualPitWidthManager] baseInnerWall[1] = 102
 [VirtualPitWidthManager] baseInnerWall[2] = 102
 [VirtualPitWidthManager] baseInnerWall[3] = 102
 [VirtualPitWidthManager] baseInnerWall[4] = 102
 [VirtualPitWidthManager] baseInnerWall[5] = 102
 [VirtualPitWidthManager] baseInnerWall[6] = 102
 [VirtualPitWidthManager] baseInnerWall[7] = 102
 [VirtualPitWidthManager] baseInnerWall[8] = 102
 [VirtualPitWidthManager] baseInnerWall[9] = 102
 [VirtualPitWidthManager] baseInnerWall[10] = 102
 [VirtualPitWidthManager] baseInnerWall[11] = 102
 [VirtualPitWidthManager] baseInnerWall total: 11 tiles, 11 non-zero
 [VirtualPitWidthManager] collisionInnerWall[1] = 0
 [VirtualPitWidthManager] collisionInnerWall[2] = 201
 [VirtualPitWidthManager] collisionInnerWall[3] = 201
 [VirtualPitWidthManager] collisionInnerWall[4] = 201
 [VirtualPitWidthManager] collisionInnerWall[5] = 201
 [VirtualPitWidthManager] collisionInnerWall[6] = 201
 [VirtualPitWidthManager] collisionInnerWall[7] = 201
 [VirtualPitWidthManager] collisionInnerWall[8] = 201
 [VirtualPitWidthManager] collisionInnerWall[9] = 201
 [VirtualPitWidthManager] collisionInnerWall[10] = 201
 [VirtualPitWidthManager] collisionInnerWall[11] = 0
 [VirtualPitWidthManager] collisionInnerWall total: 11 tiles, 9 non-zero
 [VirtualPitWidthManager] baseInnerFloor[1] = 100
 [VirtualPitWidthManager] baseInnerFloor[2] = 101
 [VirtualPitWidthManager] baseInnerFloor[3] = 101
 [VirtualPitWidthManager] baseInnerFloor[4] = 101
 [VirtualPitWidthManager] baseInnerFloor[5] = 101
 [VirtualPitWidthManager] baseInnerFloor[6] = 101
 [VirtualPitWidthManager] baseInnerFloor[7] = 101
 [VirtualPitWidthManager] baseInnerFloor[8] = 101
 [VirtualPitWidthManager] baseInnerFloor[9] = 101
 [VirtualPitWidthManager] baseInnerFloor[10] = 101
 [VirtualPitWidthManager] baseInnerFloor[11] = 100
 [VirtualPitWidthManager] baseInnerFloor total: 11 tiles, 11 non-zero
 [VirtualPitWidthManager] collisionInnerFloor[1] = 0
 [VirtualPitWidthManager] collisionInnerFloor[2] = 0
 [VirtualPitWidthManager] collisionInnerFloor[3] = 0
 [VirtualPitWidthManager] collisionInnerFloor[4] = 0
 [VirtualPitWidthManager] collisionInnerFloor[5] = 0
 [VirtualPitWidthManager] collisionInnerFloor[6] = 0
 [VirtualPitWidthManager] collisionInnerFloor[7] = 0
 [VirtualPitWidthManager] collisionInnerFloor[8] = 0
 [VirtualPitWidthManager] collisionInnerFloor[9] = 0
 [VirtualPitWidthManager] collisionInnerFloor[10] = 0
 [VirtualPitWidthManager] collisionInnerFloor[11] = 0
 [VirtualPitWidthManager] collisionInnerFloor total: 11 tiles, 0 non-zero
 [VirtualPitWidthManager] Initialization complete. Current pit right edge: 13
 [VirtualPitGenerator] Regenerating pit content for level 1
 [VirtualWorld] Cleared all entities and interior collisions
 [VirtualPitGenerator] Valid placement area for level 1: tiles (2,3) to (10,9)
 [VirtualPitGenerator] Level 1 calculated amounts:
 [VirtualPitGenerator]   Max Monsters: 2, Actual: 1
 [VirtualPitGenerator]   Max Chests: 2, Actual: 1
 [VirtualPitGenerator]   Min Obstacles: 5
 [VirtualPitGenerator]   Max Obstacles: 10, Actual: 6
 [VirtualWorld] Wizard orb positioned at (8,7)
 [VirtualPitGenerator] Generated wizard orb at (8,7)
 [VirtualWorld] Added obstacle at (5,5)
 [VirtualWorld] Added obstacle at (10,3)
 [VirtualWorld] Added obstacle at (7,3)
 [VirtualWorld] Added obstacle at (4,5)
 [VirtualWorld] Added obstacle at (10,7)
 [VirtualWorld] Added obstacle at (7,4)
 [VirtualWorld] Added EarlyHelm_Normal treasure (level 1) at (7,7)
 [VirtualWorld] Added Bat monster at (2,4)
 [VirtualPitGenerator] Generated 6 obstacles, 1 treasures, 1 monsters, and 1 wizard orb
 [VirtualPitGenerator] Regenerating pit content for level 2
 [VirtualWorld] Cleared all entities and interior collisions
 [VirtualPitGenerator] Valid placement area for level 2: tiles (2,3) to (10,9)
 [VirtualPitGenerator] Level 2 calculated amounts:
 [VirtualPitGenerator]   Max Monsters: 2, Actual: 1
 [VirtualPitGenerator]   Max Chests: 2, Actual: 1
 [VirtualPitGenerator]   Min Obstacles: 5
 [VirtualPitGenerator]   Max Obstacles: 10, Actual: 9
 [VirtualWorld] Wizard orb positioned at (10,3)
 [VirtualPitGenerator] Generated wizard orb at (10,3)
 [VirtualWorld] Added obstacle at (4,8)
 [VirtualWorld] Added obstacle at (6,4)
 [VirtualWorld] Added obstacle at (2,8)
 [VirtualWorld] Added obstacle at (2,3)
 [VirtualWorld] Added obstacle at (6,5)
 [VirtualWorld] Added obstacle at (4,7)
 [VirtualWorld] Added obstacle at (5,5)
 [VirtualWorld] Added obstacle at (8,9)
 [VirtualWorld] Added obstacle at (9,7)
 [VirtualWorld] Added EarlyArmor_Normal treasure (level 1) at (2,5)
 [VirtualWorld] Added Slime monster at (8,7)
 [VirtualPitGenerator] Generated 9 obstacles, 1 treasures, 1 monsters, and 1 wizard orb
 [VirtualPitGenerator] Regenerating pit content for level 3
 [VirtualWorld] Cleared all entities and interior collisions
 [VirtualPitGenerator] Valid placement area for level 3: tiles (2,3) to (10,9)
 [VirtualPitGenerator] Level 3 calculated amounts:
 [VirtualPitGenerator]   Max Monsters: 2, Actual: 2
 [VirtualPitGenerator]   Max Chests: 2, Actual: 2
 [VirtualPitGenerator]   Min Obstacles: 5
 [VirtualPitGenerator]   Max Obstacles: 10, Actual: 6
 [VirtualWorld] Wizard orb positioned at (3,6)
 [VirtualPitGenerator] Generated wizard orb at (3,6)
 [VirtualWorld] Added obstacle at (3,4)
 [VirtualWorld] Added obstacle at (10,5)
 [VirtualWorld] Added obstacle at (5,6)
 [VirtualWorld] Added obstacle at (9,7)
 [VirtualWorld] Added obstacle at (2,3)
 [VirtualWorld] Added obstacle at (10,3)
 [VirtualWorld] Added EarlyAxe_Normal treasure (level 1) at (9,8)
 [VirtualWorld] Added EarlyHelm_Normal treasure (level 1) at (7,6)
 [VirtualWorld] Added Rat monster at (6,6)
 [VirtualWorld] Added Rat monster at (4,4)
 [VirtualPitGenerator] Generated 6 obstacles, 2 treasures, 2 monsters, and 1 wizard orb
 [VirtualPitGenerator] Regenerating pit content for level 4
 [VirtualWorld] Cleared all entities and interior collisions
 [VirtualPitGenerator] Valid placement area for level 4: tiles (2,3) to (10,9)
 [VirtualPitGenerator] Level 4 calculated amounts:
 [VirtualPitGenerator]   Max Monsters: 2, Actual: 2
 [VirtualPitGenerator]   Max Chests: 2, Actual: 2
 [VirtualPitGenerator]   Min Obstacles: 5
 [VirtualPitGenerator]   Max Obstacles: 10, Actual: 9
 [VirtualWorld] Wizard orb positioned at (5,3)
 [VirtualPitGenerator] Generated wizard orb at (5,3)
 [VirtualWorld] Added obstacle at (2,7)
 [VirtualWorld] Added obstacle at (6,6)
 [VirtualWorld] Added obstacle at (8,4)
 [VirtualWorld] Added obstacle at (7,5)
 [VirtualWorld] Added obstacle at (6,8)
 [VirtualWorld] Added obstacle at (9,5)
 [VirtualWorld] Added obstacle at (9,7)
 [VirtualWorld] Added obstacle at (2,5)
 [VirtualWorld] Added obstacle at (3,7)
 [VirtualWorld] Added EarlyHelm_Normal treasure (level 1) at (4,7)
 [VirtualWorld] Added EarlySpear_Normal treasure (level 1) at (2,3)
 [VirtualWorld] Added Bat monster at (8,3)
 [VirtualWorld] Added Rat monster at (8,6)
 [VirtualPitGenerator] Generated 9 obstacles, 2 treasures, 2 monsters, and 1 wizard orb
 [VirtualPitGenerator] Regenerating pit content for level 6
 [VirtualWorld] Cleared all entities and interior collisions
 [VirtualPitGenerator] Valid placement area for level 6: tiles (2,3) to (10,9)
 [VirtualPitGenerator] Level 6 calculated amounts:
 [VirtualPitGenerator]   Max Monsters: 2, Actual: 2
 [VirtualPitGenerator]   Max Chests: 2, Actual: 2
 [VirtualPitGenerator]   Min Obstacles: 5
 [VirtualPitGenerator]   Max Obstacles: 10, Actual: 10
 [VirtualWorld] Wizard orb positioned at (9,9)
 [VirtualPitGenerator] Generated wizard orb at (9,9)
 [VirtualWorld] Added obstacle at (9,7)
 [VirtualWorld] Added obstacle at (6,8)
 [VirtualWorld] Added obstacle at (6,7)
 [VirtualWorld] Added obstacle at (3,8)
 [VirtualWorld] Added obstacle at (7,4)
 [VirtualWorld] Added obstacle at (8,5)
 [VirtualWorld] Added obstacle at (8,8)
 [VirtualWorld] Added obstacle at (7,7)
 [VirtualWorld] Added obstacle at (4,3)
 [VirtualWorld] Added obstacle at (3,5)
 [VirtualWorld] Added MidAxe_Normal treasure (level 1) at (5,3)
 [VirtualWorld] Added MidArmor_Normal treasure (level 1) at (10,5)
 [VirtualWorld] Added Stone Beetle monster at (2,3)
 [VirtualWorld] Added Bat monster at (5,5)
 [VirtualPitGenerator] Generated 10 obstacles, 2 treasures, 2 monsters, and 1 wizard orb
 [VirtualPitGenerator] Regenerating pit content for level 7
 [VirtualWorld] Cleared all entities and interior collisions
 [VirtualPitGenerator] Valid placement area for level 7: tiles (2,3) to (10,9)
 [VirtualPitGenerator] Level 7 calculated amounts:
 [VirtualPitGenerator]   Max Monsters: 2, Actual: 2
 [VirtualPitGenerator]   Max Chests: 2, Actual: 2
 [VirtualPitGenerator]   Min Obstacles: 5
 [VirtualPitGenerator]   Max Obstacles: 10, Actual: 7
 [VirtualWorld] Wizard orb positioned at (2,5)
 [VirtualPitGenerator] Generated wizard orb at (2,5)
 [VirtualWorld] Added obstacle at (8,3)
 [VirtualWorld] Added obstacle at (10,8)
 [VirtualWorld] Added obstacle at (9,6)
 [VirtualWorld] Added obstacle at (10,6)
 [VirtualWorld] Added obstacle at (3,9)
 [VirtualWorld] Added obstacle at (5,8)
 [VirtualWorld] Added obstacle at (5,9)
 [VirtualWorld] Added MidAxe_Normal treasure (level 1) at (2,8)
 [VirtualWorld] Added MidHelm_Normal treasure (level 1) at (6,5)
 [VirtualWorld] Added Snake monster at (2,6)
 [VirtualWorld] Added Bat monster at (8,5)
 [VirtualPitGenerator] Generated 7 obstacles, 2 treasures, 2 monsters, and 1 wizard orb
 [VirtualPitGenerator] Regenerating pit content for level 8
 [VirtualWorld] Cleared all entities and interior collisions
 [VirtualPitGenerator] Valid placement area for level 8: tiles (2,3) to (10,9)
 [VirtualPitGenerator] Level 8 calculated amounts:
 [VirtualPitGenerator]   Max Monsters: 2, Actual: 1
 [VirtualPitGenerator]   Max Chests: 2, Actual: 1
 [VirtualPitGenerator]   Min Obstacles: 5
 [VirtualPitGenerator]   Max Obstacles: 10, Actual: 10
 [VirtualWorld] Wizard orb positioned at (4,8)
 [VirtualPitGenerator] Generated wizard orb at (4,8)
 [VirtualWorld] Added obstacle at (6,6)
 [VirtualWorld] Added obstacle at (6,9)
 [VirtualWorld] Added obstacle at (4,4)
 [VirtualWorld] Added obstacle at (8,3)
 [VirtualWorld] Added obstacle at (7,7)
 [VirtualWorld] Added obstacle at (2,4)
 [VirtualWorld] Added obstacle at (10,9)
 [VirtualWorld] Added obstacle at (5,9)
 [VirtualWorld] Added obstacle at (9,5)
 [VirtualWorld] Added obstacle at (9,6)
 [VirtualWorld] Added MidArmor_Normal treasure (level 1) at (8,8)
 [VirtualWorld] Added Goblin monster at (6,3)
 [VirtualPitGenerator] Generated 10 obstacles, 1 treasures, 1 monsters, and 1 wizard orb
 [VirtualPitGenerator] Regenerating pit content for level 9
 [VirtualWorld] Cleared all entities and interior collisions
 [VirtualPitGenerator] Valid placement area for level 9: tiles (2,3) to (10,9)
 [VirtualPitGenerator] Level 9 calculated amounts:
 [VirtualPitGenerator]   Max Monsters: 2, Actual: 1
 [VirtualPitGenerator]   Max Chests: 2, Actual: 1
 [VirtualPitGenerator]   Min Obstacles: 5
 [VirtualPitGenerator]   Max Obstacles: 10, Actual: 7
 [VirtualWorld] Wizard orb positioned at (6,4)
 [VirtualPitGenerator] Generated wizard orb at (6,4)
 [VirtualWorld] Added obstacle at (5,9)
 [VirtualWorld] Added obstacle at (10,3)
 [VirtualWorld] Added obstacle at (7,9)
 [VirtualWorld] Added obstacle at (6,8)
 [VirtualWorld] Added obstacle at (3,4)
 [VirtualWorld] Added obstacle at (7,7)
 [VirtualWorld] Added obstacle at (9,3)
 [VirtualWorld] Added MidStaff_Normal treasure (level 1) at (2,6)
 [VirtualWorld] Added Rat monster at (4,7)
 [VirtualPitGenerator] Generated 7 obstacles, 1 treasures, 1 monsters, and 1 wizard orb
 [VirtualPitGenerator] Regenerating pit content for level 11
 [VirtualWorld] Cleared all entities and interior collisions
 [VirtualPitGenerator] Valid placement area for level 11: tiles (2,3) to (10,9)
 [VirtualPitGenerator] Level 11 calculated amounts:
 [VirtualPitGenerator]   Max Monsters: 2, Actual: 1
 [VirtualPitGenerator]   Max Chests: 2, Actual: 1
 [VirtualPitGenerator]   Min Obstacles: 5
 [VirtualPitGenerator]   Max Obstacles: 10, Actual: 7
 [VirtualWorld] Wizard orb positioned at (10,4)
 [VirtualPitGenerator] Generated wizard orb at (10,4)
 [VirtualWorld] Added obstacle at (3,8)
 [VirtualWorld] Added obstacle at (10,5)
 [VirtualWorld] Added obstacle at (4,5)
 [VirtualWorld] Added obstacle at (2,4)
 [VirtualWorld] Added obstacle at (3,7)
 [VirtualWorld] Added obstacle at (10,6)
 [VirtualWorld] Added obstacle at (9,9)
 [VirtualWorld] Added LateShield_Normal treasure (level 1) at (7,4)
 [VirtualWorld] Added Orc monster at (9,8)
 [VirtualPitGenerator] Generated 7 obstacles, 1 treasures, 1 monsters, and 1 wizard orb
 [VirtualPitGenerator] Regenerating pit content for level 12
 [VirtualWorld] Cleared all entities and interior collisions
 [VirtualPitGenerator] Valid placement area for level 12: tiles (2,3) to (10,9)
 [VirtualPitGenerator] Level 12 calculated amounts:
 [VirtualPitGenerator]   Max Monsters: 2, Actual: 1
 [VirtualPitGenerator]   Max Chests: 2, Actual: 1
 [VirtualPitGenerator]   Min Obstacles: 6
 [VirtualPitGenerator]   Max Obstacles: 11, Actual: 11
 [VirtualWorld] Wizard orb positioned at (3,7)
 [VirtualPitGenerator] Generated wizard orb at (3,7)
 [VirtualWorld] Added obstacle at (2,4)
 [VirtualWorld] Added obstacle at (6,6)
 [VirtualWorld] Added obstacle at (8,3)
 [VirtualWorld] Added obstacle at (9,9)
 [VirtualWorld] Added obstacle at (8,5)
 [VirtualWorld] Added obstacle at (6,9)
 [VirtualWorld] Added obstacle at (5,3)
 [VirtualWorld] Added obstacle at (10,5)
 [VirtualWorld] Added obstacle at (9,3)
 [VirtualWorld] Added obstacle at (4,9)
 [VirtualWorld] Added obstacle at (4,4)
 [VirtualWorld] Added LateStaff_Normal treasure (level 1) at (3,9)
 [VirtualWorld] Added Snake monster at (7,3)
 [VirtualPitGenerator] Generated 11 obstacles, 1 treasures, 1 monsters, and 1 wizard orb
 [VirtualPitGenerator] Regenerating pit content for level 13
 [VirtualWorld] Cleared all entities and interior collisions
 [VirtualPitGenerator] Valid placement area for level 13: tiles (2,3) to (10,9)
 [VirtualPitGenerator] Level 13 calculated amounts:
 [VirtualPitGenerator]   Max Monsters: 2, Actual: 2
 [VirtualPitGenerator]   Max Chests: 2, Actual: 2
 [VirtualPitGenerator]   Min Obstacles: 6
 [VirtualPitGenerator]   Max Obstacles: 11, Actual: 9
 [VirtualWorld] Wizard orb positioned at (4,3)
 [VirtualPitGenerator] Generated wizard orb at (4,3)
 [VirtualWorld] Added obstacle at (10,8)
 [VirtualWorld] Added obstacle at (10,7)
 [VirtualWorld] Added obstacle at (2,9)
 [VirtualWorld] Added obstacle at (7,6)
 [VirtualWorld] Added obstacle at (3,5)
 [VirtualWorld] Added obstacle at (2,3)
 [VirtualWorld] Added obstacle at (5,6)
 [VirtualWorld] Added obstacle at (2,4)
 [VirtualWorld] Added obstacle at (7,9)
 [VirtualWorld] Added LateAxe_Normal treasure (level 1) at (9,3)
 [VirtualWorld] Added LateHammer_Normal treasure (level 1) at (6,9)
 [VirtualWorld] Added Tunnel Worm monster at (4,4)
 [VirtualWorld] Added Skeleton monster at (9,4)
 [VirtualPitGenerator] Generated 9 obstacles, 2 treasures, 2 monsters, and 1 wizard orb
 [VirtualPitGenerator] Regenerating pit content for level 14
 [VirtualWorld] Cleared all entities and interior collisions
 [VirtualPitGenerator] Valid placement area for level 14: tiles (2,3) to (10,9)
 [VirtualPitGenerator] Level 14 calculated amounts:
 [VirtualPitGenerator]   Max Monsters: 2, Actual: 2
 [VirtualPitGenerator]   Max Chests: 2, Actual: 2
 [VirtualPitGenerator]   Min Obstacles: 7
 [VirtualPitGenerator]   Max Obstacles: 12, Actual: 7
 [VirtualWorld] Wizard orb positioned at (6,6)
 [VirtualPitGenerator] Generated wizard orb at (6,6)
 [VirtualWorld] Added obstacle at (9,4)
 [VirtualWorld] Added obstacle at (6,7)
 [VirtualWorld] Added obstacle at (5,7)
 [VirtualWorld] Added obstacle at (5,4)
 [VirtualWorld] Added obstacle at (8,8)
 [VirtualWorld] Added obstacle at (8,3)
 [VirtualWorld] Added obstacle at (8,7)
 [VirtualWorld] Added LateSword_Normal treasure (level 1) at (4,5)
 [VirtualWorld] Added LateSpear_Normal treasure (level 1) at (6,9)
 [VirtualWorld] Added Spider monster at (5,5)
 [VirtualWorld] Added Skeleton monster at (10,5)
 [VirtualPitGenerator] Generated 7 obstacles, 2 treasures, 2 monsters, and 1 wizard orb
 [VirtualPitGenerator] Regenerating pit content for level 16
 [VirtualWorld] Cleared all entities and interior collisions
 [VirtualPitGenerator] Valid placement area for level 16: tiles (2,3) to (10,9)
 [VirtualPitGenerator] Level 16 calculated amounts:
 [VirtualPitGenerator]   Max Monsters: 3, Actual: 3
 [VirtualPitGenerator]   Max Chests: 3, Actual: 2
 [VirtualPitGenerator]   Min Obstacles: 7
 [VirtualPitGenerator]   Max Obstacles: 13, Actual: 7
 [VirtualWorld] Wizard orb positioned at (10,6)
 [VirtualPitGenerator] Generated wizard orb at (10,6)
 [VirtualWorld] Added obstacle at (6,3)
 [VirtualWorld] Added obstacle at (6,9)
 [VirtualWorld] Added obstacle at (3,3)
 [VirtualWorld] Added obstacle at (10,7)
 [VirtualWorld] Added obstacle at (9,4)
 [VirtualWorld] Added obstacle at (2,7)
 [VirtualWorld] Added obstacle at (10,3)
 [VirtualWorld] Added AdvancedDagger_Normal treasure (level 1) at (8,7)
 [VirtualWorld] Added AdvancedHelm_Normal treasure (level 1) at (9,7)
 [VirtualWorld] Added Magma Ooze monster at (8,8)
 [VirtualWorld] Added Wraith monster at (4,6)
 [VirtualWorld] Added Skeleton monster at (4,3)
 [VirtualPitGenerator] Generated 7 obstacles, 2 treasures, 3 monsters, and 1 wizard orb
 [VirtualPitGenerator] Regenerating pit content for level 17
 [VirtualWorld] Cleared all entities and interior collisions
 [VirtualPitGenerator] Valid placement area for level 17: tiles (2,3) to (10,9)
 [VirtualPitGenerator] Level 17 calculated amounts:
 [VirtualPitGenerator]   Max Monsters: 3, Actual: 2
 [VirtualPitGenerator]   Max Chests: 3, Actual: 3
 [VirtualPitGenerator]   Min Obstacles: 8
 [VirtualPitGenerator]   Max Obstacles: 13, Actual: 11
 [VirtualWorld] Wizard orb positioned at (3,9)
 [VirtualPitGenerator] Generated wizard orb at (3,9)
 [VirtualWorld] Added obstacle at (5,6)
 [VirtualWorld] Added obstacle at (10,3)
 [VirtualWorld] Added obstacle at (6,8)
 [VirtualWorld] Added obstacle at (8,5)
 [VirtualWorld] Added obstacle at (4,9)
 [VirtualWorld] Added obstacle at (7,3)
 [VirtualWorld] Added obstacle at (6,3)
 [VirtualWorld] Added obstacle at (2,9)
 [VirtualWorld] Added obstacle at (10,5)
 [VirtualWorld] Added obstacle at (6,6)
 [VirtualWorld] Added obstacle at (3,4)
 [VirtualWorld] Added AdvancedAxe_Normal treasure (level 1) at (8,6)
 [VirtualWorld] Added AdvancedAxe_Normal treasure (level 1) at (5,7)
 [VirtualWorld] Added AdvancedStaff_Normal treasure (level 1) at (10,4)
 [VirtualWorld] Added Orc monster at (5,8)
 [VirtualWorld] Added Orc monster at (9,8)
 [VirtualPitGenerator] Generated 11 obstacles, 3 treasures, 2 monsters, and 1 wizard orb
 [VirtualPitGenerator] Regenerating pit content for level 18
 [VirtualWorld] Cleared all entities and interior collisions
 [VirtualPitGenerator] Valid placement area for level 18: tiles (2,3) to (10,9)
 [VirtualPitGenerator] Level 18 calculated amounts:
 [VirtualPitGenerator]   Max Monsters: 3, Actual: 2
 [VirtualPitGenerator]   Max Chests: 3, Actual: 1
 [VirtualPitGenerator]   Min Obstacles: 8
 [VirtualPitGenerator]   Max Obstacles: 14, Actual: 8
 [VirtualWorld] Wizard orb positioned at (5,5)
 [VirtualPitGenerator] Generated wizard orb at (5,5)
 [VirtualWorld] Added obstacle at (4,9)
 [VirtualWorld] Added obstacle at (6,4)
 [VirtualWorld] Added obstacle at (10,6)
 [VirtualWorld] Added obstacle at (6,3)
 [VirtualWorld] Added obstacle at (9,7)
 [VirtualWorld] Added obstacle at (4,6)
 [VirtualWorld] Added obstacle at (3,4)
 [VirtualWorld] Added obstacle at (4,4)
 [VirtualWorld] Added AdvancedHammer_Uncommon treasure (level 2) at (4,3)
 [VirtualWorld] Added Lava Drake monster at (2,5)
 [VirtualWorld] Added Lava Drake monster at (6,7)
 [VirtualPitGenerator] Generated 8 obstacles, 1 treasures, 2 monsters, and 1 wizard orb
 [VirtualPitGenerator] Regenerating pit content for level 19
 [VirtualWorld] Cleared all entities and interior collisions
 [VirtualPitGenerator] Valid placement area for level 19: tiles (2,3) to (10,9)
 [VirtualPitGenerator] Level 19 calculated amounts:
 [VirtualPitGenerator]   Max Monsters: 3, Actual: 1
 [VirtualPitGenerator]   Max Chests: 3, Actual: 2
 [VirtualPitGenerator]   Min Obstacles: 8
 [VirtualPitGenerator]   Max Obstacles: 14, Actual: 12
 [VirtualWorld] Wizard orb positioned at (7,8)
 [VirtualPitGenerator] Generated wizard orb at (7,8)
 [VirtualWorld] Added obstacle at (3,5)
 [VirtualWorld] Added obstacle at (10,5)
 [VirtualWorld] Added obstacle at (4,5)
 [VirtualWorld] Added obstacle at (4,7)
 [VirtualWorld] Added obstacle at (5,4)
 [VirtualWorld] Added obstacle at (10,8)
 [VirtualWorld] Added obstacle at (8,4)
 [VirtualWorld] Added obstacle at (8,5)
 [VirtualWorld] Added obstacle at (6,4)
 [VirtualWorld] Added obstacle at (8,6)
 [VirtualWorld] Added obstacle at (6,8)
 [VirtualWorld] Added obstacle at (6,9)
 [VirtualWorld] Added AdvancedHelm_Normal treasure (level 1) at (8,3)
 [VirtualWorld] Added AdvancedShield_Normal treasure (level 1) at (5,9)
 [VirtualWorld] Added Wraith monster at (8,7)
 [VirtualPitGenerator] Generated 12 obstacles, 2 treasures, 1 monsters, and 1 wizard orb
 [VirtualPitGenerator] Regenerating pit content for level 21
 [VirtualWorld] Cleared all entities and interior collisions
 [VirtualPitGenerator] Valid placement area for level 21: tiles (2,3) to (10,9)
 [VirtualPitGenerator] Level 21 calculated amounts:
 [VirtualPitGenerator]   Max Monsters: 3, Actual: 2
 [VirtualPitGenerator]   Max Chests: 3, Actual: 3
 [VirtualPitGenerator]   Min Obstacles: 9
 [VirtualPitGenerator]   Max Obstacles: 15, Actual: 13
 [VirtualWorld] Wizard orb positioned at (2,7)
 [VirtualPitGenerator] Generated wizard orb at (2,7)
 [VirtualWorld] Added obstacle at (10,5)
 [VirtualWorld] Added obstacle at (10,7)
 [VirtualWorld] Added obstacle at (2,8)
 [VirtualWorld] Added obstacle at (9,3)
 [VirtualWorld] Added obstacle at (5,7)
 [VirtualWorld] Added obstacle at (3,7)
 [VirtualWorld] Added obstacle at (2,4)
 [VirtualWorld] Added obstacle at (6,7)
 [VirtualWorld] Added obstacle at (2,6)
 [VirtualWorld] Added obstacle at (5,8)
 [VirtualWorld] Added obstacle at (2,9)
 [VirtualWorld] Added obstacle at (8,5)
 [VirtualWorld] Added obstacle at (10,9)
 [VirtualWorld] Added EliteHelm_Normal treasure (level 1) at (10,8)
 [VirtualWorld] Added EliteStaff_Normal treasure (level 1) at (8,9)
 [VirtualWorld] Added EliteHelm_Normal treasure (level 1) at (6,3)
 [VirtualWorld] Added Lava Drake monster at (4,6)
 [VirtualWorld] Added Stone Wyrm monster at (3,9)
 [VirtualPitGenerator] Generated 13 obstacles, 3 treasures, 2 monsters, and 1 wizard orb
 [VirtualPitGenerator] Regenerating pit content for level 22
 [VirtualWorld] Cleared all entities and interior collisions
 [VirtualPitGenerator] Valid placement area for level 22: tiles (2,3) to (10,9)
 [VirtualPitGenerator] Level 22 calculated amounts:
 [VirtualPitGenerator]   Max Monsters: 3, Actual: 1
 [VirtualPitGenerator]   Max Chests: 3, Actual: 1
 [VirtualPitGenerator]   Min Obstacles: 10
 [VirtualPitGenerator]   Max Obstacles: 15, Actual: 11
 [VirtualWorld] Wizard orb positioned at (4,3)
 [VirtualPitGenerator] Generated wizard orb at (4,3)
 [VirtualWorld] Added obstacle at (9,8)
 [VirtualWorld] Added obstacle at (6,7)
 [VirtualWorld] Added obstacle at (5,6)
 [VirtualWorld] Added obstacle at (7,8)
 [VirtualWorld] Added obstacle at (10,5)
 [VirtualWorld] Added obstacle at (8,3)
 [VirtualWorld] Added obstacle at (7,4)
 [VirtualWorld] Added obstacle at (4,7)
 [VirtualWorld] Added obstacle at (8,8)
 [VirtualWorld] Added obstacle at (9,5)
 [VirtualWorld] Added obstacle at (4,4)
 [VirtualWorld] Added EliteDagger_Normal treasure (level 1) at (6,5)
 [VirtualWorld] Added Cave Troll monster at (5,3)
 [VirtualPitGenerator] Generated 11 obstacles, 1 treasures, 1 monsters, and 1 wizard orb
 [VirtualPitGenerator] Regenerating pit content for level 23
 [VirtualWorld] Cleared all entities and interior collisions
 [VirtualPitGenerator] Valid placement area for level 23: tiles (2,3) to (10,9)
 [VirtualPitGenerator] Level 23 calculated amounts:
 [VirtualPitGenerator]   Max Monsters: 3, Actual: 3
 [VirtualPitGenerator]   Max Chests: 3, Actual: 2
 [VirtualPitGenerator]   Min Obstacles: 10
 [VirtualPitGenerator]   Max Obstacles: 16, Actual: 15
 [VirtualWorld] Wizard orb positioned at (6,7)
 [VirtualPitGenerator] Generated wizard orb at (6,7)
 [VirtualWorld] Added obstacle at (7,4)
 [VirtualWorld] Added obstacle at (10,8)
 [VirtualWorld] Added obstacle at (8,4)
 [VirtualWorld] Added obstacle at (5,6)
 [VirtualWorld] Added obstacle at (5,3)
 [VirtualWorld] Added obstacle at (4,5)
 [VirtualWorld] Added obstacle at (3,9)
 [VirtualWorld] Added obstacle at (6,9)
 [VirtualWorld] Added obstacle at (2,9)
 [VirtualWorld] Added obstacle at (4,7)
 [VirtualWorld] Added obstacle at (10,9)
 [VirtualWorld] Added obstacle at (7,7)
 [VirtualWorld] Added obstacle at (6,6)
 [VirtualWorld] Added obstacle at (8,3)
 [VirtualWorld] Added obstacle at (2,4)
 [VirtualWorld] Added EliteAxe_Uncommon treasure (level 3) at (9,3)
 [VirtualWorld] Added EliteSword_Uncommon treasure (level 2) at (9,5)
 [VirtualWorld] Added Orc monster at (2,5)
 [VirtualWorld] Added Shadow Beast monster at (9,4)
 [VirtualWorld] Added Wraith monster at (8,6)
 [VirtualPitGenerator] Generated 15 obstacles, 2 treasures, 3 monsters, and 1 wizard orb
 [VirtualPitGenerator] Regenerating pit content for level 24
 [VirtualWorld] Cleared all entities and interior collisions
 [VirtualPitGenerator] Valid placement area for level 24: tiles (2,3) to (10,9)
 [VirtualPitGenerator] Level 24 calculated amounts:
 [VirtualPitGenerator]   Max Monsters: 3, Actual: 2
 [VirtualPitGenerator]   Max Chests: 3, Actual: 3
 [VirtualPitGenerator]   Min Obstacles: 10
 [VirtualPitGenerator]   Max Obstacles: 16, Actual: 11
 [VirtualWorld] Wizard orb positioned at (8,3)
 [VirtualPitGenerator] Generated wizard orb at (8,3)
 [VirtualWorld] Added obstacle at (6,7)
 [VirtualWorld] Added obstacle at (6,9)
 [VirtualWorld] Added obstacle at (3,9)
 [VirtualWorld] Added obstacle at (3,3)
 [VirtualWorld] Added obstacle at (10,8)
 [VirtualWorld] Added obstacle at (2,9)
 [VirtualWorld] Added obstacle at (9,5)
 [VirtualWorld] Added obstacle at (7,3)
 [VirtualWorld] Added obstacle at (5,3)
 [VirtualWorld] Added obstacle at (10,6)
 [VirtualWorld] Added obstacle at (7,4)
 [VirtualWorld] Added EliteSword_Normal treasure (level 1) at (8,9)
 [VirtualWorld] Added EliteHammer_Normal treasure (level 1) at (9,9)
 [VirtualWorld] Added EliteShield_Uncommon treasure (level 2) at (7,9)
 [VirtualWorld] Added Crystal Golem monster at (9,6)
 [VirtualWorld] Added Skeleton monster at (3,6)
 [VirtualPitGenerator] Generated 11 obstacles, 3 treasures, 2 monsters, and 1 wizard orb
 === CAVE BIOME BALANCE TEST REPORT ===
 Test Date: 2026-03-24 02:35:48
 Pit Levels: 1-25
 
 TEST 5: Spawn Pool Rotation - Sliding Window System
 ===================================================
 
 Pool 1 (Early Cave):
   Levels: 1, 2, 3, 4
   Unique Monsters: 3
   Types: Bat, Rat, Slime
 
 Pool 2 (Mid Cave):
   Levels: 6, 7, 8, 9
   Unique Monsters: 5
   Types: Bat, Goblin, Rat, Snake, Stone Beetle
 
 Pool 3 (Deep Cave):
   Levels: 11, 12, 13, 14
   Unique Monsters: 5
   Types: Orc, Skeleton, Snake, Spider, Tunnel Worm
 
 Pool 4 (Ancient Cave):
   Levels: 16, 17, 18, 19
   Unique Monsters: 5
   Types: Lava Drake, Magma Ooze, Orc, Skeleton, Wraith
 
 Pool 5 (Abyssal Cave):
   Levels: 21, 22, 23, 24
   Unique Monsters: 8
   Types: Cave Troll, Crystal Golem, Lava Drake, Orc, Shadow Beast, Skeleton, Stone Wyrm, Wraith
 
 ✓ Spawn pool rotation provides monster variety across level bands
 
 
 === END OF REPORT ===
 


  Passed CaveBiome_MonsterPoolParity_VirtualMatchesConfig [3 ms]
  Standard Output Messages:
 [VirtualWorld] Generated 5 obstacles and 1 wizard orb in pit
 [VirtualWorld] Regenerated pit at level 10, bounds: (1,2,14,9)
 [VirtualTiledMapService] Initialized basic tile patterns for PitWidthManager
 [VirtualPitWidthManager] Recorded FogOfWar index: 301
 [VirtualPitWidthManager] Recorded ground tile index: 104
 [VirtualPitWidthManager] baseOuterFloor[1] = 100
 [VirtualPitWidthManager] baseOuterFloor[2] = 103
 [VirtualPitWidthManager] baseOuterFloor[3] = 103
 [VirtualPitWidthManager] baseOuterFloor[4] = 103
 [VirtualPitWidthManager] baseOuterFloor[5] = 103
 [VirtualPitWidthManager] baseOuterFloor[6] = 103
 [VirtualPitWidthManager] baseOuterFloor[7] = 103
 [VirtualPitWidthManager] baseOuterFloor[8] = 103
 [VirtualPitWidthManager] baseOuterFloor[9] = 103
 [VirtualPitWidthManager] baseOuterFloor[10] = 103
 [VirtualPitWidthManager] baseOuterFloor[11] = 100
 [VirtualPitWidthManager] baseOuterFloor total: 11 tiles, 11 non-zero
 [VirtualPitWidthManager] collisionOuterFloor[1] = 0
 [VirtualPitWidthManager] collisionOuterFloor[2] = 0
 [VirtualPitWidthManager] collisionOuterFloor[3] = 0
 [VirtualPitWidthManager] collisionOuterFloor[4] = 0
 [VirtualPitWidthManager] collisionOuterFloor[5] = 0
 [VirtualPitWidthManager] collisionOuterFloor[6] = 0
 [VirtualPitWidthManager] collisionOuterFloor[7] = 0
 [VirtualPitWidthManager] collisionOuterFloor[8] = 0
 [VirtualPitWidthManager] collisionOuterFloor[9] = 0
 [VirtualPitWidthManager] collisionOuterFloor[10] = 0
 [VirtualPitWidthManager] collisionOuterFloor[11] = 0
 [VirtualPitWidthManager] collisionOuterFloor total: 11 tiles, 0 non-zero
 [VirtualPitWidthManager] baseInnerWall[1] = 102
 [VirtualPitWidthManager] baseInnerWall[2] = 102
 [VirtualPitWidthManager] baseInnerWall[3] = 102
 [VirtualPitWidthManager] baseInnerWall[4] = 102
 [VirtualPitWidthManager] baseInnerWall[5] = 102
 [VirtualPitWidthManager] baseInnerWall[6] = 102
 [VirtualPitWidthManager] baseInnerWall[7] = 102
 [VirtualPitWidthManager] baseInnerWall[8] = 102
 [VirtualPitWidthManager] baseInnerWall[9] = 102
 [VirtualPitWidthManager] baseInnerWall[10] = 102
 [VirtualPitWidthManager] baseInnerWall[11] = 102
 [VirtualPitWidthManager] baseInnerWall total: 11 tiles, 11 non-zero
 [VirtualPitWidthManager] collisionInnerWall[1] = 0
 [VirtualPitWidthManager] collisionInnerWall[2] = 201
 [VirtualPitWidthManager] collisionInnerWall[3] = 201
 [VirtualPitWidthManager] collisionInnerWall[4] = 201
 [VirtualPitWidthManager] collisionInnerWall[5] = 201
 [VirtualPitWidthManager] collisionInnerWall[6] = 201
 [VirtualPitWidthManager] collisionInnerWall[7] = 201
 [VirtualPitWidthManager] collisionInnerWall[8] = 201
 [VirtualPitWidthManager] collisionInnerWall[9] = 201
 [VirtualPitWidthManager] collisionInnerWall[10] = 201
 [VirtualPitWidthManager] collisionInnerWall[11] = 0
 [VirtualPitWidthManager] collisionInnerWall total: 11 tiles, 9 non-zero
 [VirtualPitWidthManager] baseInnerFloor[1] = 100
 [VirtualPitWidthManager] baseInnerFloor[2] = 101
 [VirtualPitWidthManager] baseInnerFloor[3] = 101
 [VirtualPitWidthManager] baseInnerFloor[4] = 101
 [VirtualPitWidthManager] baseInnerFloor[5] = 101
 [VirtualPitWidthManager] baseInnerFloor[6] = 101
 [VirtualPitWidthManager] baseInnerFloor[7] = 101
 [VirtualPitWidthManager] baseInnerFloor[8] = 101
 [VirtualPitWidthManager] baseInnerFloor[9] = 101
 [VirtualPitWidthManager] baseInnerFloor[10] = 101
 [VirtualPitWidthManager] baseInnerFloor[11] = 100
 [VirtualPitWidthManager] baseInnerFloor total: 11 tiles, 11 non-zero
 [VirtualPitWidthManager] collisionInnerFloor[1] = 0
 [VirtualPitWidthManager] collisionInnerFloor[2] = 0
 [VirtualPitWidthManager] collisionInnerFloor[3] = 0
 [VirtualPitWidthManager] collisionInnerFloor[4] = 0
 [VirtualPitWidthManager] collisionInnerFloor[5] = 0
 [VirtualPitWidthManager] collisionInnerFloor[6] = 0
 [VirtualPitWidthManager] collisionInnerFloor[7] = 0
 [VirtualPitWidthManager] collisionInnerFloor[8] = 0
 [VirtualPitWidthManager] collisionInnerFloor[9] = 0
 [VirtualPitWidthManager] collisionInnerFloor[10] = 0
 [VirtualPitWidthManager] collisionInnerFloor[11] = 0
 [VirtualPitWidthManager] collisionInnerFloor total: 11 tiles, 0 non-zero
 [VirtualPitWidthManager] Initialization complete. Current pit right edge: 13
 [VirtualPitGenerator] Regenerating pit content for level 1
 [VirtualWorld] Cleared all entities and interior collisions
 [VirtualPitGenerator] Valid placement area for level 1: tiles (2,3) to (10,9)
 [VirtualPitGenerator] Level 1 calculated amounts:
 [VirtualPitGenerator]   Max Monsters: 2, Actual: 1
 [VirtualPitGenerator]   Max Chests: 2, Actual: 1
 [VirtualPitGenerator]   Min Obstacles: 5
 [VirtualPitGenerator]   Max Obstacles: 10, Actual: 6
 [VirtualWorld] Wizard orb positioned at (8,7)
 [VirtualPitGenerator] Generated wizard orb at (8,7)
 [VirtualWorld] Added obstacle at (5,5)
 [VirtualWorld] Added obstacle at (10,3)
 [VirtualWorld] Added obstacle at (7,3)
 [VirtualWorld] Added obstacle at (4,5)
 [VirtualWorld] Added obstacle at (10,7)
 [VirtualWorld] Added obstacle at (7,4)
 [VirtualWorld] Added EarlyHelm_Normal treasure (level 1) at (7,7)
 [VirtualWorld] Added Bat monster at (2,4)
 [VirtualPitGenerator] Generated 6 obstacles, 1 treasures, 1 monsters, and 1 wizard orb
 [VirtualPitGenerator] Regenerating pit content for level 2
 [VirtualWorld] Cleared all entities and interior collisions
 [VirtualPitGenerator] Valid placement area for level 2: tiles (2,3) to (10,9)
 [VirtualPitGenerator] Level 2 calculated amounts:
 [VirtualPitGenerator]   Max Monsters: 2, Actual: 1
 [VirtualPitGenerator]   Max Chests: 2, Actual: 1
 [VirtualPitGenerator]   Min Obstacles: 5
 [VirtualPitGenerator]   Max Obstacles: 10, Actual: 9
 [VirtualWorld] Wizard orb positioned at (10,3)
 [VirtualPitGenerator] Generated wizard orb at (10,3)
 [VirtualWorld] Added obstacle at (4,8)
 [VirtualWorld] Added obstacle at (6,4)
 [VirtualWorld] Added obstacle at (2,8)
 [VirtualWorld] Added obstacle at (2,3)
 [VirtualWorld] Added obstacle at (6,5)
 [VirtualWorld] Added obstacle at (4,7)
 [VirtualWorld] Added obstacle at (5,5)
 [VirtualWorld] Added obstacle at (8,9)
 [VirtualWorld] Added obstacle at (9,7)
 [VirtualWorld] Added EarlyArmor_Normal treasure (level 1) at (2,5)
 [VirtualWorld] Added Slime monster at (8,7)
 [VirtualPitGenerator] Generated 9 obstacles, 1 treasures, 1 monsters, and 1 wizard orb
 [VirtualPitGenerator] Regenerating pit content for level 3
 [VirtualWorld] Cleared all entities and interior collisions
 [VirtualPitGenerator] Valid placement area for level 3: tiles (2,3) to (10,9)
 [VirtualPitGenerator] Level 3 calculated amounts:
 [VirtualPitGenerator]   Max Monsters: 2, Actual: 2
 [VirtualPitGenerator]   Max Chests: 2, Actual: 2
 [VirtualPitGenerator]   Min Obstacles: 5
 [VirtualPitGenerator]   Max Obstacles: 10, Actual: 6
 [VirtualWorld] Wizard orb positioned at (3,6)
 [VirtualPitGenerator] Generated wizard orb at (3,6)
 [VirtualWorld] Added obstacle at (3,4)
 [VirtualWorld] Added obstacle at (10,5)
 [VirtualWorld] Added obstacle at (5,6)
 [VirtualWorld] Added obstacle at (9,7)
 [VirtualWorld] Added obstacle at (2,3)
 [VirtualWorld] Added obstacle at (10,3)
 [VirtualWorld] Added EarlyAxe_Normal treasure (level 1) at (9,8)
 [VirtualWorld] Added EarlyHelm_Normal treasure (level 1) at (7,6)
 [VirtualWorld] Added Rat monster at (6,6)
 [VirtualWorld] Added Rat monster at (4,4)
 [VirtualPitGenerator] Generated 6 obstacles, 2 treasures, 2 monsters, and 1 wizard orb
 [VirtualPitGenerator] Regenerating pit content for level 4
 [VirtualWorld] Cleared all entities and interior collisions
 [VirtualPitGenerator] Valid placement area for level 4: tiles (2,3) to (10,9)
 [VirtualPitGenerator] Level 4 calculated amounts:
 [VirtualPitGenerator]   Max Monsters: 2, Actual: 2
 [VirtualPitGenerator]   Max Chests: 2, Actual: 2
 [VirtualPitGenerator]   Min Obstacles: 5
 [VirtualPitGenerator]   Max Obstacles: 10, Actual: 9
 [VirtualWorld] Wizard orb positioned at (5,3)
 [VirtualPitGenerator] Generated wizard orb at (5,3)
 [VirtualWorld] Added obstacle at (2,7)
 [VirtualWorld] Added obstacle at (6,6)
 [VirtualWorld] Added obstacle at (8,4)
 [VirtualWorld] Added obstacle at (7,5)
 [VirtualWorld] Added obstacle at (6,8)
 [VirtualWorld] Added obstacle at (9,5)
 [VirtualWorld] Added obstacle at (9,7)
 [VirtualWorld] Added obstacle at (2,5)
 [VirtualWorld] Added obstacle at (3,7)
 [VirtualWorld] Added EarlyHelm_Normal treasure (level 1) at (4,7)
 [VirtualWorld] Added EarlySpear_Normal treasure (level 1) at (2,3)
 [VirtualWorld] Added Bat monster at (8,3)
 [VirtualWorld] Added Rat monster at (8,6)
 [VirtualPitGenerator] Generated 9 obstacles, 2 treasures, 2 monsters, and 1 wizard orb
 [VirtualPitGenerator] Regenerating pit content for level 6
 [VirtualWorld] Cleared all entities and interior collisions
 [VirtualPitGenerator] Valid placement area for level 6: tiles (2,3) to (10,9)
 [VirtualPitGenerator] Level 6 calculated amounts:
 [VirtualPitGenerator]   Max Monsters: 2, Actual: 2
 [VirtualPitGenerator]   Max Chests: 2, Actual: 2
 [VirtualPitGenerator]   Min Obstacles: 5
 [VirtualPitGenerator]   Max Obstacles: 10, Actual: 10
 [VirtualWorld] Wizard orb positioned at (9,9)
 [VirtualPitGenerator] Generated wizard orb at (9,9)
 [VirtualWorld] Added obstacle at (9,7)
 [VirtualWorld] Added obstacle at (6,8)
 [VirtualWorld] Added obstacle at (6,7)
 [VirtualWorld] Added obstacle at (3,8)
 [VirtualWorld] Added obstacle at (7,4)
 [VirtualWorld] Added obstacle at (8,5)
 [VirtualWorld] Added obstacle at (8,8)
 [VirtualWorld] Added obstacle at (7,7)
 [VirtualWorld] Added obstacle at (4,3)
 [VirtualWorld] Added obstacle at (3,5)
 [VirtualWorld] Added MidAxe_Normal treasure (level 1) at (5,3)
 [VirtualWorld] Added MidArmor_Normal treasure (level 1) at (10,5)
 [VirtualWorld] Added Stone Beetle monster at (2,3)
 [VirtualWorld] Added Bat monster at (5,5)
 [VirtualPitGenerator] Generated 10 obstacles, 2 treasures, 2 monsters, and 1 wizard orb
 [VirtualPitGenerator] Regenerating pit content for level 7
 [VirtualWorld] Cleared all entities and interior collisions
 [VirtualPitGenerator] Valid placement area for level 7: tiles (2,3) to (10,9)
 [VirtualPitGenerator] Level 7 calculated amounts:
 [VirtualPitGenerator]   Max Monsters: 2, Actual: 2
 [VirtualPitGenerator]   Max Chests: 2, Actual: 2
 [VirtualPitGenerator]   Min Obstacles: 5
 [VirtualPitGenerator]   Max Obstacles: 10, Actual: 7
 [VirtualWorld] Wizard orb positioned at (2,5)
 [VirtualPitGenerator] Generated wizard orb at (2,5)
 [VirtualWorld] Added obstacle at (8,3)
 [VirtualWorld] Added obstacle at (10,8)
 [VirtualWorld] Added obstacle at (9,6)
 [VirtualWorld] Added obstacle at (10,6)
 [VirtualWorld] Added obstacle at (3,9)
 [VirtualWorld] Added obstacle at (5,8)
 [VirtualWorld] Added obstacle at (5,9)
 [VirtualWorld] Added MidAxe_Normal treasure (level 1) at (2,8)
 [VirtualWorld] Added MidHelm_Normal treasure (level 1) at (6,5)
 [VirtualWorld] Added Snake monster at (2,6)
 [VirtualWorld] Added Bat monster at (8,5)
 [VirtualPitGenerator] Generated 7 obstacles, 2 treasures, 2 monsters, and 1 wizard orb
 [VirtualPitGenerator] Regenerating pit content for level 8
 [VirtualWorld] Cleared all entities and interior collisions
 [VirtualPitGenerator] Valid placement area for level 8: tiles (2,3) to (10,9)
 [VirtualPitGenerator] Level 8 calculated amounts:
 [VirtualPitGenerator]   Max Monsters: 2, Actual: 1
 [VirtualPitGenerator]   Max Chests: 2, Actual: 1
 [VirtualPitGenerator]   Min Obstacles: 5
 [VirtualPitGenerator]   Max Obstacles: 10, Actual: 10
 [VirtualWorld] Wizard orb positioned at (4,8)
 [VirtualPitGenerator] Generated wizard orb at (4,8)
 [VirtualWorld] Added obstacle at (6,6)
 [VirtualWorld] Added obstacle at (6,9)
 [VirtualWorld] Added obstacle at (4,4)
 [VirtualWorld] Added obstacle at (8,3)
 [VirtualWorld] Added obstacle at (7,7)
 [VirtualWorld] Added obstacle at (2,4)
 [VirtualWorld] Added obstacle at (10,9)
 [VirtualWorld] Added obstacle at (5,9)
 [VirtualWorld] Added obstacle at (9,5)
 [VirtualWorld] Added obstacle at (9,6)
 [VirtualWorld] Added MidArmor_Normal treasure (level 1) at (8,8)
 [VirtualWorld] Added Goblin monster at (6,3)
 [VirtualPitGenerator] Generated 10 obstacles, 1 treasures, 1 monsters, and 1 wizard orb
 [VirtualPitGenerator] Regenerating pit content for level 9
 [VirtualWorld] Cleared all entities and interior collisions
 [VirtualPitGenerator] Valid placement area for level 9: tiles (2,3) to (10,9)
 [VirtualPitGenerator] Level 9 calculated amounts:
 [VirtualPitGenerator]   Max Monsters: 2, Actual: 1
 [VirtualPitGenerator]   Max Chests: 2, Actual: 1
 [VirtualPitGenerator]   Min Obstacles: 5
 [VirtualPitGenerator]   Max Obstacles: 10, Actual: 7
 [VirtualWorld] Wizard orb positioned at (6,4)
 [VirtualPitGenerator] Generated wizard orb at (6,4)
 [VirtualWorld] Added obstacle at (5,9)
 [VirtualWorld] Added obstacle at (10,3)
 [VirtualWorld] Added obstacle at (7,9)
 [VirtualWorld] Added obstacle at (6,8)
 [VirtualWorld] Added obstacle at (3,4)
 [VirtualWorld] Added obstacle at (7,7)
 [VirtualWorld] Added obstacle at (9,3)
 [VirtualWorld] Added MidStaff_Normal treasure (level 1) at (2,6)
 [VirtualWorld] Added Rat monster at (4,7)
 [VirtualPitGenerator] Generated 7 obstacles, 1 treasures, 1 monsters, and 1 wizard orb
 [VirtualPitGenerator] Regenerating pit content for level 11
 [VirtualWorld] Cleared all entities and interior collisions
 [VirtualPitGenerator] Valid placement area for level 11: tiles (2,3) to (10,9)
 [VirtualPitGenerator] Level 11 calculated amounts:
 [VirtualPitGenerator]   Max Monsters: 2, Actual: 1
 [VirtualPitGenerator]   Max Chests: 2, Actual: 1
 [VirtualPitGenerator]   Min Obstacles: 5
 [VirtualPitGenerator]   Max Obstacles: 10, Actual: 7
 [VirtualWorld] Wizard orb positioned at (10,4)
 [VirtualPitGenerator] Generated wizard orb at (10,4)
 [VirtualWorld] Added obstacle at (3,8)
 [VirtualWorld] Added obstacle at (10,5)
 [VirtualWorld] Added obstacle at (4,5)
 [VirtualWorld] Added obstacle at (2,4)
 [VirtualWorld] Added obstacle at (3,7)
 [VirtualWorld] Added obstacle at (10,6)
 [VirtualWorld] Added obstacle at (9,9)
 [VirtualWorld] Added LateShield_Normal treasure (level 1) at (7,4)
 [VirtualWorld] Added Orc monster at (9,8)
 [VirtualPitGenerator] Generated 7 obstacles, 1 treasures, 1 monsters, and 1 wizard orb
 [VirtualPitGenerator] Regenerating pit content for level 12
 [VirtualWorld] Cleared all entities and interior collisions
 [VirtualPitGenerator] Valid placement area for level 12: tiles (2,3) to (10,9)
 [VirtualPitGenerator] Level 12 calculated amounts:
 [VirtualPitGenerator]   Max Monsters: 2, Actual: 1
 [VirtualPitGenerator]   Max Chests: 2, Actual: 1
 [VirtualPitGenerator]   Min Obstacles: 6
 [VirtualPitGenerator]   Max Obstacles: 11, Actual: 11
 [VirtualWorld] Wizard orb positioned at (3,7)
 [VirtualPitGenerator] Generated wizard orb at (3,7)
 [VirtualWorld] Added obstacle at (2,4)
 [VirtualWorld] Added obstacle at (6,6)
 [VirtualWorld] Added obstacle at (8,3)
 [VirtualWorld] Added obstacle at (9,9)
 [VirtualWorld] Added obstacle at (8,5)
 [VirtualWorld] Added obstacle at (6,9)
 [VirtualWorld] Added obstacle at (5,3)
 [VirtualWorld] Added obstacle at (10,5)
 [VirtualWorld] Added obstacle at (9,3)
 [VirtualWorld] Added obstacle at (4,9)
 [VirtualWorld] Added obstacle at (4,4)
 [VirtualWorld] Added LateStaff_Normal treasure (level 1) at (3,9)
 [VirtualWorld] Added Snake monster at (7,3)
 [VirtualPitGenerator] Generated 11 obstacles, 1 treasures, 1 monsters, and 1 wizard orb
 [VirtualPitGenerator] Regenerating pit content for level 13
 [VirtualWorld] Cleared all entities and interior collisions
 [VirtualPitGenerator] Valid placement area for level 13: tiles (2,3) to (10,9)
 [VirtualPitGenerator] Level 13 calculated amounts:
 [VirtualPitGenerator]   Max Monsters: 2, Actual: 2
 [VirtualPitGenerator]   Max Chests: 2, Actual: 2
 [VirtualPitGenerator]   Min Obstacles: 6
 [VirtualPitGenerator]   Max Obstacles: 11, Actual: 9
 [VirtualWorld] Wizard orb positioned at (4,3)
 [VirtualPitGenerator] Generated wizard orb at (4,3)
 [VirtualWorld] Added obstacle at (10,8)
 [VirtualWorld] Added obstacle at (10,7)
 [VirtualWorld] Added obstacle at (2,9)
 [VirtualWorld] Added obstacle at (7,6)
 [VirtualWorld] Added obstacle at (3,5)
 [VirtualWorld] Added obstacle at (2,3)
 [VirtualWorld] Added obstacle at (5,6)
 [VirtualWorld] Added obstacle at (2,4)
 [VirtualWorld] Added obstacle at (7,9)
 [VirtualWorld] Added LateAxe_Normal treasure (level 1) at (9,3)
 [VirtualWorld] Added LateHammer_Normal treasure (level 1) at (6,9)
 [VirtualWorld] Added Tunnel Worm monster at (4,4)
 [VirtualWorld] Added Skeleton monster at (9,4)
 [VirtualPitGenerator] Generated 9 obstacles, 2 treasures, 2 monsters, and 1 wizard orb
 [VirtualPitGenerator] Regenerating pit content for level 14
 [VirtualWorld] Cleared all entities and interior collisions
 [VirtualPitGenerator] Valid placement area for level 14: tiles (2,3) to (10,9)
 [VirtualPitGenerator] Level 14 calculated amounts:
 [VirtualPitGenerator]   Max Monsters: 2, Actual: 2
 [VirtualPitGenerator]   Max Chests: 2, Actual: 2
 [VirtualPitGenerator]   Min Obstacles: 7
 [VirtualPitGenerator]   Max Obstacles: 12, Actual: 7
 [VirtualWorld] Wizard orb positioned at (6,6)
 [VirtualPitGenerator] Generated wizard orb at (6,6)
 [VirtualWorld] Added obstacle at (9,4)
 [VirtualWorld] Added obstacle at (6,7)
 [VirtualWorld] Added obstacle at (5,7)
 [VirtualWorld] Added obstacle at (5,4)
 [VirtualWorld] Added obstacle at (8,8)
 [VirtualWorld] Added obstacle at (8,3)
 [VirtualWorld] Added obstacle at (8,7)
 [VirtualWorld] Added LateSword_Normal treasure (level 1) at (4,5)
 [VirtualWorld] Added LateSpear_Normal treasure (level 1) at (6,9)
 [VirtualWorld] Added Spider monster at (5,5)
 [VirtualWorld] Added Skeleton monster at (10,5)
 [VirtualPitGenerator] Generated 7 obstacles, 2 treasures, 2 monsters, and 1 wizard orb
 [VirtualPitGenerator] Regenerating pit content for level 16
 [VirtualWorld] Cleared all entities and interior collisions
 [VirtualPitGenerator] Valid placement area for level 16: tiles (2,3) to (10,9)
 [VirtualPitGenerator] Level 16 calculated amounts:
 [VirtualPitGenerator]   Max Monsters: 3, Actual: 3
 [VirtualPitGenerator]   Max Chests: 3, Actual: 2
 [VirtualPitGenerator]   Min Obstacles: 7
 [VirtualPitGenerator]   Max Obstacles: 13, Actual: 7
 [VirtualWorld] Wizard orb positioned at (10,6)
 [VirtualPitGenerator] Generated wizard orb at (10,6)
 [VirtualWorld] Added obstacle at (6,3)
 [VirtualWorld] Added obstacle at (6,9)
 [VirtualWorld] Added obstacle at (3,3)
 [VirtualWorld] Added obstacle at (10,7)
 [VirtualWorld] Added obstacle at (9,4)
 [VirtualWorld] Added obstacle at (2,7)
 [VirtualWorld] Added obstacle at (10,3)
 [VirtualWorld] Added AdvancedDagger_Normal treasure (level 1) at (8,7)
 [VirtualWorld] Added AdvancedHelm_Normal treasure (level 1) at (9,7)
 [VirtualWorld] Added Magma Ooze monster at (8,8)
 [VirtualWorld] Added Wraith monster at (4,6)
 [VirtualWorld] Added Skeleton monster at (4,3)
 [VirtualPitGenerator] Generated 7 obstacles, 2 treasures, 3 monsters, and 1 wizard orb
 [VirtualPitGenerator] Regenerating pit content for level 17
 [VirtualWorld] Cleared all entities and interior collisions
 [VirtualPitGenerator] Valid placement area for level 17: tiles (2,3) to (10,9)
 [VirtualPitGenerator] Level 17 calculated amounts:
 [VirtualPitGenerator]   Max Monsters: 3, Actual: 2
 [VirtualPitGenerator]   Max Chests: 3, Actual: 3
 [VirtualPitGenerator]   Min Obstacles: 8
 [VirtualPitGenerator]   Max Obstacles: 13, Actual: 11
 [VirtualWorld] Wizard orb positioned at (3,9)
 [VirtualPitGenerator] Generated wizard orb at (3,9)
 [VirtualWorld] Added obstacle at (5,6)
 [VirtualWorld] Added obstacle at (10,3)
 [VirtualWorld] Added obstacle at (6,8)
 [VirtualWorld] Added obstacle at (8,5)
 [VirtualWorld] Added obstacle at (4,9)
 [VirtualWorld] Added obstacle at (7,3)
 [VirtualWorld] Added obstacle at (6,3)
 [VirtualWorld] Added obstacle at (2,9)
 [VirtualWorld] Added obstacle at (10,5)
 [VirtualWorld] Added obstacle at (6,6)
 [VirtualWorld] Added obstacle at (3,4)
 [VirtualWorld] Added AdvancedAxe_Normal treasure (level 1) at (8,6)
 [VirtualWorld] Added AdvancedAxe_Normal treasure (level 1) at (5,7)
 [VirtualWorld] Added AdvancedStaff_Normal treasure (level 1) at (10,4)
 [VirtualWorld] Added Orc monster at (5,8)
 [VirtualWorld] Added Orc monster at (9,8)
 [VirtualPitGenerator] Generated 11 obstacles, 3 treasures, 2 monsters, and 1 wizard orb
 [VirtualPitGenerator] Regenerating pit content for level 18
 [VirtualWorld] Cleared all entities and interior collisions
 [VirtualPitGenerator] Valid placement area for level 18: tiles (2,3) to (10,9)
 [VirtualPitGenerator] Level 18 calculated amounts:
 [VirtualPitGenerator]   Max Monsters: 3, Actual: 2
 [VirtualPitGenerator]   Max Chests: 3, Actual: 1
 [VirtualPitGenerator]   Min Obstacles: 8
 [VirtualPitGenerator]   Max Obstacles: 14, Actual: 8
 [VirtualWorld] Wizard orb positioned at (5,5)
 [VirtualPitGenerator] Generated wizard orb at (5,5)
 [VirtualWorld] Added obstacle at (4,9)
 [VirtualWorld] Added obstacle at (6,4)
 [VirtualWorld] Added obstacle at (10,6)
 [VirtualWorld] Added obstacle at (6,3)
 [VirtualWorld] Added obstacle at (9,7)
 [VirtualWorld] Added obstacle at (4,6)
 [VirtualWorld] Added obstacle at (3,4)
 [VirtualWorld] Added obstacle at (4,4)
 [VirtualWorld] Added AdvancedHammer_Uncommon treasure (level 2) at (4,3)
 [VirtualWorld] Added Lava Drake monster at (2,5)
 [VirtualWorld] Added Lava Drake monster at (6,7)
 [VirtualPitGenerator] Generated 8 obstacles, 1 treasures, 2 monsters, and 1 wizard orb
 [VirtualPitGenerator] Regenerating pit content for level 19
 [VirtualWorld] Cleared all entities and interior collisions
 [VirtualPitGenerator] Valid placement area for level 19: tiles (2,3) to (10,9)
 [VirtualPitGenerator] Level 19 calculated amounts:
 [VirtualPitGenerator]   Max Monsters: 3, Actual: 1
 [VirtualPitGenerator]   Max Chests: 3, Actual: 2
 [VirtualPitGenerator]   Min Obstacles: 8
 [VirtualPitGenerator]   Max Obstacles: 14, Actual: 12
 [VirtualWorld] Wizard orb positioned at (7,8)
 [VirtualPitGenerator] Generated wizard orb at (7,8)
 [VirtualWorld] Added obstacle at (3,5)
 [VirtualWorld] Added obstacle at (10,5)
 [VirtualWorld] Added obstacle at (4,5)
 [VirtualWorld] Added obstacle at (4,7)
 [VirtualWorld] Added obstacle at (5,4)
 [VirtualWorld] Added obstacle at (10,8)
 [VirtualWorld] Added obstacle at (8,4)
 [VirtualWorld] Added obstacle at (8,5)
 [VirtualWorld] Added obstacle at (6,4)
 [VirtualWorld] Added obstacle at (8,6)
 [VirtualWorld] Added obstacle at (6,8)
 [VirtualWorld] Added obstacle at (6,9)
 [VirtualWorld] Added AdvancedHelm_Normal treasure (level 1) at (8,3)
 [VirtualWorld] Added AdvancedShield_Normal treasure (level 1) at (5,9)
 [VirtualWorld] Added Wraith monster at (8,7)
 [VirtualPitGenerator] Generated 12 obstacles, 2 treasures, 1 monsters, and 1 wizard orb
 [VirtualPitGenerator] Regenerating pit content for level 21
 [VirtualWorld] Cleared all entities and interior collisions
 [VirtualPitGenerator] Valid placement area for level 21: tiles (2,3) to (10,9)
 [VirtualPitGenerator] Level 21 calculated amounts:
 [VirtualPitGenerator]   Max Monsters: 3, Actual: 2
 [VirtualPitGenerator]   Max Chests: 3, Actual: 3
 [VirtualPitGenerator]   Min Obstacles: 9
 [VirtualPitGenerator]   Max Obstacles: 15, Actual: 13
 [VirtualWorld] Wizard orb positioned at (2,7)
 [VirtualPitGenerator] Generated wizard orb at (2,7)
 [VirtualWorld] Added obstacle at (10,5)
 [VirtualWorld] Added obstacle at (10,7)
 [VirtualWorld] Added obstacle at (2,8)
 [VirtualWorld] Added obstacle at (9,3)
 [VirtualWorld] Added obstacle at (5,7)
 [VirtualWorld] Added obstacle at (3,7)
 [VirtualWorld] Added obstacle at (2,4)
 [VirtualWorld] Added obstacle at (6,7)
 [VirtualWorld] Added obstacle at (2,6)
 [VirtualWorld] Added obstacle at (5,8)
 [VirtualWorld] Added obstacle at (2,9)
 [VirtualWorld] Added obstacle at (8,5)
 [VirtualWorld] Added obstacle at (10,9)
 [VirtualWorld] Added EliteHelm_Normal treasure (level 1) at (10,8)
 [VirtualWorld] Added EliteStaff_Normal treasure (level 1) at (8,9)
 [VirtualWorld] Added EliteHelm_Normal treasure (level 1) at (6,3)
 [VirtualWorld] Added Lava Drake monster at (4,6)
 [VirtualWorld] Added Stone Wyrm monster at (3,9)
 [VirtualPitGenerator] Generated 13 obstacles, 3 treasures, 2 monsters, and 1 wizard orb
 [VirtualPitGenerator] Regenerating pit content for level 22
 [VirtualWorld] Cleared all entities and interior collisions
 [VirtualPitGenerator] Valid placement area for level 22: tiles (2,3) to (10,9)
 [VirtualPitGenerator] Level 22 calculated amounts:
 [VirtualPitGenerator]   Max Monsters: 3, Actual: 1
 [VirtualPitGenerator]   Max Chests: 3, Actual: 1
 [VirtualPitGenerator]   Min Obstacles: 10
 [VirtualPitGenerator]   Max Obstacles: 15, Actual: 11
 [VirtualWorld] Wizard orb positioned at (4,3)
 [VirtualPitGenerator] Generated wizard orb at (4,3)
 [VirtualWorld] Added obstacle at (9,8)
 [VirtualWorld] Added obstacle at (6,7)
 [VirtualWorld] Added obstacle at (5,6)
 [VirtualWorld] Added obstacle at (7,8)
 [VirtualWorld] Added obstacle at (10,5)
 [VirtualWorld] Added obstacle at (8,3)
 [VirtualWorld] Added obstacle at (7,4)
 [VirtualWorld] Added obstacle at (4,7)
 [VirtualWorld] Added obstacle at (8,8)
 [VirtualWorld] Added obstacle at (9,5)
 [VirtualWorld] Added obstacle at (4,4)
 [VirtualWorld] Added EliteDagger_Normal treasure (level 1) at (6,5)
 [VirtualWorld] Added Cave Troll monster at (5,3)
 [VirtualPitGenerator] Generated 11 obstacles, 1 treasures, 1 monsters, and 1 wizard orb
 [VirtualPitGenerator] Regenerating pit content for level 23
 [VirtualWorld] Cleared all entities and interior collisions
 [VirtualPitGenerator] Valid placement area for level 23: tiles (2,3) to (10,9)
 [VirtualPitGenerator] Level 23 calculated amounts:
 [VirtualPitGenerator]   Max Monsters: 3, Actual: 3
 [VirtualPitGenerator]   Max Chests: 3, Actual: 2
 [VirtualPitGenerator]   Min Obstacles: 10
 [VirtualPitGenerator]   Max Obstacles: 16, Actual: 15
 [VirtualWorld] Wizard orb positioned at (6,7)
 [VirtualPitGenerator] Generated wizard orb at (6,7)
 [VirtualWorld] Added obstacle at (7,4)
 [VirtualWorld] Added obstacle at (10,8)
 [VirtualWorld] Added obstacle at (8,4)
 [VirtualWorld] Added obstacle at (5,6)
 [VirtualWorld] Added obstacle at (5,3)
 [VirtualWorld] Added obstacle at (4,5)
 [VirtualWorld] Added obstacle at (3,9)
 [VirtualWorld] Added obstacle at (6,9)
 [VirtualWorld] Added obstacle at (2,9)
 [VirtualWorld] Added obstacle at (4,7)
 [VirtualWorld] Added obstacle at (10,9)
 [VirtualWorld] Added obstacle at (7,7)
 [VirtualWorld] Added obstacle at (6,6)
 [VirtualWorld] Added obstacle at (8,3)
 [VirtualWorld] Added obstacle at (2,4)
 [VirtualWorld] Added EliteAxe_Uncommon treasure (level 3) at (9,3)
 [VirtualWorld] Added EliteSword_Uncommon treasure (level 2) at (9,5)
 [VirtualWorld] Added Orc monster at (2,5)
 [VirtualWorld] Added Shadow Beast monster at (9,4)
 [VirtualWorld] Added Wraith monster at (8,6)
 [VirtualPitGenerator] Generated 15 obstacles, 2 treasures, 3 monsters, and 1 wizard orb
 [VirtualPitGenerator] Regenerating pit content for level 24
 [VirtualWorld] Cleared all entities and interior collisions
 [VirtualPitGenerator] Valid placement area for level 24: tiles (2,3) to (10,9)
 [VirtualPitGenerator] Level 24 calculated amounts:
 [VirtualPitGenerator]   Max Monsters: 3, Actual: 2
 [VirtualPitGenerator]   Max Chests: 3, Actual: 3
 [VirtualPitGenerator]   Min Obstacles: 10
 [VirtualPitGenerator]   Max Obstacles: 16, Actual: 11
 [VirtualWorld] Wizard orb positioned at (8,3)
 [VirtualPitGenerator] Generated wizard orb at (8,3)
 [VirtualWorld] Added obstacle at (6,7)
 [VirtualWorld] Added obstacle at (6,9)
 [VirtualWorld] Added obstacle at (3,9)
 [VirtualWorld] Added obstacle at (3,3)
 [VirtualWorld] Added obstacle at (10,8)
 [VirtualWorld] Added obstacle at (2,9)
 [VirtualWorld] Added obstacle at (9,5)
 [VirtualWorld] Added obstacle at (7,3)
 [VirtualWorld] Added obstacle at (5,3)
 [VirtualWorld] Added obstacle at (10,6)
 [VirtualWorld] Added obstacle at (7,4)
 [VirtualWorld] Added EliteSword_Normal treasure (level 1) at (8,9)
 [VirtualWorld] Added EliteHammer_Normal treasure (level 1) at (9,9)
 [VirtualWorld] Added EliteShield_Uncommon treasure (level 2) at (7,9)
 [VirtualWorld] Added Crystal Golem monster at (9,6)
 [VirtualWorld] Added Skeleton monster at (3,6)
 [VirtualPitGenerator] Generated 11 obstacles, 3 treasures, 2 monsters, and 1 wizard orb
 === CAVE BIOME BALANCE TEST REPORT ===
 Test Date: 2026-03-24 02:35:48
 Pit Levels: 1-25
 
 TEST 6: Monster Pool Parity - Virtual vs Config
 ================================================
 
 ✓ Level 1: All spawned monsters match expected pool
 ✓ Level 2: All spawned monsters match expected pool
 ✓ Level 3: All spawned monsters match expected pool
 ✓ Level 4: All spawned monsters match expected pool
 ✓ Level 6: All spawned monsters match expected pool
 ✓ Level 7: All spawned monsters match expected pool
 ✓ Level 8: All spawned monsters match expected pool
 ✓ Level 9: All spawned monsters match expected pool
 ✓ Level 11: All spawned monsters match expected pool
 ✓ Level 12: All spawned monsters match expected pool
 ✓ Level 13: All spawned monsters match expected pool
 ✓ Level 14: All spawned monsters match expected pool
 ✓ Level 16: All spawned monsters match expected pool
 ✓ Level 17: All spawned monsters match expected pool
 ✓ Level 18: All spawned monsters match expected pool
 ✓ Level 19: All spawned monsters match expected pool
 ✓ Level 21: All spawned monsters match expected pool
 ✓ Level 22: All spawned monsters match expected pool
 ✓ Level 23: All spawned monsters match expected pool
 ✓ Level 24: All spawned monsters match expected pool
 
 Total Mismatches: 0
 
 ✓ 100% parity between virtual layer and config
 
 
 === END OF REPORT ===
 


  Passed CaveBiome_EquipmentDrops_ValidateTracking [9 ms]
  Standard Output Messages:
 [VirtualWorld] Generated 5 obstacles and 1 wizard orb in pit
 [VirtualWorld] Regenerated pit at level 10, bounds: (1,2,14,9)
 [VirtualTiledMapService] Initialized basic tile patterns for PitWidthManager
 [VirtualPitWidthManager] Recorded FogOfWar index: 301
 [VirtualPitWidthManager] Recorded ground tile index: 104
 [VirtualPitWidthManager] baseOuterFloor[1] = 100
 [VirtualPitWidthManager] baseOuterFloor[2] = 103
 [VirtualPitWidthManager] baseOuterFloor[3] = 103
 [VirtualPitWidthManager] baseOuterFloor[4] = 103
 [VirtualPitWidthManager] baseOuterFloor[5] = 103
 [VirtualPitWidthManager] baseOuterFloor[6] = 103
 [VirtualPitWidthManager] baseOuterFloor[7] = 103
 [VirtualPitWidthManager] baseOuterFloor[8] = 103
 [VirtualPitWidthManager] baseOuterFloor[9] = 103
 [VirtualPitWidthManager] baseOuterFloor[10] = 103
 [VirtualPitWidthManager] baseOuterFloor[11] = 100
 [VirtualPitWidthManager] baseOuterFloor total: 11 tiles, 11 non-zero
 [VirtualPitWidthManager] collisionOuterFloor[1] = 0
 [VirtualPitWidthManager] collisionOuterFloor[2] = 0
 [VirtualPitWidthManager] collisionOuterFloor[3] = 0
 [VirtualPitWidthManager] collisionOuterFloor[4] = 0
 [VirtualPitWidthManager] collisionOuterFloor[5] = 0
 [VirtualPitWidthManager] collisionOuterFloor[6] = 0
 [VirtualPitWidthManager] collisionOuterFloor[7] = 0
 [VirtualPitWidthManager] collisionOuterFloor[8] = 0
 [VirtualPitWidthManager] collisionOuterFloor[9] = 0
 [VirtualPitWidthManager] collisionOuterFloor[10] = 0
 [VirtualPitWidthManager] collisionOuterFloor[11] = 0
 [VirtualPitWidthManager] collisionOuterFloor total: 11 tiles, 0 non-zero
 [VirtualPitWidthManager] baseInnerWall[1] = 102
 [VirtualPitWidthManager] baseInnerWall[2] = 102
 [VirtualPitWidthManager] baseInnerWall[3] = 102
 [VirtualPitWidthManager] baseInnerWall[4] = 102
 [VirtualPitWidthManager] baseInnerWall[5] = 102
 [VirtualPitWidthManager] baseInnerWall[6] = 102
 [VirtualPitWidthManager] baseInnerWall[7] = 102
 [VirtualPitWidthManager] baseInnerWall[8] = 102
 [VirtualPitWidthManager] baseInnerWall[9] = 102
 [VirtualPitWidthManager] baseInnerWall[10] = 102
 [VirtualPitWidthManager] baseInnerWall[11] = 102
 [VirtualPitWidthManager] baseInnerWall total: 11 tiles, 11 non-zero
 [VirtualPitWidthManager] collisionInnerWall[1] = 0
 [VirtualPitWidthManager] collisionInnerWall[2] = 201
 [VirtualPitWidthManager] collisionInnerWall[3] = 201
 [VirtualPitWidthManager] collisionInnerWall[4] = 201
 [VirtualPitWidthManager] collisionInnerWall[5] = 201
 [VirtualPitWidthManager] collisionInnerWall[6] = 201
 [VirtualPitWidthManager] collisionInnerWall[7] = 201
 [VirtualPitWidthManager] collisionInnerWall[8] = 201
 [VirtualPitWidthManager] collisionInnerWall[9] = 201
 [VirtualPitWidthManager] collisionInnerWall[10] = 201
 [VirtualPitWidthManager] collisionInnerWall[11] = 0
 [VirtualPitWidthManager] collisionInnerWall total: 11 tiles, 9 non-zero
 [VirtualPitWidthManager] baseInnerFloor[1] = 100
 [VirtualPitWidthManager] baseInnerFloor[2] = 101
 [VirtualPitWidthManager] baseInnerFloor[3] = 101
 [VirtualPitWidthManager] baseInnerFloor[4] = 101
 [VirtualPitWidthManager] baseInnerFloor[5] = 101
 [VirtualPitWidthManager] baseInnerFloor[6] = 101
 [VirtualPitWidthManager] baseInnerFloor[7] = 101
 [VirtualPitWidthManager] baseInnerFloor[8] = 101
 [VirtualPitWidthManager] baseInnerFloor[9] = 101
 [VirtualPitWidthManager] baseInnerFloor[10] = 101
 [VirtualPitWidthManager] baseInnerFloor[11] = 100
 [VirtualPitWidthManager] baseInnerFloor total: 11 tiles, 11 non-zero
 [VirtualPitWidthManager] collisionInnerFloor[1] = 0
 [VirtualPitWidthManager] collisionInnerFloor[2] = 0
 [VirtualPitWidthManager] collisionInnerFloor[3] = 0
 [VirtualPitWidthManager] collisionInnerFloor[4] = 0
 [VirtualPitWidthManager] collisionInnerFloor[5] = 0
 [VirtualPitWidthManager] collisionInnerFloor[6] = 0
 [VirtualPitWidthManager] collisionInnerFloor[7] = 0
 [VirtualPitWidthManager] collisionInnerFloor[8] = 0
 [VirtualPitWidthManager] collisionInnerFloor[9] = 0
 [VirtualPitWidthManager] collisionInnerFloor[10] = 0
 [VirtualPitWidthManager] collisionInnerFloor[11] = 0
 [VirtualPitWidthManager] collisionInnerFloor total: 11 tiles, 0 non-zero
 [VirtualPitWidthManager] Initialization complete. Current pit right edge: 13
 [VirtualPitGenerator] Regenerating pit content for level 1
 [VirtualWorld] Cleared all entities and interior collisions
 [VirtualPitGenerator] Valid placement area for level 1: tiles (2,3) to (10,9)
 [VirtualPitGenerator] Level 1 calculated amounts:
 [VirtualPitGenerator]   Max Monsters: 2, Actual: 1
 [VirtualPitGenerator]   Max Chests: 2, Actual: 1
 [VirtualPitGenerator]   Min Obstacles: 5
 [VirtualPitGenerator]   Max Obstacles: 10, Actual: 6
 [VirtualWorld] Wizard orb positioned at (8,7)
 [VirtualPitGenerator] Generated wizard orb at (8,7)
 [VirtualWorld] Added obstacle at (5,5)
 [VirtualWorld] Added obstacle at (10,3)
 [VirtualWorld] Added obstacle at (7,3)
 [VirtualWorld] Added obstacle at (4,5)
 [VirtualWorld] Added obstacle at (10,7)
 [VirtualWorld] Added obstacle at (7,4)
 [VirtualWorld] Added EarlyHelm_Normal treasure (level 1) at (7,7)
 [VirtualWorld] Added Bat monster at (2,4)
 [VirtualPitGenerator] Generated 6 obstacles, 1 treasures, 1 monsters, and 1 wizard orb
 [VirtualPitGenerator] Regenerating pit content for level 2
 [VirtualWorld] Cleared all entities and interior collisions
 [VirtualPitGenerator] Valid placement area for level 2: tiles (2,3) to (10,9)
 [VirtualPitGenerator] Level 2 calculated amounts:
 [VirtualPitGenerator]   Max Monsters: 2, Actual: 1
 [VirtualPitGenerator]   Max Chests: 2, Actual: 1
 [VirtualPitGenerator]   Min Obstacles: 5
 [VirtualPitGenerator]   Max Obstacles: 10, Actual: 9
 [VirtualWorld] Wizard orb positioned at (10,3)
 [VirtualPitGenerator] Generated wizard orb at (10,3)
 [VirtualWorld] Added obstacle at (4,8)
 [VirtualWorld] Added obstacle at (6,4)
 [VirtualWorld] Added obstacle at (2,8)
 [VirtualWorld] Added obstacle at (2,3)
 [VirtualWorld] Added obstacle at (6,5)
 [VirtualWorld] Added obstacle at (4,7)
 [VirtualWorld] Added obstacle at (5,5)
 [VirtualWorld] Added obstacle at (8,9)
 [VirtualWorld] Added obstacle at (9,7)
 [VirtualWorld] Added EarlyArmor_Normal treasure (level 1) at (2,5)
 [VirtualWorld] Added Slime monster at (8,7)
 [VirtualPitGenerator] Generated 9 obstacles, 1 treasures, 1 monsters, and 1 wizard orb
 [VirtualPitGenerator] Regenerating pit content for level 3
 [VirtualWorld] Cleared all entities and interior collisions
 [VirtualPitGenerator] Valid placement area for level 3: tiles (2,3) to (10,9)
 [VirtualPitGenerator] Level 3 calculated amounts:
 [VirtualPitGenerator]   Max Monsters: 2, Actual: 2
 [VirtualPitGenerator]   Max Chests: 2, Actual: 2
 [VirtualPitGenerator]   Min Obstacles: 5
 [VirtualPitGenerator]   Max Obstacles: 10, Actual: 6
 [VirtualWorld] Wizard orb positioned at (3,6)
 [VirtualPitGenerator] Generated wizard orb at (3,6)
 [VirtualWorld] Added obstacle at (3,4)
 [VirtualWorld] Added obstacle at (10,5)
 [VirtualWorld] Added obstacle at (5,6)
 [VirtualWorld] Added obstacle at (9,7)
 [VirtualWorld] Added obstacle at (2,3)
 [VirtualWorld] Added obstacle at (10,3)
 [VirtualWorld] Added EarlyAxe_Normal treasure (level 1) at (9,8)
 [VirtualWorld] Added EarlyHelm_Normal treasure (level 1) at (7,6)
 [VirtualWorld] Added Rat monster at (6,6)
 [VirtualWorld] Added Rat monster at (4,4)
 [VirtualPitGenerator] Generated 6 obstacles, 2 treasures, 2 monsters, and 1 wizard orb
 [VirtualPitGenerator] Regenerating pit content for level 4
 [VirtualWorld] Cleared all entities and interior collisions
 [VirtualPitGenerator] Valid placement area for level 4: tiles (2,3) to (10,9)
 [VirtualPitGenerator] Level 4 calculated amounts:
 [VirtualPitGenerator]   Max Monsters: 2, Actual: 2
 [VirtualPitGenerator]   Max Chests: 2, Actual: 2
 [VirtualPitGenerator]   Min Obstacles: 5
 [VirtualPitGenerator]   Max Obstacles: 10, Actual: 9
 [VirtualWorld] Wizard orb positioned at (5,3)
 [VirtualPitGenerator] Generated wizard orb at (5,3)
 [VirtualWorld] Added obstacle at (2,7)
 [VirtualWorld] Added obstacle at (6,6)
 [VirtualWorld] Added obstacle at (8,4)
 [VirtualWorld] Added obstacle at (7,5)
 [VirtualWorld] Added obstacle at (6,8)
 [VirtualWorld] Added obstacle at (9,5)
 [VirtualWorld] Added obstacle at (9,7)
 [VirtualWorld] Added obstacle at (2,5)
 [VirtualWorld] Added obstacle at (3,7)
 [VirtualWorld] Added EarlyHelm_Normal treasure (level 1) at (4,7)
 [VirtualWorld] Added EarlySpear_Normal treasure (level 1) at (2,3)
 [VirtualWorld] Added Bat monster at (8,3)
 [VirtualWorld] Added Rat monster at (8,6)
 [VirtualPitGenerator] Generated 9 obstacles, 2 treasures, 2 monsters, and 1 wizard orb
 [VirtualPitGenerator] Regenerating pit content for level 5
 [VirtualWorld] Cleared all entities and interior collisions
 [VirtualPitGenerator] Valid placement area for level 5: tiles (2,3) to (10,9)
 [VirtualPitGenerator] Level 5 calculated amounts:
 [VirtualPitGenerator]   Max Monsters: 2, Actual: 1
 [VirtualPitGenerator]   Max Chests: 2, Actual: 1
 [VirtualPitGenerator]   Min Obstacles: 5
 [VirtualPitGenerator]   Max Obstacles: 10, Actual: 7
 [VirtualWorld] Wizard orb positioned at (7,6)
 [VirtualPitGenerator] Generated wizard orb at (7,6)
 [VirtualWorld] Added obstacle at (10,4)
 [VirtualWorld] Added obstacle at (10,7)
 [VirtualWorld] Added obstacle at (3,9)
 [VirtualWorld] Added obstacle at (5,3)
 [VirtualWorld] Added obstacle at (2,6)
 [VirtualWorld] Added obstacle at (2,8)
 [VirtualWorld] Added obstacle at (4,6)
 [VirtualWorld] Added EarlyDagger_Normal treasure (level 1) at (9,4)
 [VirtualWorld] Added Stone Guardian monster at (9,9)
 [VirtualPitGenerator] Cave boss floor at level 5 with Stone Guardian (scaled level 10)
 [VirtualPitGenerator] Generated 7 obstacles, 1 treasures, 0 monsters, and 1 wizard orb
 [VirtualPitGenerator] Regenerating pit content for level 6
 [VirtualWorld] Cleared all entities and interior collisions
 [VirtualPitGenerator] Valid placement area for level 6: tiles (2,3) to (10,9)
 [VirtualPitGenerator] Level 6 calculated amounts:
 [VirtualPitGenerator]   Max Monsters: 2, Actual: 2
 [VirtualPitGenerator]   Max Chests: 2, Actual: 2
 [VirtualPitGenerator]   Min Obstacles: 5
 [VirtualPitGenerator]   Max Obstacles: 10, Actual: 10
 [VirtualWorld] Wizard orb positioned at (9,9)
 [VirtualPitGenerator] Generated wizard orb at (9,9)
 [VirtualWorld] Added obstacle at (9,7)
 [VirtualWorld] Added obstacle at (6,8)
 [VirtualWorld] Added obstacle at (6,7)
 [VirtualWorld] Added obstacle at (3,8)
 [VirtualWorld] Added obstacle at (7,4)
 [VirtualWorld] Added obstacle at (8,5)
 [VirtualWorld] Added obstacle at (8,8)
 [VirtualWorld] Added obstacle at (7,7)
 [VirtualWorld] Added obstacle at (4,3)
 [VirtualWorld] Added obstacle at (3,5)
 [VirtualWorld] Added MidAxe_Normal treasure (level 1) at (5,3)
 [VirtualWorld] Added MidArmor_Normal treasure (level 1) at (10,5)
 [VirtualWorld] Added Stone Beetle monster at (2,3)
 [VirtualWorld] Added Bat monster at (5,5)
 [VirtualPitGenerator] Generated 10 obstacles, 2 treasures, 2 monsters, and 1 wizard orb
 [VirtualPitGenerator] Regenerating pit content for level 7
 [VirtualWorld] Cleared all entities and interior collisions
 [VirtualPitGenerator] Valid placement area for level 7: tiles (2,3) to (10,9)
 [VirtualPitGenerator] Level 7 calculated amounts:
 [VirtualPitGenerator]   Max Monsters: 2, Actual: 2
 [VirtualPitGenerator]   Max Chests: 2, Actual: 2
 [VirtualPitGenerator]   Min Obstacles: 5
 [VirtualPitGenerator]   Max Obstacles: 10, Actual: 7
 [VirtualWorld] Wizard orb positioned at (2,5)
 [VirtualPitGenerator] Generated wizard orb at (2,5)
 [VirtualWorld] Added obstacle at (8,3)
 [VirtualWorld] Added obstacle at (10,8)
 [VirtualWorld] Added obstacle at (9,6)
 [VirtualWorld] Added obstacle at (10,6)
 [VirtualWorld] Added obstacle at (3,9)
 [VirtualWorld] Added obstacle at (5,8)
 [VirtualWorld] Added obstacle at (5,9)
 [VirtualWorld] Added MidAxe_Normal treasure (level 1) at (2,8)
 [VirtualWorld] Added MidHelm_Normal treasure (level 1) at (6,5)
 [VirtualWorld] Added Snake monster at (2,6)
 [VirtualWorld] Added Bat monster at (8,5)
 [VirtualPitGenerator] Generated 7 obstacles, 2 treasures, 2 monsters, and 1 wizard orb
 [VirtualPitGenerator] Regenerating pit content for level 8
 [VirtualWorld] Cleared all entities and interior collisions
 [VirtualPitGenerator] Valid placement area for level 8: tiles (2,3) to (10,9)
 [VirtualPitGenerator] Level 8 calculated amounts:
 [VirtualPitGenerator]   Max Monsters: 2, Actual: 1
 [VirtualPitGenerator]   Max Chests: 2, Actual: 1
 [VirtualPitGenerator]   Min Obstacles: 5
 [VirtualPitGenerator]   Max Obstacles: 10, Actual: 10
 [VirtualWorld] Wizard orb positioned at (4,8)
 [VirtualPitGenerator] Generated wizard orb at (4,8)
 [VirtualWorld] Added obstacle at (6,6)
 [VirtualWorld] Added obstacle at (6,9)
 [VirtualWorld] Added obstacle at (4,4)
 [VirtualWorld] Added obstacle at (8,3)
 [VirtualWorld] Added obstacle at (7,7)
 [VirtualWorld] Added obstacle at (2,4)
 [VirtualWorld] Added obstacle at (10,9)
 [VirtualWorld] Added obstacle at (5,9)
 [VirtualWorld] Added obstacle at (9,5)
 [VirtualWorld] Added obstacle at (9,6)
 [VirtualWorld] Added MidArmor_Normal treasure (level 1) at (8,8)
 [VirtualWorld] Added Goblin monster at (6,3)
 [VirtualPitGenerator] Generated 10 obstacles, 1 treasures, 1 monsters, and 1 wizard orb
 [VirtualPitGenerator] Regenerating pit content for level 9
 [VirtualWorld] Cleared all entities and interior collisions
 [VirtualPitGenerator] Valid placement area for level 9: tiles (2,3) to (10,9)
 [VirtualPitGenerator] Level 9 calculated amounts:
 [VirtualPitGenerator]   Max Monsters: 2, Actual: 1
 [VirtualPitGenerator]   Max Chests: 2, Actual: 1
 [VirtualPitGenerator]   Min Obstacles: 5
 [VirtualPitGenerator]   Max Obstacles: 10, Actual: 7
 [VirtualWorld] Wizard orb positioned at (6,4)
 [VirtualPitGenerator] Generated wizard orb at (6,4)
 [VirtualWorld] Added obstacle at (5,9)
 [VirtualWorld] Added obstacle at (10,3)
 [VirtualWorld] Added obstacle at (7,9)
 [VirtualWorld] Added obstacle at (6,8)
 [VirtualWorld] Added obstacle at (3,4)
 [VirtualWorld] Added obstacle at (7,7)
 [VirtualWorld] Added obstacle at (9,3)
 [VirtualWorld] Added MidStaff_Normal treasure (level 1) at (2,6)
 [VirtualWorld] Added Rat monster at (4,7)
 [VirtualPitGenerator] Generated 7 obstacles, 1 treasures, 1 monsters, and 1 wizard orb
 [VirtualPitGenerator] Regenerating pit content for level 10
 [VirtualWorld] Cleared all entities and interior collisions
 [VirtualPitGenerator] Valid placement area for level 10: tiles (2,3) to (10,9)
 [VirtualPitGenerator] Level 10 calculated amounts:
 [VirtualPitGenerator]   Max Monsters: 2, Actual: 2
 [VirtualPitGenerator]   Max Chests: 2, Actual: 2
 [VirtualPitGenerator]   Min Obstacles: 5
 [VirtualPitGenerator]   Max Obstacles: 10, Actual: 10
 [VirtualWorld] Wizard orb positioned at (8,8)
 [VirtualPitGenerator] Generated wizard orb at (8,8)
 [VirtualWorld] Added obstacle at (4,5)
 [VirtualWorld] Added obstacle at (6,4)
 [VirtualWorld] Added obstacle at (10,7)
 [VirtualWorld] Added obstacle at (4,6)
 [VirtualWorld] Added obstacle at (8,9)
 [VirtualWorld] Added obstacle at (4,3)
 [VirtualWorld] Added obstacle at (3,9)
 [VirtualWorld] Added obstacle at (3,4)
 [VirtualWorld] Added obstacle at (4,7)
 [VirtualWorld] Added obstacle at (6,7)
 [VirtualWorld] Added MidDagger_Normal treasure (level 1) at (10,6)
 [VirtualWorld] Added MidAxe_Normal treasure (level 1) at (2,5)
 [VirtualWorld] Added Pit Lord monster at (3,5)
 [VirtualPitGenerator] Cave boss floor at level 10 with Pit Lord (scaled level 18)
 [VirtualPitGenerator] Generated 10 obstacles, 2 treasures, 1 monsters, and 1 wizard orb
 [VirtualPitGenerator] Regenerating pit content for level 11
 [VirtualWorld] Cleared all entities and interior collisions
 [VirtualPitGenerator] Valid placement area for level 11: tiles (2,3) to (10,9)
 [VirtualPitGenerator] Level 11 calculated amounts:
 [VirtualPitGenerator]   Max Monsters: 2, Actual: 1
 [VirtualPitGenerator]   Max Chests: 2, Actual: 1
 [VirtualPitGenerator]   Min Obstacles: 5
 [VirtualPitGenerator]   Max Obstacles: 10, Actual: 7
 [VirtualWorld] Wizard orb positioned at (10,4)
 [VirtualPitGenerator] Generated wizard orb at (10,4)
 [VirtualWorld] Added obstacle at (3,8)
 [VirtualWorld] Added obstacle at (10,5)
 [VirtualWorld] Added obstacle at (4,5)
 [VirtualWorld] Added obstacle at (2,4)
 [VirtualWorld] Added obstacle at (3,7)
 [VirtualWorld] Added obstacle at (10,6)
 [VirtualWorld] Added obstacle at (9,9)
 [VirtualWorld] Added LateShield_Normal treasure (level 1) at (7,4)
 [VirtualWorld] Added Orc monster at (9,8)
 [VirtualPitGenerator] Generated 7 obstacles, 1 treasures, 1 monsters, and 1 wizard orb
 [VirtualPitGenerator] Regenerating pit content for level 12
 [VirtualWorld] Cleared all entities and interior collisions
 [VirtualPitGenerator] Valid placement area for level 12: tiles (2,3) to (10,9)
 [VirtualPitGenerator] Level 12 calculated amounts:
 [VirtualPitGenerator]   Max Monsters: 2, Actual: 1
 [VirtualPitGenerator]   Max Chests: 2, Actual: 1
 [VirtualPitGenerator]   Min Obstacles: 6
 [VirtualPitGenerator]   Max Obstacles: 11, Actual: 11
 [VirtualWorld] Wizard orb positioned at (3,7)
 [VirtualPitGenerator] Generated wizard orb at (3,7)
 [VirtualWorld] Added obstacle at (2,4)
 [VirtualWorld] Added obstacle at (6,6)
 [VirtualWorld] Added obstacle at (8,3)
 [VirtualWorld] Added obstacle at (9,9)
 [VirtualWorld] Added obstacle at (8,5)
 [VirtualWorld] Added obstacle at (6,9)
 [VirtualWorld] Added obstacle at (5,3)
 [VirtualWorld] Added obstacle at (10,5)
 [VirtualWorld] Added obstacle at (9,3)
 [VirtualWorld] Added obstacle at (4,9)
 [VirtualWorld] Added obstacle at (4,4)
 [VirtualWorld] Added LateStaff_Normal treasure (level 1) at (3,9)
 [VirtualWorld] Added Snake monster at (7,3)
 [VirtualPitGenerator] Generated 11 obstacles, 1 treasures, 1 monsters, and 1 wizard orb
 [VirtualPitGenerator] Regenerating pit content for level 13
 [VirtualWorld] Cleared all entities and interior collisions
 [VirtualPitGenerator] Valid placement area for level 13: tiles (2,3) to (10,9)
 [VirtualPitGenerator] Level 13 calculated amounts:
 [VirtualPitGenerator]   Max Monsters: 2, Actual: 2
 [VirtualPitGenerator]   Max Chests: 2, Actual: 2
 [VirtualPitGenerator]   Min Obstacles: 6
 [VirtualPitGenerator]   Max Obstacles: 11, Actual: 9
 [VirtualWorld] Wizard orb positioned at (4,3)
 [VirtualPitGenerator] Generated wizard orb at (4,3)
 [VirtualWorld] Added obstacle at (10,8)
 [VirtualWorld] Added obstacle at (10,7)
 [VirtualWorld] Added obstacle at (2,9)
 [VirtualWorld] Added obstacle at (7,6)
 [VirtualWorld] Added obstacle at (3,5)
 [VirtualWorld] Added obstacle at (2,3)
 [VirtualWorld] Added obstacle at (5,6)
 [VirtualWorld] Added obstacle at (2,4)
 [VirtualWorld] Added obstacle at (7,9)
 [VirtualWorld] Added LateAxe_Normal treasure (level 1) at (9,3)
 [VirtualWorld] Added LateHammer_Normal treasure (level 1) at (6,9)
 [VirtualWorld] Added Tunnel Worm monster at (4,4)
 [VirtualWorld] Added Skeleton monster at (9,4)
 [VirtualPitGenerator] Generated 9 obstacles, 2 treasures, 2 monsters, and 1 wizard orb
 [VirtualPitGenerator] Regenerating pit content for level 14
 [VirtualWorld] Cleared all entities and interior collisions
 [VirtualPitGenerator] Valid placement area for level 14: tiles (2,3) to (10,9)
 [VirtualPitGenerator] Level 14 calculated amounts:
 [VirtualPitGenerator]   Max Monsters: 2, Actual: 2
 [VirtualPitGenerator]   Max Chests: 2, Actual: 2
 [VirtualPitGenerator]   Min Obstacles: 7
 [VirtualPitGenerator]   Max Obstacles: 12, Actual: 7
 [VirtualWorld] Wizard orb positioned at (6,6)
 [VirtualPitGenerator] Generated wizard orb at (6,6)
 [VirtualWorld] Added obstacle at (9,4)
 [VirtualWorld] Added obstacle at (6,7)
 [VirtualWorld] Added obstacle at (5,7)
 [VirtualWorld] Added obstacle at (5,4)
 [VirtualWorld] Added obstacle at (8,8)
 [VirtualWorld] Added obstacle at (8,3)
 [VirtualWorld] Added obstacle at (8,7)
 [VirtualWorld] Added LateSword_Normal treasure (level 1) at (4,5)
 [VirtualWorld] Added LateSpear_Normal treasure (level 1) at (6,9)
 [VirtualWorld] Added Spider monster at (5,5)
 [VirtualWorld] Added Skeleton monster at (10,5)
 [VirtualPitGenerator] Generated 7 obstacles, 2 treasures, 2 monsters, and 1 wizard orb
 [VirtualPitGenerator] Regenerating pit content for level 15
 [VirtualWorld] Cleared all entities and interior collisions
 [VirtualPitGenerator] Valid placement area for level 15: tiles (2,3) to (10,9)
 [VirtualPitGenerator] Level 15 calculated amounts:
 [VirtualPitGenerator]   Max Monsters: 2, Actual: 1
 [VirtualPitGenerator]   Max Chests: 2, Actual: 1
 [VirtualPitGenerator]   Min Obstacles: 7
 [VirtualPitGenerator]   Max Obstacles: 12, Actual: 10
 [VirtualWorld] Wizard orb positioned at (8,9)
 [VirtualPitGenerator] Generated wizard orb at (8,9)
 [VirtualWorld] Added obstacle at (8,7)
 [VirtualWorld] Added obstacle at (10,8)
 [VirtualWorld] Added obstacle at (9,5)
 [VirtualWorld] Added obstacle at (3,9)
 [VirtualWorld] Added obstacle at (4,6)
 [VirtualWorld] Added obstacle at (5,4)
 [VirtualWorld] Added obstacle at (4,3)
 [VirtualWorld] Added obstacle at (3,8)
 [VirtualWorld] Added obstacle at (6,6)
 [VirtualWorld] Added obstacle at (4,4)
 [VirtualWorld] Added LateArmor_Uncommon treasure (level 2) at (10,7)
 [VirtualWorld] Added Earth Elemental monster at (5,5)
 [VirtualPitGenerator] Cave boss floor at level 15 with Earth Elemental (scaled level 28)
 [VirtualPitGenerator] Generated 10 obstacles, 1 treasures, 0 monsters, and 1 wizard orb
 [VirtualPitGenerator] Regenerating pit content for level 16
 [VirtualWorld] Cleared all entities and interior collisions
 [VirtualPitGenerator] Valid placement area for level 16: tiles (2,3) to (10,9)
 [VirtualPitGenerator] Level 16 calculated amounts:
 [VirtualPitGenerator]   Max Monsters: 3, Actual: 3
 [VirtualPitGenerator]   Max Chests: 3, Actual: 2
 [VirtualPitGenerator]   Min Obstacles: 7
 [VirtualPitGenerator]   Max Obstacles: 13, Actual: 7
 [VirtualWorld] Wizard orb positioned at (10,6)
 [VirtualPitGenerator] Generated wizard orb at (10,6)
 [VirtualWorld] Added obstacle at (6,3)
 [VirtualWorld] Added obstacle at (6,9)
 [VirtualWorld] Added obstacle at (3,3)
 [VirtualWorld] Added obstacle at (10,7)
 [VirtualWorld] Added obstacle at (9,4)
 [VirtualWorld] Added obstacle at (2,7)
 [VirtualWorld] Added obstacle at (10,3)
 [VirtualWorld] Added AdvancedDagger_Normal treasure (level 1) at (8,7)
 [VirtualWorld] Added AdvancedHelm_Normal treasure (level 1) at (9,7)
 [VirtualWorld] Added Magma Ooze monster at (8,8)
 [VirtualWorld] Added Wraith monster at (4,6)
 [VirtualWorld] Added Skeleton monster at (4,3)
 [VirtualPitGenerator] Generated 7 obstacles, 2 treasures, 3 monsters, and 1 wizard orb
 [VirtualPitGenerator] Regenerating pit content for level 17
 [VirtualWorld] Cleared all entities and interior collisions
 [VirtualPitGenerator] Valid placement area for level 17: tiles (2,3) to (10,9)
 [VirtualPitGenerator] Level 17 calculated amounts:
 [VirtualPitGenerator]   Max Monsters: 3, Actual: 2
 [VirtualPitGenerator]   Max Chests: 3, Actual: 3
 [VirtualPitGenerator]   Min Obstacles: 8
 [VirtualPitGenerator]   Max Obstacles: 13, Actual: 11
 [VirtualWorld] Wizard orb positioned at (3,9)
 [VirtualPitGenerator] Generated wizard orb at (3,9)
 [VirtualWorld] Added obstacle at (5,6)
 [VirtualWorld] Added obstacle at (10,3)
 [VirtualWorld] Added obstacle at (6,8)
 [VirtualWorld] Added obstacle at (8,5)
 [VirtualWorld] Added obstacle at (4,9)
 [VirtualWorld] Added obstacle at (7,3)
 [VirtualWorld] Added obstacle at (6,3)
 [VirtualWorld] Added obstacle at (2,9)
 [VirtualWorld] Added obstacle at (10,5)
 [VirtualWorld] Added obstacle at (6,6)
 [VirtualWorld] Added obstacle at (3,4)
 [VirtualWorld] Added AdvancedAxe_Normal treasure (level 1) at (8,6)
 [VirtualWorld] Added AdvancedAxe_Normal treasure (level 1) at (5,7)
 [VirtualWorld] Added AdvancedStaff_Normal treasure (level 1) at (10,4)
 [VirtualWorld] Added Orc monster at (5,8)
 [VirtualWorld] Added Orc monster at (9,8)
 [VirtualPitGenerator] Generated 11 obstacles, 3 treasures, 2 monsters, and 1 wizard orb
 [VirtualPitGenerator] Regenerating pit content for level 18
 [VirtualWorld] Cleared all entities and interior collisions
 [VirtualPitGenerator] Valid placement area for level 18: tiles (2,3) to (10,9)
 [VirtualPitGenerator] Level 18 calculated amounts:
 [VirtualPitGenerator]   Max Monsters: 3, Actual: 2
 [VirtualPitGenerator]   Max Chests: 3, Actual: 1
 [VirtualPitGenerator]   Min Obstacles: 8
 [VirtualPitGenerator]   Max Obstacles: 14, Actual: 8
 [VirtualWorld] Wizard orb positioned at (5,5)
 [VirtualPitGenerator] Generated wizard orb at (5,5)
 [VirtualWorld] Added obstacle at (4,9)
 [VirtualWorld] Added obstacle at (6,4)
 [VirtualWorld] Added obstacle at (10,6)
 [VirtualWorld] Added obstacle at (6,3)
 [VirtualWorld] Added obstacle at (9,7)
 [VirtualWorld] Added obstacle at (4,6)
 [VirtualWorld] Added obstacle at (3,4)
 [VirtualWorld] Added obstacle at (4,4)
 [VirtualWorld] Added AdvancedHammer_Uncommon treasure (level 2) at (4,3)
 [VirtualWorld] Added Lava Drake monster at (2,5)
 [VirtualWorld] Added Lava Drake monster at (6,7)
 [VirtualPitGenerator] Generated 8 obstacles, 1 treasures, 2 monsters, and 1 wizard orb
 [VirtualPitGenerator] Regenerating pit content for level 19
 [VirtualWorld] Cleared all entities and interior collisions
 [VirtualPitGenerator] Valid placement area for level 19: tiles (2,3) to (10,9)
 [VirtualPitGenerator] Level 19 calculated amounts:
 [VirtualPitGenerator]   Max Monsters: 3, Actual: 1
 [VirtualPitGenerator]   Max Chests: 3, Actual: 2
 [VirtualPitGenerator]   Min Obstacles: 8
 [VirtualPitGenerator]   Max Obstacles: 14, Actual: 12
 [VirtualWorld] Wizard orb positioned at (7,8)
 [VirtualPitGenerator] Generated wizard orb at (7,8)
 [VirtualWorld] Added obstacle at (3,5)
 [VirtualWorld] Added obstacle at (10,5)
 [VirtualWorld] Added obstacle at (4,5)
 [VirtualWorld] Added obstacle at (4,7)
 [VirtualWorld] Added obstacle at (5,4)
 [VirtualWorld] Added obstacle at (10,8)
 [VirtualWorld] Added obstacle at (8,4)
 [VirtualWorld] Added obstacle at (8,5)
 [VirtualWorld] Added obstacle at (6,4)
 [VirtualWorld] Added obstacle at (8,6)
 [VirtualWorld] Added obstacle at (6,8)
 [VirtualWorld] Added obstacle at (6,9)
 [VirtualWorld] Added AdvancedHelm_Normal treasure (level 1) at (8,3)
 [VirtualWorld] Added AdvancedShield_Normal treasure (level 1) at (5,9)
 [VirtualWorld] Added Wraith monster at (8,7)
 [VirtualPitGenerator] Generated 12 obstacles, 2 treasures, 1 monsters, and 1 wizard orb
 [VirtualPitGenerator] Regenerating pit content for level 20
 [VirtualWorld] Cleared all entities and interior collisions
 [VirtualPitGenerator] Valid placement area for level 20: tiles (2,3) to (10,9)
 [VirtualPitGenerator] Level 20 calculated amounts:
 [VirtualPitGenerator]   Max Monsters: 3, Actual: 3
 [VirtualPitGenerator]   Max Chests: 3, Actual: 3
 [VirtualPitGenerator]   Min Obstacles: 9
 [VirtualPitGenerator]   Max Obstacles: 14, Actual: 10
 [VirtualWorld] Wizard orb positioned at (9,4)
 [VirtualPitGenerator] Generated wizard orb at (9,4)
 [VirtualWorld] Added obstacle at (2,9)
 [VirtualWorld] Added obstacle at (6,6)
 [VirtualWorld] Added obstacle at (7,3)
 [VirtualWorld] Added obstacle at (2,5)
 [VirtualWorld] Added obstacle at (9,9)
 [VirtualWorld] Added obstacle at (6,4)
 [VirtualWorld] Added obstacle at (5,4)
 [VirtualWorld] Added obstacle at (2,6)
 [VirtualWorld] Added obstacle at (8,5)
 [VirtualWorld] Added obstacle at (2,7)
 [VirtualWorld] Added AdvancedSword_Uncommon treasure (level 3) at (5,3)
 [VirtualWorld] Added AdvancedSpear_Normal treasure (level 1) at (3,6)
 [VirtualWorld] Added AdvancedStaff_Uncommon treasure (level 2) at (6,7)
 [VirtualWorld] Added Molten Titan monster at (2,8)
 [VirtualPitGenerator] Cave boss floor at level 20 with Molten Titan (scaled level 38)
 [VirtualPitGenerator] Generated 10 obstacles, 3 treasures, 2 monsters, and 1 wizard orb
 [VirtualPitGenerator] Regenerating pit content for level 21
 [VirtualWorld] Cleared all entities and interior collisions
 [VirtualPitGenerator] Valid placement area for level 21: tiles (2,3) to (10,9)
 [VirtualPitGenerator] Level 21 calculated amounts:
 [VirtualPitGenerator]   Max Monsters: 3, Actual: 2
 [VirtualPitGenerator]   Max Chests: 3, Actual: 3
 [VirtualPitGenerator]   Min Obstacles: 9
 [VirtualPitGenerator]   Max Obstacles: 15, Actual: 13
 [VirtualWorld] Wizard orb positioned at (2,7)
 [VirtualPitGenerator] Generated wizard orb at (2,7)
 [VirtualWorld] Added obstacle at (10,5)
 [VirtualWorld] Added obstacle at (10,7)
 [VirtualWorld] Added obstacle at (2,8)
 [VirtualWorld] Added obstacle at (9,3)
 [VirtualWorld] Added obstacle at (5,7)
 [VirtualWorld] Added obstacle at (3,7)
 [VirtualWorld] Added obstacle at (2,4)
 [VirtualWorld] Added obstacle at (6,7)
 [VirtualWorld] Added obstacle at (2,6)
 [VirtualWorld] Added obstacle at (5,8)
 [VirtualWorld] Added obstacle at (2,9)
 [VirtualWorld] Added obstacle at (8,5)
 [VirtualWorld] Added obstacle at (10,9)
 [VirtualWorld] Added EliteHelm_Normal treasure (level 1) at (10,8)
 [VirtualWorld] Added EliteStaff_Normal treasure (level 1) at (8,9)
 [VirtualWorld] Added EliteHelm_Normal treasure (level 1) at (6,3)
 [VirtualWorld] Added Lava Drake monster at (4,6)
 [VirtualWorld] Added Stone Wyrm monster at (3,9)
 [VirtualPitGenerator] Generated 13 obstacles, 3 treasures, 2 monsters, and 1 wizard orb
 [VirtualPitGenerator] Regenerating pit content for level 22
 [VirtualWorld] Cleared all entities and interior collisions
 [VirtualPitGenerator] Valid placement area for level 22: tiles (2,3) to (10,9)
 [VirtualPitGenerator] Level 22 calculated amounts:
 [VirtualPitGenerator]   Max Monsters: 3, Actual: 1
 [VirtualPitGenerator]   Max Chests: 3, Actual: 1
 [VirtualPitGenerator]   Min Obstacles: 10
 [VirtualPitGenerator]   Max Obstacles: 15, Actual: 11
 [VirtualWorld] Wizard orb positioned at (4,3)
 [VirtualPitGenerator] Generated wizard orb at (4,3)
 [VirtualWorld] Added obstacle at (9,8)
 [VirtualWorld] Added obstacle at (6,7)
 [VirtualWorld] Added obstacle at (5,6)
 [VirtualWorld] Added obstacle at (7,8)
 [VirtualWorld] Added obstacle at (10,5)
 [VirtualWorld] Added obstacle at (8,3)
 [VirtualWorld] Added obstacle at (7,4)
 [VirtualWorld] Added obstacle at (4,7)
 [VirtualWorld] Added obstacle at (8,8)
 [VirtualWorld] Added obstacle at (9,5)
 [VirtualWorld] Added obstacle at (4,4)
 [VirtualWorld] Added EliteDagger_Normal treasure (level 1) at (6,5)
 [VirtualWorld] Added Cave Troll monster at (5,3)
 [VirtualPitGenerator] Generated 11 obstacles, 1 treasures, 1 monsters, and 1 wizard orb
 [VirtualPitGenerator] Regenerating pit content for level 23
 [VirtualWorld] Cleared all entities and interior collisions
 [VirtualPitGenerator] Valid placement area for level 23: tiles (2,3) to (10,9)
 [VirtualPitGenerator] Level 23 calculated amounts:
 [VirtualPitGenerator]   Max Monsters: 3, Actual: 3
 [VirtualPitGenerator]   Max Chests: 3, Actual: 2
 [VirtualPitGenerator]   Min Obstacles: 10
 [VirtualPitGenerator]   Max Obstacles: 16, Actual: 15
 [VirtualWorld] Wizard orb positioned at (6,7)
 [VirtualPitGenerator] Generated wizard orb at (6,7)
 [VirtualWorld] Added obstacle at (7,4)
 [VirtualWorld] Added obstacle at (10,8)
 [VirtualWorld] Added obstacle at (8,4)
 [VirtualWorld] Added obstacle at (5,6)
 [VirtualWorld] Added obstacle at (5,3)
 [VirtualWorld] Added obstacle at (4,5)
 [VirtualWorld] Added obstacle at (3,9)
 [VirtualWorld] Added obstacle at (6,9)
 [VirtualWorld] Added obstacle at (2,9)
 [VirtualWorld] Added obstacle at (4,7)
 [VirtualWorld] Added obstacle at (10,9)
 [VirtualWorld] Added obstacle at (7,7)
 [VirtualWorld] Added obstacle at (6,6)
 [VirtualWorld] Added obstacle at (8,3)
 [VirtualWorld] Added obstacle at (2,4)
 [VirtualWorld] Added EliteAxe_Uncommon treasure (level 3) at (9,3)
 [VirtualWorld] Added EliteSword_Uncommon treasure (level 2) at (9,5)
 [VirtualWorld] Added Orc monster at (2,5)
 [VirtualWorld] Added Shadow Beast monster at (9,4)
 [VirtualWorld] Added Wraith monster at (8,6)
 [VirtualPitGenerator] Generated 15 obstacles, 2 treasures, 3 monsters, and 1 wizard orb
 [VirtualPitGenerator] Regenerating pit content for level 24
 [VirtualWorld] Cleared all entities and interior collisions
 [VirtualPitGenerator] Valid placement area for level 24: tiles (2,3) to (10,9)
 [VirtualPitGenerator] Level 24 calculated amounts:
 [VirtualPitGenerator]   Max Monsters: 3, Actual: 2
 [VirtualPitGenerator]   Max Chests: 3, Actual: 3
 [VirtualPitGenerator]   Min Obstacles: 10
 [VirtualPitGenerator]   Max Obstacles: 16, Actual: 11
 [VirtualWorld] Wizard orb positioned at (8,3)
 [VirtualPitGenerator] Generated wizard orb at (8,3)
 [VirtualWorld] Added obstacle at (6,7)
 [VirtualWorld] Added obstacle at (6,9)
 [VirtualWorld] Added obstacle at (3,9)
 [VirtualWorld] Added obstacle at (3,3)
 [VirtualWorld] Added obstacle at (10,8)
 [VirtualWorld] Added obstacle at (2,9)
 [VirtualWorld] Added obstacle at (9,5)
 [VirtualWorld] Added obstacle at (7,3)
 [VirtualWorld] Added obstacle at (5,3)
 [VirtualWorld] Added obstacle at (10,6)
 [VirtualWorld] Added obstacle at (7,4)
 [VirtualWorld] Added EliteSword_Normal treasure (level 1) at (8,9)
 [VirtualWorld] Added EliteHammer_Normal treasure (level 1) at (9,9)
 [VirtualWorld] Added EliteShield_Uncommon treasure (level 2) at (7,9)
 [VirtualWorld] Added Crystal Golem monster at (9,6)
 [VirtualWorld] Added Skeleton monster at (3,6)
 [VirtualPitGenerator] Generated 11 obstacles, 3 treasures, 2 monsters, and 1 wizard orb
 [VirtualPitGenerator] Regenerating pit content for level 25
 [VirtualWorld] Cleared all entities and interior collisions
 [VirtualPitGenerator] Valid placement area for level 25: tiles (2,3) to (10,9)
 [VirtualPitGenerator] Level 25 calculated amounts:
 [VirtualPitGenerator]   Max Monsters: 3, Actual: 1
 [VirtualPitGenerator]   Max Chests: 3, Actual: 1
 [VirtualPitGenerator]   Min Obstacles: 11
 [VirtualPitGenerator]   Max Obstacles: 17, Actual: 16
 [VirtualWorld] Wizard orb positioned at (10,6)
 [VirtualPitGenerator] Generated wizard orb at (10,6)
 [VirtualWorld] Added obstacle at (5,3)
 [VirtualWorld] Added obstacle at (10,3)
 [VirtualWorld] Added obstacle at (6,7)
 [VirtualWorld] Added obstacle at (10,8)
 [VirtualWorld] Added obstacle at (6,6)
 [VirtualWorld] Added obstacle at (7,5)
 [VirtualWorld] Added obstacle at (6,5)
 [VirtualWorld] Added obstacle at (10,4)
 [VirtualWorld] Added obstacle at (8,4)
 [VirtualWorld] Added obstacle at (3,6)
 [VirtualWorld] Added obstacle at (3,5)
 [VirtualWorld] Added obstacle at (2,5)
 [VirtualWorld] Added obstacle at (9,8)
 [VirtualWorld] Added obstacle at (5,7)
 [VirtualWorld] Added obstacle at (3,7)
 [VirtualWorld] Added obstacle at (2,3)
 [VirtualWorld] Added EliteDagger_Uncommon treasure (level 2) at (9,7)
 [VirtualWorld] Added Ancient Wyrm monster at (7,4)
 [VirtualPitGenerator] Cave boss floor at level 25 with Ancient Wyrm (scaled level 46)
 [VirtualPitGenerator] Generated 16 obstacles, 1 treasures, 0 monsters, and 1 wizard orb
 === CAVE BIOME BALANCE TEST REPORT ===
 Test Date: 2026-03-24 02:35:48
 Pit Levels: 1-25
 
 TEST 7: Equipment Drop Tracking
 ================================
 
 Equipment Type Distribution (Levels 1-25):
   EarlyHelm_Normal: 3 drops
   MidAxe_Normal: 3 drops
   MidArmor_Normal: 2 drops
   AdvancedHelm_Normal: 2 drops
   AdvancedAxe_Normal: 2 drops
   EliteHelm_Normal: 2 drops
   EarlyArmor_Normal: 1 drops
   EarlyAxe_Normal: 1 drops
   EarlySpear_Normal: 1 drops
   EarlyDagger_Normal: 1 drops
   MidHelm_Normal: 1 drops
   MidStaff_Normal: 1 drops
   MidDagger_Normal: 1 drops
   LateShield_Normal: 1 drops
   LateStaff_Normal: 1 drops
   LateAxe_Normal: 1 drops
   LateHammer_Normal: 1 drops
   LateSword_Normal: 1 drops
   LateSpear_Normal: 1 drops
   LateArmor_Uncommon: 1 drops
   AdvancedDagger_Normal: 1 drops
   AdvancedStaff_Normal: 1 drops
   AdvancedHammer_Uncommon: 1 drops
   AdvancedShield_Normal: 1 drops
   AdvancedSword_Uncommon: 1 drops
   AdvancedSpear_Normal: 1 drops
   AdvancedStaff_Uncommon: 1 drops
   EliteStaff_Normal: 1 drops
   EliteDagger_Normal: 1 drops
   EliteAxe_Uncommon: 1 drops
   EliteSword_Uncommon: 1 drops
   EliteSword_Normal: 1 drops
   EliteHammer_Normal: 1 drops
   EliteShield_Uncommon: 1 drops
   EliteDagger_Uncommon: 1 drops
 
 ✓ Equipment tracking validates successfully
 
 
 === END OF REPORT ===
 


  Passed CaveBiome_DifficultyCurve_AssessProgression [13 ms]
  Standard Output Messages:
 [VirtualWorld] Generated 5 obstacles and 1 wizard orb in pit
 [VirtualWorld] Regenerated pit at level 10, bounds: (1,2,14,9)
 [VirtualTiledMapService] Initialized basic tile patterns for PitWidthManager
 [VirtualPitWidthManager] Recorded FogOfWar index: 301
 [VirtualPitWidthManager] Recorded ground tile index: 104
 [VirtualPitWidthManager] baseOuterFloor[1] = 100
 [VirtualPitWidthManager] baseOuterFloor[2] = 103
 [VirtualPitWidthManager] baseOuterFloor[3] = 103
 [VirtualPitWidthManager] baseOuterFloor[4] = 103
 [VirtualPitWidthManager] baseOuterFloor[5] = 103
 [VirtualPitWidthManager] baseOuterFloor[6] = 103
 [VirtualPitWidthManager] baseOuterFloor[7] = 103
 [VirtualPitWidthManager] baseOuterFloor[8] = 103
 [VirtualPitWidthManager] baseOuterFloor[9] = 103
 [VirtualPitWidthManager] baseOuterFloor[10] = 103
 [VirtualPitWidthManager] baseOuterFloor[11] = 100
 [VirtualPitWidthManager] baseOuterFloor total: 11 tiles, 11 non-zero
 [VirtualPitWidthManager] collisionOuterFloor[1] = 0
 [VirtualPitWidthManager] collisionOuterFloor[2] = 0
 [VirtualPitWidthManager] collisionOuterFloor[3] = 0
 [VirtualPitWidthManager] collisionOuterFloor[4] = 0
 [VirtualPitWidthManager] collisionOuterFloor[5] = 0
 [VirtualPitWidthManager] collisionOuterFloor[6] = 0
 [VirtualPitWidthManager] collisionOuterFloor[7] = 0
 [VirtualPitWidthManager] collisionOuterFloor[8] = 0
 [VirtualPitWidthManager] collisionOuterFloor[9] = 0
 [VirtualPitWidthManager] collisionOuterFloor[10] = 0
 [VirtualPitWidthManager] collisionOuterFloor[11] = 0
 [VirtualPitWidthManager] collisionOuterFloor total: 11 tiles, 0 non-zero
 [VirtualPitWidthManager] baseInnerWall[1] = 102
 [VirtualPitWidthManager] baseInnerWall[2] = 102
 [VirtualPitWidthManager] baseInnerWall[3] = 102
 [VirtualPitWidthManager] baseInnerWall[4] = 102
 [VirtualPitWidthManager] baseInnerWall[5] = 102
 [VirtualPitWidthManager] baseInnerWall[6] = 102
 [VirtualPitWidthManager] baseInnerWall[7] = 102
 [VirtualPitWidthManager] baseInnerWall[8] = 102
 [VirtualPitWidthManager] baseInnerWall[9] = 102
 [VirtualPitWidthManager] baseInnerWall[10] = 102
 [VirtualPitWidthManager] baseInnerWall[11] = 102
 [VirtualPitWidthManager] baseInnerWall total: 11 tiles, 11 non-zero
 [VirtualPitWidthManager] collisionInnerWall[1] = 0
 [VirtualPitWidthManager] collisionInnerWall[2] = 201
 [VirtualPitWidthManager] collisionInnerWall[3] = 201
 [VirtualPitWidthManager] collisionInnerWall[4] = 201
 [VirtualPitWidthManager] collisionInnerWall[5] = 201
 [VirtualPitWidthManager] collisionInnerWall[6] = 201
 [VirtualPitWidthManager] collisionInnerWall[7] = 201
 [VirtualPitWidthManager] collisionInnerWall[8] = 201
 [VirtualPitWidthManager] collisionInnerWall[9] = 201
 [VirtualPitWidthManager] collisionInnerWall[10] = 201
 [VirtualPitWidthManager] collisionInnerWall[11] = 0
 [VirtualPitWidthManager] collisionInnerWall total: 11 tiles, 9 non-zero
 [VirtualPitWidthManager] baseInnerFloor[1] = 100
 [VirtualPitWidthManager] baseInnerFloor[2] = 101
 [VirtualPitWidthManager] baseInnerFloor[3] = 101
 [VirtualPitWidthManager] baseInnerFloor[4] = 101
 [VirtualPitWidthManager] baseInnerFloor[5] = 101
 [VirtualPitWidthManager] baseInnerFloor[6] = 101
 [VirtualPitWidthManager] baseInnerFloor[7] = 101
 [VirtualPitWidthManager] baseInnerFloor[8] = 101
 [VirtualPitWidthManager] baseInnerFloor[9] = 101
 [VirtualPitWidthManager] baseInnerFloor[10] = 101
 [VirtualPitWidthManager] baseInnerFloor[11] = 100
 [VirtualPitWidthManager] baseInnerFloor total: 11 tiles, 11 non-zero
 [VirtualPitWidthManager] collisionInnerFloor[1] = 0
 [VirtualPitWidthManager] collisionInnerFloor[2] = 0
 [VirtualPitWidthManager] collisionInnerFloor[3] = 0
 [VirtualPitWidthManager] collisionInnerFloor[4] = 0
 [VirtualPitWidthManager] collisionInnerFloor[5] = 0
 [VirtualPitWidthManager] collisionInnerFloor[6] = 0
 [VirtualPitWidthManager] collisionInnerFloor[7] = 0
 [VirtualPitWidthManager] collisionInnerFloor[8] = 0
 [VirtualPitWidthManager] collisionInnerFloor[9] = 0
 [VirtualPitWidthManager] collisionInnerFloor[10] = 0
 [VirtualPitWidthManager] collisionInnerFloor[11] = 0
 [VirtualPitWidthManager] collisionInnerFloor total: 11 tiles, 0 non-zero
 [VirtualPitWidthManager] Initialization complete. Current pit right edge: 13
 [VirtualPitGenerator] Regenerating pit content for level 1
 [VirtualWorld] Cleared all entities and interior collisions
 [VirtualPitGenerator] Valid placement area for level 1: tiles (2,3) to (10,9)
 [VirtualPitGenerator] Level 1 calculated amounts:
 [VirtualPitGenerator]   Max Monsters: 2, Actual: 1
 [VirtualPitGenerator]   Max Chests: 2, Actual: 1
 [VirtualPitGenerator]   Min Obstacles: 5
 [VirtualPitGenerator]   Max Obstacles: 10, Actual: 6
 [VirtualWorld] Wizard orb positioned at (8,7)
 [VirtualPitGenerator] Generated wizard orb at (8,7)
 [VirtualWorld] Added obstacle at (5,5)
 [VirtualWorld] Added obstacle at (10,3)
 [VirtualWorld] Added obstacle at (7,3)
 [VirtualWorld] Added obstacle at (4,5)
 [VirtualWorld] Added obstacle at (10,7)
 [VirtualWorld] Added obstacle at (7,4)
 [VirtualWorld] Added EarlyHelm_Normal treasure (level 1) at (7,7)
 [VirtualWorld] Added Bat monster at (2,4)
 [VirtualPitGenerator] Generated 6 obstacles, 1 treasures, 1 monsters, and 1 wizard orb
 [VirtualPitGenerator] Regenerating pit content for level 2
 [VirtualWorld] Cleared all entities and interior collisions
 [VirtualPitGenerator] Valid placement area for level 2: tiles (2,3) to (10,9)
 [VirtualPitGenerator] Level 2 calculated amounts:
 [VirtualPitGenerator]   Max Monsters: 2, Actual: 1
 [VirtualPitGenerator]   Max Chests: 2, Actual: 1
 [VirtualPitGenerator]   Min Obstacles: 5
 [VirtualPitGenerator]   Max Obstacles: 10, Actual: 9
 [VirtualWorld] Wizard orb positioned at (10,3)
 [VirtualPitGenerator] Generated wizard orb at (10,3)
 [VirtualWorld] Added obstacle at (4,8)
 [VirtualWorld] Added obstacle at (6,4)
 [VirtualWorld] Added obstacle at (2,8)
 [VirtualWorld] Added obstacle at (2,3)
 [VirtualWorld] Added obstacle at (6,5)
 [VirtualWorld] Added obstacle at (4,7)
 [VirtualWorld] Added obstacle at (5,5)
 [VirtualWorld] Added obstacle at (8,9)
 [VirtualWorld] Added obstacle at (9,7)
 [VirtualWorld] Added EarlyArmor_Normal treasure (level 1) at (2,5)
 [VirtualWorld] Added Slime monster at (8,7)
 [VirtualPitGenerator] Generated 9 obstacles, 1 treasures, 1 monsters, and 1 wizard orb
 [VirtualPitGenerator] Regenerating pit content for level 3
 [VirtualWorld] Cleared all entities and interior collisions
 [VirtualPitGenerator] Valid placement area for level 3: tiles (2,3) to (10,9)
 [VirtualPitGenerator] Level 3 calculated amounts:
 [VirtualPitGenerator]   Max Monsters: 2, Actual: 2
 [VirtualPitGenerator]   Max Chests: 2, Actual: 2
 [VirtualPitGenerator]   Min Obstacles: 5
 [VirtualPitGenerator]   Max Obstacles: 10, Actual: 6
 [VirtualWorld] Wizard orb positioned at (3,6)
 [VirtualPitGenerator] Generated wizard orb at (3,6)
 [VirtualWorld] Added obstacle at (3,4)
 [VirtualWorld] Added obstacle at (10,5)
 [VirtualWorld] Added obstacle at (5,6)
 [VirtualWorld] Added obstacle at (9,7)
 [VirtualWorld] Added obstacle at (2,3)
 [VirtualWorld] Added obstacle at (10,3)
 [VirtualWorld] Added EarlyAxe_Normal treasure (level 1) at (9,8)
 [VirtualWorld] Added EarlyHelm_Normal treasure (level 1) at (7,6)
 [VirtualWorld] Added Rat monster at (6,6)
 [VirtualWorld] Added Rat monster at (4,4)
 [VirtualPitGenerator] Generated 6 obstacles, 2 treasures, 2 monsters, and 1 wizard orb
 [VirtualPitGenerator] Regenerating pit content for level 4
 [VirtualWorld] Cleared all entities and interior collisions
 [VirtualPitGenerator] Valid placement area for level 4: tiles (2,3) to (10,9)
 [VirtualPitGenerator] Level 4 calculated amounts:
 [VirtualPitGenerator]   Max Monsters: 2, Actual: 2
 [VirtualPitGenerator]   Max Chests: 2, Actual: 2
 [VirtualPitGenerator]   Min Obstacles: 5
 [VirtualPitGenerator]   Max Obstacles: 10, Actual: 9
 [VirtualWorld] Wizard orb positioned at (5,3)
 [VirtualPitGenerator] Generated wizard orb at (5,3)
 [VirtualWorld] Added obstacle at (2,7)
 [VirtualWorld] Added obstacle at (6,6)
 [VirtualWorld] Added obstacle at (8,4)
 [VirtualWorld] Added obstacle at (7,5)
 [VirtualWorld] Added obstacle at (6,8)
 [VirtualWorld] Added obstacle at (9,5)
 [VirtualWorld] Added obstacle at (9,7)
 [VirtualWorld] Added obstacle at (2,5)
 [VirtualWorld] Added obstacle at (3,7)
 [VirtualWorld] Added EarlyHelm_Normal treasure (level 1) at (4,7)
 [VirtualWorld] Added EarlySpear_Normal treasure (level 1) at (2,3)
 [VirtualWorld] Added Bat monster at (8,3)
 [VirtualWorld] Added Rat monster at (8,6)
 [VirtualPitGenerator] Generated 9 obstacles, 2 treasures, 2 monsters, and 1 wizard orb
 [VirtualPitGenerator] Regenerating pit content for level 5
 [VirtualWorld] Cleared all entities and interior collisions
 [VirtualPitGenerator] Valid placement area for level 5: tiles (2,3) to (10,9)
 [VirtualPitGenerator] Level 5 calculated amounts:
 [VirtualPitGenerator]   Max Monsters: 2, Actual: 1
 [VirtualPitGenerator]   Max Chests: 2, Actual: 1
 [VirtualPitGenerator]   Min Obstacles: 5
 [VirtualPitGenerator]   Max Obstacles: 10, Actual: 7
 [VirtualWorld] Wizard orb positioned at (7,6)
 [VirtualPitGenerator] Generated wizard orb at (7,6)
 [VirtualWorld] Added obstacle at (10,4)
 [VirtualWorld] Added obstacle at (10,7)
 [VirtualWorld] Added obstacle at (3,9)
 [VirtualWorld] Added obstacle at (5,3)
 [VirtualWorld] Added obstacle at (2,6)
 [VirtualWorld] Added obstacle at (2,8)
 [VirtualWorld] Added obstacle at (4,6)
 [VirtualWorld] Added EarlyDagger_Normal treasure (level 1) at (9,4)
 [VirtualWorld] Added Stone Guardian monster at (9,9)
 [VirtualPitGenerator] Cave boss floor at level 5 with Stone Guardian (scaled level 10)
 [VirtualPitGenerator] Generated 7 obstacles, 1 treasures, 0 monsters, and 1 wizard orb
 [VirtualPitGenerator] Regenerating pit content for level 6
 [VirtualWorld] Cleared all entities and interior collisions
 [VirtualPitGenerator] Valid placement area for level 6: tiles (2,3) to (10,9)
 [VirtualPitGenerator] Level 6 calculated amounts:
 [VirtualPitGenerator]   Max Monsters: 2, Actual: 2
 [VirtualPitGenerator]   Max Chests: 2, Actual: 2
 [VirtualPitGenerator]   Min Obstacles: 5
 [VirtualPitGenerator]   Max Obstacles: 10, Actual: 10
 [VirtualWorld] Wizard orb positioned at (9,9)
 [VirtualPitGenerator] Generated wizard orb at (9,9)
 [VirtualWorld] Added obstacle at (9,7)
 [VirtualWorld] Added obstacle at (6,8)
 [VirtualWorld] Added obstacle at (6,7)
 [VirtualWorld] Added obstacle at (3,8)
 [VirtualWorld] Added obstacle at (7,4)
 [VirtualWorld] Added obstacle at (8,5)
 [VirtualWorld] Added obstacle at (8,8)
 [VirtualWorld] Added obstacle at (7,7)
 [VirtualWorld] Added obstacle at (4,3)
 [VirtualWorld] Added obstacle at (3,5)
 [VirtualWorld] Added MidAxe_Normal treasure (level 1) at (5,3)
 [VirtualWorld] Added MidArmor_Normal treasure (level 1) at (10,5)
 [VirtualWorld] Added Stone Beetle monster at (2,3)
 [VirtualWorld] Added Bat monster at (5,5)
 [VirtualPitGenerator] Generated 10 obstacles, 2 treasures, 2 monsters, and 1 wizard orb
 [VirtualPitGenerator] Regenerating pit content for level 7
 [VirtualWorld] Cleared all entities and interior collisions
 [VirtualPitGenerator] Valid placement area for level 7: tiles (2,3) to (10,9)
 [VirtualPitGenerator] Level 7 calculated amounts:
 [VirtualPitGenerator]   Max Monsters: 2, Actual: 2
 [VirtualPitGenerator]   Max Chests: 2, Actual: 2
 [VirtualPitGenerator]   Min Obstacles: 5
 [VirtualPitGenerator]   Max Obstacles: 10, Actual: 7
 [VirtualWorld] Wizard orb positioned at (2,5)
 [VirtualPitGenerator] Generated wizard orb at (2,5)
 [VirtualWorld] Added obstacle at (8,3)
 [VirtualWorld] Added obstacle at (10,8)
 [VirtualWorld] Added obstacle at (9,6)
 [VirtualWorld] Added obstacle at (10,6)
 [VirtualWorld] Added obstacle at (3,9)
 [VirtualWorld] Added obstacle at (5,8)
 [VirtualWorld] Added obstacle at (5,9)
 [VirtualWorld] Added MidAxe_Normal treasure (level 1) at (2,8)
 [VirtualWorld] Added MidHelm_Normal treasure (level 1) at (6,5)
 [VirtualWorld] Added Snake monster at (2,6)
 [VirtualWorld] Added Bat monster at (8,5)
 [VirtualPitGenerator] Generated 7 obstacles, 2 treasures, 2 monsters, and 1 wizard orb
 [VirtualPitGenerator] Regenerating pit content for level 8
 [VirtualWorld] Cleared all entities and interior collisions
 [VirtualPitGenerator] Valid placement area for level 8: tiles (2,3) to (10,9)
 [VirtualPitGenerator] Level 8 calculated amounts:
 [VirtualPitGenerator]   Max Monsters: 2, Actual: 1
 [VirtualPitGenerator]   Max Chests: 2, Actual: 1
 [VirtualPitGenerator]   Min Obstacles: 5
 [VirtualPitGenerator]   Max Obstacles: 10, Actual: 10
 [VirtualWorld] Wizard orb positioned at (4,8)
 [VirtualPitGenerator] Generated wizard orb at (4,8)
 [VirtualWorld] Added obstacle at (6,6)
 [VirtualWorld] Added obstacle at (6,9)
 [VirtualWorld] Added obstacle at (4,4)
 [VirtualWorld] Added obstacle at (8,3)
 [VirtualWorld] Added obstacle at (7,7)
 [VirtualWorld] Added obstacle at (2,4)
 [VirtualWorld] Added obstacle at (10,9)
 [VirtualWorld] Added obstacle at (5,9)
 [VirtualWorld] Added obstacle at (9,5)
 [VirtualWorld] Added obstacle at (9,6)
 [VirtualWorld] Added MidArmor_Normal treasure (level 1) at (8,8)
 [VirtualWorld] Added Goblin monster at (6,3)
 [VirtualPitGenerator] Generated 10 obstacles, 1 treasures, 1 monsters, and 1 wizard orb
 [VirtualPitGenerator] Regenerating pit content for level 9
 [VirtualWorld] Cleared all entities and interior collisions
 [VirtualPitGenerator] Valid placement area for level 9: tiles (2,3) to (10,9)
 [VirtualPitGenerator] Level 9 calculated amounts:
 [VirtualPitGenerator]   Max Monsters: 2, Actual: 1
 [VirtualPitGenerator]   Max Chests: 2, Actual: 1
 [VirtualPitGenerator]   Min Obstacles: 5
 [VirtualPitGenerator]   Max Obstacles: 10, Actual: 7
 [VirtualWorld] Wizard orb positioned at (6,4)
 [VirtualPitGenerator] Generated wizard orb at (6,4)
 [VirtualWorld] Added obstacle at (5,9)
 [VirtualWorld] Added obstacle at (10,3)
 [VirtualWorld] Added obstacle at (7,9)
 [VirtualWorld] Added obstacle at (6,8)
 [VirtualWorld] Added obstacle at (3,4)
 [VirtualWorld] Added obstacle at (7,7)
 [VirtualWorld] Added obstacle at (9,3)
 [VirtualWorld] Added MidStaff_Normal treasure (level 1) at (2,6)
 [VirtualWorld] Added Rat monster at (4,7)
 [VirtualPitGenerator] Generated 7 obstacles, 1 treasures, 1 monsters, and 1 wizard orb
 [VirtualPitGenerator] Regenerating pit content for level 10
 [VirtualWorld] Cleared all entities and interior collisions
 [VirtualPitGenerator] Valid placement area for level 10: tiles (2,3) to (10,9)
 [VirtualPitGenerator] Level 10 calculated amounts:
 [VirtualPitGenerator]   Max Monsters: 2, Actual: 2
 [VirtualPitGenerator]   Max Chests: 2, Actual: 2
 [VirtualPitGenerator]   Min Obstacles: 5
 [VirtualPitGenerator]   Max Obstacles: 10, Actual: 10
 [VirtualWorld] Wizard orb positioned at (8,8)
 [VirtualPitGenerator] Generated wizard orb at (8,8)
 [VirtualWorld] Added obstacle at (4,5)
 [VirtualWorld] Added obstacle at (6,4)
 [VirtualWorld] Added obstacle at (10,7)
 [VirtualWorld] Added obstacle at (4,6)
 [VirtualWorld] Added obstacle at (8,9)
 [VirtualWorld] Added obstacle at (4,3)
 [VirtualWorld] Added obstacle at (3,9)
 [VirtualWorld] Added obstacle at (3,4)
 [VirtualWorld] Added obstacle at (4,7)
 [VirtualWorld] Added obstacle at (6,7)
 [VirtualWorld] Added MidDagger_Normal treasure (level 1) at (10,6)
 [VirtualWorld] Added MidAxe_Normal treasure (level 1) at (2,5)
 [VirtualWorld] Added Pit Lord monster at (3,5)
 [VirtualPitGenerator] Cave boss floor at level 10 with Pit Lord (scaled level 18)
 [VirtualPitGenerator] Generated 10 obstacles, 2 treasures, 1 monsters, and 1 wizard orb
 [VirtualPitGenerator] Regenerating pit content for level 11
 [VirtualWorld] Cleared all entities and interior collisions
 [VirtualPitGenerator] Valid placement area for level 11: tiles (2,3) to (10,9)
 [VirtualPitGenerator] Level 11 calculated amounts:
 [VirtualPitGenerator]   Max Monsters: 2, Actual: 1
 [VirtualPitGenerator]   Max Chests: 2, Actual: 1
 [VirtualPitGenerator]   Min Obstacles: 5
 [VirtualPitGenerator]   Max Obstacles: 10, Actual: 7
 [VirtualWorld] Wizard orb positioned at (10,4)
 [VirtualPitGenerator] Generated wizard orb at (10,4)
 [VirtualWorld] Added obstacle at (3,8)
 [VirtualWorld] Added obstacle at (10,5)
 [VirtualWorld] Added obstacle at (4,5)
 [VirtualWorld] Added obstacle at (2,4)
 [VirtualWorld] Added obstacle at (3,7)
 [VirtualWorld] Added obstacle at (10,6)
 [VirtualWorld] Added obstacle at (9,9)
 [VirtualWorld] Added LateShield_Normal treasure (level 1) at (7,4)
 [VirtualWorld] Added Orc monster at (9,8)
 [VirtualPitGenerator] Generated 7 obstacles, 1 treasures, 1 monsters, and 1 wizard orb
 [VirtualPitGenerator] Regenerating pit content for level 12
 [VirtualWorld] Cleared all entities and interior collisions
 [VirtualPitGenerator] Valid placement area for level 12: tiles (2,3) to (10,9)
 [VirtualPitGenerator] Level 12 calculated amounts:
 [VirtualPitGenerator]   Max Monsters: 2, Actual: 1
 [VirtualPitGenerator]   Max Chests: 2, Actual: 1
 [VirtualPitGenerator]   Min Obstacles: 6
 [VirtualPitGenerator]   Max Obstacles: 11, Actual: 11
 [VirtualWorld] Wizard orb positioned at (3,7)
 [VirtualPitGenerator] Generated wizard orb at (3,7)
 [VirtualWorld] Added obstacle at (2,4)
 [VirtualWorld] Added obstacle at (6,6)
 [VirtualWorld] Added obstacle at (8,3)
 [VirtualWorld] Added obstacle at (9,9)
 [VirtualWorld] Added obstacle at (8,5)
 [VirtualWorld] Added obstacle at (6,9)
 [VirtualWorld] Added obstacle at (5,3)
 [VirtualWorld] Added obstacle at (10,5)
 [VirtualWorld] Added obstacle at (9,3)
 [VirtualWorld] Added obstacle at (4,9)
 [VirtualWorld] Added obstacle at (4,4)
 [VirtualWorld] Added LateStaff_Normal treasure (level 1) at (3,9)
 [VirtualWorld] Added Snake monster at (7,3)
 [VirtualPitGenerator] Generated 11 obstacles, 1 treasures, 1 monsters, and 1 wizard orb
 [VirtualPitGenerator] Regenerating pit content for level 13
 [VirtualWorld] Cleared all entities and interior collisions
 [VirtualPitGenerator] Valid placement area for level 13: tiles (2,3) to (10,9)
 [VirtualPitGenerator] Level 13 calculated amounts:
 [VirtualPitGenerator]   Max Monsters: 2, Actual: 2
 [VirtualPitGenerator]   Max Chests: 2, Actual: 2
 [VirtualPitGenerator]   Min Obstacles: 6
 [VirtualPitGenerator]   Max Obstacles: 11, Actual: 9
 [VirtualWorld] Wizard orb positioned at (4,3)
 [VirtualPitGenerator] Generated wizard orb at (4,3)
 [VirtualWorld] Added obstacle at (10,8)
 [VirtualWorld] Added obstacle at (10,7)
 [VirtualWorld] Added obstacle at (2,9)
 [VirtualWorld] Added obstacle at (7,6)
 [VirtualWorld] Added obstacle at (3,5)
 [VirtualWorld] Added obstacle at (2,3)
 [VirtualWorld] Added obstacle at (5,6)
 [VirtualWorld] Added obstacle at (2,4)
 [VirtualWorld] Added obstacle at (7,9)
 [VirtualWorld] Added LateAxe_Normal treasure (level 1) at (9,3)
 [VirtualWorld] Added LateHammer_Normal treasure (level 1) at (6,9)
 [VirtualWorld] Added Tunnel Worm monster at (4,4)
 [VirtualWorld] Added Skeleton monster at (9,4)
 [VirtualPitGenerator] Generated 9 obstacles, 2 treasures, 2 monsters, and 1 wizard orb
 [VirtualPitGenerator] Regenerating pit content for level 14
 [VirtualWorld] Cleared all entities and interior collisions
 [VirtualPitGenerator] Valid placement area for level 14: tiles (2,3) to (10,9)
 [VirtualPitGenerator] Level 14 calculated amounts:
 [VirtualPitGenerator]   Max Monsters: 2, Actual: 2
 [VirtualPitGenerator]   Max Chests: 2, Actual: 2
 [VirtualPitGenerator]   Min Obstacles: 7
 [VirtualPitGenerator]   Max Obstacles: 12, Actual: 7
 [VirtualWorld] Wizard orb positioned at (6,6)
 [VirtualPitGenerator] Generated wizard orb at (6,6)
 [VirtualWorld] Added obstacle at (9,4)
 [VirtualWorld] Added obstacle at (6,7)
 [VirtualWorld] Added obstacle at (5,7)
 [VirtualWorld] Added obstacle at (5,4)
 [VirtualWorld] Added obstacle at (8,8)
 [VirtualWorld] Added obstacle at (8,3)
 [VirtualWorld] Added obstacle at (8,7)
 [VirtualWorld] Added LateSword_Normal treasure (level 1) at (4,5)
 [VirtualWorld] Added LateSpear_Normal treasure (level 1) at (6,9)
 [VirtualWorld] Added Spider monster at (5,5)
 [VirtualWorld] Added Skeleton monster at (10,5)
 [VirtualPitGenerator] Generated 7 obstacles, 2 treasures, 2 monsters, and 1 wizard orb
 [VirtualPitGenerator] Regenerating pit content for level 15
 [VirtualWorld] Cleared all entities and interior collisions
 [VirtualPitGenerator] Valid placement area for level 15: tiles (2,3) to (10,9)
 [VirtualPitGenerator] Level 15 calculated amounts:
 [VirtualPitGenerator]   Max Monsters: 2, Actual: 1
 [VirtualPitGenerator]   Max Chests: 2, Actual: 1
 [VirtualPitGenerator]   Min Obstacles: 7
 [VirtualPitGenerator]   Max Obstacles: 12, Actual: 10
 [VirtualWorld] Wizard orb positioned at (8,9)
 [VirtualPitGenerator] Generated wizard orb at (8,9)
 [VirtualWorld] Added obstacle at (8,7)
 [VirtualWorld] Added obstacle at (10,8)
 [VirtualWorld] Added obstacle at (9,5)
 [VirtualWorld] Added obstacle at (3,9)
 [VirtualWorld] Added obstacle at (4,6)
 [VirtualWorld] Added obstacle at (5,4)
 [VirtualWorld] Added obstacle at (4,3)
 [VirtualWorld] Added obstacle at (3,8)
 [VirtualWorld] Added obstacle at (6,6)
 [VirtualWorld] Added obstacle at (4,4)
 [VirtualWorld] Added LateArmor_Uncommon treasure (level 2) at (10,7)
 [VirtualWorld] Added Earth Elemental monster at (5,5)
 [VirtualPitGenerator] Cave boss floor at level 15 with Earth Elemental (scaled level 28)
 [VirtualPitGenerator] Generated 10 obstacles, 1 treasures, 0 monsters, and 1 wizard orb
 [VirtualPitGenerator] Regenerating pit content for level 16
 [VirtualWorld] Cleared all entities and interior collisions
 [VirtualPitGenerator] Valid placement area for level 16: tiles (2,3) to (10,9)
 [VirtualPitGenerator] Level 16 calculated amounts:
 [VirtualPitGenerator]   Max Monsters: 3, Actual: 3
 [VirtualPitGenerator]   Max Chests: 3, Actual: 2
 [VirtualPitGenerator]   Min Obstacles: 7
 [VirtualPitGenerator]   Max Obstacles: 13, Actual: 7
 [VirtualWorld] Wizard orb positioned at (10,6)
 [VirtualPitGenerator] Generated wizard orb at (10,6)
 [VirtualWorld] Added obstacle at (6,3)
 [VirtualWorld] Added obstacle at (6,9)
 [VirtualWorld] Added obstacle at (3,3)
 [VirtualWorld] Added obstacle at (10,7)
 [VirtualWorld] Added obstacle at (9,4)
 [VirtualWorld] Added obstacle at (2,7)
 [VirtualWorld] Added obstacle at (10,3)
 [VirtualWorld] Added AdvancedDagger_Normal treasure (level 1) at (8,7)
 [VirtualWorld] Added AdvancedHelm_Normal treasure (level 1) at (9,7)
 [VirtualWorld] Added Magma Ooze monster at (8,8)
 [VirtualWorld] Added Wraith monster at (4,6)
 [VirtualWorld] Added Skeleton monster at (4,3)
 [VirtualPitGenerator] Generated 7 obstacles, 2 treasures, 3 monsters, and 1 wizard orb
 [VirtualPitGenerator] Regenerating pit content for level 17
 [VirtualWorld] Cleared all entities and interior collisions
 [VirtualPitGenerator] Valid placement area for level 17: tiles (2,3) to (10,9)
 [VirtualPitGenerator] Level 17 calculated amounts:
 [VirtualPitGenerator]   Max Monsters: 3, Actual: 2
 [VirtualPitGenerator]   Max Chests: 3, Actual: 3
 [VirtualPitGenerator]   Min Obstacles: 8
 [VirtualPitGenerator]   Max Obstacles: 13, Actual: 11
 [VirtualWorld] Wizard orb positioned at (3,9)
 [VirtualPitGenerator] Generated wizard orb at (3,9)
 [VirtualWorld] Added obstacle at (5,6)
 [VirtualWorld] Added obstacle at (10,3)
 [VirtualWorld] Added obstacle at (6,8)
 [VirtualWorld] Added obstacle at (8,5)
 [VirtualWorld] Added obstacle at (4,9)
 [VirtualWorld] Added obstacle at (7,3)
 [VirtualWorld] Added obstacle at (6,3)
 [VirtualWorld] Added obstacle at (2,9)
 [VirtualWorld] Added obstacle at (10,5)
 [VirtualWorld] Added obstacle at (6,6)
 [VirtualWorld] Added obstacle at (3,4)
 [VirtualWorld] Added AdvancedAxe_Normal treasure (level 1) at (8,6)
 [VirtualWorld] Added AdvancedAxe_Normal treasure (level 1) at (5,7)
 [VirtualWorld] Added AdvancedStaff_Normal treasure (level 1) at (10,4)
 [VirtualWorld] Added Orc monster at (5,8)
 [VirtualWorld] Added Orc monster at (9,8)
 [VirtualPitGenerator] Generated 11 obstacles, 3 treasures, 2 monsters, and 1 wizard orb
 [VirtualPitGenerator] Regenerating pit content for level 18
 [VirtualWorld] Cleared all entities and interior collisions
 [VirtualPitGenerator] Valid placement area for level 18: tiles (2,3) to (10,9)
 [VirtualPitGenerator] Level 18 calculated amounts:
 [VirtualPitGenerator]   Max Monsters: 3, Actual: 2
 [VirtualPitGenerator]   Max Chests: 3, Actual: 1
 [VirtualPitGenerator]   Min Obstacles: 8
 [VirtualPitGenerator]   Max Obstacles: 14, Actual: 8
 [VirtualWorld] Wizard orb positioned at (5,5)
 [VirtualPitGenerator] Generated wizard orb at (5,5)
 [VirtualWorld] Added obstacle at (4,9)
 [VirtualWorld] Added obstacle at (6,4)
 [VirtualWorld] Added obstacle at (10,6)
 [VirtualWorld] Added obstacle at (6,3)
 [VirtualWorld] Added obstacle at (9,7)
 [VirtualWorld] Added obstacle at (4,6)
 [VirtualWorld] Added obstacle at (3,4)
 [VirtualWorld] Added obstacle at (4,4)
 [VirtualWorld] Added AdvancedHammer_Uncommon treasure (level 2) at (4,3)
 [VirtualWorld] Added Lava Drake monster at (2,5)
 [VirtualWorld] Added Lava Drake monster at (6,7)
 [VirtualPitGenerator] Generated 8 obstacles, 1 treasures, 2 monsters, and 1 wizard orb
 [VirtualPitGenerator] Regenerating pit content for level 19
 [VirtualWorld] Cleared all entities and interior collisions
 [VirtualPitGenerator] Valid placement area for level 19: tiles (2,3) to (10,9)
 [VirtualPitGenerator] Level 19 calculated amounts:
 [VirtualPitGenerator]   Max Monsters: 3, Actual: 1
 [VirtualPitGenerator]   Max Chests: 3, Actual: 2
 [VirtualPitGenerator]   Min Obstacles: 8
 [VirtualPitGenerator]   Max Obstacles: 14, Actual: 12
 [VirtualWorld] Wizard orb positioned at (7,8)
 [VirtualPitGenerator] Generated wizard orb at (7,8)
 [VirtualWorld] Added obstacle at (3,5)
 [VirtualWorld] Added obstacle at (10,5)
 [VirtualWorld] Added obstacle at (4,5)
 [VirtualWorld] Added obstacle at (4,7)
 [VirtualWorld] Added obstacle at (5,4)
 [VirtualWorld] Added obstacle at (10,8)
 [VirtualWorld] Added obstacle at (8,4)
 [VirtualWorld] Added obstacle at (8,5)
 [VirtualWorld] Added obstacle at (6,4)
 [VirtualWorld] Added obstacle at (8,6)
 [VirtualWorld] Added obstacle at (6,8)
 [VirtualWorld] Added obstacle at (6,9)
 [VirtualWorld] Added AdvancedHelm_Normal treasure (level 1) at (8,3)
 [VirtualWorld] Added AdvancedShield_Normal treasure (level 1) at (5,9)
 [VirtualWorld] Added Wraith monster at (8,7)
 [VirtualPitGenerator] Generated 12 obstacles, 2 treasures, 1 monsters, and 1 wizard orb
 [VirtualPitGenerator] Regenerating pit content for level 20
 [VirtualWorld] Cleared all entities and interior collisions
 [VirtualPitGenerator] Valid placement area for level 20: tiles (2,3) to (10,9)
 [VirtualPitGenerator] Level 20 calculated amounts:
 [VirtualPitGenerator]   Max Monsters: 3, Actual: 3
 [VirtualPitGenerator]   Max Chests: 3, Actual: 3
 [VirtualPitGenerator]   Min Obstacles: 9
 [VirtualPitGenerator]   Max Obstacles: 14, Actual: 10
 [VirtualWorld] Wizard orb positioned at (9,4)
 [VirtualPitGenerator] Generated wizard orb at (9,4)
 [VirtualWorld] Added obstacle at (2,9)
 [VirtualWorld] Added obstacle at (6,6)
 [VirtualWorld] Added obstacle at (7,3)
 [VirtualWorld] Added obstacle at (2,5)
 [VirtualWorld] Added obstacle at (9,9)
 [VirtualWorld] Added obstacle at (6,4)
 [VirtualWorld] Added obstacle at (5,4)
 [VirtualWorld] Added obstacle at (2,6)
 [VirtualWorld] Added obstacle at (8,5)
 [VirtualWorld] Added obstacle at (2,7)
 [VirtualWorld] Added AdvancedSword_Uncommon treasure (level 3) at (5,3)
 [VirtualWorld] Added AdvancedSpear_Normal treasure (level 1) at (3,6)
 [VirtualWorld] Added AdvancedStaff_Uncommon treasure (level 2) at (6,7)
 [VirtualWorld] Added Molten Titan monster at (2,8)
 [VirtualPitGenerator] Cave boss floor at level 20 with Molten Titan (scaled level 38)
 [VirtualPitGenerator] Generated 10 obstacles, 3 treasures, 2 monsters, and 1 wizard orb
 [VirtualPitGenerator] Regenerating pit content for level 21
 [VirtualWorld] Cleared all entities and interior collisions
 [VirtualPitGenerator] Valid placement area for level 21: tiles (2,3) to (10,9)
 [VirtualPitGenerator] Level 21 calculated amounts:
 [VirtualPitGenerator]   Max Monsters: 3, Actual: 2
 [VirtualPitGenerator]   Max Chests: 3, Actual: 3
 [VirtualPitGenerator]   Min Obstacles: 9
 [VirtualPitGenerator]   Max Obstacles: 15, Actual: 13
 [VirtualWorld] Wizard orb positioned at (2,7)
 [VirtualPitGenerator] Generated wizard orb at (2,7)
 [VirtualWorld] Added obstacle at (10,5)
 [VirtualWorld] Added obstacle at (10,7)
 [VirtualWorld] Added obstacle at (2,8)
 [VirtualWorld] Added obstacle at (9,3)
 [VirtualWorld] Added obstacle at (5,7)
 [VirtualWorld] Added obstacle at (3,7)
 [VirtualWorld] Added obstacle at (2,4)
 [VirtualWorld] Added obstacle at (6,7)
 [VirtualWorld] Added obstacle at (2,6)
 [VirtualWorld] Added obstacle at (5,8)
 [VirtualWorld] Added obstacle at (2,9)
 [VirtualWorld] Added obstacle at (8,5)
 [VirtualWorld] Added obstacle at (10,9)
 [VirtualWorld] Added EliteHelm_Normal treasure (level 1) at (10,8)
 [VirtualWorld] Added EliteStaff_Normal treasure (level 1) at (8,9)
 [VirtualWorld] Added EliteHelm_Normal treasure (level 1) at (6,3)
 [VirtualWorld] Added Lava Drake monster at (4,6)
 [VirtualWorld] Added Stone Wyrm monster at (3,9)
 [VirtualPitGenerator] Generated 13 obstacles, 3 treasures, 2 monsters, and 1 wizard orb
 [VirtualPitGenerator] Regenerating pit content for level 22
 [VirtualWorld] Cleared all entities and interior collisions
 [VirtualPitGenerator] Valid placement area for level 22: tiles (2,3) to (10,9)
 [VirtualPitGenerator] Level 22 calculated amounts:
 [VirtualPitGenerator]   Max Monsters: 3, Actual: 1
 [VirtualPitGenerator]   Max Chests: 3, Actual: 1
 [VirtualPitGenerator]   Min Obstacles: 10
 [VirtualPitGenerator]   Max Obstacles: 15, Actual: 11
 [VirtualWorld] Wizard orb positioned at (4,3)
 [VirtualPitGenerator] Generated wizard orb at (4,3)
 [VirtualWorld] Added obstacle at (9,8)
 [VirtualWorld] Added obstacle at (6,7)
 [VirtualWorld] Added obstacle at (5,6)
 [VirtualWorld] Added obstacle at (7,8)
 [VirtualWorld] Added obstacle at (10,5)
 [VirtualWorld] Added obstacle at (8,3)
 [VirtualWorld] Added obstacle at (7,4)
 [VirtualWorld] Added obstacle at (4,7)
 [VirtualWorld] Added obstacle at (8,8)
 [VirtualWorld] Added obstacle at (9,5)
 [VirtualWorld] Added obstacle at (4,4)
 [VirtualWorld] Added EliteDagger_Normal treasure (level 1) at (6,5)
 [VirtualWorld] Added Cave Troll monster at (5,3)
 [VirtualPitGenerator] Generated 11 obstacles, 1 treasures, 1 monsters, and 1 wizard orb
 [VirtualPitGenerator] Regenerating pit content for level 23
 [VirtualWorld] Cleared all entities and interior collisions
 [VirtualPitGenerator] Valid placement area for level 23: tiles (2,3) to (10,9)
 [VirtualPitGenerator] Level 23 calculated amounts:
 [VirtualPitGenerator]   Max Monsters: 3, Actual: 3
 [VirtualPitGenerator]   Max Chests: 3, Actual: 2
 [VirtualPitGenerator]   Min Obstacles: 10
 [VirtualPitGenerator]   Max Obstacles: 16, Actual: 15
 [VirtualWorld] Wizard orb positioned at (6,7)
 [VirtualPitGenerator] Generated wizard orb at (6,7)
 [VirtualWorld] Added obstacle at (7,4)
 [VirtualWorld] Added obstacle at (10,8)
 [VirtualWorld] Added obstacle at (8,4)
 [VirtualWorld] Added obstacle at (5,6)
 [VirtualWorld] Added obstacle at (5,3)
 [VirtualWorld] Added obstacle at (4,5)
 [VirtualWorld] Added obstacle at (3,9)
 [VirtualWorld] Added obstacle at (6,9)
 [VirtualWorld] Added obstacle at (2,9)
 [VirtualWorld] Added obstacle at (4,7)
 [VirtualWorld] Added obstacle at (10,9)
 [VirtualWorld] Added obstacle at (7,7)
 [VirtualWorld] Added obstacle at (6,6)
 [VirtualWorld] Added obstacle at (8,3)
 [VirtualWorld] Added obstacle at (2,4)
 [VirtualWorld] Added EliteAxe_Uncommon treasure (level 3) at (9,3)
 [VirtualWorld] Added EliteSword_Uncommon treasure (level 2) at (9,5)
 [VirtualWorld] Added Orc monster at (2,5)
 [VirtualWorld] Added Shadow Beast monster at (9,4)
 [VirtualWorld] Added Wraith monster at (8,6)
 [VirtualPitGenerator] Generated 15 obstacles, 2 treasures, 3 monsters, and 1 wizard orb
 [VirtualPitGenerator] Regenerating pit content for level 24
 [VirtualWorld] Cleared all entities and interior collisions
 [VirtualPitGenerator] Valid placement area for level 24: tiles (2,3) to (10,9)
 [VirtualPitGenerator] Level 24 calculated amounts:
 [VirtualPitGenerator]   Max Monsters: 3, Actual: 2
 [VirtualPitGenerator]   Max Chests: 3, Actual: 3
 [VirtualPitGenerator]   Min Obstacles: 10
 [VirtualPitGenerator]   Max Obstacles: 16, Actual: 11
 [VirtualWorld] Wizard orb positioned at (8,3)
 [VirtualPitGenerator] Generated wizard orb at (8,3)
 [VirtualWorld] Added obstacle at (6,7)
 [VirtualWorld] Added obstacle at (6,9)
 [VirtualWorld] Added obstacle at (3,9)
 [VirtualWorld] Added obstacle at (3,3)
 [VirtualWorld] Added obstacle at (10,8)
 [VirtualWorld] Added obstacle at (2,9)
 [VirtualWorld] Added obstacle at (9,5)
 [VirtualWorld] Added obstacle at (7,3)
 [VirtualWorld] Added obstacle at (5,3)
 [VirtualWorld] Added obstacle at (10,6)
 [VirtualWorld] Added obstacle at (7,4)
 [VirtualWorld] Added EliteSword_Normal treasure (level 1) at (8,9)
 [VirtualWorld] Added EliteHammer_Normal treasure (level 1) at (9,9)
 [VirtualWorld] Added EliteShield_Uncommon treasure (level 2) at (7,9)
 [VirtualWorld] Added Crystal Golem monster at (9,6)
 [VirtualWorld] Added Skeleton monster at (3,6)
 [VirtualPitGenerator] Generated 11 obstacles, 3 treasures, 2 monsters, and 1 wizard orb
 [VirtualPitGenerator] Regenerating pit content for level 25
 [VirtualWorld] Cleared all entities and interior collisions
 [VirtualPitGenerator] Valid placement area for level 25: tiles (2,3) to (10,9)
 [VirtualPitGenerator] Level 25 calculated amounts:
 [VirtualPitGenerator]   Max Monsters: 3, Actual: 1
 [VirtualPitGenerator]   Max Chests: 3, Actual: 1
 [VirtualPitGenerator]   Min Obstacles: 11
 [VirtualPitGenerator]   Max Obstacles: 17, Actual: 16
 [VirtualWorld] Wizard orb positioned at (10,6)
 [VirtualPitGenerator] Generated wizard orb at (10,6)
 [VirtualWorld] Added obstacle at (5,3)
 [VirtualWorld] Added obstacle at (10,3)
 [VirtualWorld] Added obstacle at (6,7)
 [VirtualWorld] Added obstacle at (10,8)
 [VirtualWorld] Added obstacle at (6,6)
 [VirtualWorld] Added obstacle at (7,5)
 [VirtualWorld] Added obstacle at (6,5)
 [VirtualWorld] Added obstacle at (10,4)
 [VirtualWorld] Added obstacle at (8,4)
 [VirtualWorld] Added obstacle at (3,6)
 [VirtualWorld] Added obstacle at (3,5)
 [VirtualWorld] Added obstacle at (2,5)
 [VirtualWorld] Added obstacle at (9,8)
 [VirtualWorld] Added obstacle at (5,7)
 [VirtualWorld] Added obstacle at (3,7)
 [VirtualWorld] Added obstacle at (2,3)
 [VirtualWorld] Added EliteDagger_Uncommon treasure (level 2) at (9,7)
 [VirtualWorld] Added Ancient Wyrm monster at (7,4)
 [VirtualPitGenerator] Cave boss floor at level 25 with Ancient Wyrm (scaled level 46)
 [VirtualPitGenerator] Generated 16 obstacles, 1 treasures, 0 monsters, and 1 wizard orb
 === CAVE BIOME BALANCE TEST REPORT ===
 Test Date: 2026-03-24 02:35:48
 Pit Levels: 1-25
 
 TEST 8: Difficulty Curve Assessment
 ====================================
 
 Difficulty Progression:
 | Pit | Enemy Lvl | Monsters | Boss | Treasures | L2 % |
 |-----|-----------|----------|------|-----------|------|
 |   1 |         2 |        1 |   NO |         1 |   0% |
 |   2 |         4 |        1 |   NO |         1 |   0% |
 |   3 |         5 |        2 |   NO |         2 |   0% |
 |   4 |         7 |        2 |   NO |         2 |   0% |
 |   5 |        10 |        1 |  YES |         1 |   0% |
 |   6 |        10 |        2 |   NO |         2 |   0% |
 |   7 |        11 |        2 |   NO |         2 |   0% |
 |   8 |        13 |        1 |   NO |         1 |   0% |
 |   9 |        14 |        1 |   NO |         1 |   0% |
 |  10 |        18 |        1 |  YES |         2 |   0% |
 |  11 |        18 |        1 |   NO |         1 |   0% |
 |  12 |        20 |        1 |   NO |         1 |   0% |
 |  13 |        22 |        2 |   NO |         2 |   0% |
 |  14 |        24 |        2 |   NO |         2 |   0% |
 |  15 |        28 |        1 |  YES |         1 | 100% |
 |  16 |        28 |        3 |   NO |         2 |   0% |
 |  17 |        30 |        2 |   NO |         3 |   0% |
 |  18 |        32 |        2 |   NO |         1 | 100% |
 |  19 |        34 |        1 |   NO |         2 |   0% |
 |  20 |        38 |        1 |  YES |         3 |  33% |
 |  21 |        37 |        2 |   NO |         3 |   0% |
 |  22 |        39 |        1 |   NO |         1 |   0% |
 |  23 |        41 |        3 |   NO |         2 |  50% |
 |  24 |        43 |        2 |   NO |         3 |  33% |
 |  25 |        46 |        1 |  YES |         1 | 100% |
 
 Difficulty Curve Analysis:
   Enemy Level Range: 2 - 46
   Average Monsters per Level: 1.6
   Boss Encounters: 5
   Level 2 Treasure Availability: Pit 15+
 
 ✓ Difficulty curve assessed - progression appears balanced
 
 
 === END OF REPORT ===
 


  Passed CaveBiome_VirtualLayerParity_ConfirmBehavior [3 ms]
  Standard Output Messages:
 [VirtualWorld] Generated 5 obstacles and 1 wizard orb in pit
 [VirtualWorld] Regenerated pit at level 10, bounds: (1,2,14,9)
 [VirtualTiledMapService] Initialized basic tile patterns for PitWidthManager
 [VirtualPitWidthManager] Recorded FogOfWar index: 301
 [VirtualPitWidthManager] Recorded ground tile index: 104
 [VirtualPitWidthManager] baseOuterFloor[1] = 100
 [VirtualPitWidthManager] baseOuterFloor[2] = 103
 [VirtualPitWidthManager] baseOuterFloor[3] = 103
 [VirtualPitWidthManager] baseOuterFloor[4] = 103
 [VirtualPitWidthManager] baseOuterFloor[5] = 103
 [VirtualPitWidthManager] baseOuterFloor[6] = 103
 [VirtualPitWidthManager] baseOuterFloor[7] = 103
 [VirtualPitWidthManager] baseOuterFloor[8] = 103
 [VirtualPitWidthManager] baseOuterFloor[9] = 103
 [VirtualPitWidthManager] baseOuterFloor[10] = 103
 [VirtualPitWidthManager] baseOuterFloor[11] = 100
 [VirtualPitWidthManager] baseOuterFloor total: 11 tiles, 11 non-zero
 [VirtualPitWidthManager] collisionOuterFloor[1] = 0
 [VirtualPitWidthManager] collisionOuterFloor[2] = 0
 [VirtualPitWidthManager] collisionOuterFloor[3] = 0
 [VirtualPitWidthManager] collisionOuterFloor[4] = 0
 [VirtualPitWidthManager] collisionOuterFloor[5] = 0
 [VirtualPitWidthManager] collisionOuterFloor[6] = 0
 [VirtualPitWidthManager] collisionOuterFloor[7] = 0
 [VirtualPitWidthManager] collisionOuterFloor[8] = 0
 [VirtualPitWidthManager] collisionOuterFloor[9] = 0
 [VirtualPitWidthManager] collisionOuterFloor[10] = 0
 [VirtualPitWidthManager] collisionOuterFloor[11] = 0
 [VirtualPitWidthManager] collisionOuterFloor total: 11 tiles, 0 non-zero
 [VirtualPitWidthManager] baseInnerWall[1] = 102
 [VirtualPitWidthManager] baseInnerWall[2] = 102
 [VirtualPitWidthManager] baseInnerWall[3] = 102
 [VirtualPitWidthManager] baseInnerWall[4] = 102
 [VirtualPitWidthManager] baseInnerWall[5] = 102
 [VirtualPitWidthManager] baseInnerWall[6] = 102
 [VirtualPitWidthManager] baseInnerWall[7] = 102
 [VirtualPitWidthManager] baseInnerWall[8] = 102
 [VirtualPitWidthManager] baseInnerWall[9] = 102
 [VirtualPitWidthManager] baseInnerWall[10] = 102
 [VirtualPitWidthManager] baseInnerWall[11] = 102
 [VirtualPitWidthManager] baseInnerWall total: 11 tiles, 11 non-zero
 [VirtualPitWidthManager] collisionInnerWall[1] = 0
 [VirtualPitWidthManager] collisionInnerWall[2] = 201
 [VirtualPitWidthManager] collisionInnerWall[3] = 201
 [VirtualPitWidthManager] collisionInnerWall[4] = 201
 [VirtualPitWidthManager] collisionInnerWall[5] = 201
 [VirtualPitWidthManager] collisionInnerWall[6] = 201
 [VirtualPitWidthManager] collisionInnerWall[7] = 201
 [VirtualPitWidthManager] collisionInnerWall[8] = 201
 [VirtualPitWidthManager] collisionInnerWall[9] = 201
 [VirtualPitWidthManager] collisionInnerWall[10] = 201
 [VirtualPitWidthManager] collisionInnerWall[11] = 0
 [VirtualPitWidthManager] collisionInnerWall total: 11 tiles, 9 non-zero
 [VirtualPitWidthManager] baseInnerFloor[1] = 100
 [VirtualPitWidthManager] baseInnerFloor[2] = 101
 [VirtualPitWidthManager] baseInnerFloor[3] = 101
 [VirtualPitWidthManager] baseInnerFloor[4] = 101
 [VirtualPitWidthManager] baseInnerFloor[5] = 101
 [VirtualPitWidthManager] baseInnerFloor[6] = 101
 [VirtualPitWidthManager] baseInnerFloor[7] = 101
 [VirtualPitWidthManager] baseInnerFloor[8] = 101
 [VirtualPitWidthManager] baseInnerFloor[9] = 101
 [VirtualPitWidthManager] baseInnerFloor[10] = 101
 [VirtualPitWidthManager] baseInnerFloor[11] = 100
 [VirtualPitWidthManager] baseInnerFloor total: 11 tiles, 11 non-zero
 [VirtualPitWidthManager] collisionInnerFloor[1] = 0
 [VirtualPitWidthManager] collisionInnerFloor[2] = 0
 [VirtualPitWidthManager] collisionInnerFloor[3] = 0
 [VirtualPitWidthManager] collisionInnerFloor[4] = 0
 [VirtualPitWidthManager] collisionInnerFloor[5] = 0
 [VirtualPitWidthManager] collisionInnerFloor[6] = 0
 [VirtualPitWidthManager] collisionInnerFloor[7] = 0
 [VirtualPitWidthManager] collisionInnerFloor[8] = 0
 [VirtualPitWidthManager] collisionInnerFloor[9] = 0
 [VirtualPitWidthManager] collisionInnerFloor[10] = 0
 [VirtualPitWidthManager] collisionInnerFloor[11] = 0
 [VirtualPitWidthManager] collisionInnerFloor total: 11 tiles, 0 non-zero
 [VirtualPitWidthManager] Initialization complete. Current pit right edge: 13
 [VirtualPitGenerator] Regenerating pit content for level 1
 [VirtualWorld] Cleared all entities and interior collisions
 [VirtualPitGenerator] Valid placement area for level 1: tiles (2,3) to (10,9)
 [VirtualPitGenerator] Level 1 calculated amounts:
 [VirtualPitGenerator]   Max Monsters: 2, Actual: 1
 [VirtualPitGenerator]   Max Chests: 2, Actual: 1
 [VirtualPitGenerator]   Min Obstacles: 5
 [VirtualPitGenerator]   Max Obstacles: 10, Actual: 6
 [VirtualWorld] Wizard orb positioned at (8,7)
 [VirtualPitGenerator] Generated wizard orb at (8,7)
 [VirtualWorld] Added obstacle at (5,5)
 [VirtualWorld] Added obstacle at (10,3)
 [VirtualWorld] Added obstacle at (7,3)
 [VirtualWorld] Added obstacle at (4,5)
 [VirtualWorld] Added obstacle at (10,7)
 [VirtualWorld] Added obstacle at (7,4)
 [VirtualWorld] Added EarlyHelm_Normal treasure (level 1) at (7,7)
 [VirtualWorld] Added Bat monster at (2,4)
 [VirtualPitGenerator] Generated 6 obstacles, 1 treasures, 1 monsters, and 1 wizard orb
 [VirtualPitGenerator] Regenerating pit content for level 2
 [VirtualWorld] Cleared all entities and interior collisions
 [VirtualPitGenerator] Valid placement area for level 2: tiles (2,3) to (10,9)
 [VirtualPitGenerator] Level 2 calculated amounts:
 [VirtualPitGenerator]   Max Monsters: 2, Actual: 1
 [VirtualPitGenerator]   Max Chests: 2, Actual: 1
 [VirtualPitGenerator]   Min Obstacles: 5
 [VirtualPitGenerator]   Max Obstacles: 10, Actual: 9
 [VirtualWorld] Wizard orb positioned at (10,3)
 [VirtualPitGenerator] Generated wizard orb at (10,3)
 [VirtualWorld] Added obstacle at (4,8)
 [VirtualWorld] Added obstacle at (6,4)
 [VirtualWorld] Added obstacle at (2,8)
 [VirtualWorld] Added obstacle at (2,3)
 [VirtualWorld] Added obstacle at (6,5)
 [VirtualWorld] Added obstacle at (4,7)
 [VirtualWorld] Added obstacle at (5,5)
 [VirtualWorld] Added obstacle at (8,9)
 [VirtualWorld] Added obstacle at (9,7)
 [VirtualWorld] Added EarlyArmor_Normal treasure (level 1) at (2,5)
 [VirtualWorld] Added Slime monster at (8,7)
 [VirtualPitGenerator] Generated 9 obstacles, 1 treasures, 1 monsters, and 1 wizard orb
 [VirtualPitGenerator] Regenerating pit content for level 3
 [VirtualWorld] Cleared all entities and interior collisions
 [VirtualPitGenerator] Valid placement area for level 3: tiles (2,3) to (10,9)
 [VirtualPitGenerator] Level 3 calculated amounts:
 [VirtualPitGenerator]   Max Monsters: 2, Actual: 2
 [VirtualPitGenerator]   Max Chests: 2, Actual: 2
 [VirtualPitGenerator]   Min Obstacles: 5
 [VirtualPitGenerator]   Max Obstacles: 10, Actual: 6
 [VirtualWorld] Wizard orb positioned at (3,6)
 [VirtualPitGenerator] Generated wizard orb at (3,6)
 [VirtualWorld] Added obstacle at (3,4)
 [VirtualWorld] Added obstacle at (10,5)
 [VirtualWorld] Added obstacle at (5,6)
 [VirtualWorld] Added obstacle at (9,7)
 [VirtualWorld] Added obstacle at (2,3)
 [VirtualWorld] Added obstacle at (10,3)
 [VirtualWorld] Added EarlyAxe_Normal treasure (level 1) at (9,8)
 [VirtualWorld] Added EarlyHelm_Normal treasure (level 1) at (7,6)
 [VirtualWorld] Added Rat monster at (6,6)
 [VirtualWorld] Added Rat monster at (4,4)
 [VirtualPitGenerator] Generated 6 obstacles, 2 treasures, 2 monsters, and 1 wizard orb
 [VirtualPitGenerator] Regenerating pit content for level 4
 [VirtualWorld] Cleared all entities and interior collisions
 [VirtualPitGenerator] Valid placement area for level 4: tiles (2,3) to (10,9)
 [VirtualPitGenerator] Level 4 calculated amounts:
 [VirtualPitGenerator]   Max Monsters: 2, Actual: 2
 [VirtualPitGenerator]   Max Chests: 2, Actual: 2
 [VirtualPitGenerator]   Min Obstacles: 5
 [VirtualPitGenerator]   Max Obstacles: 10, Actual: 9
 [VirtualWorld] Wizard orb positioned at (5,3)
 [VirtualPitGenerator] Generated wizard orb at (5,3)
 [VirtualWorld] Added obstacle at (2,7)
 [VirtualWorld] Added obstacle at (6,6)
 [VirtualWorld] Added obstacle at (8,4)
 [VirtualWorld] Added obstacle at (7,5)
 [VirtualWorld] Added obstacle at (6,8)
 [VirtualWorld] Added obstacle at (9,5)
 [VirtualWorld] Added obstacle at (9,7)
 [VirtualWorld] Added obstacle at (2,5)
 [VirtualWorld] Added obstacle at (3,7)
 [VirtualWorld] Added EarlyHelm_Normal treasure (level 1) at (4,7)
 [VirtualWorld] Added EarlySpear_Normal treasure (level 1) at (2,3)
 [VirtualWorld] Added Bat monster at (8,3)
 [VirtualWorld] Added Rat monster at (8,6)
 [VirtualPitGenerator] Generated 9 obstacles, 2 treasures, 2 monsters, and 1 wizard orb
 [VirtualPitGenerator] Regenerating pit content for level 5
 [VirtualWorld] Cleared all entities and interior collisions
 [VirtualPitGenerator] Valid placement area for level 5: tiles (2,3) to (10,9)
 [VirtualPitGenerator] Level 5 calculated amounts:
 [VirtualPitGenerator]   Max Monsters: 2, Actual: 1
 [VirtualPitGenerator]   Max Chests: 2, Actual: 1
 [VirtualPitGenerator]   Min Obstacles: 5
 [VirtualPitGenerator]   Max Obstacles: 10, Actual: 7
 [VirtualWorld] Wizard orb positioned at (7,6)
 [VirtualPitGenerator] Generated wizard orb at (7,6)
 [VirtualWorld] Added obstacle at (10,4)
 [VirtualWorld] Added obstacle at (10,7)
 [VirtualWorld] Added obstacle at (3,9)
 [VirtualWorld] Added obstacle at (5,3)
 [VirtualWorld] Added obstacle at (2,6)
 [VirtualWorld] Added obstacle at (2,8)
 [VirtualWorld] Added obstacle at (4,6)
 [VirtualWorld] Added EarlyDagger_Normal treasure (level 1) at (9,4)
 [VirtualWorld] Added Stone Guardian monster at (9,9)
 [VirtualPitGenerator] Cave boss floor at level 5 with Stone Guardian (scaled level 10)
 [VirtualPitGenerator] Generated 7 obstacles, 1 treasures, 0 monsters, and 1 wizard orb
 [VirtualPitGenerator] Regenerating pit content for level 6
 [VirtualWorld] Cleared all entities and interior collisions
 [VirtualPitGenerator] Valid placement area for level 6: tiles (2,3) to (10,9)
 [VirtualPitGenerator] Level 6 calculated amounts:
 [VirtualPitGenerator]   Max Monsters: 2, Actual: 2
 [VirtualPitGenerator]   Max Chests: 2, Actual: 2
 [VirtualPitGenerator]   Min Obstacles: 5
 [VirtualPitGenerator]   Max Obstacles: 10, Actual: 10
 [VirtualWorld] Wizard orb positioned at (9,9)
 [VirtualPitGenerator] Generated wizard orb at (9,9)
 [VirtualWorld] Added obstacle at (9,7)
 [VirtualWorld] Added obstacle at (6,8)
 [VirtualWorld] Added obstacle at (6,7)
 [VirtualWorld] Added obstacle at (3,8)
 [VirtualWorld] Added obstacle at (7,4)
 [VirtualWorld] Added obstacle at (8,5)
 [VirtualWorld] Added obstacle at (8,8)
 [VirtualWorld] Added obstacle at (7,7)
 [VirtualWorld] Added obstacle at (4,3)
 [VirtualWorld] Added obstacle at (3,5)
 [VirtualWorld] Added MidAxe_Normal treasure (level 1) at (5,3)
 [VirtualWorld] Added MidArmor_Normal treasure (level 1) at (10,5)
 [VirtualWorld] Added Stone Beetle monster at (2,3)
 [VirtualWorld] Added Bat monster at (5,5)
 [VirtualPitGenerator] Generated 10 obstacles, 2 treasures, 2 monsters, and 1 wizard orb
 [VirtualPitGenerator] Regenerating pit content for level 7
 [VirtualWorld] Cleared all entities and interior collisions
 [VirtualPitGenerator] Valid placement area for level 7: tiles (2,3) to (10,9)
 [VirtualPitGenerator] Level 7 calculated amounts:
 [VirtualPitGenerator]   Max Monsters: 2, Actual: 2
 [VirtualPitGenerator]   Max Chests: 2, Actual: 2
 [VirtualPitGenerator]   Min Obstacles: 5
 [VirtualPitGenerator]   Max Obstacles: 10, Actual: 7
 [VirtualWorld] Wizard orb positioned at (2,5)
 [VirtualPitGenerator] Generated wizard orb at (2,5)
 [VirtualWorld] Added obstacle at (8,3)
 [VirtualWorld] Added obstacle at (10,8)
 [VirtualWorld] Added obstacle at (9,6)
 [VirtualWorld] Added obstacle at (10,6)
 [VirtualWorld] Added obstacle at (3,9)
 [VirtualWorld] Added obstacle at (5,8)
 [VirtualWorld] Added obstacle at (5,9)
 [VirtualWorld] Added MidAxe_Normal treasure (level 1) at (2,8)
 [VirtualWorld] Added MidHelm_Normal treasure (level 1) at (6,5)
 [VirtualWorld] Added Snake monster at (2,6)
 [VirtualWorld] Added Bat monster at (8,5)
 [VirtualPitGenerator] Generated 7 obstacles, 2 treasures, 2 monsters, and 1 wizard orb
 [VirtualPitGenerator] Regenerating pit content for level 8
 [VirtualWorld] Cleared all entities and interior collisions
 [VirtualPitGenerator] Valid placement area for level 8: tiles (2,3) to (10,9)
 [VirtualPitGenerator] Level 8 calculated amounts:
 [VirtualPitGenerator]   Max Monsters: 2, Actual: 1
 [VirtualPitGenerator]   Max Chests: 2, Actual: 1
 [VirtualPitGenerator]   Min Obstacles: 5
 [VirtualPitGenerator]   Max Obstacles: 10, Actual: 10
 [VirtualWorld] Wizard orb positioned at (4,8)
 [VirtualPitGenerator] Generated wizard orb at (4,8)
 [VirtualWorld] Added obstacle at (6,6)
 [VirtualWorld] Added obstacle at (6,9)
 [VirtualWorld] Added obstacle at (4,4)
 [VirtualWorld] Added obstacle at (8,3)
 [VirtualWorld] Added obstacle at (7,7)
 [VirtualWorld] Added obstacle at (2,4)
 [VirtualWorld] Added obstacle at (10,9)
 [VirtualWorld] Added obstacle at (5,9)
 [VirtualWorld] Added obstacle at (9,5)
 [VirtualWorld] Added obstacle at (9,6)
 [VirtualWorld] Added MidArmor_Normal treasure (level 1) at (8,8)
 [VirtualWorld] Added Goblin monster at (6,3)
 [VirtualPitGenerator] Generated 10 obstacles, 1 treasures, 1 monsters, and 1 wizard orb
 [VirtualPitGenerator] Regenerating pit content for level 9
 [VirtualWorld] Cleared all entities and interior collisions
 [VirtualPitGenerator] Valid placement area for level 9: tiles (2,3) to (10,9)
 [VirtualPitGenerator] Level 9 calculated amounts:
 [VirtualPitGenerator]   Max Monsters: 2, Actual: 1
 [VirtualPitGenerator]   Max Chests: 2, Actual: 1
 [VirtualPitGenerator]   Min Obstacles: 5
 [VirtualPitGenerator]   Max Obstacles: 10, Actual: 7
 [VirtualWorld] Wizard orb positioned at (6,4)
 [VirtualPitGenerator] Generated wizard orb at (6,4)
 [VirtualWorld] Added obstacle at (5,9)
 [VirtualWorld] Added obstacle at (10,3)
 [VirtualWorld] Added obstacle at (7,9)
 [VirtualWorld] Added obstacle at (6,8)
 [VirtualWorld] Added obstacle at (3,4)
 [VirtualWorld] Added obstacle at (7,7)
 [VirtualWorld] Added obstacle at (9,3)
 [VirtualWorld] Added MidStaff_Normal treasure (level 1) at (2,6)
 [VirtualWorld] Added Rat monster at (4,7)
 [VirtualPitGenerator] Generated 7 obstacles, 1 treasures, 1 monsters, and 1 wizard orb
 [VirtualPitGenerator] Regenerating pit content for level 10
 [VirtualWorld] Cleared all entities and interior collisions
 [VirtualPitGenerator] Valid placement area for level 10: tiles (2,3) to (10,9)
 [VirtualPitGenerator] Level 10 calculated amounts:
 [VirtualPitGenerator]   Max Monsters: 2, Actual: 2
 [VirtualPitGenerator]   Max Chests: 2, Actual: 2
 [VirtualPitGenerator]   Min Obstacles: 5
 [VirtualPitGenerator]   Max Obstacles: 10, Actual: 10
 [VirtualWorld] Wizard orb positioned at (8,8)
 [VirtualPitGenerator] Generated wizard orb at (8,8)
 [VirtualWorld] Added obstacle at (4,5)
 [VirtualWorld] Added obstacle at (6,4)
 [VirtualWorld] Added obstacle at (10,7)
 [VirtualWorld] Added obstacle at (4,6)
 [VirtualWorld] Added obstacle at (8,9)
 [VirtualWorld] Added obstacle at (4,3)
 [VirtualWorld] Added obstacle at (3,9)
 [VirtualWorld] Added obstacle at (3,4)
 [VirtualWorld] Added obstacle at (4,7)
 [VirtualWorld] Added obstacle at (6,7)
 [VirtualWorld] Added MidDagger_Normal treasure (level 1) at (10,6)
 [VirtualWorld] Added MidAxe_Normal treasure (level 1) at (2,5)
 [VirtualWorld] Added Pit Lord monster at (3,5)
 [VirtualPitGenerator] Cave boss floor at level 10 with Pit Lord (scaled level 18)
 [VirtualPitGenerator] Generated 10 obstacles, 2 treasures, 1 monsters, and 1 wizard orb
 [VirtualPitGenerator] Regenerating pit content for level 11
 [VirtualWorld] Cleared all entities and interior collisions
 [VirtualPitGenerator] Valid placement area for level 11: tiles (2,3) to (10,9)
 [VirtualPitGenerator] Level 11 calculated amounts:
 [VirtualPitGenerator]   Max Monsters: 2, Actual: 1
 [VirtualPitGenerator]   Max Chests: 2, Actual: 1
 [VirtualPitGenerator]   Min Obstacles: 5
 [VirtualPitGenerator]   Max Obstacles: 10, Actual: 7
 [VirtualWorld] Wizard orb positioned at (10,4)
 [VirtualPitGenerator] Generated wizard orb at (10,4)
 [VirtualWorld] Added obstacle at (3,8)
 [VirtualWorld] Added obstacle at (10,5)
 [VirtualWorld] Added obstacle at (4,5)
 [VirtualWorld] Added obstacle at (2,4)
 [VirtualWorld] Added obstacle at (3,7)
 [VirtualWorld] Added obstacle at (10,6)
 [VirtualWorld] Added obstacle at (9,9)
 [VirtualWorld] Added LateShield_Normal treasure (level 1) at (7,4)
 [VirtualWorld] Added Orc monster at (9,8)
 [VirtualPitGenerator] Generated 7 obstacles, 1 treasures, 1 monsters, and 1 wizard orb
 [VirtualPitGenerator] Regenerating pit content for level 12
 [VirtualWorld] Cleared all entities and interior collisions
 [VirtualPitGenerator] Valid placement area for level 12: tiles (2,3) to (10,9)
 [VirtualPitGenerator] Level 12 calculated amounts:
 [VirtualPitGenerator]   Max Monsters: 2, Actual: 1
 [VirtualPitGenerator]   Max Chests: 2, Actual: 1
 [VirtualPitGenerator]   Min Obstacles: 6
 [VirtualPitGenerator]   Max Obstacles: 11, Actual: 11
 [VirtualWorld] Wizard orb positioned at (3,7)
 [VirtualPitGenerator] Generated wizard orb at (3,7)
 [VirtualWorld] Added obstacle at (2,4)
 [VirtualWorld] Added obstacle at (6,6)
 [VirtualWorld] Added obstacle at (8,3)
 [VirtualWorld] Added obstacle at (9,9)
 [VirtualWorld] Added obstacle at (8,5)
 [VirtualWorld] Added obstacle at (6,9)
 [VirtualWorld] Added obstacle at (5,3)
 [VirtualWorld] Added obstacle at (10,5)
 [VirtualWorld] Added obstacle at (9,3)
 [VirtualWorld] Added obstacle at (4,9)
 [VirtualWorld] Added obstacle at (4,4)
 [VirtualWorld] Added LateStaff_Normal treasure (level 1) at (3,9)
 [VirtualWorld] Added Snake monster at (7,3)
 [VirtualPitGenerator] Generated 11 obstacles, 1 treasures, 1 monsters, and 1 wizard orb
 [VirtualPitGenerator] Regenerating pit content for level 13
 [VirtualWorld] Cleared all entities and interior collisions
 [VirtualPitGenerator] Valid placement area for level 13: tiles (2,3) to (10,9)
 [VirtualPitGenerator] Level 13 calculated amounts:
 [VirtualPitGenerator]   Max Monsters: 2, Actual: 2
 [VirtualPitGenerator]   Max Chests: 2, Actual: 2
 [VirtualPitGenerator]   Min Obstacles: 6
 [VirtualPitGenerator]   Max Obstacles: 11, Actual: 9
 [VirtualWorld] Wizard orb positioned at (4,3)
 [VirtualPitGenerator] Generated wizard orb at (4,3)
 [VirtualWorld] Added obstacle at (10,8)
 [VirtualWorld] Added obstacle at (10,7)
 [VirtualWorld] Added obstacle at (2,9)
 [VirtualWorld] Added obstacle at (7,6)
 [VirtualWorld] Added obstacle at (3,5)
 [VirtualWorld] Added obstacle at (2,3)
 [VirtualWorld] Added obstacle at (5,6)
 [VirtualWorld] Added obstacle at (2,4)
 [VirtualWorld] Added obstacle at (7,9)
 [VirtualWorld] Added LateAxe_Normal treasure (level 1) at (9,3)
 [VirtualWorld] Added LateHammer_Normal treasure (level 1) at (6,9)
 [VirtualWorld] Added Tunnel Worm monster at (4,4)
 [VirtualWorld] Added Skeleton monster at (9,4)
 [VirtualPitGenerator] Generated 9 obstacles, 2 treasures, 2 monsters, and 1 wizard orb
 [VirtualPitGenerator] Regenerating pit content for level 14
 [VirtualWorld] Cleared all entities and interior collisions
 [VirtualPitGenerator] Valid placement area for level 14: tiles (2,3) to (10,9)
 [VirtualPitGenerator] Level 14 calculated amounts:
 [VirtualPitGenerator]   Max Monsters: 2, Actual: 2
 [VirtualPitGenerator]   Max Chests: 2, Actual: 2
 [VirtualPitGenerator]   Min Obstacles: 7
 [VirtualPitGenerator]   Max Obstacles: 12, Actual: 7
 [VirtualWorld] Wizard orb positioned at (6,6)
 [VirtualPitGenerator] Generated wizard orb at (6,6)
 [VirtualWorld] Added obstacle at (9,4)
 [VirtualWorld] Added obstacle at (6,7)
 [VirtualWorld] Added obstacle at (5,7)
 [VirtualWorld] Added obstacle at (5,4)
 [VirtualWorld] Added obstacle at (8,8)
 [VirtualWorld] Added obstacle at (8,3)
 [VirtualWorld] Added obstacle at (8,7)
 [VirtualWorld] Added LateSword_Normal treasure (level 1) at (4,5)
 [VirtualWorld] Added LateSpear_Normal treasure (level 1) at (6,9)
 [VirtualWorld] Added Spider monster at (5,5)
 [VirtualWorld] Added Skeleton monster at (10,5)
 [VirtualPitGenerator] Generated 7 obstacles, 2 treasures, 2 monsters, and 1 wizard orb
 [VirtualPitGenerator] Regenerating pit content for level 15
 [VirtualWorld] Cleared all entities and interior collisions
 [VirtualPitGenerator] Valid placement area for level 15: tiles (2,3) to (10,9)
 [VirtualPitGenerator] Level 15 calculated amounts:
 [VirtualPitGenerator]   Max Monsters: 2, Actual: 1
 [VirtualPitGenerator]   Max Chests: 2, Actual: 1
 [VirtualPitGenerator]   Min Obstacles: 7
 [VirtualPitGenerator]   Max Obstacles: 12, Actual: 10
 [VirtualWorld] Wizard orb positioned at (8,9)
 [VirtualPitGenerator] Generated wizard orb at (8,9)
 [VirtualWorld] Added obstacle at (8,7)
 [VirtualWorld] Added obstacle at (10,8)
 [VirtualWorld] Added obstacle at (9,5)
 [VirtualWorld] Added obstacle at (3,9)
 [VirtualWorld] Added obstacle at (4,6)
 [VirtualWorld] Added obstacle at (5,4)
 [VirtualWorld] Added obstacle at (4,3)
 [VirtualWorld] Added obstacle at (3,8)
 [VirtualWorld] Added obstacle at (6,6)
 [VirtualWorld] Added obstacle at (4,4)
 [VirtualWorld] Added LateArmor_Uncommon treasure (level 2) at (10,7)
 [VirtualWorld] Added Earth Elemental monster at (5,5)
 [VirtualPitGenerator] Cave boss floor at level 15 with Earth Elemental (scaled level 28)
 [VirtualPitGenerator] Generated 10 obstacles, 1 treasures, 0 monsters, and 1 wizard orb
 [VirtualPitGenerator] Regenerating pit content for level 16
 [VirtualWorld] Cleared all entities and interior collisions
 [VirtualPitGenerator] Valid placement area for level 16: tiles (2,3) to (10,9)
 [VirtualPitGenerator] Level 16 calculated amounts:
 [VirtualPitGenerator]   Max Monsters: 3, Actual: 3
 [VirtualPitGenerator]   Max Chests: 3, Actual: 2
 [VirtualPitGenerator]   Min Obstacles: 7
 [VirtualPitGenerator]   Max Obstacles: 13, Actual: 7
 [VirtualWorld] Wizard orb positioned at (10,6)
 [VirtualPitGenerator] Generated wizard orb at (10,6)
 [VirtualWorld] Added obstacle at (6,3)
 [VirtualWorld] Added obstacle at (6,9)
 [VirtualWorld] Added obstacle at (3,3)
 [VirtualWorld] Added obstacle at (10,7)
 [VirtualWorld] Added obstacle at (9,4)
 [VirtualWorld] Added obstacle at (2,7)
 [VirtualWorld] Added obstacle at (10,3)
 [VirtualWorld] Added AdvancedDagger_Normal treasure (level 1) at (8,7)
 [VirtualWorld] Added AdvancedHelm_Normal treasure (level 1) at (9,7)
 [VirtualWorld] Added Magma Ooze monster at (8,8)
 [VirtualWorld] Added Wraith monster at (4,6)
 [VirtualWorld] Added Skeleton monster at (4,3)
 [VirtualPitGenerator] Generated 7 obstacles, 2 treasures, 3 monsters, and 1 wizard orb
 [VirtualPitGenerator] Regenerating pit content for level 17
 [VirtualWorld] Cleared all entities and interior collisions
 [VirtualPitGenerator] Valid placement area for level 17: tiles (2,3) to (10,9)
 [VirtualPitGenerator] Level 17 calculated amounts:
 [VirtualPitGenerator]   Max Monsters: 3, Actual: 2
 [VirtualPitGenerator]   Max Chests: 3, Actual: 3
 [VirtualPitGenerator]   Min Obstacles: 8
 [VirtualPitGenerator]   Max Obstacles: 13, Actual: 11
 [VirtualWorld] Wizard orb positioned at (3,9)
 [VirtualPitGenerator] Generated wizard orb at (3,9)
 [VirtualWorld] Added obstacle at (5,6)
 [VirtualWorld] Added obstacle at (10,3)
 [VirtualWorld] Added obstacle at (6,8)
 [VirtualWorld] Added obstacle at (8,5)
 [VirtualWorld] Added obstacle at (4,9)
 [VirtualWorld] Added obstacle at (7,3)
 [VirtualWorld] Added obstacle at (6,3)
 [VirtualWorld] Added obstacle at (2,9)
 [VirtualWorld] Added obstacle at (10,5)
 [VirtualWorld] Added obstacle at (6,6)
 [VirtualWorld] Added obstacle at (3,4)
 [VirtualWorld] Added AdvancedAxe_Normal treasure (level 1) at (8,6)
 [VirtualWorld] Added AdvancedAxe_Normal treasure (level 1) at (5,7)
 [VirtualWorld] Added AdvancedStaff_Normal treasure (level 1) at (10,4)
 [VirtualWorld] Added Orc monster at (5,8)
 [VirtualWorld] Added Orc monster at (9,8)
 [VirtualPitGenerator] Generated 11 obstacles, 3 treasures, 2 monsters, and 1 wizard orb
 [VirtualPitGenerator] Regenerating pit content for level 18
 [VirtualWorld] Cleared all entities and interior collisions
 [VirtualPitGenerator] Valid placement area for level 18: tiles (2,3) to (10,9)
 [VirtualPitGenerator] Level 18 calculated amounts:
 [VirtualPitGenerator]   Max Monsters: 3, Actual: 2
 [VirtualPitGenerator]   Max Chests: 3, Actual: 1
 [VirtualPitGenerator]   Min Obstacles: 8
 [VirtualPitGenerator]   Max Obstacles: 14, Actual: 8
 [VirtualWorld] Wizard orb positioned at (5,5)
 [VirtualPitGenerator] Generated wizard orb at (5,5)
 [VirtualWorld] Added obstacle at (4,9)
 [VirtualWorld] Added obstacle at (6,4)
 [VirtualWorld] Added obstacle at (10,6)
 [VirtualWorld] Added obstacle at (6,3)
 [VirtualWorld] Added obstacle at (9,7)
 [VirtualWorld] Added obstacle at (4,6)
 [VirtualWorld] Added obstacle at (3,4)
 [VirtualWorld] Added obstacle at (4,4)
 [VirtualWorld] Added AdvancedHammer_Uncommon treasure (level 2) at (4,3)
 [VirtualWorld] Added Lava Drake monster at (2,5)
 [VirtualWorld] Added Lava Drake monster at (6,7)
 [VirtualPitGenerator] Generated 8 obstacles, 1 treasures, 2 monsters, and 1 wizard orb
 [VirtualPitGenerator] Regenerating pit content for level 19
 [VirtualWorld] Cleared all entities and interior collisions
 [VirtualPitGenerator] Valid placement area for level 19: tiles (2,3) to (10,9)
 [VirtualPitGenerator] Level 19 calculated amounts:
 [VirtualPitGenerator]   Max Monsters: 3, Actual: 1
 [VirtualPitGenerator]   Max Chests: 3, Actual: 2
 [VirtualPitGenerator]   Min Obstacles: 8
 [VirtualPitGenerator]   Max Obstacles: 14, Actual: 12
 [VirtualWorld] Wizard orb positioned at (7,8)
 [VirtualPitGenerator] Generated wizard orb at (7,8)
 [VirtualWorld] Added obstacle at (3,5)
 [VirtualWorld] Added obstacle at (10,5)
 [VirtualWorld] Added obstacle at (4,5)
 [VirtualWorld] Added obstacle at (4,7)
 [VirtualWorld] Added obstacle at (5,4)
 [VirtualWorld] Added obstacle at (10,8)
 [VirtualWorld] Added obstacle at (8,4)
 [VirtualWorld] Added obstacle at (8,5)
 [VirtualWorld] Added obstacle at (6,4)
 [VirtualWorld] Added obstacle at (8,6)
 [VirtualWorld] Added obstacle at (6,8)
 [VirtualWorld] Added obstacle at (6,9)
 [VirtualWorld] Added AdvancedHelm_Normal treasure (level 1) at (8,3)
 [VirtualWorld] Added AdvancedShield_Normal treasure (level 1) at (5,9)
 [VirtualWorld] Added Wraith monster at (8,7)
 [VirtualPitGenerator] Generated 12 obstacles, 2 treasures, 1 monsters, and 1 wizard orb
 [VirtualPitGenerator] Regenerating pit content for level 20
 [VirtualWorld] Cleared all entities and interior collisions
 [VirtualPitGenerator] Valid placement area for level 20: tiles (2,3) to (10,9)
 [VirtualPitGenerator] Level 20 calculated amounts:
 [VirtualPitGenerator]   Max Monsters: 3, Actual: 3
 [VirtualPitGenerator]   Max Chests: 3, Actual: 3
 [VirtualPitGenerator]   Min Obstacles: 9
 [VirtualPitGenerator]   Max Obstacles: 14, Actual: 10
 [VirtualWorld] Wizard orb positioned at (9,4)
 [VirtualPitGenerator] Generated wizard orb at (9,4)
 [VirtualWorld] Added obstacle at (2,9)
 [VirtualWorld] Added obstacle at (6,6)
 [VirtualWorld] Added obstacle at (7,3)
 [VirtualWorld] Added obstacle at (2,5)
 [VirtualWorld] Added obstacle at (9,9)
 [VirtualWorld] Added obstacle at (6,4)
 [VirtualWorld] Added obstacle at (5,4)
 [VirtualWorld] Added obstacle at (2,6)
 [VirtualWorld] Added obstacle at (8,5)
 [VirtualWorld] Added obstacle at (2,7)
 [VirtualWorld] Added AdvancedSword_Uncommon treasure (level 3) at (5,3)
 [VirtualWorld] Added AdvancedSpear_Normal treasure (level 1) at (3,6)
 [VirtualWorld] Added AdvancedStaff_Uncommon treasure (level 2) at (6,7)
 [VirtualWorld] Added Molten Titan monster at (2,8)
 [VirtualPitGenerator] Cave boss floor at level 20 with Molten Titan (scaled level 38)
 [VirtualPitGenerator] Generated 10 obstacles, 3 treasures, 2 monsters, and 1 wizard orb
 [VirtualPitGenerator] Regenerating pit content for level 21
 [VirtualWorld] Cleared all entities and interior collisions
 [VirtualPitGenerator] Valid placement area for level 21: tiles (2,3) to (10,9)
 [VirtualPitGenerator] Level 21 calculated amounts:
 [VirtualPitGenerator]   Max Monsters: 3, Actual: 2
 [VirtualPitGenerator]   Max Chests: 3, Actual: 3
 [VirtualPitGenerator]   Min Obstacles: 9
 [VirtualPitGenerator]   Max Obstacles: 15, Actual: 13
 [VirtualWorld] Wizard orb positioned at (2,7)
 [VirtualPitGenerator] Generated wizard orb at (2,7)
 [VirtualWorld] Added obstacle at (10,5)
 [VirtualWorld] Added obstacle at (10,7)
 [VirtualWorld] Added obstacle at (2,8)
 [VirtualWorld] Added obstacle at (9,3)
 [VirtualWorld] Added obstacle at (5,7)
 [VirtualWorld] Added obstacle at (3,7)
 [VirtualWorld] Added obstacle at (2,4)
 [VirtualWorld] Added obstacle at (6,7)
 [VirtualWorld] Added obstacle at (2,6)
 [VirtualWorld] Added obstacle at (5,8)
 [VirtualWorld] Added obstacle at (2,9)
 [VirtualWorld] Added obstacle at (8,5)
 [VirtualWorld] Added obstacle at (10,9)
 [VirtualWorld] Added EliteHelm_Normal treasure (level 1) at (10,8)
 [VirtualWorld] Added EliteStaff_Normal treasure (level 1) at (8,9)
 [VirtualWorld] Added EliteHelm_Normal treasure (level 1) at (6,3)
 [VirtualWorld] Added Lava Drake monster at (4,6)
 [VirtualWorld] Added Stone Wyrm monster at (3,9)
 [VirtualPitGenerator] Generated 13 obstacles, 3 treasures, 2 monsters, and 1 wizard orb
 [VirtualPitGenerator] Regenerating pit content for level 22
 [VirtualWorld] Cleared all entities and interior collisions
 [VirtualPitGenerator] Valid placement area for level 22: tiles (2,3) to (10,9)
 [VirtualPitGenerator] Level 22 calculated amounts:
 [VirtualPitGenerator]   Max Monsters: 3, Actual: 1
 [VirtualPitGenerator]   Max Chests: 3, Actual: 1
 [VirtualPitGenerator]   Min Obstacles: 10
 [VirtualPitGenerator]   Max Obstacles: 15, Actual: 11
 [VirtualWorld] Wizard orb positioned at (4,3)
 [VirtualPitGenerator] Generated wizard orb at (4,3)
 [VirtualWorld] Added obstacle at (9,8)
 [VirtualWorld] Added obstacle at (6,7)
 [VirtualWorld] Added obstacle at (5,6)
 [VirtualWorld] Added obstacle at (7,8)
 [VirtualWorld] Added obstacle at (10,5)
 [VirtualWorld] Added obstacle at (8,3)
 [VirtualWorld] Added obstacle at (7,4)
 [VirtualWorld] Added obstacle at (4,7)
 [VirtualWorld] Added obstacle at (8,8)
 [VirtualWorld] Added obstacle at (9,5)
 [VirtualWorld] Added obstacle at (4,4)
 [VirtualWorld] Added EliteDagger_Normal treasure (level 1) at (6,5)
 [VirtualWorld] Added Cave Troll monster at (5,3)
 [VirtualPitGenerator] Generated 11 obstacles, 1 treasures, 1 monsters, and 1 wizard orb
 [VirtualPitGenerator] Regenerating pit content for level 23
 [VirtualWorld] Cleared all entities and interior collisions
 [VirtualPitGenerator] Valid placement area for level 23: tiles (2,3) to (10,9)
 [VirtualPitGenerator] Level 23 calculated amounts:
 [VirtualPitGenerator]   Max Monsters: 3, Actual: 3
 [VirtualPitGenerator]   Max Chests: 3, Actual: 2
 [VirtualPitGenerator]   Min Obstacles: 10
 [VirtualPitGenerator]   Max Obstacles: 16, Actual: 15
 [VirtualWorld] Wizard orb positioned at (6,7)
 [VirtualPitGenerator] Generated wizard orb at (6,7)
 [VirtualWorld] Added obstacle at (7,4)
 [VirtualWorld] Added obstacle at (10,8)
 [VirtualWorld] Added obstacle at (8,4)
 [VirtualWorld] Added obstacle at (5,6)
 [VirtualWorld] Added obstacle at (5,3)
 [VirtualWorld] Added obstacle at (4,5)
 [VirtualWorld] Added obstacle at (3,9)
 [VirtualWorld] Added obstacle at (6,9)
 [VirtualWorld] Added obstacle at (2,9)
 [VirtualWorld] Added obstacle at (4,7)
 [VirtualWorld] Added obstacle at (10,9)
 [VirtualWorld] Added obstacle at (7,7)
 [VirtualWorld] Added obstacle at (6,6)
 [VirtualWorld] Added obstacle at (8,3)
 [VirtualWorld] Added obstacle at (2,4)
 [VirtualWorld] Added EliteAxe_Uncommon treasure (level 3) at (9,3)
 [VirtualWorld] Added EliteSword_Uncommon treasure (level 2) at (9,5)
 [VirtualWorld] Added Orc monster at (2,5)
 [VirtualWorld] Added Shadow Beast monster at (9,4)
 [VirtualWorld] Added Wraith monster at (8,6)
 [VirtualPitGenerator] Generated 15 obstacles, 2 treasures, 3 monsters, and 1 wizard orb
 [VirtualPitGenerator] Regenerating pit content for level 24
 [VirtualWorld] Cleared all entities and interior collisions
 [VirtualPitGenerator] Valid placement area for level 24: tiles (2,3) to (10,9)
 [VirtualPitGenerator] Level 24 calculated amounts:
 [VirtualPitGenerator]   Max Monsters: 3, Actual: 2
 [VirtualPitGenerator]   Max Chests: 3, Actual: 3
 [VirtualPitGenerator]   Min Obstacles: 10
 [VirtualPitGenerator]   Max Obstacles: 16, Actual: 11
 [VirtualWorld] Wizard orb positioned at (8,3)
 [VirtualPitGenerator] Generated wizard orb at (8,3)
 [VirtualWorld] Added obstacle at (6,7)
 [VirtualWorld] Added obstacle at (6,9)
 [VirtualWorld] Added obstacle at (3,9)
 [VirtualWorld] Added obstacle at (3,3)
 [VirtualWorld] Added obstacle at (10,8)
 [VirtualWorld] Added obstacle at (2,9)
 [VirtualWorld] Added obstacle at (9,5)
 [VirtualWorld] Added obstacle at (7,3)
 [VirtualWorld] Added obstacle at (5,3)
 [VirtualWorld] Added obstacle at (10,6)
 [VirtualWorld] Added obstacle at (7,4)
 [VirtualWorld] Added EliteSword_Normal treasure (level 1) at (8,9)
 [VirtualWorld] Added EliteHammer_Normal treasure (level 1) at (9,9)
 [VirtualWorld] Added EliteShield_Uncommon treasure (level 2) at (7,9)
 [VirtualWorld] Added Crystal Golem monster at (9,6)
 [VirtualWorld] Added Skeleton monster at (3,6)
 [VirtualPitGenerator] Generated 11 obstacles, 3 treasures, 2 monsters, and 1 wizard orb
 [VirtualPitGenerator] Regenerating pit content for level 25
 [VirtualWorld] Cleared all entities and interior collisions
 [VirtualPitGenerator] Valid placement area for level 25: tiles (2,3) to (10,9)
 [VirtualPitGenerator] Level 25 calculated amounts:
 [VirtualPitGenerator]   Max Monsters: 3, Actual: 1
 [VirtualPitGenerator]   Max Chests: 3, Actual: 1
 [VirtualPitGenerator]   Min Obstacles: 11
 [VirtualPitGenerator]   Max Obstacles: 17, Actual: 16
 [VirtualWorld] Wizard orb positioned at (10,6)
 [VirtualPitGenerator] Generated wizard orb at (10,6)
 [VirtualWorld] Added obstacle at (5,3)
 [VirtualWorld] Added obstacle at (10,3)
 [VirtualWorld] Added obstacle at (6,7)
 [VirtualWorld] Added obstacle at (10,8)
 [VirtualWorld] Added obstacle at (6,6)
 [VirtualWorld] Added obstacle at (7,5)
 [VirtualWorld] Added obstacle at (6,5)
 [VirtualWorld] Added obstacle at (10,4)
 [VirtualWorld] Added obstacle at (8,4)
 [VirtualWorld] Added obstacle at (3,6)
 [VirtualWorld] Added obstacle at (3,5)
 [VirtualWorld] Added obstacle at (2,5)
 [VirtualWorld] Added obstacle at (9,8)
 [VirtualWorld] Added obstacle at (5,7)
 [VirtualWorld] Added obstacle at (3,7)
 [VirtualWorld] Added obstacle at (2,3)
 [VirtualWorld] Added EliteDagger_Uncommon treasure (level 2) at (9,7)
 [VirtualWorld] Added Ancient Wyrm monster at (7,4)
 [VirtualPitGenerator] Cave boss floor at level 25 with Ancient Wyrm (scaled level 46)
 [VirtualPitGenerator] Generated 16 obstacles, 1 treasures, 0 monsters, and 1 wizard orb
 === CAVE BIOME BALANCE TEST REPORT ===
 Test Date: 2026-03-24 02:35:48
 Pit Levels: 1-25
 
 TEST 9: Virtual Layer Parity Confirmation
 ==========================================
 
 ✓ No parity issues detected
 
 ✓ Virtual layer has 100% parity with expected runtime behavior
 
 
 === END OF REPORT ===
 


  Passed CaveBiome_IsCaveLevel_ShouldMatchRange1To25 [< 1 ms]
  Passed CaveBiome_IsBossFloor_ShouldMatchExpectedCadence [< 1 ms]
  Passed CaveBiome_GetEnemyPoolForLevel_ShouldBeEmptyOnBossFloorsOnly [< 1 ms]
  Passed CaveBiome_DetermineCaveTreasureLevel_ShouldStayWithinOneToThree [< 1 ms]
  Passed VirtualPitGenerator_CaveBossFloor_ShouldGenerateBossMarker [< 1 ms]
  Standard Output Messages:
 [VirtualWorld] Generated 5 obstacles and 1 wizard orb in pit
 [VirtualWorld] Regenerated pit at level 10, bounds: (1,2,14,9)
 [VirtualTiledMapService] Initialized basic tile patterns for PitWidthManager
 [VirtualPitWidthManager] Recorded FogOfWar index: 301
 [VirtualPitWidthManager] Recorded ground tile index: 104
 [VirtualPitWidthManager] baseOuterFloor[1] = 100
 [VirtualPitWidthManager] baseOuterFloor[2] = 103
 [VirtualPitWidthManager] baseOuterFloor[3] = 103
 [VirtualPitWidthManager] baseOuterFloor[4] = 103
 [VirtualPitWidthManager] baseOuterFloor[5] = 103
 [VirtualPitWidthManager] baseOuterFloor[6] = 103
 [VirtualPitWidthManager] baseOuterFloor[7] = 103
 [VirtualPitWidthManager] baseOuterFloor[8] = 103
 [VirtualPitWidthManager] baseOuterFloor[9] = 103
 [VirtualPitWidthManager] baseOuterFloor[10] = 103
 [VirtualPitWidthManager] baseOuterFloor[11] = 100
 [VirtualPitWidthManager] baseOuterFloor total: 11 tiles, 11 non-zero
 [VirtualPitWidthManager] collisionOuterFloor[1] = 0
 [VirtualPitWidthManager] collisionOuterFloor[2] = 0
 [VirtualPitWidthManager] collisionOuterFloor[3] = 0
 [VirtualPitWidthManager] collisionOuterFloor[4] = 0
 [VirtualPitWidthManager] collisionOuterFloor[5] = 0
 [VirtualPitWidthManager] collisionOuterFloor[6] = 0
 [VirtualPitWidthManager] collisionOuterFloor[7] = 0
 [VirtualPitWidthManager] collisionOuterFloor[8] = 0
 [VirtualPitWidthManager] collisionOuterFloor[9] = 0
 [VirtualPitWidthManager] collisionOuterFloor[10] = 0
 [VirtualPitWidthManager] collisionOuterFloor[11] = 0
 [VirtualPitWidthManager] collisionOuterFloor total: 11 tiles, 0 non-zero
 [VirtualPitWidthManager] baseInnerWall[1] = 102
 [VirtualPitWidthManager] baseInnerWall[2] = 102
 [VirtualPitWidthManager] baseInnerWall[3] = 102
 [VirtualPitWidthManager] baseInnerWall[4] = 102
 [VirtualPitWidthManager] baseInnerWall[5] = 102
 [VirtualPitWidthManager] baseInnerWall[6] = 102
 [VirtualPitWidthManager] baseInnerWall[7] = 102
 [VirtualPitWidthManager] baseInnerWall[8] = 102
 [VirtualPitWidthManager] baseInnerWall[9] = 102
 [VirtualPitWidthManager] baseInnerWall[10] = 102
 [VirtualPitWidthManager] baseInnerWall[11] = 102
 [VirtualPitWidthManager] baseInnerWall total: 11 tiles, 11 non-zero
 [VirtualPitWidthManager] collisionInnerWall[1] = 0
 [VirtualPitWidthManager] collisionInnerWall[2] = 201
 [VirtualPitWidthManager] collisionInnerWall[3] = 201
 [VirtualPitWidthManager] collisionInnerWall[4] = 201
 [VirtualPitWidthManager] collisionInnerWall[5] = 201
 [VirtualPitWidthManager] collisionInnerWall[6] = 201
 [VirtualPitWidthManager] collisionInnerWall[7] = 201
 [VirtualPitWidthManager] collisionInnerWall[8] = 201
 [VirtualPitWidthManager] collisionInnerWall[9] = 201
 [VirtualPitWidthManager] collisionInnerWall[10] = 201
 [VirtualPitWidthManager] collisionInnerWall[11] = 0
 [VirtualPitWidthManager] collisionInnerWall total: 11 tiles, 9 non-zero
 [VirtualPitWidthManager] baseInnerFloor[1] = 100
 [VirtualPitWidthManager] baseInnerFloor[2] = 101
 [VirtualPitWidthManager] baseInnerFloor[3] = 101
 [VirtualPitWidthManager] baseInnerFloor[4] = 101
 [VirtualPitWidthManager] baseInnerFloor[5] = 101
 [VirtualPitWidthManager] baseInnerFloor[6] = 101
 [VirtualPitWidthManager] baseInnerFloor[7] = 101
 [VirtualPitWidthManager] baseInnerFloor[8] = 101
 [VirtualPitWidthManager] baseInnerFloor[9] = 101
 [VirtualPitWidthManager] baseInnerFloor[10] = 101
 [VirtualPitWidthManager] baseInnerFloor[11] = 100
 [VirtualPitWidthManager] baseInnerFloor total: 11 tiles, 11 non-zero
 [VirtualPitWidthManager] collisionInnerFloor[1] = 0
 [VirtualPitWidthManager] collisionInnerFloor[2] = 0
 [VirtualPitWidthManager] collisionInnerFloor[3] = 0
 [VirtualPitWidthManager] collisionInnerFloor[4] = 0
 [VirtualPitWidthManager] collisionInnerFloor[5] = 0
 [VirtualPitWidthManager] collisionInnerFloor[6] = 0
 [VirtualPitWidthManager] collisionInnerFloor[7] = 0
 [VirtualPitWidthManager] collisionInnerFloor[8] = 0
 [VirtualPitWidthManager] collisionInnerFloor[9] = 0
 [VirtualPitWidthManager] collisionInnerFloor[10] = 0
 [VirtualPitWidthManager] collisionInnerFloor[11] = 0
 [VirtualPitWidthManager] collisionInnerFloor total: 11 tiles, 0 non-zero
 [VirtualPitWidthManager] Initialization complete. Current pit right edge: 13
 [VirtualPitGenerator] Regenerating pit content for level 5
 [VirtualWorld] Cleared all entities and interior collisions
 [VirtualPitGenerator] Valid placement area for level 5: tiles (2,3) to (10,9)
 [VirtualPitGenerator] Level 5 calculated amounts:
 [VirtualPitGenerator]   Max Monsters: 2, Actual: 1
 [VirtualPitGenerator]   Max Chests: 2, Actual: 1
 [VirtualPitGenerator]   Min Obstacles: 5
 [VirtualPitGenerator]   Max Obstacles: 10, Actual: 7
 [VirtualWorld] Wizard orb positioned at (7,6)
 [VirtualPitGenerator] Generated wizard orb at (7,6)
 [VirtualWorld] Added obstacle at (10,4)
 [VirtualWorld] Added obstacle at (10,7)
 [VirtualWorld] Added obstacle at (3,9)
 [VirtualWorld] Added obstacle at (5,3)
 [VirtualWorld] Added obstacle at (2,6)
 [VirtualWorld] Added obstacle at (2,8)
 [VirtualWorld] Added obstacle at (4,6)
 [VirtualWorld] Added EarlyDagger_Normal treasure (level 1) at (9,4)
 [VirtualWorld] Added Stone Guardian monster at (9,9)
 [VirtualPitGenerator] Cave boss floor at level 5 with Stone Guardian (scaled level 10)
 [VirtualPitGenerator] Generated 7 obstacles, 1 treasures, 0 monsters, and 1 wizard orb


  Passed VirtualPitGenerator_CaveNonBossFloor_ShouldNotGenerateBossMarker [< 1 ms]
  Standard Output Messages:
 [VirtualWorld] Generated 5 obstacles and 1 wizard orb in pit
 [VirtualWorld] Regenerated pit at level 10, bounds: (1,2,14,9)
 [VirtualTiledMapService] Initialized basic tile patterns for PitWidthManager
 [VirtualPitWidthManager] Recorded FogOfWar index: 301
 [VirtualPitWidthManager] Recorded ground tile index: 104
 [VirtualPitWidthManager] baseOuterFloor[1] = 100
 [VirtualPitWidthManager] baseOuterFloor[2] = 103
 [VirtualPitWidthManager] baseOuterFloor[3] = 103
 [VirtualPitWidthManager] baseOuterFloor[4] = 103
 [VirtualPitWidthManager] baseOuterFloor[5] = 103
 [VirtualPitWidthManager] baseOuterFloor[6] = 103
 [VirtualPitWidthManager] baseOuterFloor[7] = 103
 [VirtualPitWidthManager] baseOuterFloor[8] = 103
 [VirtualPitWidthManager] baseOuterFloor[9] = 103
 [VirtualPitWidthManager] baseOuterFloor[10] = 103
 [VirtualPitWidthManager] baseOuterFloor[11] = 100
 [VirtualPitWidthManager] baseOuterFloor total: 11 tiles, 11 non-zero
 [VirtualPitWidthManager] collisionOuterFloor[1] = 0
 [VirtualPitWidthManager] collisionOuterFloor[2] = 0
 [VirtualPitWidthManager] collisionOuterFloor[3] = 0
 [VirtualPitWidthManager] collisionOuterFloor[4] = 0
 [VirtualPitWidthManager] collisionOuterFloor[5] = 0
 [VirtualPitWidthManager] collisionOuterFloor[6] = 0
 [VirtualPitWidthManager] collisionOuterFloor[7] = 0
 [VirtualPitWidthManager] collisionOuterFloor[8] = 0
 [VirtualPitWidthManager] collisionOuterFloor[9] = 0
 [VirtualPitWidthManager] collisionOuterFloor[10] = 0
 [VirtualPitWidthManager] collisionOuterFloor[11] = 0
 [VirtualPitWidthManager] collisionOuterFloor total: 11 tiles, 0 non-zero
 [VirtualPitWidthManager] baseInnerWall[1] = 102
 [VirtualPitWidthManager] baseInnerWall[2] = 102
 [VirtualPitWidthManager] baseInnerWall[3] = 102
 [VirtualPitWidthManager] baseInnerWall[4] = 102
 [VirtualPitWidthManager] baseInnerWall[5] = 102
 [VirtualPitWidthManager] baseInnerWall[6] = 102
 [VirtualPitWidthManager] baseInnerWall[7] = 102
 [VirtualPitWidthManager] baseInnerWall[8] = 102
 [VirtualPitWidthManager] baseInnerWall[9] = 102
 [VirtualPitWidthManager] baseInnerWall[10] = 102
 [VirtualPitWidthManager] baseInnerWall[11] = 102
 [VirtualPitWidthManager] baseInnerWall total: 11 tiles, 11 non-zero
 [VirtualPitWidthManager] collisionInnerWall[1] = 0
 [VirtualPitWidthManager] collisionInnerWall[2] = 201
 [VirtualPitWidthManager] collisionInnerWall[3] = 201
 [VirtualPitWidthManager] collisionInnerWall[4] = 201
 [VirtualPitWidthManager] collisionInnerWall[5] = 201
 [VirtualPitWidthManager] collisionInnerWall[6] = 201
 [VirtualPitWidthManager] collisionInnerWall[7] = 201
 [VirtualPitWidthManager] collisionInnerWall[8] = 201
 [VirtualPitWidthManager] collisionInnerWall[9] = 201
 [VirtualPitWidthManager] collisionInnerWall[10] = 201
 [VirtualPitWidthManager] collisionInnerWall[11] = 0
 [VirtualPitWidthManager] collisionInnerWall total: 11 tiles, 9 non-zero
 [VirtualPitWidthManager] baseInnerFloor[1] = 100
 [VirtualPitWidthManager] baseInnerFloor[2] = 101
 [VirtualPitWidthManager] baseInnerFloor[3] = 101
 [VirtualPitWidthManager] baseInnerFloor[4] = 101
 [VirtualPitWidthManager] baseInnerFloor[5] = 101
 [VirtualPitWidthManager] baseInnerFloor[6] = 101
 [VirtualPitWidthManager] baseInnerFloor[7] = 101
 [VirtualPitWidthManager] baseInnerFloor[8] = 101
 [VirtualPitWidthManager] baseInnerFloor[9] = 101
 [VirtualPitWidthManager] baseInnerFloor[10] = 101
 [VirtualPitWidthManager] baseInnerFloor[11] = 100
 [VirtualPitWidthManager] baseInnerFloor total: 11 tiles, 11 non-zero
 [VirtualPitWidthManager] collisionInnerFloor[1] = 0
 [VirtualPitWidthManager] collisionInnerFloor[2] = 0
 [VirtualPitWidthManager] collisionInnerFloor[3] = 0
 [VirtualPitWidthManager] collisionInnerFloor[4] = 0
 [VirtualPitWidthManager] collisionInnerFloor[5] = 0
 [VirtualPitWidthManager] collisionInnerFloor[6] = 0
 [VirtualPitWidthManager] collisionInnerFloor[7] = 0
 [VirtualPitWidthManager] collisionInnerFloor[8] = 0
 [VirtualPitWidthManager] collisionInnerFloor[9] = 0
 [VirtualPitWidthManager] collisionInnerFloor[10] = 0
 [VirtualPitWidthManager] collisionInnerFloor[11] = 0
 [VirtualPitWidthManager] collisionInnerFloor total: 11 tiles, 0 non-zero
 [VirtualPitWidthManager] Initialization complete. Current pit right edge: 13
 [VirtualPitGenerator] Regenerating pit content for level 6
 [VirtualWorld] Cleared all entities and interior collisions
 [VirtualPitGenerator] Valid placement area for level 6: tiles (2,3) to (10,9)
 [VirtualPitGenerator] Level 6 calculated amounts:
 [VirtualPitGenerator]   Max Monsters: 2, Actual: 2
 [VirtualPitGenerator]   Max Chests: 2, Actual: 2
 [VirtualPitGenerator]   Min Obstacles: 5
 [VirtualPitGenerator]   Max Obstacles: 10, Actual: 10
 [VirtualWorld] Wizard orb positioned at (9,9)
 [VirtualPitGenerator] Generated wizard orb at (9,9)
 [VirtualWorld] Added obstacle at (9,7)
 [VirtualWorld] Added obstacle at (6,8)
 [VirtualWorld] Added obstacle at (6,7)
 [VirtualWorld] Added obstacle at (3,8)
 [VirtualWorld] Added obstacle at (7,4)
 [VirtualWorld] Added obstacle at (8,5)
 [VirtualWorld] Added obstacle at (8,8)
 [VirtualWorld] Added obstacle at (7,7)
 [VirtualWorld] Added obstacle at (4,3)
 [VirtualWorld] Added obstacle at (3,5)
 [VirtualWorld] Added MidAxe_Normal treasure (level 1) at (5,3)
 [VirtualWorld] Added MidArmor_Normal treasure (level 1) at (10,5)
 [VirtualWorld] Added Stone Beetle monster at (2,3)
 [VirtualWorld] Added Bat monster at (5,5)
 [VirtualPitGenerator] Generated 10 obstacles, 2 treasures, 2 monsters, and 1 wizard orb


  Passed VirtualPitGenerator_CaveTreasureLevels_ShouldStayInCaveBand [3 ms]
  Standard Output Messages:
 [VirtualWorld] Generated 5 obstacles and 1 wizard orb in pit
 [VirtualWorld] Regenerated pit at level 10, bounds: (1,2,14,9)
 [VirtualTiledMapService] Initialized basic tile patterns for PitWidthManager
 [VirtualPitWidthManager] Recorded FogOfWar index: 301
 [VirtualPitWidthManager] Recorded ground tile index: 104
 [VirtualPitWidthManager] baseOuterFloor[1] = 100
 [VirtualPitWidthManager] baseOuterFloor[2] = 103
 [VirtualPitWidthManager] baseOuterFloor[3] = 103
 [VirtualPitWidthManager] baseOuterFloor[4] = 103
 [VirtualPitWidthManager] baseOuterFloor[5] = 103
 [VirtualPitWidthManager] baseOuterFloor[6] = 103
 [VirtualPitWidthManager] baseOuterFloor[7] = 103
 [VirtualPitWidthManager] baseOuterFloor[8] = 103
 [VirtualPitWidthManager] baseOuterFloor[9] = 103
 [VirtualPitWidthManager] baseOuterFloor[10] = 103
 [VirtualPitWidthManager] baseOuterFloor[11] = 100
 [VirtualPitWidthManager] baseOuterFloor total: 11 tiles, 11 non-zero
 [VirtualPitWidthManager] collisionOuterFloor[1] = 0
 [VirtualPitWidthManager] collisionOuterFloor[2] = 0
 [VirtualPitWidthManager] collisionOuterFloor[3] = 0
 [VirtualPitWidthManager] collisionOuterFloor[4] = 0
 [VirtualPitWidthManager] collisionOuterFloor[5] = 0
 [VirtualPitWidthManager] collisionOuterFloor[6] = 0
 [VirtualPitWidthManager] collisionOuterFloor[7] = 0
 [VirtualPitWidthManager] collisionOuterFloor[8] = 0
 [VirtualPitWidthManager] collisionOuterFloor[9] = 0
 [VirtualPitWidthManager] collisionOuterFloor[10] = 0
 [VirtualPitWidthManager] collisionOuterFloor[11] = 0
 [VirtualPitWidthManager] collisionOuterFloor total: 11 tiles, 0 non-zero
 [VirtualPitWidthManager] baseInnerWall[1] = 102
 [VirtualPitWidthManager] baseInnerWall[2] = 102
 [VirtualPitWidthManager] baseInnerWall[3] = 102
 [VirtualPitWidthManager] baseInnerWall[4] = 102
 [VirtualPitWidthManager] baseInnerWall[5] = 102
 [VirtualPitWidthManager] baseInnerWall[6] = 102
 [VirtualPitWidthManager] baseInnerWall[7] = 102
 [VirtualPitWidthManager] baseInnerWall[8] = 102
 [VirtualPitWidthManager] baseInnerWall[9] = 102
 [VirtualPitWidthManager] baseInnerWall[10] = 102
 [VirtualPitWidthManager] baseInnerWall[11] = 102
 [VirtualPitWidthManager] baseInnerWall total: 11 tiles, 11 non-zero
 [VirtualPitWidthManager] collisionInnerWall[1] = 0
 [VirtualPitWidthManager] collisionInnerWall[2] = 201
 [VirtualPitWidthManager] collisionInnerWall[3] = 201
 [VirtualPitWidthManager] collisionInnerWall[4] = 201
 [VirtualPitWidthManager] collisionInnerWall[5] = 201
 [VirtualPitWidthManager] collisionInnerWall[6] = 201
 [VirtualPitWidthManager] collisionInnerWall[7] = 201
 [VirtualPitWidthManager] collisionInnerWall[8] = 201
 [VirtualPitWidthManager] collisionInnerWall[9] = 201
 [VirtualPitWidthManager] collisionInnerWall[10] = 201
 [VirtualPitWidthManager] collisionInnerWall[11] = 0
 [VirtualPitWidthManager] collisionInnerWall total: 11 tiles, 9 non-zero
 [VirtualPitWidthManager] baseInnerFloor[1] = 100
 [VirtualPitWidthManager] baseInnerFloor[2] = 101
 [VirtualPitWidthManager] baseInnerFloor[3] = 101
 [VirtualPitWidthManager] baseInnerFloor[4] = 101
 [VirtualPitWidthManager] baseInnerFloor[5] = 101
 [VirtualPitWidthManager] baseInnerFloor[6] = 101
 [VirtualPitWidthManager] baseInnerFloor[7] = 101
 [VirtualPitWidthManager] baseInnerFloor[8] = 101
 [VirtualPitWidthManager] baseInnerFloor[9] = 101
 [VirtualPitWidthManager] baseInnerFloor[10] = 101
 [VirtualPitWidthManager] baseInnerFloor[11] = 100
 [VirtualPitWidthManager] baseInnerFloor total: 11 tiles, 11 non-zero
 [VirtualPitWidthManager] collisionInnerFloor[1] = 0
 [VirtualPitWidthManager] collisionInnerFloor[2] = 0
 [VirtualPitWidthManager] collisionInnerFloor[3] = 0
 [VirtualPitWidthManager] collisionInnerFloor[4] = 0
 [VirtualPitWidthManager] collisionInnerFloor[5] = 0
 [VirtualPitWidthManager] collisionInnerFloor[6] = 0
 [VirtualPitWidthManager] collisionInnerFloor[7] = 0
 [VirtualPitWidthManager] collisionInnerFloor[8] = 0
 [VirtualPitWidthManager] collisionInnerFloor[9] = 0
 [VirtualPitWidthManager] collisionInnerFloor[10] = 0
 [VirtualPitWidthManager] collisionInnerFloor[11] = 0
 [VirtualPitWidthManager] collisionInnerFloor total: 11 tiles, 0 non-zero
 [VirtualPitWidthManager] Initialization complete. Current pit right edge: 13
 [VirtualPitGenerator] Regenerating pit content for level 1
 [VirtualWorld] Cleared all entities and interior collisions
 [VirtualPitGenerator] Valid placement area for level 1: tiles (2,3) to (10,9)
 [VirtualPitGenerator] Level 1 calculated amounts:
 [VirtualPitGenerator]   Max Monsters: 2, Actual: 1
 [VirtualPitGenerator]   Max Chests: 2, Actual: 1
 [VirtualPitGenerator]   Min Obstacles: 5
 [VirtualPitGenerator]   Max Obstacles: 10, Actual: 6
 [VirtualWorld] Wizard orb positioned at (8,7)
 [VirtualPitGenerator] Generated wizard orb at (8,7)
 [VirtualWorld] Added obstacle at (5,5)
 [VirtualWorld] Added obstacle at (10,3)
 [VirtualWorld] Added obstacle at (7,3)
 [VirtualWorld] Added obstacle at (4,5)
 [VirtualWorld] Added obstacle at (10,7)
 [VirtualWorld] Added obstacle at (7,4)
 [VirtualWorld] Added EarlyHelm_Normal treasure (level 1) at (7,7)
 [VirtualWorld] Added Bat monster at (2,4)
 [VirtualPitGenerator] Generated 6 obstacles, 1 treasures, 1 monsters, and 1 wizard orb
 [VirtualPitGenerator] Regenerating pit content for level 2
 [VirtualWorld] Cleared all entities and interior collisions
 [VirtualPitGenerator] Valid placement area for level 2: tiles (2,3) to (10,9)
 [VirtualPitGenerator] Level 2 calculated amounts:
 [VirtualPitGenerator]   Max Monsters: 2, Actual: 1
 [VirtualPitGenerator]   Max Chests: 2, Actual: 1
 [VirtualPitGenerator]   Min Obstacles: 5
 [VirtualPitGenerator]   Max Obstacles: 10, Actual: 9
 [VirtualWorld] Wizard orb positioned at (10,3)
 [VirtualPitGenerator] Generated wizard orb at (10,3)
 [VirtualWorld] Added obstacle at (4,8)
 [VirtualWorld] Added obstacle at (6,4)
 [VirtualWorld] Added obstacle at (2,8)
 [VirtualWorld] Added obstacle at (2,3)
 [VirtualWorld] Added obstacle at (6,5)
 [VirtualWorld] Added obstacle at (4,7)
 [VirtualWorld] Added obstacle at (5,5)
 [VirtualWorld] Added obstacle at (8,9)
 [VirtualWorld] Added obstacle at (9,7)
 [VirtualWorld] Added EarlyArmor_Normal treasure (level 1) at (2,5)
 [VirtualWorld] Added Slime monster at (8,7)
 [VirtualPitGenerator] Generated 9 obstacles, 1 treasures, 1 monsters, and 1 wizard orb
 [VirtualPitGenerator] Regenerating pit content for level 3
 [VirtualWorld] Cleared all entities and interior collisions
 [VirtualPitGenerator] Valid placement area for level 3: tiles (2,3) to (10,9)
 [VirtualPitGenerator] Level 3 calculated amounts:
 [VirtualPitGenerator]   Max Monsters: 2, Actual: 2
 [VirtualPitGenerator]   Max Chests: 2, Actual: 2
 [VirtualPitGenerator]   Min Obstacles: 5
 [VirtualPitGenerator]   Max Obstacles: 10, Actual: 6
 [VirtualWorld] Wizard orb positioned at (3,6)
 [VirtualPitGenerator] Generated wizard orb at (3,6)
 [VirtualWorld] Added obstacle at (3,4)
 [VirtualWorld] Added obstacle at (10,5)
 [VirtualWorld] Added obstacle at (5,6)
 [VirtualWorld] Added obstacle at (9,7)
 [VirtualWorld] Added obstacle at (2,3)
 [VirtualWorld] Added obstacle at (10,3)
 [VirtualWorld] Added EarlyAxe_Normal treasure (level 1) at (9,8)
 [VirtualWorld] Added EarlyHelm_Normal treasure (level 1) at (7,6)
 [VirtualWorld] Added Rat monster at (6,6)
 [VirtualWorld] Added Rat monster at (4,4)
 [VirtualPitGenerator] Generated 6 obstacles, 2 treasures, 2 monsters, and 1 wizard orb
 [VirtualPitGenerator] Regenerating pit content for level 4
 [VirtualWorld] Cleared all entities and interior collisions
 [VirtualPitGenerator] Valid placement area for level 4: tiles (2,3) to (10,9)
 [VirtualPitGenerator] Level 4 calculated amounts:
 [VirtualPitGenerator]   Max Monsters: 2, Actual: 2
 [VirtualPitGenerator]   Max Chests: 2, Actual: 2
 [VirtualPitGenerator]   Min Obstacles: 5
 [VirtualPitGenerator]   Max Obstacles: 10, Actual: 9
 [VirtualWorld] Wizard orb positioned at (5,3)
 [VirtualPitGenerator] Generated wizard orb at (5,3)
 [VirtualWorld] Added obstacle at (2,7)
 [VirtualWorld] Added obstacle at (6,6)
 [VirtualWorld] Added obstacle at (8,4)
 [VirtualWorld] Added obstacle at (7,5)
 [VirtualWorld] Added obstacle at (6,8)
 [VirtualWorld] Added obstacle at (9,5)
 [VirtualWorld] Added obstacle at (9,7)
 [VirtualWorld] Added obstacle at (2,5)
 [VirtualWorld] Added obstacle at (3,7)
 [VirtualWorld] Added EarlyHelm_Normal treasure (level 1) at (4,7)
 [VirtualWorld] Added EarlySpear_Normal treasure (level 1) at (2,3)
 [VirtualWorld] Added Bat monster at (8,3)
 [VirtualWorld] Added Rat monster at (8,6)
 [VirtualPitGenerator] Generated 9 obstacles, 2 treasures, 2 monsters, and 1 wizard orb
 [VirtualPitGenerator] Regenerating pit content for level 5
 [VirtualWorld] Cleared all entities and interior collisions
 [VirtualPitGenerator] Valid placement area for level 5: tiles (2,3) to (10,9)
 [VirtualPitGenerator] Level 5 calculated amounts:
 [VirtualPitGenerator]   Max Monsters: 2, Actual: 1
 [VirtualPitGenerator]   Max Chests: 2, Actual: 1
 [VirtualPitGenerator]   Min Obstacles: 5
 [VirtualPitGenerator]   Max Obstacles: 10, Actual: 7
 [VirtualWorld] Wizard orb positioned at (7,6)
 [VirtualPitGenerator] Generated wizard orb at (7,6)
 [VirtualWorld] Added obstacle at (10,4)
 [VirtualWorld] Added obstacle at (10,7)
 [VirtualWorld] Added obstacle at (3,9)
 [VirtualWorld] Added obstacle at (5,3)
 [VirtualWorld] Added obstacle at (2,6)
 [VirtualWorld] Added obstacle at (2,8)
 [VirtualWorld] Added obstacle at (4,6)
 [VirtualWorld] Added EarlyDagger_Normal treasure (level 1) at (9,4)
 [VirtualWorld] Added Stone Guardian monster at (9,9)
 [VirtualPitGenerator] Cave boss floor at level 5 with Stone Guardian (scaled level 10)
 [VirtualPitGenerator] Generated 7 obstacles, 1 treasures, 0 monsters, and 1 wizard orb
 [VirtualPitGenerator] Regenerating pit content for level 6
 [VirtualWorld] Cleared all entities and interior collisions
 [VirtualPitGenerator] Valid placement area for level 6: tiles (2,3) to (10,9)
 [VirtualPitGenerator] Level 6 calculated amounts:
 [VirtualPitGenerator]   Max Monsters: 2, Actual: 2
 [VirtualPitGenerator]   Max Chests: 2, Actual: 2
 [VirtualPitGenerator]   Min Obstacles: 5
 [VirtualPitGenerator]   Max Obstacles: 10, Actual: 10
 [VirtualWorld] Wizard orb positioned at (9,9)
 [VirtualPitGenerator] Generated wizard orb at (9,9)
 [VirtualWorld] Added obstacle at (9,7)
 [VirtualWorld] Added obstacle at (6,8)
 [VirtualWorld] Added obstacle at (6,7)
 [VirtualWorld] Added obstacle at (3,8)
 [VirtualWorld] Added obstacle at (7,4)
 [VirtualWorld] Added obstacle at (8,5)
 [VirtualWorld] Added obstacle at (8,8)
 [VirtualWorld] Added obstacle at (7,7)
 [VirtualWorld] Added obstacle at (4,3)
 [VirtualWorld] Added obstacle at (3,5)
 [VirtualWorld] Added MidAxe_Normal treasure (level 1) at (5,3)
 [VirtualWorld] Added MidArmor_Normal treasure (level 1) at (10,5)
 [VirtualWorld] Added Stone Beetle monster at (2,3)
 [VirtualWorld] Added Bat monster at (5,5)
 [VirtualPitGenerator] Generated 10 obstacles, 2 treasures, 2 monsters, and 1 wizard orb
 [VirtualPitGenerator] Regenerating pit content for level 7
 [VirtualWorld] Cleared all entities and interior collisions
 [VirtualPitGenerator] Valid placement area for level 7: tiles (2,3) to (10,9)
 [VirtualPitGenerator] Level 7 calculated amounts:
 [VirtualPitGenerator]   Max Monsters: 2, Actual: 2
 [VirtualPitGenerator]   Max Chests: 2, Actual: 2
 [VirtualPitGenerator]   Min Obstacles: 5
 [VirtualPitGenerator]   Max Obstacles: 10, Actual: 7
 [VirtualWorld] Wizard orb positioned at (2,5)
 [VirtualPitGenerator] Generated wizard orb at (2,5)
 [VirtualWorld] Added obstacle at (8,3)
 [VirtualWorld] Added obstacle at (10,8)
 [VirtualWorld] Added obstacle at (9,6)
 [VirtualWorld] Added obstacle at (10,6)
 [VirtualWorld] Added obstacle at (3,9)
 [VirtualWorld] Added obstacle at (5,8)
 [VirtualWorld] Added obstacle at (5,9)
 [VirtualWorld] Added MidAxe_Normal treasure (level 1) at (2,8)
 [VirtualWorld] Added MidHelm_Normal treasure (level 1) at (6,5)
 [VirtualWorld] Added Snake monster at (2,6)
 [VirtualWorld] Added Bat monster at (8,5)
 [VirtualPitGenerator] Generated 7 obstacles, 2 treasures, 2 monsters, and 1 wizard orb
 [VirtualPitGenerator] Regenerating pit content for level 8
 [VirtualWorld] Cleared all entities and interior collisions
 [VirtualPitGenerator] Valid placement area for level 8: tiles (2,3) to (10,9)
 [VirtualPitGenerator] Level 8 calculated amounts:
 [VirtualPitGenerator]   Max Monsters: 2, Actual: 1
 [VirtualPitGenerator]   Max Chests: 2, Actual: 1
 [VirtualPitGenerator]   Min Obstacles: 5
 [VirtualPitGenerator]   Max Obstacles: 10, Actual: 10
 [VirtualWorld] Wizard orb positioned at (4,8)
 [VirtualPitGenerator] Generated wizard orb at (4,8)
 [VirtualWorld] Added obstacle at (6,6)
 [VirtualWorld] Added obstacle at (6,9)
 [VirtualWorld] Added obstacle at (4,4)
 [VirtualWorld] Added obstacle at (8,3)
 [VirtualWorld] Added obstacle at (7,7)
 [VirtualWorld] Added obstacle at (2,4)
 [VirtualWorld] Added obstacle at (10,9)
 [VirtualWorld] Added obstacle at (5,9)
 [VirtualWorld] Added obstacle at (9,5)
 [VirtualWorld] Added obstacle at (9,6)
 [VirtualWorld] Added MidArmor_Normal treasure (level 1) at (8,8)
 [VirtualWorld] Added Goblin monster at (6,3)
 [VirtualPitGenerator] Generated 10 obstacles, 1 treasures, 1 monsters, and 1 wizard orb
 [VirtualPitGenerator] Regenerating pit content for level 9
 [VirtualWorld] Cleared all entities and interior collisions
 [VirtualPitGenerator] Valid placement area for level 9: tiles (2,3) to (10,9)
 [VirtualPitGenerator] Level 9 calculated amounts:
 [VirtualPitGenerator]   Max Monsters: 2, Actual: 1
 [VirtualPitGenerator]   Max Chests: 2, Actual: 1
 [VirtualPitGenerator]   Min Obstacles: 5
 [VirtualPitGenerator]   Max Obstacles: 10, Actual: 7
 [VirtualWorld] Wizard orb positioned at (6,4)
 [VirtualPitGenerator] Generated wizard orb at (6,4)
 [VirtualWorld] Added obstacle at (5,9)
 [VirtualWorld] Added obstacle at (10,3)
 [VirtualWorld] Added obstacle at (7,9)
 [VirtualWorld] Added obstacle at (6,8)
 [VirtualWorld] Added obstacle at (3,4)
 [VirtualWorld] Added obstacle at (7,7)
 [VirtualWorld] Added obstacle at (9,3)
 [VirtualWorld] Added MidStaff_Normal treasure (level 1) at (2,6)
 [VirtualWorld] Added Rat monster at (4,7)
 [VirtualPitGenerator] Generated 7 obstacles, 1 treasures, 1 monsters, and 1 wizard orb
 [VirtualPitGenerator] Regenerating pit content for level 10
 [VirtualWorld] Cleared all entities and interior collisions
 [VirtualPitGenerator] Valid placement area for level 10: tiles (2,3) to (10,9)
 [VirtualPitGenerator] Level 10 calculated amounts:
 [VirtualPitGenerator]   Max Monsters: 2, Actual: 2
 [VirtualPitGenerator]   Max Chests: 2, Actual: 2
 [VirtualPitGenerator]   Min Obstacles: 5
 [VirtualPitGenerator]   Max Obstacles: 10, Actual: 10
 [VirtualWorld] Wizard orb positioned at (8,8)
 [VirtualPitGenerator] Generated wizard orb at (8,8)
 [VirtualWorld] Added obstacle at (4,5)
 [VirtualWorld] Added obstacle at (6,4)
 [VirtualWorld] Added obstacle at (10,7)
 [VirtualWorld] Added obstacle at (4,6)
 [VirtualWorld] Added obstacle at (8,9)
 [VirtualWorld] Added obstacle at (4,3)
 [VirtualWorld] Added obstacle at (3,9)
 [VirtualWorld] Added obstacle at (3,4)
 [VirtualWorld] Added obstacle at (4,7)
 [VirtualWorld] Added obstacle at (6,7)
 [VirtualWorld] Added MidDagger_Normal treasure (level 1) at (10,6)
 [VirtualWorld] Added MidAxe_Normal treasure (level 1) at (2,5)
 [VirtualWorld] Added Pit Lord monster at (3,5)
 [VirtualPitGenerator] Cave boss floor at level 10 with Pit Lord (scaled level 18)
 [VirtualPitGenerator] Generated 10 obstacles, 2 treasures, 1 monsters, and 1 wizard orb
 [VirtualPitGenerator] Regenerating pit content for level 11
 [VirtualWorld] Cleared all entities and interior collisions
 [VirtualPitGenerator] Valid placement area for level 11: tiles (2,3) to (10,9)
 [VirtualPitGenerator] Level 11 calculated amounts:
 [VirtualPitGenerator]   Max Monsters: 2, Actual: 1
 [VirtualPitGenerator]   Max Chests: 2, Actual: 1
 [VirtualPitGenerator]   Min Obstacles: 5
 [VirtualPitGenerator]   Max Obstacles: 10, Actual: 7
 [VirtualWorld] Wizard orb positioned at (10,4)
 [VirtualPitGenerator] Generated wizard orb at (10,4)
 [VirtualWorld] Added obstacle at (3,8)
 [VirtualWorld] Added obstacle at (10,5)
 [VirtualWorld] Added obstacle at (4,5)
 [VirtualWorld] Added obstacle at (2,4)
 [VirtualWorld] Added obstacle at (3,7)
 [VirtualWorld] Added obstacle at (10,6)
 [VirtualWorld] Added obstacle at (9,9)
 [VirtualWorld] Added LateShield_Normal treasure (level 1) at (7,4)
 [VirtualWorld] Added Orc monster at (9,8)
 [VirtualPitGenerator] Generated 7 obstacles, 1 treasures, 1 monsters, and 1 wizard orb
 [VirtualPitGenerator] Regenerating pit content for level 12
 [VirtualWorld] Cleared all entities and interior collisions
 [VirtualPitGenerator] Valid placement area for level 12: tiles (2,3) to (10,9)
 [VirtualPitGenerator] Level 12 calculated amounts:
 [VirtualPitGenerator]   Max Monsters: 2, Actual: 1
 [VirtualPitGenerator]   Max Chests: 2, Actual: 1
 [VirtualPitGenerator]   Min Obstacles: 6
 [VirtualPitGenerator]   Max Obstacles: 11, Actual: 11
 [VirtualWorld] Wizard orb positioned at (3,7)
 [VirtualPitGenerator] Generated wizard orb at (3,7)
 [VirtualWorld] Added obstacle at (2,4)
 [VirtualWorld] Added obstacle at (6,6)
 [VirtualWorld] Added obstacle at (8,3)
 [VirtualWorld] Added obstacle at (9,9)
 [VirtualWorld] Added obstacle at (8,5)
 [VirtualWorld] Added obstacle at (6,9)
 [VirtualWorld] Added obstacle at (5,3)
 [VirtualWorld] Added obstacle at (10,5)
 [VirtualWorld] Added obstacle at (9,3)
 [VirtualWorld] Added obstacle at (4,9)
 [VirtualWorld] Added obstacle at (4,4)
 [VirtualWorld] Added LateStaff_Normal treasure (level 1) at (3,9)
 [VirtualWorld] Added Snake monster at (7,3)
 [VirtualPitGenerator] Generated 11 obstacles, 1 treasures, 1 monsters, and 1 wizard orb
 [VirtualPitGenerator] Regenerating pit content for level 13
 [VirtualWorld] Cleared all entities and interior collisions
 [VirtualPitGenerator] Valid placement area for level 13: tiles (2,3) to (10,9)
 [VirtualPitGenerator] Level 13 calculated amounts:
 [VirtualPitGenerator]   Max Monsters: 2, Actual: 2
 [VirtualPitGenerator]   Max Chests: 2, Actual: 2
 [VirtualPitGenerator]   Min Obstacles: 6
 [VirtualPitGenerator]   Max Obstacles: 11, Actual: 9
 [VirtualWorld] Wizard orb positioned at (4,3)
 [VirtualPitGenerator] Generated wizard orb at (4,3)
 [VirtualWorld] Added obstacle at (10,8)
 [VirtualWorld] Added obstacle at (10,7)
 [VirtualWorld] Added obstacle at (2,9)
 [VirtualWorld] Added obstacle at (7,6)
 [VirtualWorld] Added obstacle at (3,5)
 [VirtualWorld] Added obstacle at (2,3)
 [VirtualWorld] Added obstacle at (5,6)
 [VirtualWorld] Added obstacle at (2,4)
 [VirtualWorld] Added obstacle at (7,9)
 [VirtualWorld] Added LateAxe_Normal treasure (level 1) at (9,3)
 [VirtualWorld] Added LateHammer_Normal treasure (level 1) at (6,9)
 [VirtualWorld] Added Tunnel Worm monster at (4,4)
 [VirtualWorld] Added Skeleton monster at (9,4)
 [VirtualPitGenerator] Generated 9 obstacles, 2 treasures, 2 monsters, and 1 wizard orb
 [VirtualPitGenerator] Regenerating pit content for level 14
 [VirtualWorld] Cleared all entities and interior collisions
 [VirtualPitGenerator] Valid placement area for level 14: tiles (2,3) to (10,9)
 [VirtualPitGenerator] Level 14 calculated amounts:
 [VirtualPitGenerator]   Max Monsters: 2, Actual: 2
 [VirtualPitGenerator]   Max Chests: 2, Actual: 2
 [VirtualPitGenerator]   Min Obstacles: 7
 [VirtualPitGenerator]   Max Obstacles: 12, Actual: 7
 [VirtualWorld] Wizard orb positioned at (6,6)
 [VirtualPitGenerator] Generated wizard orb at (6,6)
 [VirtualWorld] Added obstacle at (9,4)
 [VirtualWorld] Added obstacle at (6,7)
 [VirtualWorld] Added obstacle at (5,7)
 [VirtualWorld] Added obstacle at (5,4)
 [VirtualWorld] Added obstacle at (8,8)
 [VirtualWorld] Added obstacle at (8,3)
 [VirtualWorld] Added obstacle at (8,7)
 [VirtualWorld] Added LateSword_Normal treasure (level 1) at (4,5)
 [VirtualWorld] Added LateSpear_Normal treasure (level 1) at (6,9)
 [VirtualWorld] Added Spider monster at (5,5)
 [VirtualWorld] Added Skeleton monster at (10,5)
 [VirtualPitGenerator] Generated 7 obstacles, 2 treasures, 2 monsters, and 1 wizard orb
 [VirtualPitGenerator] Regenerating pit content for level 15
 [VirtualWorld] Cleared all entities and interior collisions
 [VirtualPitGenerator] Valid placement area for level 15: tiles (2,3) to (10,9)
 [VirtualPitGenerator] Level 15 calculated amounts:
 [VirtualPitGenerator]   Max Monsters: 2, Actual: 1
 [VirtualPitGenerator]   Max Chests: 2, Actual: 1
 [VirtualPitGenerator]   Min Obstacles: 7
 [VirtualPitGenerator]   Max Obstacles: 12, Actual: 10
 [VirtualWorld] Wizard orb positioned at (8,9)
 [VirtualPitGenerator] Generated wizard orb at (8,9)
 [VirtualWorld] Added obstacle at (8,7)
 [VirtualWorld] Added obstacle at (10,8)
 [VirtualWorld] Added obstacle at (9,5)
 [VirtualWorld] Added obstacle at (3,9)
 [VirtualWorld] Added obstacle at (4,6)
 [VirtualWorld] Added obstacle at (5,4)
 [VirtualWorld] Added obstacle at (4,3)
 [VirtualWorld] Added obstacle at (3,8)
 [VirtualWorld] Added obstacle at (6,6)
 [VirtualWorld] Added obstacle at (4,4)
 [VirtualWorld] Added LateArmor_Uncommon treasure (level 2) at (10,7)
 [VirtualWorld] Added Earth Elemental monster at (5,5)
 [VirtualPitGenerator] Cave boss floor at level 15 with Earth Elemental (scaled level 28)
 [VirtualPitGenerator] Generated 10 obstacles, 1 treasures, 0 monsters, and 1 wizard orb
 [VirtualPitGenerator] Regenerating pit content for level 16
 [VirtualWorld] Cleared all entities and interior collisions
 [VirtualPitGenerator] Valid placement area for level 16: tiles (2,3) to (10,9)
 [VirtualPitGenerator] Level 16 calculated amounts:
 [VirtualPitGenerator]   Max Monsters: 3, Actual: 3
 [VirtualPitGenerator]   Max Chests: 3, Actual: 2
 [VirtualPitGenerator]   Min Obstacles: 7
 [VirtualPitGenerator]   Max Obstacles: 13, Actual: 7
 [VirtualWorld] Wizard orb positioned at (10,6)
 [VirtualPitGenerator] Generated wizard orb at (10,6)
 [VirtualWorld] Added obstacle at (6,3)
 [VirtualWorld] Added obstacle at (6,9)
 [VirtualWorld] Added obstacle at (3,3)
 [VirtualWorld] Added obstacle at (10,7)
 [VirtualWorld] Added obstacle at (9,4)
 [VirtualWorld] Added obstacle at (2,7)
 [VirtualWorld] Added obstacle at (10,3)
 [VirtualWorld] Added AdvancedDagger_Normal treasure (level 1) at (8,7)
 [VirtualWorld] Added AdvancedHelm_Normal treasure (level 1) at (9,7)
 [VirtualWorld] Added Magma Ooze monster at (8,8)
 [VirtualWorld] Added Wraith monster at (4,6)
 [VirtualWorld] Added Skeleton monster at (4,3)
 [VirtualPitGenerator] Generated 7 obstacles, 2 treasures, 3 monsters, and 1 wizard orb
 [VirtualPitGenerator] Regenerating pit content for level 17
 [VirtualWorld] Cleared all entities and interior collisions
 [VirtualPitGenerator] Valid placement area for level 17: tiles (2,3) to (10,9)
 [VirtualPitGenerator] Level 17 calculated amounts:
 [VirtualPitGenerator]   Max Monsters: 3, Actual: 2
 [VirtualPitGenerator]   Max Chests: 3, Actual: 3
 [VirtualPitGenerator]   Min Obstacles: 8
 [VirtualPitGenerator]   Max Obstacles: 13, Actual: 11
 [VirtualWorld] Wizard orb positioned at (3,9)
 [VirtualPitGenerator] Generated wizard orb at (3,9)
 [VirtualWorld] Added obstacle at (5,6)
 [VirtualWorld] Added obstacle at (10,3)
 [VirtualWorld] Added obstacle at (6,8)
 [VirtualWorld] Added obstacle at (8,5)
 [VirtualWorld] Added obstacle at (4,9)
 [VirtualWorld] Added obstacle at (7,3)
 [VirtualWorld] Added obstacle at (6,3)
 [VirtualWorld] Added obstacle at (2,9)
 [VirtualWorld] Added obstacle at (10,5)
 [VirtualWorld] Added obstacle at (6,6)
 [VirtualWorld] Added obstacle at (3,4)
 [VirtualWorld] Added AdvancedAxe_Normal treasure (level 1) at (8,6)
 [VirtualWorld] Added AdvancedAxe_Normal treasure (level 1) at (5,7)
 [VirtualWorld] Added AdvancedStaff_Normal treasure (level 1) at (10,4)
 [VirtualWorld] Added Orc monster at (5,8)
 [VirtualWorld] Added Orc monster at (9,8)
 [VirtualPitGenerator] Generated 11 obstacles, 3 treasures, 2 monsters, and 1 wizard orb
 [VirtualPitGenerator] Regenerating pit content for level 18
 [VirtualWorld] Cleared all entities and interior collisions
 [VirtualPitGenerator] Valid placement area for level 18: tiles (2,3) to (10,9)
 [VirtualPitGenerator] Level 18 calculated amounts:
 [VirtualPitGenerator]   Max Monsters: 3, Actual: 2
 [VirtualPitGenerator]   Max Chests: 3, Actual: 1
 [VirtualPitGenerator]   Min Obstacles: 8
 [VirtualPitGenerator]   Max Obstacles: 14, Actual: 8
 [VirtualWorld] Wizard orb positioned at (5,5)
 [VirtualPitGenerator] Generated wizard orb at (5,5)
 [VirtualWorld] Added obstacle at (4,9)
 [VirtualWorld] Added obstacle at (6,4)
 [VirtualWorld] Added obstacle at (10,6)
 [VirtualWorld] Added obstacle at (6,3)
 [VirtualWorld] Added obstacle at (9,7)
 [VirtualWorld] Added obstacle at (4,6)
 [VirtualWorld] Added obstacle at (3,4)
 [VirtualWorld] Added obstacle at (4,4)
 [VirtualWorld] Added AdvancedHammer_Uncommon treasure (level 2) at (4,3)
 [VirtualWorld] Added Lava Drake monster at (2,5)
 [VirtualWorld] Added Lava Drake monster at (6,7)
 [VirtualPitGenerator] Generated 8 obstacles, 1 treasures, 2 monsters, and 1 wizard orb
 [VirtualPitGenerator] Regenerating pit content for level 19
 [VirtualWorld] Cleared all entities and interior collisions
 [VirtualPitGenerator] Valid placement area for level 19: tiles (2,3) to (10,9)
 [VirtualPitGenerator] Level 19 calculated amounts:
 [VirtualPitGenerator]   Max Monsters: 3, Actual: 1
 [VirtualPitGenerator]   Max Chests: 3, Actual: 2
 [VirtualPitGenerator]   Min Obstacles: 8
 [VirtualPitGenerator]   Max Obstacles: 14, Actual: 12
 [VirtualWorld] Wizard orb positioned at (7,8)
 [VirtualPitGenerator] Generated wizard orb at (7,8)
 [VirtualWorld] Added obstacle at (3,5)
 [VirtualWorld] Added obstacle at (10,5)
 [VirtualWorld] Added obstacle at (4,5)
 [VirtualWorld] Added obstacle at (4,7)
 [VirtualWorld] Added obstacle at (5,4)
 [VirtualWorld] Added obstacle at (10,8)
 [VirtualWorld] Added obstacle at (8,4)
 [VirtualWorld] Added obstacle at (8,5)
 [VirtualWorld] Added obstacle at (6,4)
 [VirtualWorld] Added obstacle at (8,6)
 [VirtualWorld] Added obstacle at (6,8)
 [VirtualWorld] Added obstacle at (6,9)
 [VirtualWorld] Added AdvancedHelm_Normal treasure (level 1) at (8,3)
 [VirtualWorld] Added AdvancedShield_Normal treasure (level 1) at (5,9)
 [VirtualWorld] Added Wraith monster at (8,7)
 [VirtualPitGenerator] Generated 12 obstacles, 2 treasures, 1 monsters, and 1 wizard orb
 [VirtualPitGenerator] Regenerating pit content for level 20
 [VirtualWorld] Cleared all entities and interior collisions
 [VirtualPitGenerator] Valid placement area for level 20: tiles (2,3) to (10,9)
 [VirtualPitGenerator] Level 20 calculated amounts:
 [VirtualPitGenerator]   Max Monsters: 3, Actual: 3
 [VirtualPitGenerator]   Max Chests: 3, Actual: 3
 [VirtualPitGenerator]   Min Obstacles: 9
 [VirtualPitGenerator]   Max Obstacles: 14, Actual: 10
 [VirtualWorld] Wizard orb positioned at (9,4)
 [VirtualPitGenerator] Generated wizard orb at (9,4)
 [VirtualWorld] Added obstacle at (2,9)
 [VirtualWorld] Added obstacle at (6,6)
 [VirtualWorld] Added obstacle at (7,3)
 [VirtualWorld] Added obstacle at (2,5)
 [VirtualWorld] Added obstacle at (9,9)
 [VirtualWorld] Added obstacle at (6,4)
 [VirtualWorld] Added obstacle at (5,4)
 [VirtualWorld] Added obstacle at (2,6)
 [VirtualWorld] Added obstacle at (8,5)
 [VirtualWorld] Added obstacle at (2,7)
 [VirtualWorld] Added AdvancedSword_Uncommon treasure (level 3) at (5,3)
 [VirtualWorld] Added AdvancedSpear_Normal treasure (level 1) at (3,6)
 [VirtualWorld] Added AdvancedStaff_Uncommon treasure (level 2) at (6,7)
 [VirtualWorld] Added Molten Titan monster at (2,8)
 [VirtualPitGenerator] Cave boss floor at level 20 with Molten Titan (scaled level 38)
 [VirtualPitGenerator] Generated 10 obstacles, 3 treasures, 2 monsters, and 1 wizard orb
 [VirtualPitGenerator] Regenerating pit content for level 21
 [VirtualWorld] Cleared all entities and interior collisions
 [VirtualPitGenerator] Valid placement area for level 21: tiles (2,3) to (10,9)
 [VirtualPitGenerator] Level 21 calculated amounts:
 [VirtualPitGenerator]   Max Monsters: 3, Actual: 2
 [VirtualPitGenerator]   Max Chests: 3, Actual: 3
 [VirtualPitGenerator]   Min Obstacles: 9
 [VirtualPitGenerator]   Max Obstacles: 15, Actual: 13
 [VirtualWorld] Wizard orb positioned at (2,7)
 [VirtualPitGenerator] Generated wizard orb at (2,7)
 [VirtualWorld] Added obstacle at (10,5)
 [VirtualWorld] Added obstacle at (10,7)
 [VirtualWorld] Added obstacle at (2,8)
 [VirtualWorld] Added obstacle at (9,3)
 [VirtualWorld] Added obstacle at (5,7)
 [VirtualWorld] Added obstacle at (3,7)
 [VirtualWorld] Added obstacle at (2,4)
 [VirtualWorld] Added obstacle at (6,7)
 [VirtualWorld] Added obstacle at (2,6)
 [VirtualWorld] Added obstacle at (5,8)
 [VirtualWorld] Added obstacle at (2,9)
 [VirtualWorld] Added obstacle at (8,5)
 [VirtualWorld] Added obstacle at (10,9)
 [VirtualWorld] Added EliteHelm_Normal treasure (level 1) at (10,8)
 [VirtualWorld] Added EliteStaff_Normal treasure (level 1) at (8,9)
 [VirtualWorld] Added EliteHelm_Normal treasure (level 1) at (6,3)
 [VirtualWorld] Added Lava Drake monster at (4,6)
 [VirtualWorld] Added Stone Wyrm monster at (3,9)
 [VirtualPitGenerator] Generated 13 obstacles, 3 treasures, 2 monsters, and 1 wizard orb
 [VirtualPitGenerator] Regenerating pit content for level 22
 [VirtualWorld] Cleared all entities and interior collisions
 [VirtualPitGenerator] Valid placement area for level 22: tiles (2,3) to (10,9)
 [VirtualPitGenerator] Level 22 calculated amounts:
 [VirtualPitGenerator]   Max Monsters: 3, Actual: 1
 [VirtualPitGenerator]   Max Chests: 3, Actual: 1
 [VirtualPitGenerator]   Min Obstacles: 10
 [VirtualPitGenerator]   Max Obstacles: 15, Actual: 11
 [VirtualWorld] Wizard orb positioned at (4,3)
 [VirtualPitGenerator] Generated wizard orb at (4,3)
 [VirtualWorld] Added obstacle at (9,8)
 [VirtualWorld] Added obstacle at (6,7)
 [VirtualWorld] Added obstacle at (5,6)
 [VirtualWorld] Added obstacle at (7,8)
 [VirtualWorld] Added obstacle at (10,5)
 [VirtualWorld] Added obstacle at (8,3)
 [VirtualWorld] Added obstacle at (7,4)
 [VirtualWorld] Added obstacle at (4,7)
 [VirtualWorld] Added obstacle at (8,8)
 [VirtualWorld] Added obstacle at (9,5)
 [VirtualWorld] Added obstacle at (4,4)
 [VirtualWorld] Added EliteDagger_Normal treasure (level 1) at (6,5)
 [VirtualWorld] Added Cave Troll monster at (5,3)
 [VirtualPitGenerator] Generated 11 obstacles, 1 treasures, 1 monsters, and 1 wizard orb
 [VirtualPitGenerator] Regenerating pit content for level 23
 [VirtualWorld] Cleared all entities and interior collisions
 [VirtualPitGenerator] Valid placement area for level 23: tiles (2,3) to (10,9)
 [VirtualPitGenerator] Level 23 calculated amounts:
 [VirtualPitGenerator]   Max Monsters: 3, Actual: 3
 [VirtualPitGenerator]   Max Chests: 3, Actual: 2
 [VirtualPitGenerator]   Min Obstacles: 10
 [VirtualPitGenerator]   Max Obstacles: 16, Actual: 15
 [VirtualWorld] Wizard orb positioned at (6,7)
 [VirtualPitGenerator] Generated wizard orb at (6,7)
 [VirtualWorld] Added obstacle at (7,4)
 [VirtualWorld] Added obstacle at (10,8)
 [VirtualWorld] Added obstacle at (8,4)
 [VirtualWorld] Added obstacle at (5,6)
 [VirtualWorld] Added obstacle at (5,3)
 [VirtualWorld] Added obstacle at (4,5)
 [VirtualWorld] Added obstacle at (3,9)
 [VirtualWorld] Added obstacle at (6,9)
 [VirtualWorld] Added obstacle at (2,9)
 [VirtualWorld] Added obstacle at (4,7)
 [VirtualWorld] Added obstacle at (10,9)
 [VirtualWorld] Added obstacle at (7,7)
 [VirtualWorld] Added obstacle at (6,6)
 [VirtualWorld] Added obstacle at (8,3)
 [VirtualWorld] Added obstacle at (2,4)
 [VirtualWorld] Added EliteAxe_Uncommon treasure (level 3) at (9,3)
 [VirtualWorld] Added EliteSword_Uncommon treasure (level 2) at (9,5)
 [VirtualWorld] Added Orc monster at (2,5)
 [VirtualWorld] Added Shadow Beast monster at (9,4)
 [VirtualWorld] Added Wraith monster at (8,6)
 [VirtualPitGenerator] Generated 15 obstacles, 2 treasures, 3 monsters, and 1 wizard orb
 [VirtualPitGenerator] Regenerating pit content for level 24
 [VirtualWorld] Cleared all entities and interior collisions
 [VirtualPitGenerator] Valid placement area for level 24: tiles (2,3) to (10,9)
 [VirtualPitGenerator] Level 24 calculated amounts:
 [VirtualPitGenerator]   Max Monsters: 3, Actual: 2
 [VirtualPitGenerator]   Max Chests: 3, Actual: 3
 [VirtualPitGenerator]   Min Obstacles: 10
 [VirtualPitGenerator]   Max Obstacles: 16, Actual: 11
 [VirtualWorld] Wizard orb positioned at (8,3)
 [VirtualPitGenerator] Generated wizard orb at (8,3)
 [VirtualWorld] Added obstacle at (6,7)
 [VirtualWorld] Added obstacle at (6,9)
 [VirtualWorld] Added obstacle at (3,9)
 [VirtualWorld] Added obstacle at (3,3)
 [VirtualWorld] Added obstacle at (10,8)
 [VirtualWorld] Added obstacle at (2,9)
 [VirtualWorld] Added obstacle at (9,5)
 [VirtualWorld] Added obstacle at (7,3)
 [VirtualWorld] Added obstacle at (5,3)
 [VirtualWorld] Added obstacle at (10,6)
 [VirtualWorld] Added obstacle at (7,4)
 [VirtualWorld] Added EliteSword_Normal treasure (level 1) at (8,9)
 [VirtualWorld] Added EliteHammer_Normal treasure (level 1) at (9,9)
 [VirtualWorld] Added EliteShield_Uncommon treasure (level 2) at (7,9)
 [VirtualWorld] Added Crystal Golem monster at (9,6)
 [VirtualWorld] Added Skeleton monster at (3,6)
 [VirtualPitGenerator] Generated 11 obstacles, 3 treasures, 2 monsters, and 1 wizard orb
 [VirtualPitGenerator] Regenerating pit content for level 25
 [VirtualWorld] Cleared all entities and interior collisions
 [VirtualPitGenerator] Valid placement area for level 25: tiles (2,3) to (10,9)
 [VirtualPitGenerator] Level 25 calculated amounts:
 [VirtualPitGenerator]   Max Monsters: 3, Actual: 1
 [VirtualPitGenerator]   Max Chests: 3, Actual: 1
 [VirtualPitGenerator]   Min Obstacles: 11
 [VirtualPitGenerator]   Max Obstacles: 17, Actual: 16
 [VirtualWorld] Wizard orb positioned at (10,6)
 [VirtualPitGenerator] Generated wizard orb at (10,6)
 [VirtualWorld] Added obstacle at (5,3)
 [VirtualWorld] Added obstacle at (10,3)
 [VirtualWorld] Added obstacle at (6,7)
 [VirtualWorld] Added obstacle at (10,8)
 [VirtualWorld] Added obstacle at (6,6)
 [VirtualWorld] Added obstacle at (7,5)
 [VirtualWorld] Added obstacle at (6,5)
 [VirtualWorld] Added obstacle at (10,4)
 [VirtualWorld] Added obstacle at (8,4)
 [VirtualWorld] Added obstacle at (3,6)
 [VirtualWorld] Added obstacle at (3,5)
 [VirtualWorld] Added obstacle at (2,5)
 [VirtualWorld] Added obstacle at (9,8)
 [VirtualWorld] Added obstacle at (5,7)
 [VirtualWorld] Added obstacle at (3,7)
 [VirtualWorld] Added obstacle at (2,3)
 [VirtualWorld] Added EliteDagger_Uncommon treasure (level 2) at (9,7)
 [VirtualWorld] Added Ancient Wyrm monster at (7,4)
 [VirtualPitGenerator] Cave boss floor at level 25 with Ancient Wyrm (scaled level 46)
 [VirtualPitGenerator] Generated 16 obstacles, 1 treasures, 0 monsters, and 1 wizard orb


  Passed VirtualPitGenerator_CaveMonsterTypes_ShouldMatchEnemyPool [2 ms]
  Standard Output Messages:
 [VirtualWorld] Generated 5 obstacles and 1 wizard orb in pit
 [VirtualWorld] Regenerated pit at level 10, bounds: (1,2,14,9)
 [VirtualTiledMapService] Initialized basic tile patterns for PitWidthManager
 [VirtualPitWidthManager] Recorded FogOfWar index: 301
 [VirtualPitWidthManager] Recorded ground tile index: 104
 [VirtualPitWidthManager] baseOuterFloor[1] = 100
 [VirtualPitWidthManager] baseOuterFloor[2] = 103
 [VirtualPitWidthManager] baseOuterFloor[3] = 103
 [VirtualPitWidthManager] baseOuterFloor[4] = 103
 [VirtualPitWidthManager] baseOuterFloor[5] = 103
 [VirtualPitWidthManager] baseOuterFloor[6] = 103
 [VirtualPitWidthManager] baseOuterFloor[7] = 103
 [VirtualPitWidthManager] baseOuterFloor[8] = 103
 [VirtualPitWidthManager] baseOuterFloor[9] = 103
 [VirtualPitWidthManager] baseOuterFloor[10] = 103
 [VirtualPitWidthManager] baseOuterFloor[11] = 100
 [VirtualPitWidthManager] baseOuterFloor total: 11 tiles, 11 non-zero
 [VirtualPitWidthManager] collisionOuterFloor[1] = 0
 [VirtualPitWidthManager] collisionOuterFloor[2] = 0
 [VirtualPitWidthManager] collisionOuterFloor[3] = 0
 [VirtualPitWidthManager] collisionOuterFloor[4] = 0
 [VirtualPitWidthManager] collisionOuterFloor[5] = 0
 [VirtualPitWidthManager] collisionOuterFloor[6] = 0
 [VirtualPitWidthManager] collisionOuterFloor[7] = 0
 [VirtualPitWidthManager] collisionOuterFloor[8] = 0
 [VirtualPitWidthManager] collisionOuterFloor[9] = 0
 [VirtualPitWidthManager] collisionOuterFloor[10] = 0
 [VirtualPitWidthManager] collisionOuterFloor[11] = 0
 [VirtualPitWidthManager] collisionOuterFloor total: 11 tiles, 0 non-zero
 [VirtualPitWidthManager] baseInnerWall[1] = 102
 [VirtualPitWidthManager] baseInnerWall[2] = 102
 [VirtualPitWidthManager] baseInnerWall[3] = 102
 [VirtualPitWidthManager] baseInnerWall[4] = 102
 [VirtualPitWidthManager] baseInnerWall[5] = 102
 [VirtualPitWidthManager] baseInnerWall[6] = 102
 [VirtualPitWidthManager] baseInnerWall[7] = 102
 [VirtualPitWidthManager] baseInnerWall[8] = 102
 [VirtualPitWidthManager] baseInnerWall[9] = 102
 [VirtualPitWidthManager] baseInnerWall[10] = 102
 [VirtualPitWidthManager] baseInnerWall[11] = 102
 [VirtualPitWidthManager] baseInnerWall total: 11 tiles, 11 non-zero
 [VirtualPitWidthManager] collisionInnerWall[1] = 0
 [VirtualPitWidthManager] collisionInnerWall[2] = 201
 [VirtualPitWidthManager] collisionInnerWall[3] = 201
 [VirtualPitWidthManager] collisionInnerWall[4] = 201
 [VirtualPitWidthManager] collisionInnerWall[5] = 201
 [VirtualPitWidthManager] collisionInnerWall[6] = 201
 [VirtualPitWidthManager] collisionInnerWall[7] = 201
 [VirtualPitWidthManager] collisionInnerWall[8] = 201
 [VirtualPitWidthManager] collisionInnerWall[9] = 201
 [VirtualPitWidthManager] collisionInnerWall[10] = 201
 [VirtualPitWidthManager] collisionInnerWall[11] = 0
 [VirtualPitWidthManager] collisionInnerWall total: 11 tiles, 9 non-zero
 [VirtualPitWidthManager] baseInnerFloor[1] = 100
 [VirtualPitWidthManager] baseInnerFloor[2] = 101
 [VirtualPitWidthManager] baseInnerFloor[3] = 101
 [VirtualPitWidthManager] baseInnerFloor[4] = 101
 [VirtualPitWidthManager] baseInnerFloor[5] = 101
 [VirtualPitWidthManager] baseInnerFloor[6] = 101
 [VirtualPitWidthManager] baseInnerFloor[7] = 101
 [VirtualPitWidthManager] baseInnerFloor[8] = 101
 [VirtualPitWidthManager] baseInnerFloor[9] = 101
 [VirtualPitWidthManager] baseInnerFloor[10] = 101
 [VirtualPitWidthManager] baseInnerFloor[11] = 100
 [VirtualPitWidthManager] baseInnerFloor total: 11 tiles, 11 non-zero
 [VirtualPitWidthManager] collisionInnerFloor[1] = 0
 [VirtualPitWidthManager] collisionInnerFloor[2] = 0
 [VirtualPitWidthManager] collisionInnerFloor[3] = 0
 [VirtualPitWidthManager] collisionInnerFloor[4] = 0
 [VirtualPitWidthManager] collisionInnerFloor[5] = 0
 [VirtualPitWidthManager] collisionInnerFloor[6] = 0
 [VirtualPitWidthManager] collisionInnerFloor[7] = 0
 [VirtualPitWidthManager] collisionInnerFloor[8] = 0
 [VirtualPitWidthManager] collisionInnerFloor[9] = 0
 [VirtualPitWidthManager] collisionInnerFloor[10] = 0
 [VirtualPitWidthManager] collisionInnerFloor[11] = 0
 [VirtualPitWidthManager] collisionInnerFloor total: 11 tiles, 0 non-zero
 [VirtualPitWidthManager] Initialization complete. Current pit right edge: 13
 [VirtualPitGenerator] Regenerating pit content for level 1
 [VirtualWorld] Cleared all entities and interior collisions
 [VirtualPitGenerator] Valid placement area for level 1: tiles (2,3) to (10,9)
 [VirtualPitGenerator] Level 1 calculated amounts:
 [VirtualPitGenerator]   Max Monsters: 2, Actual: 1
 [VirtualPitGenerator]   Max Chests: 2, Actual: 1
 [VirtualPitGenerator]   Min Obstacles: 5
 [VirtualPitGenerator]   Max Obstacles: 10, Actual: 6
 [VirtualWorld] Wizard orb positioned at (8,7)
 [VirtualPitGenerator] Generated wizard orb at (8,7)
 [VirtualWorld] Added obstacle at (5,5)
 [VirtualWorld] Added obstacle at (10,3)
 [VirtualWorld] Added obstacle at (7,3)
 [VirtualWorld] Added obstacle at (4,5)
 [VirtualWorld] Added obstacle at (10,7)
 [VirtualWorld] Added obstacle at (7,4)
 [VirtualWorld] Added EarlyHelm_Normal treasure (level 1) at (7,7)
 [VirtualWorld] Added Bat monster at (2,4)
 [VirtualPitGenerator] Generated 6 obstacles, 1 treasures, 1 monsters, and 1 wizard orb
 [VirtualPitGenerator] Regenerating pit content for level 2
 [VirtualWorld] Cleared all entities and interior collisions
 [VirtualPitGenerator] Valid placement area for level 2: tiles (2,3) to (10,9)
 [VirtualPitGenerator] Level 2 calculated amounts:
 [VirtualPitGenerator]   Max Monsters: 2, Actual: 1
 [VirtualPitGenerator]   Max Chests: 2, Actual: 1
 [VirtualPitGenerator]   Min Obstacles: 5
 [VirtualPitGenerator]   Max Obstacles: 10, Actual: 9
 [VirtualWorld] Wizard orb positioned at (10,3)
 [VirtualPitGenerator] Generated wizard orb at (10,3)
 [VirtualWorld] Added obstacle at (4,8)
 [VirtualWorld] Added obstacle at (6,4)
 [VirtualWorld] Added obstacle at (2,8)
 [VirtualWorld] Added obstacle at (2,3)
 [VirtualWorld] Added obstacle at (6,5)
 [VirtualWorld] Added obstacle at (4,7)
 [VirtualWorld] Added obstacle at (5,5)
 [VirtualWorld] Added obstacle at (8,9)
 [VirtualWorld] Added obstacle at (9,7)
 [VirtualWorld] Added EarlyArmor_Normal treasure (level 1) at (2,5)
 [VirtualWorld] Added Slime monster at (8,7)
 [VirtualPitGenerator] Generated 9 obstacles, 1 treasures, 1 monsters, and 1 wizard orb
 [VirtualPitGenerator] Regenerating pit content for level 3
 [VirtualWorld] Cleared all entities and interior collisions
 [VirtualPitGenerator] Valid placement area for level 3: tiles (2,3) to (10,9)
 [VirtualPitGenerator] Level 3 calculated amounts:
 [VirtualPitGenerator]   Max Monsters: 2, Actual: 2
 [VirtualPitGenerator]   Max Chests: 2, Actual: 2
 [VirtualPitGenerator]   Min Obstacles: 5
 [VirtualPitGenerator]   Max Obstacles: 10, Actual: 6
 [VirtualWorld] Wizard orb positioned at (3,6)
 [VirtualPitGenerator] Generated wizard orb at (3,6)
 [VirtualWorld] Added obstacle at (3,4)
 [VirtualWorld] Added obstacle at (10,5)
 [VirtualWorld] Added obstacle at (5,6)
 [VirtualWorld] Added obstacle at (9,7)
 [VirtualWorld] Added obstacle at (2,3)
 [VirtualWorld] Added obstacle at (10,3)
 [VirtualWorld] Added EarlyAxe_Normal treasure (level 1) at (9,8)
 [VirtualWorld] Added EarlyHelm_Normal treasure (level 1) at (7,6)
 [VirtualWorld] Added Rat monster at (6,6)
 [VirtualWorld] Added Rat monster at (4,4)
 [VirtualPitGenerator] Generated 6 obstacles, 2 treasures, 2 monsters, and 1 wizard orb
 [VirtualPitGenerator] Regenerating pit content for level 4
 [VirtualWorld] Cleared all entities and interior collisions
 [VirtualPitGenerator] Valid placement area for level 4: tiles (2,3) to (10,9)
 [VirtualPitGenerator] Level 4 calculated amounts:
 [VirtualPitGenerator]   Max Monsters: 2, Actual: 2
 [VirtualPitGenerator]   Max Chests: 2, Actual: 2
 [VirtualPitGenerator]   Min Obstacles: 5
 [VirtualPitGenerator]   Max Obstacles: 10, Actual: 9
 [VirtualWorld] Wizard orb positioned at (5,3)
 [VirtualPitGenerator] Generated wizard orb at (5,3)
 [VirtualWorld] Added obstacle at (2,7)
 [VirtualWorld] Added obstacle at (6,6)
 [VirtualWorld] Added obstacle at (8,4)
 [VirtualWorld] Added obstacle at (7,5)
 [VirtualWorld] Added obstacle at (6,8)
 [VirtualWorld] Added obstacle at (9,5)
 [VirtualWorld] Added obstacle at (9,7)
 [VirtualWorld] Added obstacle at (2,5)
 [VirtualWorld] Added obstacle at (3,7)
 [VirtualWorld] Added EarlyHelm_Normal treasure (level 1) at (4,7)
 [VirtualWorld] Added EarlySpear_Normal treasure (level 1) at (2,3)
 [VirtualWorld] Added Bat monster at (8,3)
 [VirtualWorld] Added Rat monster at (8,6)
 [VirtualPitGenerator] Generated 9 obstacles, 2 treasures, 2 monsters, and 1 wizard orb
 [VirtualPitGenerator] Regenerating pit content for level 6
 [VirtualWorld] Cleared all entities and interior collisions
 [VirtualPitGenerator] Valid placement area for level 6: tiles (2,3) to (10,9)
 [VirtualPitGenerator] Level 6 calculated amounts:
 [VirtualPitGenerator]   Max Monsters: 2, Actual: 2
 [VirtualPitGenerator]   Max Chests: 2, Actual: 2
 [VirtualPitGenerator]   Min Obstacles: 5
 [VirtualPitGenerator]   Max Obstacles: 10, Actual: 10
 [VirtualWorld] Wizard orb positioned at (9,9)
 [VirtualPitGenerator] Generated wizard orb at (9,9)
 [VirtualWorld] Added obstacle at (9,7)
 [VirtualWorld] Added obstacle at (6,8)
 [VirtualWorld] Added obstacle at (6,7)
 [VirtualWorld] Added obstacle at (3,8)
 [VirtualWorld] Added obstacle at (7,4)
 [VirtualWorld] Added obstacle at (8,5)
 [VirtualWorld] Added obstacle at (8,8)
 [VirtualWorld] Added obstacle at (7,7)
 [VirtualWorld] Added obstacle at (4,3)
 [VirtualWorld] Added obstacle at (3,5)
 [VirtualWorld] Added MidAxe_Normal treasure (level 1) at (5,3)
 [VirtualWorld] Added MidArmor_Normal treasure (level 1) at (10,5)
 [VirtualWorld] Added Stone Beetle monster at (2,3)
 [VirtualWorld] Added Bat monster at (5,5)
 [VirtualPitGenerator] Generated 10 obstacles, 2 treasures, 2 monsters, and 1 wizard orb
 [VirtualPitGenerator] Regenerating pit content for level 7
 [VirtualWorld] Cleared all entities and interior collisions
 [VirtualPitGenerator] Valid placement area for level 7: tiles (2,3) to (10,9)
 [VirtualPitGenerator] Level 7 calculated amounts:
 [VirtualPitGenerator]   Max Monsters: 2, Actual: 2
 [VirtualPitGenerator]   Max Chests: 2, Actual: 2
 [VirtualPitGenerator]   Min Obstacles: 5
 [VirtualPitGenerator]   Max Obstacles: 10, Actual: 7
 [VirtualWorld] Wizard orb positioned at (2,5)
 [VirtualPitGenerator] Generated wizard orb at (2,5)
 [VirtualWorld] Added obstacle at (8,3)
 [VirtualWorld] Added obstacle at (10,8)
 [VirtualWorld] Added obstacle at (9,6)
 [VirtualWorld] Added obstacle at (10,6)
 [VirtualWorld] Added obstacle at (3,9)
 [VirtualWorld] Added obstacle at (5,8)
 [VirtualWorld] Added obstacle at (5,9)
 [VirtualWorld] Added MidAxe_Normal treasure (level 1) at (2,8)
 [VirtualWorld] Added MidHelm_Normal treasure (level 1) at (6,5)
 [VirtualWorld] Added Snake monster at (2,6)
 [VirtualWorld] Added Bat monster at (8,5)
 [VirtualPitGenerator] Generated 7 obstacles, 2 treasures, 2 monsters, and 1 wizard orb
 [VirtualPitGenerator] Regenerating pit content for level 8
 [VirtualWorld] Cleared all entities and interior collisions
 [VirtualPitGenerator] Valid placement area for level 8: tiles (2,3) to (10,9)
 [VirtualPitGenerator] Level 8 calculated amounts:
 [VirtualPitGenerator]   Max Monsters: 2, Actual: 1
 [VirtualPitGenerator]   Max Chests: 2, Actual: 1
 [VirtualPitGenerator]   Min Obstacles: 5
 [VirtualPitGenerator]   Max Obstacles: 10, Actual: 10
 [VirtualWorld] Wizard orb positioned at (4,8)
 [VirtualPitGenerator] Generated wizard orb at (4,8)
 [VirtualWorld] Added obstacle at (6,6)
 [VirtualWorld] Added obstacle at (6,9)
 [VirtualWorld] Added obstacle at (4,4)
 [VirtualWorld] Added obstacle at (8,3)
 [VirtualWorld] Added obstacle at (7,7)
 [VirtualWorld] Added obstacle at (2,4)
 [VirtualWorld] Added obstacle at (10,9)
 [VirtualWorld] Added obstacle at (5,9)
 [VirtualWorld] Added obstacle at (9,5)
 [VirtualWorld] Added obstacle at (9,6)
 [VirtualWorld] Added MidArmor_Normal treasure (level 1) at (8,8)
 [VirtualWorld] Added Goblin monster at (6,3)
 [VirtualPitGenerator] Generated 10 obstacles, 1 treasures, 1 monsters, and 1 wizard orb
 [VirtualPitGenerator] Regenerating pit content for level 9
 [VirtualWorld] Cleared all entities and interior collisions
 [VirtualPitGenerator] Valid placement area for level 9: tiles (2,3) to (10,9)
 [VirtualPitGenerator] Level 9 calculated amounts:
 [VirtualPitGenerator]   Max Monsters: 2, Actual: 1
 [VirtualPitGenerator]   Max Chests: 2, Actual: 1
 [VirtualPitGenerator]   Min Obstacles: 5
 [VirtualPitGenerator]   Max Obstacles: 10, Actual: 7
 [VirtualWorld] Wizard orb positioned at (6,4)
 [VirtualPitGenerator] Generated wizard orb at (6,4)
 [VirtualWorld] Added obstacle at (5,9)
 [VirtualWorld] Added obstacle at (10,3)
 [VirtualWorld] Added obstacle at (7,9)
 [VirtualWorld] Added obstacle at (6,8)
 [VirtualWorld] Added obstacle at (3,4)
 [VirtualWorld] Added obstacle at (7,7)
 [VirtualWorld] Added obstacle at (9,3)
 [VirtualWorld] Added MidStaff_Normal treasure (level 1) at (2,6)
 [VirtualWorld] Added Rat monster at (4,7)
 [VirtualPitGenerator] Generated 7 obstacles, 1 treasures, 1 monsters, and 1 wizard orb
 [VirtualPitGenerator] Regenerating pit content for level 11
 [VirtualWorld] Cleared all entities and interior collisions
 [VirtualPitGenerator] Valid placement area for level 11: tiles (2,3) to (10,9)
 [VirtualPitGenerator] Level 11 calculated amounts:
 [VirtualPitGenerator]   Max Monsters: 2, Actual: 1
 [VirtualPitGenerator]   Max Chests: 2, Actual: 1
 [VirtualPitGenerator]   Min Obstacles: 5
 [VirtualPitGenerator]   Max Obstacles: 10, Actual: 7
 [VirtualWorld] Wizard orb positioned at (10,4)
 [VirtualPitGenerator] Generated wizard orb at (10,4)
 [VirtualWorld] Added obstacle at (3,8)
 [VirtualWorld] Added obstacle at (10,5)
 [VirtualWorld] Added obstacle at (4,5)
 [VirtualWorld] Added obstacle at (2,4)
 [VirtualWorld] Added obstacle at (3,7)
 [VirtualWorld] Added obstacle at (10,6)
 [VirtualWorld] Added obstacle at (9,9)
 [VirtualWorld] Added LateShield_Normal treasure (level 1) at (7,4)
 [VirtualWorld] Added Orc monster at (9,8)
 [VirtualPitGenerator] Generated 7 obstacles, 1 treasures, 1 monsters, and 1 wizard orb
 [VirtualPitGenerator] Regenerating pit content for level 12
 [VirtualWorld] Cleared all entities and interior collisions
 [VirtualPitGenerator] Valid placement area for level 12: tiles (2,3) to (10,9)
 [VirtualPitGenerator] Level 12 calculated amounts:
 [VirtualPitGenerator]   Max Monsters: 2, Actual: 1
 [VirtualPitGenerator]   Max Chests: 2, Actual: 1
 [VirtualPitGenerator]   Min Obstacles: 6
 [VirtualPitGenerator]   Max Obstacles: 11, Actual: 11
 [VirtualWorld] Wizard orb positioned at (3,7)
 [VirtualPitGenerator] Generated wizard orb at (3,7)
 [VirtualWorld] Added obstacle at (2,4)
 [VirtualWorld] Added obstacle at (6,6)
 [VirtualWorld] Added obstacle at (8,3)
 [VirtualWorld] Added obstacle at (9,9)
 [VirtualWorld] Added obstacle at (8,5)
 [VirtualWorld] Added obstacle at (6,9)
 [VirtualWorld] Added obstacle at (5,3)
 [VirtualWorld] Added obstacle at (10,5)
 [VirtualWorld] Added obstacle at (9,3)
 [VirtualWorld] Added obstacle at (4,9)
 [VirtualWorld] Added obstacle at (4,4)
 [VirtualWorld] Added LateStaff_Normal treasure (level 1) at (3,9)
 [VirtualWorld] Added Snake monster at (7,3)
 [VirtualPitGenerator] Generated 11 obstacles, 1 treasures, 1 monsters, and 1 wizard orb
 [VirtualPitGenerator] Regenerating pit content for level 13
 [VirtualWorld] Cleared all entities and interior collisions
 [VirtualPitGenerator] Valid placement area for level 13: tiles (2,3) to (10,9)
 [VirtualPitGenerator] Level 13 calculated amounts:
 [VirtualPitGenerator]   Max Monsters: 2, Actual: 2
 [VirtualPitGenerator]   Max Chests: 2, Actual: 2
 [VirtualPitGenerator]   Min Obstacles: 6
 [VirtualPitGenerator]   Max Obstacles: 11, Actual: 9
 [VirtualWorld] Wizard orb positioned at (4,3)
 [VirtualPitGenerator] Generated wizard orb at (4,3)
 [VirtualWorld] Added obstacle at (10,8)
 [VirtualWorld] Added obstacle at (10,7)
 [VirtualWorld] Added obstacle at (2,9)
 [VirtualWorld] Added obstacle at (7,6)
 [VirtualWorld] Added obstacle at (3,5)
 [VirtualWorld] Added obstacle at (2,3)
 [VirtualWorld] Added obstacle at (5,6)
 [VirtualWorld] Added obstacle at (2,4)
 [VirtualWorld] Added obstacle at (7,9)
 [VirtualWorld] Added LateAxe_Normal treasure (level 1) at (9,3)
 [VirtualWorld] Added LateHammer_Normal treasure (level 1) at (6,9)
 [VirtualWorld] Added Tunnel Worm monster at (4,4)
 [VirtualWorld] Added Skeleton monster at (9,4)
 [VirtualPitGenerator] Generated 9 obstacles, 2 treasures, 2 monsters, and 1 wizard orb
 [VirtualPitGenerator] Regenerating pit content for level 14
 [VirtualWorld] Cleared all entities and interior collisions
 [VirtualPitGenerator] Valid placement area for level 14: tiles (2,3) to (10,9)
 [VirtualPitGenerator] Level 14 calculated amounts:
 [VirtualPitGenerator]   Max Monsters: 2, Actual: 2
 [VirtualPitGenerator]   Max Chests: 2, Actual: 2
 [VirtualPitGenerator]   Min Obstacles: 7
 [VirtualPitGenerator]   Max Obstacles: 12, Actual: 7
 [VirtualWorld] Wizard orb positioned at (6,6)
 [VirtualPitGenerator] Generated wizard orb at (6,6)
 [VirtualWorld] Added obstacle at (9,4)
 [VirtualWorld] Added obstacle at (6,7)
 [VirtualWorld] Added obstacle at (5,7)
 [VirtualWorld] Added obstacle at (5,4)
 [VirtualWorld] Added obstacle at (8,8)
 [VirtualWorld] Added obstacle at (8,3)
 [VirtualWorld] Added obstacle at (8,7)
 [VirtualWorld] Added LateSword_Normal treasure (level 1) at (4,5)
 [VirtualWorld] Added LateSpear_Normal treasure (level 1) at (6,9)
 [VirtualWorld] Added Spider monster at (5,5)
 [VirtualWorld] Added Skeleton monster at (10,5)
 [VirtualPitGenerator] Generated 7 obstacles, 2 treasures, 2 monsters, and 1 wizard orb
 [VirtualPitGenerator] Regenerating pit content for level 16
 [VirtualWorld] Cleared all entities and interior collisions
 [VirtualPitGenerator] Valid placement area for level 16: tiles (2,3) to (10,9)
 [VirtualPitGenerator] Level 16 calculated amounts:
 [VirtualPitGenerator]   Max Monsters: 3, Actual: 3
 [VirtualPitGenerator]   Max Chests: 3, Actual: 2
 [VirtualPitGenerator]   Min Obstacles: 7
 [VirtualPitGenerator]   Max Obstacles: 13, Actual: 7
 [VirtualWorld] Wizard orb positioned at (10,6)
 [VirtualPitGenerator] Generated wizard orb at (10,6)
 [VirtualWorld] Added obstacle at (6,3)
 [VirtualWorld] Added obstacle at (6,9)
 [VirtualWorld] Added obstacle at (3,3)
 [VirtualWorld] Added obstacle at (10,7)
 [VirtualWorld] Added obstacle at (9,4)
 [VirtualWorld] Added obstacle at (2,7)
 [VirtualWorld] Added obstacle at (10,3)
 [VirtualWorld] Added AdvancedDagger_Normal treasure (level 1) at (8,7)
 [VirtualWorld] Added AdvancedHelm_Normal treasure (level 1) at (9,7)
 [VirtualWorld] Added Magma Ooze monster at (8,8)
 [VirtualWorld] Added Wraith monster at (4,6)
 [VirtualWorld] Added Skeleton monster at (4,3)
 [VirtualPitGenerator] Generated 7 obstacles, 2 treasures, 3 monsters, and 1 wizard orb
 [VirtualPitGenerator] Regenerating pit content for level 17
 [VirtualWorld] Cleared all entities and interior collisions
 [VirtualPitGenerator] Valid placement area for level 17: tiles (2,3) to (10,9)
 [VirtualPitGenerator] Level 17 calculated amounts:
 [VirtualPitGenerator]   Max Monsters: 3, Actual: 2
 [VirtualPitGenerator]   Max Chests: 3, Actual: 3
 [VirtualPitGenerator]   Min Obstacles: 8
 [VirtualPitGenerator]   Max Obstacles: 13, Actual: 11
 [VirtualWorld] Wizard orb positioned at (3,9)
 [VirtualPitGenerator] Generated wizard orb at (3,9)
 [VirtualWorld] Added obstacle at (5,6)
 [VirtualWorld] Added obstacle at (10,3)
 [VirtualWorld] Added obstacle at (6,8)
 [VirtualWorld] Added obstacle at (8,5)
 [VirtualWorld] Added obstacle at (4,9)
 [VirtualWorld] Added obstacle at (7,3)
 [VirtualWorld] Added obstacle at (6,3)
 [VirtualWorld] Added obstacle at (2,9)
 [VirtualWorld] Added obstacle at (10,5)
 [VirtualWorld] Added obstacle at (6,6)
 [VirtualWorld] Added obstacle at (3,4)
 [VirtualWorld] Added AdvancedAxe_Normal treasure (level 1) at (8,6)
 [VirtualWorld] Added AdvancedAxe_Normal treasure (level 1) at (5,7)
 [VirtualWorld] Added AdvancedStaff_Normal treasure (level 1) at (10,4)
 [VirtualWorld] Added Orc monster at (5,8)
 [VirtualWorld] Added Orc monster at (9,8)
 [VirtualPitGenerator] Generated 11 obstacles, 3 treasures, 2 monsters, and 1 wizard orb
 [VirtualPitGenerator] Regenerating pit content for level 18
 [VirtualWorld] Cleared all entities and interior collisions
 [VirtualPitGenerator] Valid placement area for level 18: tiles (2,3) to (10,9)
 [VirtualPitGenerator] Level 18 calculated amounts:
 [VirtualPitGenerator]   Max Monsters: 3, Actual: 2
 [VirtualPitGenerator]   Max Chests: 3, Actual: 1
 [VirtualPitGenerator]   Min Obstacles: 8
 [VirtualPitGenerator]   Max Obstacles: 14, Actual: 8
 [VirtualWorld] Wizard orb positioned at (5,5)
 [VirtualPitGenerator] Generated wizard orb at (5,5)
 [VirtualWorld] Added obstacle at (4,9)
 [VirtualWorld] Added obstacle at (6,4)
 [VirtualWorld] Added obstacle at (10,6)
 [VirtualWorld] Added obstacle at (6,3)
 [VirtualWorld] Added obstacle at (9,7)
 [VirtualWorld] Added obstacle at (4,6)
 [VirtualWorld] Added obstacle at (3,4)
 [VirtualWorld] Added obstacle at (4,4)
 [VirtualWorld] Added AdvancedHammer_Uncommon treasure (level 2) at (4,3)
 [VirtualWorld] Added Lava Drake monster at (2,5)
 [VirtualWorld] Added Lava Drake monster at (6,7)
 [VirtualPitGenerator] Generated 8 obstacles, 1 treasures, 2 monsters, and 1 wizard orb
 [VirtualPitGenerator] Regenerating pit content for level 19
 [VirtualWorld] Cleared all entities and interior collisions
 [VirtualPitGenerator] Valid placement area for level 19: tiles (2,3) to (10,9)
 [VirtualPitGenerator] Level 19 calculated amounts:
 [VirtualPitGenerator]   Max Monsters: 3, Actual: 1
 [VirtualPitGenerator]   Max Chests: 3, Actual: 2
 [VirtualPitGenerator]   Min Obstacles: 8
 [VirtualPitGenerator]   Max Obstacles: 14, Actual: 12
 [VirtualWorld] Wizard orb positioned at (7,8)
 [VirtualPitGenerator] Generated wizard orb at (7,8)
 [VirtualWorld] Added obstacle at (3,5)
 [VirtualWorld] Added obstacle at (10,5)
 [VirtualWorld] Added obstacle at (4,5)
 [VirtualWorld] Added obstacle at (4,7)
 [VirtualWorld] Added obstacle at (5,4)
 [VirtualWorld] Added obstacle at (10,8)
 [VirtualWorld] Added obstacle at (8,4)
 [VirtualWorld] Added obstacle at (8,5)
 [VirtualWorld] Added obstacle at (6,4)
 [VirtualWorld] Added obstacle at (8,6)
 [VirtualWorld] Added obstacle at (6,8)
 [VirtualWorld] Added obstacle at (6,9)
 [VirtualWorld] Added AdvancedHelm_Normal treasure (level 1) at (8,3)
 [VirtualWorld] Added AdvancedShield_Normal treasure (level 1) at (5,9)
 [VirtualWorld] Added Wraith monster at (8,7)
 [VirtualPitGenerator] Generated 12 obstacles, 2 treasures, 1 monsters, and 1 wizard orb
 [VirtualPitGenerator] Regenerating pit content for level 21
 [VirtualWorld] Cleared all entities and interior collisions
 [VirtualPitGenerator] Valid placement area for level 21: tiles (2,3) to (10,9)
 [VirtualPitGenerator] Level 21 calculated amounts:
 [VirtualPitGenerator]   Max Monsters: 3, Actual: 2
 [VirtualPitGenerator]   Max Chests: 3, Actual: 3
 [VirtualPitGenerator]   Min Obstacles: 9
 [VirtualPitGenerator]   Max Obstacles: 15, Actual: 13
 [VirtualWorld] Wizard orb positioned at (2,7)
 [VirtualPitGenerator] Generated wizard orb at (2,7)
 [VirtualWorld] Added obstacle at (10,5)
 [VirtualWorld] Added obstacle at (10,7)
 [VirtualWorld] Added obstacle at (2,8)
 [VirtualWorld] Added obstacle at (9,3)
 [VirtualWorld] Added obstacle at (5,7)
 [VirtualWorld] Added obstacle at (3,7)
 [VirtualWorld] Added obstacle at (2,4)
 [VirtualWorld] Added obstacle at (6,7)
 [VirtualWorld] Added obstacle at (2,6)
 [VirtualWorld] Added obstacle at (5,8)
 [VirtualWorld] Added obstacle at (2,9)
 [VirtualWorld] Added obstacle at (8,5)
 [VirtualWorld] Added obstacle at (10,9)
 [VirtualWorld] Added EliteHelm_Normal treasure (level 1) at (10,8)
 [VirtualWorld] Added EliteStaff_Normal treasure (level 1) at (8,9)
 [VirtualWorld] Added EliteHelm_Normal treasure (level 1) at (6,3)
 [VirtualWorld] Added Lava Drake monster at (4,6)
 [VirtualWorld] Added Stone Wyrm monster at (3,9)
 [VirtualPitGenerator] Generated 13 obstacles, 3 treasures, 2 monsters, and 1 wizard orb
 [VirtualPitGenerator] Regenerating pit content for level 22
 [VirtualWorld] Cleared all entities and interior collisions
 [VirtualPitGenerator] Valid placement area for level 22: tiles (2,3) to (10,9)
 [VirtualPitGenerator] Level 22 calculated amounts:
 [VirtualPitGenerator]   Max Monsters: 3, Actual: 1
 [VirtualPitGenerator]   Max Chests: 3, Actual: 1
 [VirtualPitGenerator]   Min Obstacles: 10
 [VirtualPitGenerator]   Max Obstacles: 15, Actual: 11
 [VirtualWorld] Wizard orb positioned at (4,3)
 [VirtualPitGenerator] Generated wizard orb at (4,3)
 [VirtualWorld] Added obstacle at (9,8)
 [VirtualWorld] Added obstacle at (6,7)
 [VirtualWorld] Added obstacle at (5,6)
 [VirtualWorld] Added obstacle at (7,8)
 [VirtualWorld] Added obstacle at (10,5)
 [VirtualWorld] Added obstacle at (8,3)
 [VirtualWorld] Added obstacle at (7,4)
 [VirtualWorld] Added obstacle at (4,7)
 [VirtualWorld] Added obstacle at (8,8)
 [VirtualWorld] Added obstacle at (9,5)
 [VirtualWorld] Added obstacle at (4,4)
 [VirtualWorld] Added EliteDagger_Normal treasure (level 1) at (6,5)
 [VirtualWorld] Added Cave Troll monster at (5,3)
 [VirtualPitGenerator] Generated 11 obstacles, 1 treasures, 1 monsters, and 1 wizard orb
 [VirtualPitGenerator] Regenerating pit content for level 23
 [VirtualWorld] Cleared all entities and interior collisions
 [VirtualPitGenerator] Valid placement area for level 23: tiles (2,3) to (10,9)
 [VirtualPitGenerator] Level 23 calculated amounts:
 [VirtualPitGenerator]   Max Monsters: 3, Actual: 3
 [VirtualPitGenerator]   Max Chests: 3, Actual: 2
 [VirtualPitGenerator]   Min Obstacles: 10
 [VirtualPitGenerator]   Max Obstacles: 16, Actual: 15
 [VirtualWorld] Wizard orb positioned at (6,7)
 [VirtualPitGenerator] Generated wizard orb at (6,7)
 [VirtualWorld] Added obstacle at (7,4)
 [VirtualWorld] Added obstacle at (10,8)
 [VirtualWorld] Added obstacle at (8,4)
 [VirtualWorld] Added obstacle at (5,6)
 [VirtualWorld] Added obstacle at (5,3)
 [VirtualWorld] Added obstacle at (4,5)
 [VirtualWorld] Added obstacle at (3,9)
 [VirtualWorld] Added obstacle at (6,9)
 [VirtualWorld] Added obstacle at (2,9)
 [VirtualWorld] Added obstacle at (4,7)
 [VirtualWorld] Added obstacle at (10,9)
 [VirtualWorld] Added obstacle at (7,7)
 [VirtualWorld] Added obstacle at (6,6)
 [VirtualWorld] Added obstacle at (8,3)
 [VirtualWorld] Added obstacle at (2,4)
 [VirtualWorld] Added EliteAxe_Uncommon treasure (level 3) at (9,3)
 [VirtualWorld] Added EliteSword_Uncommon treasure (level 2) at (9,5)
 [VirtualWorld] Added Orc monster at (2,5)
 [VirtualWorld] Added Shadow Beast monster at (9,4)
 [VirtualWorld] Added Wraith monster at (8,6)
 [VirtualPitGenerator] Generated 15 obstacles, 2 treasures, 3 monsters, and 1 wizard orb
 [VirtualPitGenerator] Regenerating pit content for level 24
 [VirtualWorld] Cleared all entities and interior collisions
 [VirtualPitGenerator] Valid placement area for level 24: tiles (2,3) to (10,9)
 [VirtualPitGenerator] Level 24 calculated amounts:
 [VirtualPitGenerator]   Max Monsters: 3, Actual: 2
 [VirtualPitGenerator]   Max Chests: 3, Actual: 3
 [VirtualPitGenerator]   Min Obstacles: 10
 [VirtualPitGenerator]   Max Obstacles: 16, Actual: 11
 [VirtualWorld] Wizard orb positioned at (8,3)
 [VirtualPitGenerator] Generated wizard orb at (8,3)
 [VirtualWorld] Added obstacle at (6,7)
 [VirtualWorld] Added obstacle at (6,9)
 [VirtualWorld] Added obstacle at (3,9)
 [VirtualWorld] Added obstacle at (3,3)
 [VirtualWorld] Added obstacle at (10,8)
 [VirtualWorld] Added obstacle at (2,9)
 [VirtualWorld] Added obstacle at (9,5)
 [VirtualWorld] Added obstacle at (7,3)
 [VirtualWorld] Added obstacle at (5,3)
 [VirtualWorld] Added obstacle at (10,6)
 [VirtualWorld] Added obstacle at (7,4)
 [VirtualWorld] Added EliteSword_Normal treasure (level 1) at (8,9)
 [VirtualWorld] Added EliteHammer_Normal treasure (level 1) at (9,9)
 [VirtualWorld] Added EliteShield_Uncommon treasure (level 2) at (7,9)
 [VirtualWorld] Added Crystal Golem monster at (9,6)
 [VirtualWorld] Added Skeleton monster at (3,6)
 [VirtualPitGenerator] Generated 11 obstacles, 3 treasures, 2 monsters, and 1 wizard orb


  Passed VirtualPitGenerator_CaveBossFloors_ShouldSpawnBossType [< 1 ms]
  Standard Output Messages:
 [VirtualWorld] Generated 5 obstacles and 1 wizard orb in pit
 [VirtualWorld] Regenerated pit at level 10, bounds: (1,2,14,9)
 [VirtualTiledMapService] Initialized basic tile patterns for PitWidthManager
 [VirtualPitWidthManager] Recorded FogOfWar index: 301
 [VirtualPitWidthManager] Recorded ground tile index: 104
 [VirtualPitWidthManager] baseOuterFloor[1] = 100
 [VirtualPitWidthManager] baseOuterFloor[2] = 103
 [VirtualPitWidthManager] baseOuterFloor[3] = 103
 [VirtualPitWidthManager] baseOuterFloor[4] = 103
 [VirtualPitWidthManager] baseOuterFloor[5] = 103
 [VirtualPitWidthManager] baseOuterFloor[6] = 103
 [VirtualPitWidthManager] baseOuterFloor[7] = 103
 [VirtualPitWidthManager] baseOuterFloor[8] = 103
 [VirtualPitWidthManager] baseOuterFloor[9] = 103
 [VirtualPitWidthManager] baseOuterFloor[10] = 103
 [VirtualPitWidthManager] baseOuterFloor[11] = 100
 [VirtualPitWidthManager] baseOuterFloor total: 11 tiles, 11 non-zero
 [VirtualPitWidthManager] collisionOuterFloor[1] = 0
 [VirtualPitWidthManager] collisionOuterFloor[2] = 0
 [VirtualPitWidthManager] collisionOuterFloor[3] = 0
 [VirtualPitWidthManager] collisionOuterFloor[4] = 0
 [VirtualPitWidthManager] collisionOuterFloor[5] = 0
 [VirtualPitWidthManager] collisionOuterFloor[6] = 0
 [VirtualPitWidthManager] collisionOuterFloor[7] = 0
 [VirtualPitWidthManager] collisionOuterFloor[8] = 0
 [VirtualPitWidthManager] collisionOuterFloor[9] = 0
 [VirtualPitWidthManager] collisionOuterFloor[10] = 0
 [VirtualPitWidthManager] collisionOuterFloor[11] = 0
 [VirtualPitWidthManager] collisionOuterFloor total: 11 tiles, 0 non-zero
 [VirtualPitWidthManager] baseInnerWall[1] = 102
 [VirtualPitWidthManager] baseInnerWall[2] = 102
 [VirtualPitWidthManager] baseInnerWall[3] = 102
 [VirtualPitWidthManager] baseInnerWall[4] = 102
 [VirtualPitWidthManager] baseInnerWall[5] = 102
 [VirtualPitWidthManager] baseInnerWall[6] = 102
 [VirtualPitWidthManager] baseInnerWall[7] = 102
 [VirtualPitWidthManager] baseInnerWall[8] = 102
 [VirtualPitWidthManager] baseInnerWall[9] = 102
 [VirtualPitWidthManager] baseInnerWall[10] = 102
 [VirtualPitWidthManager] baseInnerWall[11] = 102
 [VirtualPitWidthManager] baseInnerWall total: 11 tiles, 11 non-zero
 [VirtualPitWidthManager] collisionInnerWall[1] = 0
 [VirtualPitWidthManager] collisionInnerWall[2] = 201
 [VirtualPitWidthManager] collisionInnerWall[3] = 201
 [VirtualPitWidthManager] collisionInnerWall[4] = 201
 [VirtualPitWidthManager] collisionInnerWall[5] = 201
 [VirtualPitWidthManager] collisionInnerWall[6] = 201
 [VirtualPitWidthManager] collisionInnerWall[7] = 201
 [VirtualPitWidthManager] collisionInnerWall[8] = 201
 [VirtualPitWidthManager] collisionInnerWall[9] = 201
 [VirtualPitWidthManager] collisionInnerWall[10] = 201
 [VirtualPitWidthManager] collisionInnerWall[11] = 0
 [VirtualPitWidthManager] collisionInnerWall total: 11 tiles, 9 non-zero
 [VirtualPitWidthManager] baseInnerFloor[1] = 100
 [VirtualPitWidthManager] baseInnerFloor[2] = 101
 [VirtualPitWidthManager] baseInnerFloor[3] = 101
 [VirtualPitWidthManager] baseInnerFloor[4] = 101
 [VirtualPitWidthManager] baseInnerFloor[5] = 101
 [VirtualPitWidthManager] baseInnerFloor[6] = 101
 [VirtualPitWidthManager] baseInnerFloor[7] = 101
 [VirtualPitWidthManager] baseInnerFloor[8] = 101
 [VirtualPitWidthManager] baseInnerFloor[9] = 101
 [VirtualPitWidthManager] baseInnerFloor[10] = 101
 [VirtualPitWidthManager] baseInnerFloor[11] = 100
 [VirtualPitWidthManager] baseInnerFloor total: 11 tiles, 11 non-zero
 [VirtualPitWidthManager] collisionInnerFloor[1] = 0
 [VirtualPitWidthManager] collisionInnerFloor[2] = 0
 [VirtualPitWidthManager] collisionInnerFloor[3] = 0
 [VirtualPitWidthManager] collisionInnerFloor[4] = 0
 [VirtualPitWidthManager] collisionInnerFloor[5] = 0
 [VirtualPitWidthManager] collisionInnerFloor[6] = 0
 [VirtualPitWidthManager] collisionInnerFloor[7] = 0
 [VirtualPitWidthManager] collisionInnerFloor[8] = 0
 [VirtualPitWidthManager] collisionInnerFloor[9] = 0
 [VirtualPitWidthManager] collisionInnerFloor[10] = 0
 [VirtualPitWidthManager] collisionInnerFloor[11] = 0
 [VirtualPitWidthManager] collisionInnerFloor total: 11 tiles, 0 non-zero
 [VirtualPitWidthManager] Initialization complete. Current pit right edge: 13
 [VirtualPitGenerator] Regenerating pit content for level 5
 [VirtualWorld] Cleared all entities and interior collisions
 [VirtualPitGenerator] Valid placement area for level 5: tiles (2,3) to (10,9)
 [VirtualPitGenerator] Level 5 calculated amounts:
 [VirtualPitGenerator]   Max Monsters: 2, Actual: 1
 [VirtualPitGenerator]   Max Chests: 2, Actual: 1
 [VirtualPitGenerator]   Min Obstacles: 5
 [VirtualPitGenerator]   Max Obstacles: 10, Actual: 7
 [VirtualWorld] Wizard orb positioned at (7,6)
 [VirtualPitGenerator] Generated wizard orb at (7,6)
 [VirtualWorld] Added obstacle at (10,4)
 [VirtualWorld] Added obstacle at (10,7)
 [VirtualWorld] Added obstacle at (3,9)
 [VirtualWorld] Added obstacle at (5,3)
 [VirtualWorld] Added obstacle at (2,6)
 [VirtualWorld] Added obstacle at (2,8)
 [VirtualWorld] Added obstacle at (4,6)
 [VirtualWorld] Added EarlyDagger_Normal treasure (level 1) at (9,4)
 [VirtualWorld] Added Stone Guardian monster at (9,9)
 [VirtualPitGenerator] Cave boss floor at level 5 with Stone Guardian (scaled level 10)
 [VirtualPitGenerator] Generated 7 obstacles, 1 treasures, 0 monsters, and 1 wizard orb
 [VirtualPitGenerator] Regenerating pit content for level 10
 [VirtualWorld] Cleared all entities and interior collisions
 [VirtualPitGenerator] Valid placement area for level 10: tiles (2,3) to (10,9)
 [VirtualPitGenerator] Level 10 calculated amounts:
 [VirtualPitGenerator]   Max Monsters: 2, Actual: 2
 [VirtualPitGenerator]   Max Chests: 2, Actual: 2
 [VirtualPitGenerator]   Min Obstacles: 5
 [VirtualPitGenerator]   Max Obstacles: 10, Actual: 10
 [VirtualWorld] Wizard orb positioned at (8,8)
 [VirtualPitGenerator] Generated wizard orb at (8,8)
 [VirtualWorld] Added obstacle at (4,5)
 [VirtualWorld] Added obstacle at (6,4)
 [VirtualWorld] Added obstacle at (10,7)
 [VirtualWorld] Added obstacle at (4,6)
 [VirtualWorld] Added obstacle at (8,9)
 [VirtualWorld] Added obstacle at (4,3)
 [VirtualWorld] Added obstacle at (3,9)
 [VirtualWorld] Added obstacle at (3,4)
 [VirtualWorld] Added obstacle at (4,7)
 [VirtualWorld] Added obstacle at (6,7)
 [VirtualWorld] Added MidDagger_Normal treasure (level 1) at (10,6)
 [VirtualWorld] Added MidAxe_Normal treasure (level 1) at (2,5)
 [VirtualWorld] Added Pit Lord monster at (3,5)
 [VirtualPitGenerator] Cave boss floor at level 10 with Pit Lord (scaled level 18)
 [VirtualPitGenerator] Generated 10 obstacles, 2 treasures, 1 monsters, and 1 wizard orb
 [VirtualPitGenerator] Regenerating pit content for level 15
 [VirtualWorld] Cleared all entities and interior collisions
 [VirtualPitGenerator] Valid placement area for level 15: tiles (2,3) to (10,9)
 [VirtualPitGenerator] Level 15 calculated amounts:
 [VirtualPitGenerator]   Max Monsters: 2, Actual: 1
 [VirtualPitGenerator]   Max Chests: 2, Actual: 1
 [VirtualPitGenerator]   Min Obstacles: 7
 [VirtualPitGenerator]   Max Obstacles: 12, Actual: 10
 [VirtualWorld] Wizard orb positioned at (8,9)
 [VirtualPitGenerator] Generated wizard orb at (8,9)
 [VirtualWorld] Added obstacle at (8,7)
 [VirtualWorld] Added obstacle at (10,8)
 [VirtualWorld] Added obstacle at (9,5)
 [VirtualWorld] Added obstacle at (3,9)
 [VirtualWorld] Added obstacle at (4,6)
 [VirtualWorld] Added obstacle at (5,4)
 [VirtualWorld] Added obstacle at (4,3)
 [VirtualWorld] Added obstacle at (3,8)
 [VirtualWorld] Added obstacle at (6,6)
 [VirtualWorld] Added obstacle at (4,4)
 [VirtualWorld] Added LateArmor_Uncommon treasure (level 2) at (10,7)
 [VirtualWorld] Added Earth Elemental monster at (5,5)
 [VirtualPitGenerator] Cave boss floor at level 15 with Earth Elemental (scaled level 28)
 [VirtualPitGenerator] Generated 10 obstacles, 1 treasures, 0 monsters, and 1 wizard orb
 [VirtualPitGenerator] Regenerating pit content for level 20
 [VirtualWorld] Cleared all entities and interior collisions
 [VirtualPitGenerator] Valid placement area for level 20: tiles (2,3) to (10,9)
 [VirtualPitGenerator] Level 20 calculated amounts:
 [VirtualPitGenerator]   Max Monsters: 3, Actual: 3
 [VirtualPitGenerator]   Max Chests: 3, Actual: 3
 [VirtualPitGenerator]   Min Obstacles: 9
 [VirtualPitGenerator]   Max Obstacles: 14, Actual: 10
 [VirtualWorld] Wizard orb positioned at (9,4)
 [VirtualPitGenerator] Generated wizard orb at (9,4)
 [VirtualWorld] Added obstacle at (2,9)
 [VirtualWorld] Added obstacle at (6,6)
 [VirtualWorld] Added obstacle at (7,3)
 [VirtualWorld] Added obstacle at (2,5)
 [VirtualWorld] Added obstacle at (9,9)
 [VirtualWorld] Added obstacle at (6,4)
 [VirtualWorld] Added obstacle at (5,4)
 [VirtualWorld] Added obstacle at (2,6)
 [VirtualWorld] Added obstacle at (8,5)
 [VirtualWorld] Added obstacle at (2,7)
 [VirtualWorld] Added AdvancedSword_Uncommon treasure (level 3) at (5,3)
 [VirtualWorld] Added AdvancedSpear_Normal treasure (level 1) at (3,6)
 [VirtualWorld] Added AdvancedStaff_Uncommon treasure (level 2) at (6,7)
 [VirtualWorld] Added Molten Titan monster at (2,8)
 [VirtualPitGenerator] Cave boss floor at level 20 with Molten Titan (scaled level 38)
 [VirtualPitGenerator] Generated 10 obstacles, 3 treasures, 2 monsters, and 1 wizard orb
 [VirtualPitGenerator] Regenerating pit content for level 25
 [VirtualWorld] Cleared all entities and interior collisions
 [VirtualPitGenerator] Valid placement area for level 25: tiles (2,3) to (10,9)
 [VirtualPitGenerator] Level 25 calculated amounts:
 [VirtualPitGenerator]   Max Monsters: 3, Actual: 1
 [VirtualPitGenerator]   Max Chests: 3, Actual: 1
 [VirtualPitGenerator]   Min Obstacles: 11
 [VirtualPitGenerator]   Max Obstacles: 17, Actual: 16
 [VirtualWorld] Wizard orb positioned at (10,6)
 [VirtualPitGenerator] Generated wizard orb at (10,6)
 [VirtualWorld] Added obstacle at (5,3)
 [VirtualWorld] Added obstacle at (10,3)
 [VirtualWorld] Added obstacle at (6,7)
 [VirtualWorld] Added obstacle at (10,8)
 [VirtualWorld] Added obstacle at (6,6)
 [VirtualWorld] Added obstacle at (7,5)
 [VirtualWorld] Added obstacle at (6,5)
 [VirtualWorld] Added obstacle at (10,4)
 [VirtualWorld] Added obstacle at (8,4)
 [VirtualWorld] Added obstacle at (3,6)
 [VirtualWorld] Added obstacle at (3,5)
 [VirtualWorld] Added obstacle at (2,5)
 [VirtualWorld] Added obstacle at (9,8)
 [VirtualWorld] Added obstacle at (5,7)
 [VirtualWorld] Added obstacle at (3,7)
 [VirtualWorld] Added obstacle at (2,3)
 [VirtualWorld] Added EliteDagger_Uncommon treasure (level 2) at (9,7)
 [VirtualWorld] Added Ancient Wyrm monster at (7,4)
 [VirtualPitGenerator] Cave boss floor at level 25 with Ancient Wyrm (scaled level 46)
 [VirtualPitGenerator] Generated 16 obstacles, 1 treasures, 0 monsters, and 1 wizard orb


  Passed VirtualPitGenerator_CaveEquipmentTypes_ShouldBeTracked [3 ms]
  Standard Output Messages:
 [VirtualWorld] Generated 5 obstacles and 1 wizard orb in pit
 [VirtualWorld] Regenerated pit at level 10, bounds: (1,2,14,9)
 [VirtualTiledMapService] Initialized basic tile patterns for PitWidthManager
 [VirtualPitWidthManager] Recorded FogOfWar index: 301
 [VirtualPitWidthManager] Recorded ground tile index: 104
 [VirtualPitWidthManager] baseOuterFloor[1] = 100
 [VirtualPitWidthManager] baseOuterFloor[2] = 103
 [VirtualPitWidthManager] baseOuterFloor[3] = 103
 [VirtualPitWidthManager] baseOuterFloor[4] = 103
 [VirtualPitWidthManager] baseOuterFloor[5] = 103
 [VirtualPitWidthManager] baseOuterFloor[6] = 103
 [VirtualPitWidthManager] baseOuterFloor[7] = 103
 [VirtualPitWidthManager] baseOuterFloor[8] = 103
 [VirtualPitWidthManager] baseOuterFloor[9] = 103
 [VirtualPitWidthManager] baseOuterFloor[10] = 103
 [VirtualPitWidthManager] baseOuterFloor[11] = 100
 [VirtualPitWidthManager] baseOuterFloor total: 11 tiles, 11 non-zero
 [VirtualPitWidthManager] collisionOuterFloor[1] = 0
 [VirtualPitWidthManager] collisionOuterFloor[2] = 0
 [VirtualPitWidthManager] collisionOuterFloor[3] = 0
 [VirtualPitWidthManager] collisionOuterFloor[4] = 0
 [VirtualPitWidthManager] collisionOuterFloor[5] = 0
 [VirtualPitWidthManager] collisionOuterFloor[6] = 0
 [VirtualPitWidthManager] collisionOuterFloor[7] = 0
 [VirtualPitWidthManager] collisionOuterFloor[8] = 0
 [VirtualPitWidthManager] collisionOuterFloor[9] = 0
 [VirtualPitWidthManager] collisionOuterFloor[10] = 0
 [VirtualPitWidthManager] collisionOuterFloor[11] = 0
 [VirtualPitWidthManager] collisionOuterFloor total: 11 tiles, 0 non-zero
 [VirtualPitWidthManager] baseInnerWall[1] = 102
 [VirtualPitWidthManager] baseInnerWall[2] = 102
 [VirtualPitWidthManager] baseInnerWall[3] = 102
 [VirtualPitWidthManager] baseInnerWall[4] = 102
 [VirtualPitWidthManager] baseInnerWall[5] = 102
 [VirtualPitWidthManager] baseInnerWall[6] = 102
 [VirtualPitWidthManager] baseInnerWall[7] = 102
 [VirtualPitWidthManager] baseInnerWall[8] = 102
 [VirtualPitWidthManager] baseInnerWall[9] = 102
 [VirtualPitWidthManager] baseInnerWall[10] = 102
 [VirtualPitWidthManager] baseInnerWall[11] = 102
 [VirtualPitWidthManager] baseInnerWall total: 11 tiles, 11 non-zero
 [VirtualPitWidthManager] collisionInnerWall[1] = 0
 [VirtualPitWidthManager] collisionInnerWall[2] = 201
 [VirtualPitWidthManager] collisionInnerWall[3] = 201
 [VirtualPitWidthManager] collisionInnerWall[4] = 201
 [VirtualPitWidthManager] collisionInnerWall[5] = 201
 [VirtualPitWidthManager] collisionInnerWall[6] = 201
 [VirtualPitWidthManager] collisionInnerWall[7] = 201
 [VirtualPitWidthManager] collisionInnerWall[8] = 201
 [VirtualPitWidthManager] collisionInnerWall[9] = 201
 [VirtualPitWidthManager] collisionInnerWall[10] = 201
 [VirtualPitWidthManager] collisionInnerWall[11] = 0
 [VirtualPitWidthManager] collisionInnerWall total: 11 tiles, 9 non-zero
 [VirtualPitWidthManager] baseInnerFloor[1] = 100
 [VirtualPitWidthManager] baseInnerFloor[2] = 101
 [VirtualPitWidthManager] baseInnerFloor[3] = 101
 [VirtualPitWidthManager] baseInnerFloor[4] = 101
 [VirtualPitWidthManager] baseInnerFloor[5] = 101
 [VirtualPitWidthManager] baseInnerFloor[6] = 101
 [VirtualPitWidthManager] baseInnerFloor[7] = 101
 [VirtualPitWidthManager] baseInnerFloor[8] = 101
 [VirtualPitWidthManager] baseInnerFloor[9] = 101
 [VirtualPitWidthManager] baseInnerFloor[10] = 101
 [VirtualPitWidthManager] baseInnerFloor[11] = 100
 [VirtualPitWidthManager] baseInnerFloor total: 11 tiles, 11 non-zero
 [VirtualPitWidthManager] collisionInnerFloor[1] = 0
 [VirtualPitWidthManager] collisionInnerFloor[2] = 0
 [VirtualPitWidthManager] collisionInnerFloor[3] = 0
 [VirtualPitWidthManager] collisionInnerFloor[4] = 0
 [VirtualPitWidthManager] collisionInnerFloor[5] = 0
 [VirtualPitWidthManager] collisionInnerFloor[6] = 0
 [VirtualPitWidthManager] collisionInnerFloor[7] = 0
 [VirtualPitWidthManager] collisionInnerFloor[8] = 0
 [VirtualPitWidthManager] collisionInnerFloor[9] = 0
 [VirtualPitWidthManager] collisionInnerFloor[10] = 0
 [VirtualPitWidthManager] collisionInnerFloor[11] = 0
 [VirtualPitWidthManager] collisionInnerFloor total: 11 tiles, 0 non-zero
 [VirtualPitWidthManager] Initialization complete. Current pit right edge: 13
 [VirtualPitGenerator] Regenerating pit content for level 1
 [VirtualWorld] Cleared all entities and interior collisions
 [VirtualPitGenerator] Valid placement area for level 1: tiles (2,3) to (10,9)
 [VirtualPitGenerator] Level 1 calculated amounts:
 [VirtualPitGenerator]   Max Monsters: 2, Actual: 1
 [VirtualPitGenerator]   Max Chests: 2, Actual: 1
 [VirtualPitGenerator]   Min Obstacles: 5
 [VirtualPitGenerator]   Max Obstacles: 10, Actual: 6
 [VirtualWorld] Wizard orb positioned at (8,7)
 [VirtualPitGenerator] Generated wizard orb at (8,7)
 [VirtualWorld] Added obstacle at (5,5)
 [VirtualWorld] Added obstacle at (10,3)
 [VirtualWorld] Added obstacle at (7,3)
 [VirtualWorld] Added obstacle at (4,5)
 [VirtualWorld] Added obstacle at (10,7)
 [VirtualWorld] Added obstacle at (7,4)
 [VirtualWorld] Added EarlyHelm_Normal treasure (level 1) at (7,7)
 [VirtualWorld] Added Bat monster at (2,4)
 [VirtualPitGenerator] Generated 6 obstacles, 1 treasures, 1 monsters, and 1 wizard orb
 [VirtualPitGenerator] Regenerating pit content for level 2
 [VirtualWorld] Cleared all entities and interior collisions
 [VirtualPitGenerator] Valid placement area for level 2: tiles (2,3) to (10,9)
 [VirtualPitGenerator] Level 2 calculated amounts:
 [VirtualPitGenerator]   Max Monsters: 2, Actual: 1
 [VirtualPitGenerator]   Max Chests: 2, Actual: 1
 [VirtualPitGenerator]   Min Obstacles: 5
 [VirtualPitGenerator]   Max Obstacles: 10, Actual: 9
 [VirtualWorld] Wizard orb positioned at (10,3)
 [VirtualPitGenerator] Generated wizard orb at (10,3)
 [VirtualWorld] Added obstacle at (4,8)
 [VirtualWorld] Added obstacle at (6,4)
 [VirtualWorld] Added obstacle at (2,8)
 [VirtualWorld] Added obstacle at (2,3)
 [VirtualWorld] Added obstacle at (6,5)
 [VirtualWorld] Added obstacle at (4,7)
 [VirtualWorld] Added obstacle at (5,5)
 [VirtualWorld] Added obstacle at (8,9)
 [VirtualWorld] Added obstacle at (9,7)
 [VirtualWorld] Added EarlyArmor_Normal treasure (level 1) at (2,5)
 [VirtualWorld] Added Slime monster at (8,7)
 [VirtualPitGenerator] Generated 9 obstacles, 1 treasures, 1 monsters, and 1 wizard orb
 [VirtualPitGenerator] Regenerating pit content for level 3
 [VirtualWorld] Cleared all entities and interior collisions
 [VirtualPitGenerator] Valid placement area for level 3: tiles (2,3) to (10,9)
 [VirtualPitGenerator] Level 3 calculated amounts:
 [VirtualPitGenerator]   Max Monsters: 2, Actual: 2
 [VirtualPitGenerator]   Max Chests: 2, Actual: 2
 [VirtualPitGenerator]   Min Obstacles: 5
 [VirtualPitGenerator]   Max Obstacles: 10, Actual: 6
 [VirtualWorld] Wizard orb positioned at (3,6)
 [VirtualPitGenerator] Generated wizard orb at (3,6)
 [VirtualWorld] Added obstacle at (3,4)
 [VirtualWorld] Added obstacle at (10,5)
 [VirtualWorld] Added obstacle at (5,6)
 [VirtualWorld] Added obstacle at (9,7)
 [VirtualWorld] Added obstacle at (2,3)
 [VirtualWorld] Added obstacle at (10,3)
 [VirtualWorld] Added EarlyAxe_Normal treasure (level 1) at (9,8)
 [VirtualWorld] Added EarlyHelm_Normal treasure (level 1) at (7,6)
 [VirtualWorld] Added Rat monster at (6,6)
 [VirtualWorld] Added Rat monster at (4,4)
 [VirtualPitGenerator] Generated 6 obstacles, 2 treasures, 2 monsters, and 1 wizard orb
 [VirtualPitGenerator] Regenerating pit content for level 4
 [VirtualWorld] Cleared all entities and interior collisions
 [VirtualPitGenerator] Valid placement area for level 4: tiles (2,3) to (10,9)
 [VirtualPitGenerator] Level 4 calculated amounts:
 [VirtualPitGenerator]   Max Monsters: 2, Actual: 2
 [VirtualPitGenerator]   Max Chests: 2, Actual: 2
 [VirtualPitGenerator]   Min Obstacles: 5
 [VirtualPitGenerator]   Max Obstacles: 10, Actual: 9
 [VirtualWorld] Wizard orb positioned at (5,3)
 [VirtualPitGenerator] Generated wizard orb at (5,3)
 [VirtualWorld] Added obstacle at (2,7)
 [VirtualWorld] Added obstacle at (6,6)
 [VirtualWorld] Added obstacle at (8,4)
 [VirtualWorld] Added obstacle at (7,5)
 [VirtualWorld] Added obstacle at (6,8)
 [VirtualWorld] Added obstacle at (9,5)
 [VirtualWorld] Added obstacle at (9,7)
 [VirtualWorld] Added obstacle at (2,5)
 [VirtualWorld] Added obstacle at (3,7)
 [VirtualWorld] Added EarlyHelm_Normal treasure (level 1) at (4,7)
 [VirtualWorld] Added EarlySpear_Normal treasure (level 1) at (2,3)
 [VirtualWorld] Added Bat monster at (8,3)
 [VirtualWorld] Added Rat monster at (8,6)
 [VirtualPitGenerator] Generated 9 obstacles, 2 treasures, 2 monsters, and 1 wizard orb
 [VirtualPitGenerator] Regenerating pit content for level 5
 [VirtualWorld] Cleared all entities and interior collisions
 [VirtualPitGenerator] Valid placement area for level 5: tiles (2,3) to (10,9)
 [VirtualPitGenerator] Level 5 calculated amounts:
 [VirtualPitGenerator]   Max Monsters: 2, Actual: 1
 [VirtualPitGenerator]   Max Chests: 2, Actual: 1
 [VirtualPitGenerator]   Min Obstacles: 5
 [VirtualPitGenerator]   Max Obstacles: 10, Actual: 7
 [VirtualWorld] Wizard orb positioned at (7,6)
 [VirtualPitGenerator] Generated wizard orb at (7,6)
 [VirtualWorld] Added obstacle at (10,4)
 [VirtualWorld] Added obstacle at (10,7)
 [VirtualWorld] Added obstacle at (3,9)
 [VirtualWorld] Added obstacle at (5,3)
 [VirtualWorld] Added obstacle at (2,6)
 [VirtualWorld] Added obstacle at (2,8)
 [VirtualWorld] Added obstacle at (4,6)
 [VirtualWorld] Added EarlyDagger_Normal treasure (level 1) at (9,4)
 [VirtualWorld] Added Stone Guardian monster at (9,9)
 [VirtualPitGenerator] Cave boss floor at level 5 with Stone Guardian (scaled level 10)
 [VirtualPitGenerator] Generated 7 obstacles, 1 treasures, 0 monsters, and 1 wizard orb
 [VirtualPitGenerator] Regenerating pit content for level 6
 [VirtualWorld] Cleared all entities and interior collisions
 [VirtualPitGenerator] Valid placement area for level 6: tiles (2,3) to (10,9)
 [VirtualPitGenerator] Level 6 calculated amounts:
 [VirtualPitGenerator]   Max Monsters: 2, Actual: 2
 [VirtualPitGenerator]   Max Chests: 2, Actual: 2
 [VirtualPitGenerator]   Min Obstacles: 5
 [VirtualPitGenerator]   Max Obstacles: 10, Actual: 10
 [VirtualWorld] Wizard orb positioned at (9,9)
 [VirtualPitGenerator] Generated wizard orb at (9,9)
 [VirtualWorld] Added obstacle at (9,7)
 [VirtualWorld] Added obstacle at (6,8)
 [VirtualWorld] Added obstacle at (6,7)
 [VirtualWorld] Added obstacle at (3,8)
 [VirtualWorld] Added obstacle at (7,4)
 [VirtualWorld] Added obstacle at (8,5)
 [VirtualWorld] Added obstacle at (8,8)
 [VirtualWorld] Added obstacle at (7,7)
 [VirtualWorld] Added obstacle at (4,3)
 [VirtualWorld] Added obstacle at (3,5)
 [VirtualWorld] Added MidAxe_Normal treasure (level 1) at (5,3)
 [VirtualWorld] Added MidArmor_Normal treasure (level 1) at (10,5)
 [VirtualWorld] Added Stone Beetle monster at (2,3)
 [VirtualWorld] Added Bat monster at (5,5)
 [VirtualPitGenerator] Generated 10 obstacles, 2 treasures, 2 monsters, and 1 wizard orb
 [VirtualPitGenerator] Regenerating pit content for level 7
 [VirtualWorld] Cleared all entities and interior collisions
 [VirtualPitGenerator] Valid placement area for level 7: tiles (2,3) to (10,9)
 [VirtualPitGenerator] Level 7 calculated amounts:
 [VirtualPitGenerator]   Max Monsters: 2, Actual: 2
 [VirtualPitGenerator]   Max Chests: 2, Actual: 2
 [VirtualPitGenerator]   Min Obstacles: 5
 [VirtualPitGenerator]   Max Obstacles: 10, Actual: 7
 [VirtualWorld] Wizard orb positioned at (2,5)
 [VirtualPitGenerator] Generated wizard orb at (2,5)
 [VirtualWorld] Added obstacle at (8,3)
 [VirtualWorld] Added obstacle at (10,8)
 [VirtualWorld] Added obstacle at (9,6)
 [VirtualWorld] Added obstacle at (10,6)
 [VirtualWorld] Added obstacle at (3,9)
 [VirtualWorld] Added obstacle at (5,8)
 [VirtualWorld] Added obstacle at (5,9)
 [VirtualWorld] Added MidAxe_Normal treasure (level 1) at (2,8)
 [VirtualWorld] Added MidHelm_Normal treasure (level 1) at (6,5)
 [VirtualWorld] Added Snake monster at (2,6)
 [VirtualWorld] Added Bat monster at (8,5)
 [VirtualPitGenerator] Generated 7 obstacles, 2 treasures, 2 monsters, and 1 wizard orb
 [VirtualPitGenerator] Regenerating pit content for level 8
 [VirtualWorld] Cleared all entities and interior collisions
 [VirtualPitGenerator] Valid placement area for level 8: tiles (2,3) to (10,9)
 [VirtualPitGenerator] Level 8 calculated amounts:
 [VirtualPitGenerator]   Max Monsters: 2, Actual: 1
 [VirtualPitGenerator]   Max Chests: 2, Actual: 1
 [VirtualPitGenerator]   Min Obstacles: 5
 [VirtualPitGenerator]   Max Obstacles: 10, Actual: 10
 [VirtualWorld] Wizard orb positioned at (4,8)
 [VirtualPitGenerator] Generated wizard orb at (4,8)
 [VirtualWorld] Added obstacle at (6,6)
 [VirtualWorld] Added obstacle at (6,9)
 [VirtualWorld] Added obstacle at (4,4)
 [VirtualWorld] Added obstacle at (8,3)
 [VirtualWorld] Added obstacle at (7,7)
 [VirtualWorld] Added obstacle at (2,4)
 [VirtualWorld] Added obstacle at (10,9)
 [VirtualWorld] Added obstacle at (5,9)
 [VirtualWorld] Added obstacle at (9,5)
 [VirtualWorld] Added obstacle at (9,6)
 [VirtualWorld] Added MidArmor_Normal treasure (level 1) at (8,8)
 [VirtualWorld] Added Goblin monster at (6,3)
 [VirtualPitGenerator] Generated 10 obstacles, 1 treasures, 1 monsters, and 1 wizard orb
 [VirtualPitGenerator] Regenerating pit content for level 9
 [VirtualWorld] Cleared all entities and interior collisions
 [VirtualPitGenerator] Valid placement area for level 9: tiles (2,3) to (10,9)
 [VirtualPitGenerator] Level 9 calculated amounts:
 [VirtualPitGenerator]   Max Monsters: 2, Actual: 1
 [VirtualPitGenerator]   Max Chests: 2, Actual: 1
 [VirtualPitGenerator]   Min Obstacles: 5
 [VirtualPitGenerator]   Max Obstacles: 10, Actual: 7
 [VirtualWorld] Wizard orb positioned at (6,4)
 [VirtualPitGenerator] Generated wizard orb at (6,4)
 [VirtualWorld] Added obstacle at (5,9)
 [VirtualWorld] Added obstacle at (10,3)
 [VirtualWorld] Added obstacle at (7,9)
 [VirtualWorld] Added obstacle at (6,8)
 [VirtualWorld] Added obstacle at (3,4)
 [VirtualWorld] Added obstacle at (7,7)
 [VirtualWorld] Added obstacle at (9,3)
 [VirtualWorld] Added MidStaff_Normal treasure (level 1) at (2,6)
 [VirtualWorld] Added Rat monster at (4,7)
 [VirtualPitGenerator] Generated 7 obstacles, 1 treasures, 1 monsters, and 1 wizard orb
 [VirtualPitGenerator] Regenerating pit content for level 10
 [VirtualWorld] Cleared all entities and interior collisions
 [VirtualPitGenerator] Valid placement area for level 10: tiles (2,3) to (10,9)
 [VirtualPitGenerator] Level 10 calculated amounts:
 [VirtualPitGenerator]   Max Monsters: 2, Actual: 2
 [VirtualPitGenerator]   Max Chests: 2, Actual: 2
 [VirtualPitGenerator]   Min Obstacles: 5
 [VirtualPitGenerator]   Max Obstacles: 10, Actual: 10
 [VirtualWorld] Wizard orb positioned at (8,8)
 [VirtualPitGenerator] Generated wizard orb at (8,8)
 [VirtualWorld] Added obstacle at (4,5)
 [VirtualWorld] Added obstacle at (6,4)
 [VirtualWorld] Added obstacle at (10,7)
 [VirtualWorld] Added obstacle at (4,6)
 [VirtualWorld] Added obstacle at (8,9)
 [VirtualWorld] Added obstacle at (4,3)
 [VirtualWorld] Added obstacle at (3,9)
 [VirtualWorld] Added obstacle at (3,4)
 [VirtualWorld] Added obstacle at (4,7)
 [VirtualWorld] Added obstacle at (6,7)
 [VirtualWorld] Added MidDagger_Normal treasure (level 1) at (10,6)
 [VirtualWorld] Added MidAxe_Normal treasure (level 1) at (2,5)
 [VirtualWorld] Added Pit Lord monster at (3,5)
 [VirtualPitGenerator] Cave boss floor at level 10 with Pit Lord (scaled level 18)
 [VirtualPitGenerator] Generated 10 obstacles, 2 treasures, 1 monsters, and 1 wizard orb
 [VirtualPitGenerator] Regenerating pit content for level 11
 [VirtualWorld] Cleared all entities and interior collisions
 [VirtualPitGenerator] Valid placement area for level 11: tiles (2,3) to (10,9)
 [VirtualPitGenerator] Level 11 calculated amounts:
 [VirtualPitGenerator]   Max Monsters: 2, Actual: 1
 [VirtualPitGenerator]   Max Chests: 2, Actual: 1
 [VirtualPitGenerator]   Min Obstacles: 5
 [VirtualPitGenerator]   Max Obstacles: 10, Actual: 7
 [VirtualWorld] Wizard orb positioned at (10,4)
 [VirtualPitGenerator] Generated wizard orb at (10,4)
 [VirtualWorld] Added obstacle at (3,8)
 [VirtualWorld] Added obstacle at (10,5)
 [VirtualWorld] Added obstacle at (4,5)
 [VirtualWorld] Added obstacle at (2,4)
 [VirtualWorld] Added obstacle at (3,7)
 [VirtualWorld] Added obstacle at (10,6)
 [VirtualWorld] Added obstacle at (9,9)
 [VirtualWorld] Added LateShield_Normal treasure (level 1) at (7,4)
 [VirtualWorld] Added Orc monster at (9,8)
 [VirtualPitGenerator] Generated 7 obstacles, 1 treasures, 1 monsters, and 1 wizard orb
 [VirtualPitGenerator] Regenerating pit content for level 12
 [VirtualWorld] Cleared all entities and interior collisions
 [VirtualPitGenerator] Valid placement area for level 12: tiles (2,3) to (10,9)
 [VirtualPitGenerator] Level 12 calculated amounts:
 [VirtualPitGenerator]   Max Monsters: 2, Actual: 1
 [VirtualPitGenerator]   Max Chests: 2, Actual: 1
 [VirtualPitGenerator]   Min Obstacles: 6
 [VirtualPitGenerator]   Max Obstacles: 11, Actual: 11
 [VirtualWorld] Wizard orb positioned at (3,7)
 [VirtualPitGenerator] Generated wizard orb at (3,7)
 [VirtualWorld] Added obstacle at (2,4)
 [VirtualWorld] Added obstacle at (6,6)
 [VirtualWorld] Added obstacle at (8,3)
 [VirtualWorld] Added obstacle at (9,9)
 [VirtualWorld] Added obstacle at (8,5)
 [VirtualWorld] Added obstacle at (6,9)
 [VirtualWorld] Added obstacle at (5,3)
 [VirtualWorld] Added obstacle at (10,5)
 [VirtualWorld] Added obstacle at (9,3)
 [VirtualWorld] Added obstacle at (4,9)
 [VirtualWorld] Added obstacle at (4,4)
 [VirtualWorld] Added LateStaff_Normal treasure (level 1) at (3,9)
 [VirtualWorld] Added Snake monster at (7,3)
 [VirtualPitGenerator] Generated 11 obstacles, 1 treasures, 1 monsters, and 1 wizard orb
 [VirtualPitGenerator] Regenerating pit content for level 13
 [VirtualWorld] Cleared all entities and interior collisions
 [VirtualPitGenerator] Valid placement area for level 13: tiles (2,3) to (10,9)
 [VirtualPitGenerator] Level 13 calculated amounts:
 [VirtualPitGenerator]   Max Monsters: 2, Actual: 2
 [VirtualPitGenerator]   Max Chests: 2, Actual: 2
 [VirtualPitGenerator]   Min Obstacles: 6
 [VirtualPitGenerator]   Max Obstacles: 11, Actual: 9
 [VirtualWorld] Wizard orb positioned at (4,3)
 [VirtualPitGenerator] Generated wizard orb at (4,3)
 [VirtualWorld] Added obstacle at (10,8)
 [VirtualWorld] Added obstacle at (10,7)
 [VirtualWorld] Added obstacle at (2,9)
 [VirtualWorld] Added obstacle at (7,6)
 [VirtualWorld] Added obstacle at (3,5)
 [VirtualWorld] Added obstacle at (2,3)
 [VirtualWorld] Added obstacle at (5,6)
 [VirtualWorld] Added obstacle at (2,4)
 [VirtualWorld] Added obstacle at (7,9)
 [VirtualWorld] Added LateAxe_Normal treasure (level 1) at (9,3)
 [VirtualWorld] Added LateHammer_Normal treasure (level 1) at (6,9)
 [VirtualWorld] Added Tunnel Worm monster at (4,4)
 [VirtualWorld] Added Skeleton monster at (9,4)
 [VirtualPitGenerator] Generated 9 obstacles, 2 treasures, 2 monsters, and 1 wizard orb
 [VirtualPitGenerator] Regenerating pit content for level 14
 [VirtualWorld] Cleared all entities and interior collisions
 [VirtualPitGenerator] Valid placement area for level 14: tiles (2,3) to (10,9)
 [VirtualPitGenerator] Level 14 calculated amounts:
 [VirtualPitGenerator]   Max Monsters: 2, Actual: 2
 [VirtualPitGenerator]   Max Chests: 2, Actual: 2
 [VirtualPitGenerator]   Min Obstacles: 7
 [VirtualPitGenerator]   Max Obstacles: 12, Actual: 7
 [VirtualWorld] Wizard orb positioned at (6,6)
 [VirtualPitGenerator] Generated wizard orb at (6,6)
 [VirtualWorld] Added obstacle at (9,4)
 [VirtualWorld] Added obstacle at (6,7)
 [VirtualWorld] Added obstacle at (5,7)
 [VirtualWorld] Added obstacle at (5,4)
 [VirtualWorld] Added obstacle at (8,8)
 [VirtualWorld] Added obstacle at (8,3)
 [VirtualWorld] Added obstacle at (8,7)
 [VirtualWorld] Added LateSword_Normal treasure (level 1) at (4,5)
 [VirtualWorld] Added LateSpear_Normal treasure (level 1) at (6,9)
 [VirtualWorld] Added Spider monster at (5,5)
 [VirtualWorld] Added Skeleton monster at (10,5)
 [VirtualPitGenerator] Generated 7 obstacles, 2 treasures, 2 monsters, and 1 wizard orb
 [VirtualPitGenerator] Regenerating pit content for level 15
 [VirtualWorld] Cleared all entities and interior collisions
 [VirtualPitGenerator] Valid placement area for level 15: tiles (2,3) to (10,9)
 [VirtualPitGenerator] Level 15 calculated amounts:
 [VirtualPitGenerator]   Max Monsters: 2, Actual: 1
 [VirtualPitGenerator]   Max Chests: 2, Actual: 1
 [VirtualPitGenerator]   Min Obstacles: 7
 [VirtualPitGenerator]   Max Obstacles: 12, Actual: 10
 [VirtualWorld] Wizard orb positioned at (8,9)
 [VirtualPitGenerator] Generated wizard orb at (8,9)
 [VirtualWorld] Added obstacle at (8,7)
 [VirtualWorld] Added obstacle at (10,8)
 [VirtualWorld] Added obstacle at (9,5)
 [VirtualWorld] Added obstacle at (3,9)
 [VirtualWorld] Added obstacle at (4,6)
 [VirtualWorld] Added obstacle at (5,4)
 [VirtualWorld] Added obstacle at (4,3)
 [VirtualWorld] Added obstacle at (3,8)
 [VirtualWorld] Added obstacle at (6,6)
 [VirtualWorld] Added obstacle at (4,4)
 [VirtualWorld] Added LateArmor_Uncommon treasure (level 2) at (10,7)
 [VirtualWorld] Added Earth Elemental monster at (5,5)
 [VirtualPitGenerator] Cave boss floor at level 15 with Earth Elemental (scaled level 28)
 [VirtualPitGenerator] Generated 10 obstacles, 1 treasures, 0 monsters, and 1 wizard orb
 [VirtualPitGenerator] Regenerating pit content for level 16
 [VirtualWorld] Cleared all entities and interior collisions
 [VirtualPitGenerator] Valid placement area for level 16: tiles (2,3) to (10,9)
 [VirtualPitGenerator] Level 16 calculated amounts:
 [VirtualPitGenerator]   Max Monsters: 3, Actual: 3
 [VirtualPitGenerator]   Max Chests: 3, Actual: 2
 [VirtualPitGenerator]   Min Obstacles: 7
 [VirtualPitGenerator]   Max Obstacles: 13, Actual: 7
 [VirtualWorld] Wizard orb positioned at (10,6)
 [VirtualPitGenerator] Generated wizard orb at (10,6)
 [VirtualWorld] Added obstacle at (6,3)
 [VirtualWorld] Added obstacle at (6,9)
 [VirtualWorld] Added obstacle at (3,3)
 [VirtualWorld] Added obstacle at (10,7)
 [VirtualWorld] Added obstacle at (9,4)
 [VirtualWorld] Added obstacle at (2,7)
 [VirtualWorld] Added obstacle at (10,3)
 [VirtualWorld] Added AdvancedDagger_Normal treasure (level 1) at (8,7)
 [VirtualWorld] Added AdvancedHelm_Normal treasure (level 1) at (9,7)
 [VirtualWorld] Added Magma Ooze monster at (8,8)
 [VirtualWorld] Added Wraith monster at (4,6)
 [VirtualWorld] Added Skeleton monster at (4,3)
 [VirtualPitGenerator] Generated 7 obstacles, 2 treasures, 3 monsters, and 1 wizard orb
 [VirtualPitGenerator] Regenerating pit content for level 17
 [VirtualWorld] Cleared all entities and interior collisions
 [VirtualPitGenerator] Valid placement area for level 17: tiles (2,3) to (10,9)
 [VirtualPitGenerator] Level 17 calculated amounts:
 [VirtualPitGenerator]   Max Monsters: 3, Actual: 2
 [VirtualPitGenerator]   Max Chests: 3, Actual: 3
 [VirtualPitGenerator]   Min Obstacles: 8
 [VirtualPitGenerator]   Max Obstacles: 13, Actual: 11
 [VirtualWorld] Wizard orb positioned at (3,9)
 [VirtualPitGenerator] Generated wizard orb at (3,9)
 [VirtualWorld] Added obstacle at (5,6)
 [VirtualWorld] Added obstacle at (10,3)
 [VirtualWorld] Added obstacle at (6,8)
 [VirtualWorld] Added obstacle at (8,5)
 [VirtualWorld] Added obstacle at (4,9)
 [VirtualWorld] Added obstacle at (7,3)
 [VirtualWorld] Added obstacle at (6,3)
 [VirtualWorld] Added obstacle at (2,9)
 [VirtualWorld] Added obstacle at (10,5)
 [VirtualWorld] Added obstacle at (6,6)
 [VirtualWorld] Added obstacle at (3,4)
 [VirtualWorld] Added AdvancedAxe_Normal treasure (level 1) at (8,6)
 [VirtualWorld] Added AdvancedAxe_Normal treasure (level 1) at (5,7)
 [VirtualWorld] Added AdvancedStaff_Normal treasure (level 1) at (10,4)
 [VirtualWorld] Added Orc monster at (5,8)
 [VirtualWorld] Added Orc monster at (9,8)
 [VirtualPitGenerator] Generated 11 obstacles, 3 treasures, 2 monsters, and 1 wizard orb
 [VirtualPitGenerator] Regenerating pit content for level 18
 [VirtualWorld] Cleared all entities and interior collisions
 [VirtualPitGenerator] Valid placement area for level 18: tiles (2,3) to (10,9)
 [VirtualPitGenerator] Level 18 calculated amounts:
 [VirtualPitGenerator]   Max Monsters: 3, Actual: 2
 [VirtualPitGenerator]   Max Chests: 3, Actual: 1
 [VirtualPitGenerator]   Min Obstacles: 8
 [VirtualPitGenerator]   Max Obstacles: 14, Actual: 8
 [VirtualWorld] Wizard orb positioned at (5,5)
 [VirtualPitGenerator] Generated wizard orb at (5,5)
 [VirtualWorld] Added obstacle at (4,9)
 [VirtualWorld] Added obstacle at (6,4)
 [VirtualWorld] Added obstacle at (10,6)
 [VirtualWorld] Added obstacle at (6,3)
 [VirtualWorld] Added obstacle at (9,7)
 [VirtualWorld] Added obstacle at (4,6)
 [VirtualWorld] Added obstacle at (3,4)
 [VirtualWorld] Added obstacle at (4,4)
 [VirtualWorld] Added AdvancedHammer_Uncommon treasure (level 2) at (4,3)
 [VirtualWorld] Added Lava Drake monster at (2,5)
 [VirtualWorld] Added Lava Drake monster at (6,7)
 [VirtualPitGenerator] Generated 8 obstacles, 1 treasures, 2 monsters, and 1 wizard orb
 [VirtualPitGenerator] Regenerating pit content for level 19
 [VirtualWorld] Cleared all entities and interior collisions
 [VirtualPitGenerator] Valid placement area for level 19: tiles (2,3) to (10,9)
 [VirtualPitGenerator] Level 19 calculated amounts:
 [VirtualPitGenerator]   Max Monsters: 3, Actual: 1
 [VirtualPitGenerator]   Max Chests: 3, Actual: 2
 [VirtualPitGenerator]   Min Obstacles: 8
 [VirtualPitGenerator]   Max Obstacles: 14, Actual: 12
 [VirtualWorld] Wizard orb positioned at (7,8)
 [VirtualPitGenerator] Generated wizard orb at (7,8)
 [VirtualWorld] Added obstacle at (3,5)
 [VirtualWorld] Added obstacle at (10,5)
 [VirtualWorld] Added obstacle at (4,5)
 [VirtualWorld] Added obstacle at (4,7)
 [VirtualWorld] Added obstacle at (5,4)
 [VirtualWorld] Added obstacle at (10,8)
 [VirtualWorld] Added obstacle at (8,4)
 [VirtualWorld] Added obstacle at (8,5)
 [VirtualWorld] Added obstacle at (6,4)
 [VirtualWorld] Added obstacle at (8,6)
 [VirtualWorld] Added obstacle at (6,8)
 [VirtualWorld] Added obstacle at (6,9)
 [VirtualWorld] Added AdvancedHelm_Normal treasure (level 1) at (8,3)
 [VirtualWorld] Added AdvancedShield_Normal treasure (level 1) at (5,9)
 [VirtualWorld] Added Wraith monster at (8,7)
 [VirtualPitGenerator] Generated 12 obstacles, 2 treasures, 1 monsters, and 1 wizard orb
 [VirtualPitGenerator] Regenerating pit content for level 20
 [VirtualWorld] Cleared all entities and interior collisions
 [VirtualPitGenerator] Valid placement area for level 20: tiles (2,3) to (10,9)
 [VirtualPitGenerator] Level 20 calculated amounts:
 [VirtualPitGenerator]   Max Monsters: 3, Actual: 3
 [VirtualPitGenerator]   Max Chests: 3, Actual: 3
 [VirtualPitGenerator]   Min Obstacles: 9
 [VirtualPitGenerator]   Max Obstacles: 14, Actual: 10
 [VirtualWorld] Wizard orb positioned at (9,4)
 [VirtualPitGenerator] Generated wizard orb at (9,4)
 [VirtualWorld] Added obstacle at (2,9)
 [VirtualWorld] Added obstacle at (6,6)
 [VirtualWorld] Added obstacle at (7,3)
 [VirtualWorld] Added obstacle at (2,5)
 [VirtualWorld] Added obstacle at (9,9)
 [VirtualWorld] Added obstacle at (6,4)
 [VirtualWorld] Added obstacle at (5,4)
 [VirtualWorld] Added obstacle at (2,6)
 [VirtualWorld] Added obstacle at (8,5)
 [VirtualWorld] Added obstacle at (2,7)
 [VirtualWorld] Added AdvancedSword_Uncommon treasure (level 3) at (5,3)
 [VirtualWorld] Added AdvancedSpear_Normal treasure (level 1) at (3,6)
 [VirtualWorld] Added AdvancedStaff_Uncommon treasure (level 2) at (6,7)
 [VirtualWorld] Added Molten Titan monster at (2,8)
 [VirtualPitGenerator] Cave boss floor at level 20 with Molten Titan (scaled level 38)
 [VirtualPitGenerator] Generated 10 obstacles, 3 treasures, 2 monsters, and 1 wizard orb
 [VirtualPitGenerator] Regenerating pit content for level 21
 [VirtualWorld] Cleared all entities and interior collisions
 [VirtualPitGenerator] Valid placement area for level 21: tiles (2,3) to (10,9)
 [VirtualPitGenerator] Level 21 calculated amounts:
 [VirtualPitGenerator]   Max Monsters: 3, Actual: 2
 [VirtualPitGenerator]   Max Chests: 3, Actual: 3
 [VirtualPitGenerator]   Min Obstacles: 9
 [VirtualPitGenerator]   Max Obstacles: 15, Actual: 13
 [VirtualWorld] Wizard orb positioned at (2,7)
 [VirtualPitGenerator] Generated wizard orb at (2,7)
 [VirtualWorld] Added obstacle at (10,5)
 [VirtualWorld] Added obstacle at (10,7)
 [VirtualWorld] Added obstacle at (2,8)
 [VirtualWorld] Added obstacle at (9,3)
 [VirtualWorld] Added obstacle at (5,7)
 [VirtualWorld] Added obstacle at (3,7)
 [VirtualWorld] Added obstacle at (2,4)
 [VirtualWorld] Added obstacle at (6,7)
 [VirtualWorld] Added obstacle at (2,6)
 [VirtualWorld] Added obstacle at (5,8)
 [VirtualWorld] Added obstacle at (2,9)
 [VirtualWorld] Added obstacle at (8,5)
 [VirtualWorld] Added obstacle at (10,9)
 [VirtualWorld] Added EliteHelm_Normal treasure (level 1) at (10,8)
 [VirtualWorld] Added EliteStaff_Normal treasure (level 1) at (8,9)
 [VirtualWorld] Added EliteHelm_Normal treasure (level 1) at (6,3)
 [VirtualWorld] Added Lava Drake monster at (4,6)
 [VirtualWorld] Added Stone Wyrm monster at (3,9)
 [VirtualPitGenerator] Generated 13 obstacles, 3 treasures, 2 monsters, and 1 wizard orb
 [VirtualPitGenerator] Regenerating pit content for level 22
 [VirtualWorld] Cleared all entities and interior collisions
 [VirtualPitGenerator] Valid placement area for level 22: tiles (2,3) to (10,9)
 [VirtualPitGenerator] Level 22 calculated amounts:
 [VirtualPitGenerator]   Max Monsters: 3, Actual: 1
 [VirtualPitGenerator]   Max Chests: 3, Actual: 1
 [VirtualPitGenerator]   Min Obstacles: 10
 [VirtualPitGenerator]   Max Obstacles: 15, Actual: 11
 [VirtualWorld] Wizard orb positioned at (4,3)
 [VirtualPitGenerator] Generated wizard orb at (4,3)
 [VirtualWorld] Added obstacle at (9,8)
 [VirtualWorld] Added obstacle at (6,7)
 [VirtualWorld] Added obstacle at (5,6)
 [VirtualWorld] Added obstacle at (7,8)
 [VirtualWorld] Added obstacle at (10,5)
 [VirtualWorld] Added obstacle at (8,3)
 [VirtualWorld] Added obstacle at (7,4)
 [VirtualWorld] Added obstacle at (4,7)
 [VirtualWorld] Added obstacle at (8,8)
 [VirtualWorld] Added obstacle at (9,5)
 [VirtualWorld] Added obstacle at (4,4)
 [VirtualWorld] Added EliteDagger_Normal treasure (level 1) at (6,5)
 [VirtualWorld] Added Cave Troll monster at (5,3)
 [VirtualPitGenerator] Generated 11 obstacles, 1 treasures, 1 monsters, and 1 wizard orb
 [VirtualPitGenerator] Regenerating pit content for level 23
 [VirtualWorld] Cleared all entities and interior collisions
 [VirtualPitGenerator] Valid placement area for level 23: tiles (2,3) to (10,9)
 [VirtualPitGenerator] Level 23 calculated amounts:
 [VirtualPitGenerator]   Max Monsters: 3, Actual: 3
 [VirtualPitGenerator]   Max Chests: 3, Actual: 2
 [VirtualPitGenerator]   Min Obstacles: 10
 [VirtualPitGenerator]   Max Obstacles: 16, Actual: 15
 [VirtualWorld] Wizard orb positioned at (6,7)
 [VirtualPitGenerator] Generated wizard orb at (6,7)
 [VirtualWorld] Added obstacle at (7,4)
 [VirtualWorld] Added obstacle at (10,8)
 [VirtualWorld] Added obstacle at (8,4)
 [VirtualWorld] Added obstacle at (5,6)
 [VirtualWorld] Added obstacle at (5,3)
 [VirtualWorld] Added obstacle at (4,5)
 [VirtualWorld] Added obstacle at (3,9)
 [VirtualWorld] Added obstacle at (6,9)
 [VirtualWorld] Added obstacle at (2,9)
 [VirtualWorld] Added obstacle at (4,7)
 [VirtualWorld] Added obstacle at (10,9)
 [VirtualWorld] Added obstacle at (7,7)
 [VirtualWorld] Added obstacle at (6,6)
 [VirtualWorld] Added obstacle at (8,3)
 [VirtualWorld] Added obstacle at (2,4)
 [VirtualWorld] Added EliteAxe_Uncommon treasure (level 3) at (9,3)
 [VirtualWorld] Added EliteSword_Uncommon treasure (level 2) at (9,5)
 [VirtualWorld] Added Orc monster at (2,5)
 [VirtualWorld] Added Shadow Beast monster at (9,4)
 [VirtualWorld] Added Wraith monster at (8,6)
 [VirtualPitGenerator] Generated 15 obstacles, 2 treasures, 3 monsters, and 1 wizard orb
 [VirtualPitGenerator] Regenerating pit content for level 24
 [VirtualWorld] Cleared all entities and interior collisions
 [VirtualPitGenerator] Valid placement area for level 24: tiles (2,3) to (10,9)
 [VirtualPitGenerator] Level 24 calculated amounts:
 [VirtualPitGenerator]   Max Monsters: 3, Actual: 2
 [VirtualPitGenerator]   Max Chests: 3, Actual: 3
 [VirtualPitGenerator]   Min Obstacles: 10
 [VirtualPitGenerator]   Max Obstacles: 16, Actual: 11
 [VirtualWorld] Wizard orb positioned at (8,3)
 [VirtualPitGenerator] Generated wizard orb at (8,3)
 [VirtualWorld] Added obstacle at (6,7)
 [VirtualWorld] Added obstacle at (6,9)
 [VirtualWorld] Added obstacle at (3,9)
 [VirtualWorld] Added obstacle at (3,3)
 [VirtualWorld] Added obstacle at (10,8)
 [VirtualWorld] Added obstacle at (2,9)
 [VirtualWorld] Added obstacle at (9,5)
 [VirtualWorld] Added obstacle at (7,3)
 [VirtualWorld] Added obstacle at (5,3)
 [VirtualWorld] Added obstacle at (10,6)
 [VirtualWorld] Added obstacle at (7,4)
 [VirtualWorld] Added EliteSword_Normal treasure (level 1) at (8,9)
 [VirtualWorld] Added EliteHammer_Normal treasure (level 1) at (9,9)
 [VirtualWorld] Added EliteShield_Uncommon treasure (level 2) at (7,9)
 [VirtualWorld] Added Crystal Golem monster at (9,6)
 [VirtualWorld] Added Skeleton monster at (3,6)
 [VirtualPitGenerator] Generated 11 obstacles, 3 treasures, 2 monsters, and 1 wizard orb
 [VirtualPitGenerator] Regenerating pit content for level 25
 [VirtualWorld] Cleared all entities and interior collisions
 [VirtualPitGenerator] Valid placement area for level 25: tiles (2,3) to (10,9)
 [VirtualPitGenerator] Level 25 calculated amounts:
 [VirtualPitGenerator]   Max Monsters: 3, Actual: 1
 [VirtualPitGenerator]   Max Chests: 3, Actual: 1
 [VirtualPitGenerator]   Min Obstacles: 11
 [VirtualPitGenerator]   Max Obstacles: 17, Actual: 16
 [VirtualWorld] Wizard orb positioned at (10,6)
 [VirtualPitGenerator] Generated wizard orb at (10,6)
 [VirtualWorld] Added obstacle at (5,3)
 [VirtualWorld] Added obstacle at (10,3)
 [VirtualWorld] Added obstacle at (6,7)
 [VirtualWorld] Added obstacle at (10,8)
 [VirtualWorld] Added obstacle at (6,6)
 [VirtualWorld] Added obstacle at (7,5)
 [VirtualWorld] Added obstacle at (6,5)
 [VirtualWorld] Added obstacle at (10,4)
 [VirtualWorld] Added obstacle at (8,4)
 [VirtualWorld] Added obstacle at (3,6)
 [VirtualWorld] Added obstacle at (3,5)
 [VirtualWorld] Added obstacle at (2,5)
 [VirtualWorld] Added obstacle at (9,8)
 [VirtualWorld] Added obstacle at (5,7)
 [VirtualWorld] Added obstacle at (3,7)
 [VirtualWorld] Added obstacle at (2,3)
 [VirtualWorld] Added EliteDagger_Uncommon treasure (level 2) at (9,7)
 [VirtualWorld] Added Ancient Wyrm monster at (7,4)
 [VirtualPitGenerator] Cave boss floor at level 25 with Ancient Wyrm (scaled level 46)
 [VirtualPitGenerator] Generated 16 obstacles, 1 treasures, 0 monsters, and 1 wizard orb


  Passed VirtualPitGenerator_CaveMonsterPool_ShouldHaveCorrectSize [< 1 ms]
  Standard Output Messages:
 [VirtualWorld] Generated 5 obstacles and 1 wizard orb in pit
 [VirtualWorld] Regenerated pit at level 10, bounds: (1,2,14,9)
 [VirtualTiledMapService] Initialized basic tile patterns for PitWidthManager
 [VirtualPitWidthManager] Recorded FogOfWar index: 301
 [VirtualPitWidthManager] Recorded ground tile index: 104
 [VirtualPitWidthManager] baseOuterFloor[1] = 100
 [VirtualPitWidthManager] baseOuterFloor[2] = 103
 [VirtualPitWidthManager] baseOuterFloor[3] = 103
 [VirtualPitWidthManager] baseOuterFloor[4] = 103
 [VirtualPitWidthManager] baseOuterFloor[5] = 103
 [VirtualPitWidthManager] baseOuterFloor[6] = 103
 [VirtualPitWidthManager] baseOuterFloor[7] = 103
 [VirtualPitWidthManager] baseOuterFloor[8] = 103
 [VirtualPitWidthManager] baseOuterFloor[9] = 103
 [VirtualPitWidthManager] baseOuterFloor[10] = 103
 [VirtualPitWidthManager] baseOuterFloor[11] = 100
 [VirtualPitWidthManager] baseOuterFloor total: 11 tiles, 11 non-zero
 [VirtualPitWidthManager] collisionOuterFloor[1] = 0
 [VirtualPitWidthManager] collisionOuterFloor[2] = 0
 [VirtualPitWidthManager] collisionOuterFloor[3] = 0
 [VirtualPitWidthManager] collisionOuterFloor[4] = 0
 [VirtualPitWidthManager] collisionOuterFloor[5] = 0
 [VirtualPitWidthManager] collisionOuterFloor[6] = 0
 [VirtualPitWidthManager] collisionOuterFloor[7] = 0
 [VirtualPitWidthManager] collisionOuterFloor[8] = 0
 [VirtualPitWidthManager] collisionOuterFloor[9] = 0
 [VirtualPitWidthManager] collisionOuterFloor[10] = 0
 [VirtualPitWidthManager] collisionOuterFloor[11] = 0
 [VirtualPitWidthManager] collisionOuterFloor total: 11 tiles, 0 non-zero
 [VirtualPitWidthManager] baseInnerWall[1] = 102
 [VirtualPitWidthManager] baseInnerWall[2] = 102
 [VirtualPitWidthManager] baseInnerWall[3] = 102
 [VirtualPitWidthManager] baseInnerWall[4] = 102
 [VirtualPitWidthManager] baseInnerWall[5] = 102
 [VirtualPitWidthManager] baseInnerWall[6] = 102
 [VirtualPitWidthManager] baseInnerWall[7] = 102
 [VirtualPitWidthManager] baseInnerWall[8] = 102
 [VirtualPitWidthManager] baseInnerWall[9] = 102
 [VirtualPitWidthManager] baseInnerWall[10] = 102
 [VirtualPitWidthManager] baseInnerWall[11] = 102
 [VirtualPitWidthManager] baseInnerWall total: 11 tiles, 11 non-zero
 [VirtualPitWidthManager] collisionInnerWall[1] = 0
 [VirtualPitWidthManager] collisionInnerWall[2] = 201
 [VirtualPitWidthManager] collisionInnerWall[3] = 201
 [VirtualPitWidthManager] collisionInnerWall[4] = 201
 [VirtualPitWidthManager] collisionInnerWall[5] = 201
 [VirtualPitWidthManager] collisionInnerWall[6] = 201
 [VirtualPitWidthManager] collisionInnerWall[7] = 201
 [VirtualPitWidthManager] collisionInnerWall[8] = 201
 [VirtualPitWidthManager] collisionInnerWall[9] = 201
 [VirtualPitWidthManager] collisionInnerWall[10] = 201
 [VirtualPitWidthManager] collisionInnerWall[11] = 0
 [VirtualPitWidthManager] collisionInnerWall total: 11 tiles, 9 non-zero
 [VirtualPitWidthManager] baseInnerFloor[1] = 100
 [VirtualPitWidthManager] baseInnerFloor[2] = 101
 [VirtualPitWidthManager] baseInnerFloor[3] = 101
 [VirtualPitWidthManager] baseInnerFloor[4] = 101
 [VirtualPitWidthManager] baseInnerFloor[5] = 101
 [VirtualPitWidthManager] baseInnerFloor[6] = 101
 [VirtualPitWidthManager] baseInnerFloor[7] = 101
 [VirtualPitWidthManager] baseInnerFloor[8] = 101
 [VirtualPitWidthManager] baseInnerFloor[9] = 101
 [VirtualPitWidthManager] baseInnerFloor[10] = 101
 [VirtualPitWidthManager] baseInnerFloor[11] = 100
 [VirtualPitWidthManager] baseInnerFloor total: 11 tiles, 11 non-zero
 [VirtualPitWidthManager] collisionInnerFloor[1] = 0
 [VirtualPitWidthManager] collisionInnerFloor[2] = 0
 [VirtualPitWidthManager] collisionInnerFloor[3] = 0
 [VirtualPitWidthManager] collisionInnerFloor[4] = 0
 [VirtualPitWidthManager] collisionInnerFloor[5] = 0
 [VirtualPitWidthManager] collisionInnerFloor[6] = 0
 [VirtualPitWidthManager] collisionInnerFloor[7] = 0
 [VirtualPitWidthManager] collisionInnerFloor[8] = 0
 [VirtualPitWidthManager] collisionInnerFloor[9] = 0
 [VirtualPitWidthManager] collisionInnerFloor[10] = 0
 [VirtualPitWidthManager] collisionInnerFloor[11] = 0
 [VirtualPitWidthManager] collisionInnerFloor total: 11 tiles, 0 non-zero
 [VirtualPitWidthManager] Initialization complete. Current pit right edge: 13


  Passed VirtualPitGenerator_CaveTreasureDistribution_Pit1To10_OnlyLevel1 [1 ms]
  Standard Output Messages:
 [VirtualWorld] Generated 5 obstacles and 1 wizard orb in pit
 [VirtualWorld] Regenerated pit at level 10, bounds: (1,2,14,9)
 [VirtualTiledMapService] Initialized basic tile patterns for PitWidthManager
 [VirtualPitWidthManager] Recorded FogOfWar index: 301
 [VirtualPitWidthManager] Recorded ground tile index: 104
 [VirtualPitWidthManager] baseOuterFloor[1] = 100
 [VirtualPitWidthManager] baseOuterFloor[2] = 103
 [VirtualPitWidthManager] baseOuterFloor[3] = 103
 [VirtualPitWidthManager] baseOuterFloor[4] = 103
 [VirtualPitWidthManager] baseOuterFloor[5] = 103
 [VirtualPitWidthManager] baseOuterFloor[6] = 103
 [VirtualPitWidthManager] baseOuterFloor[7] = 103
 [VirtualPitWidthManager] baseOuterFloor[8] = 103
 [VirtualPitWidthManager] baseOuterFloor[9] = 103
 [VirtualPitWidthManager] baseOuterFloor[10] = 103
 [VirtualPitWidthManager] baseOuterFloor[11] = 100
 [VirtualPitWidthManager] baseOuterFloor total: 11 tiles, 11 non-zero
 [VirtualPitWidthManager] collisionOuterFloor[1] = 0
 [VirtualPitWidthManager] collisionOuterFloor[2] = 0
 [VirtualPitWidthManager] collisionOuterFloor[3] = 0
 [VirtualPitWidthManager] collisionOuterFloor[4] = 0
 [VirtualPitWidthManager] collisionOuterFloor[5] = 0
 [VirtualPitWidthManager] collisionOuterFloor[6] = 0
 [VirtualPitWidthManager] collisionOuterFloor[7] = 0
 [VirtualPitWidthManager] collisionOuterFloor[8] = 0
 [VirtualPitWidthManager] collisionOuterFloor[9] = 0
 [VirtualPitWidthManager] collisionOuterFloor[10] = 0
 [VirtualPitWidthManager] collisionOuterFloor[11] = 0
 [VirtualPitWidthManager] collisionOuterFloor total: 11 tiles, 0 non-zero
 [VirtualPitWidthManager] baseInnerWall[1] = 102
 [VirtualPitWidthManager] baseInnerWall[2] = 102
 [VirtualPitWidthManager] baseInnerWall[3] = 102
 [VirtualPitWidthManager] baseInnerWall[4] = 102
 [VirtualPitWidthManager] baseInnerWall[5] = 102
 [VirtualPitWidthManager] baseInnerWall[6] = 102
 [VirtualPitWidthManager] baseInnerWall[7] = 102
 [VirtualPitWidthManager] baseInnerWall[8] = 102
 [VirtualPitWidthManager] baseInnerWall[9] = 102
 [VirtualPitWidthManager] baseInnerWall[10] = 102
 [VirtualPitWidthManager] baseInnerWall[11] = 102
 [VirtualPitWidthManager] baseInnerWall total: 11 tiles, 11 non-zero
 [VirtualPitWidthManager] collisionInnerWall[1] = 0
 [VirtualPitWidthManager] collisionInnerWall[2] = 201
 [VirtualPitWidthManager] collisionInnerWall[3] = 201
 [VirtualPitWidthManager] collisionInnerWall[4] = 201
 [VirtualPitWidthManager] collisionInnerWall[5] = 201
 [VirtualPitWidthManager] collisionInnerWall[6] = 201
 [VirtualPitWidthManager] collisionInnerWall[7] = 201
 [VirtualPitWidthManager] collisionInnerWall[8] = 201
 [VirtualPitWidthManager] collisionInnerWall[9] = 201
 [VirtualPitWidthManager] collisionInnerWall[10] = 201
 [VirtualPitWidthManager] collisionInnerWall[11] = 0
 [VirtualPitWidthManager] collisionInnerWall total: 11 tiles, 9 non-zero
 [VirtualPitWidthManager] baseInnerFloor[1] = 100
 [VirtualPitWidthManager] baseInnerFloor[2] = 101
 [VirtualPitWidthManager] baseInnerFloor[3] = 101
 [VirtualPitWidthManager] baseInnerFloor[4] = 101
 [VirtualPitWidthManager] baseInnerFloor[5] = 101
 [VirtualPitWidthManager] baseInnerFloor[6] = 101
 [VirtualPitWidthManager] baseInnerFloor[7] = 101
 [VirtualPitWidthManager] baseInnerFloor[8] = 101
 [VirtualPitWidthManager] baseInnerFloor[9] = 101
 [VirtualPitWidthManager] baseInnerFloor[10] = 101
 [VirtualPitWidthManager] baseInnerFloor[11] = 100
 [VirtualPitWidthManager] baseInnerFloor total: 11 tiles, 11 non-zero
 [VirtualPitWidthManager] collisionInnerFloor[1] = 0
 [VirtualPitWidthManager] collisionInnerFloor[2] = 0
 [VirtualPitWidthManager] collisionInnerFloor[3] = 0
 [VirtualPitWidthManager] collisionInnerFloor[4] = 0
 [VirtualPitWidthManager] collisionInnerFloor[5] = 0
 [VirtualPitWidthManager] collisionInnerFloor[6] = 0
 [VirtualPitWidthManager] collisionInnerFloor[7] = 0
 [VirtualPitWidthManager] collisionInnerFloor[8] = 0
 [VirtualPitWidthManager] collisionInnerFloor[9] = 0
 [VirtualPitWidthManager] collisionInnerFloor[10] = 0
 [VirtualPitWidthManager] collisionInnerFloor[11] = 0
 [VirtualPitWidthManager] collisionInnerFloor total: 11 tiles, 0 non-zero
 [VirtualPitWidthManager] Initialization complete. Current pit right edge: 13
 [VirtualPitGenerator] Regenerating pit content for level 1
 [VirtualWorld] Cleared all entities and interior collisions
 [VirtualPitGenerator] Valid placement area for level 1: tiles (2,3) to (10,9)
 [VirtualPitGenerator] Level 1 calculated amounts:
 [VirtualPitGenerator]   Max Monsters: 2, Actual: 1
 [VirtualPitGenerator]   Max Chests: 2, Actual: 1
 [VirtualPitGenerator]   Min Obstacles: 5
 [VirtualPitGenerator]   Max Obstacles: 10, Actual: 6
 [VirtualWorld] Wizard orb positioned at (8,7)
 [VirtualPitGenerator] Generated wizard orb at (8,7)
 [VirtualWorld] Added obstacle at (5,5)
 [VirtualWorld] Added obstacle at (10,3)
 [VirtualWorld] Added obstacle at (7,3)
 [VirtualWorld] Added obstacle at (4,5)
 [VirtualWorld] Added obstacle at (10,7)
 [VirtualWorld] Added obstacle at (7,4)
 [VirtualWorld] Added EarlyHelm_Normal treasure (level 1) at (7,7)
 [VirtualWorld] Added Bat monster at (2,4)
 [VirtualPitGenerator] Generated 6 obstacles, 1 treasures, 1 monsters, and 1 wizard orb
 [VirtualPitGenerator] Regenerating pit content for level 2
 [VirtualWorld] Cleared all entities and interior collisions
 [VirtualPitGenerator] Valid placement area for level 2: tiles (2,3) to (10,9)
 [VirtualPitGenerator] Level 2 calculated amounts:
 [VirtualPitGenerator]   Max Monsters: 2, Actual: 1
 [VirtualPitGenerator]   Max Chests: 2, Actual: 1
 [VirtualPitGenerator]   Min Obstacles: 5
 [VirtualPitGenerator]   Max Obstacles: 10, Actual: 9
 [VirtualWorld] Wizard orb positioned at (10,3)
 [VirtualPitGenerator] Generated wizard orb at (10,3)
 [VirtualWorld] Added obstacle at (4,8)
 [VirtualWorld] Added obstacle at (6,4)
 [VirtualWorld] Added obstacle at (2,8)
 [VirtualWorld] Added obstacle at (2,3)
 [VirtualWorld] Added obstacle at (6,5)
 [VirtualWorld] Added obstacle at (4,7)
 [VirtualWorld] Added obstacle at (5,5)
 [VirtualWorld] Added obstacle at (8,9)
 [VirtualWorld] Added obstacle at (9,7)
 [VirtualWorld] Added EarlyArmor_Normal treasure (level 1) at (2,5)
 [VirtualWorld] Added Slime monster at (8,7)
 [VirtualPitGenerator] Generated 9 obstacles, 1 treasures, 1 monsters, and 1 wizard orb
 [VirtualPitGenerator] Regenerating pit content for level 3
 [VirtualWorld] Cleared all entities and interior collisions
 [VirtualPitGenerator] Valid placement area for level 3: tiles (2,3) to (10,9)
 [VirtualPitGenerator] Level 3 calculated amounts:
 [VirtualPitGenerator]   Max Monsters: 2, Actual: 2
 [VirtualPitGenerator]   Max Chests: 2, Actual: 2
 [VirtualPitGenerator]   Min Obstacles: 5
 [VirtualPitGenerator]   Max Obstacles: 10, Actual: 6
 [VirtualWorld] Wizard orb positioned at (3,6)
 [VirtualPitGenerator] Generated wizard orb at (3,6)
 [VirtualWorld] Added obstacle at (3,4)
 [VirtualWorld] Added obstacle at (10,5)
 [VirtualWorld] Added obstacle at (5,6)
 [VirtualWorld] Added obstacle at (9,7)
 [VirtualWorld] Added obstacle at (2,3)
 [VirtualWorld] Added obstacle at (10,3)
 [VirtualWorld] Added EarlyAxe_Normal treasure (level 1) at (9,8)
 [VirtualWorld] Added EarlyHelm_Normal treasure (level 1) at (7,6)
 [VirtualWorld] Added Rat monster at (6,6)
 [VirtualWorld] Added Rat monster at (4,4)
 [VirtualPitGenerator] Generated 6 obstacles, 2 treasures, 2 monsters, and 1 wizard orb
 [VirtualPitGenerator] Regenerating pit content for level 4
 [VirtualWorld] Cleared all entities and interior collisions
 [VirtualPitGenerator] Valid placement area for level 4: tiles (2,3) to (10,9)
 [VirtualPitGenerator] Level 4 calculated amounts:
 [VirtualPitGenerator]   Max Monsters: 2, Actual: 2
 [VirtualPitGenerator]   Max Chests: 2, Actual: 2
 [VirtualPitGenerator]   Min Obstacles: 5
 [VirtualPitGenerator]   Max Obstacles: 10, Actual: 9
 [VirtualWorld] Wizard orb positioned at (5,3)
 [VirtualPitGenerator] Generated wizard orb at (5,3)
 [VirtualWorld] Added obstacle at (2,7)
 [VirtualWorld] Added obstacle at (6,6)
 [VirtualWorld] Added obstacle at (8,4)
 [VirtualWorld] Added obstacle at (7,5)
 [VirtualWorld] Added obstacle at (6,8)
 [VirtualWorld] Added obstacle at (9,5)
 [VirtualWorld] Added obstacle at (9,7)
 [VirtualWorld] Added obstacle at (2,5)
 [VirtualWorld] Added obstacle at (3,7)
 [VirtualWorld] Added EarlyHelm_Normal treasure (level 1) at (4,7)
 [VirtualWorld] Added EarlySpear_Normal treasure (level 1) at (2,3)
 [VirtualWorld] Added Bat monster at (8,3)
 [VirtualWorld] Added Rat monster at (8,6)
 [VirtualPitGenerator] Generated 9 obstacles, 2 treasures, 2 monsters, and 1 wizard orb
 [VirtualPitGenerator] Regenerating pit content for level 5
 [VirtualWorld] Cleared all entities and interior collisions
 [VirtualPitGenerator] Valid placement area for level 5: tiles (2,3) to (10,9)
 [VirtualPitGenerator] Level 5 calculated amounts:
 [VirtualPitGenerator]   Max Monsters: 2, Actual: 1
 [VirtualPitGenerator]   Max Chests: 2, Actual: 1
 [VirtualPitGenerator]   Min Obstacles: 5
 [VirtualPitGenerator]   Max Obstacles: 10, Actual: 7
 [VirtualWorld] Wizard orb positioned at (7,6)
 [VirtualPitGenerator] Generated wizard orb at (7,6)
 [VirtualWorld] Added obstacle at (10,4)
 [VirtualWorld] Added obstacle at (10,7)
 [VirtualWorld] Added obstacle at (3,9)
 [VirtualWorld] Added obstacle at (5,3)
 [VirtualWorld] Added obstacle at (2,6)
 [VirtualWorld] Added obstacle at (2,8)
 [VirtualWorld] Added obstacle at (4,6)
 [VirtualWorld] Added EarlyDagger_Normal treasure (level 1) at (9,4)
 [VirtualWorld] Added Stone Guardian monster at (9,9)
 [VirtualPitGenerator] Cave boss floor at level 5 with Stone Guardian (scaled level 10)
 [VirtualPitGenerator] Generated 7 obstacles, 1 treasures, 0 monsters, and 1 wizard orb
 [VirtualPitGenerator] Regenerating pit content for level 6
 [VirtualWorld] Cleared all entities and interior collisions
 [VirtualPitGenerator] Valid placement area for level 6: tiles (2,3) to (10,9)
 [VirtualPitGenerator] Level 6 calculated amounts:
 [VirtualPitGenerator]   Max Monsters: 2, Actual: 2
 [VirtualPitGenerator]   Max Chests: 2, Actual: 2
 [VirtualPitGenerator]   Min Obstacles: 5
 [VirtualPitGenerator]   Max Obstacles: 10, Actual: 10
 [VirtualWorld] Wizard orb positioned at (9,9)
 [VirtualPitGenerator] Generated wizard orb at (9,9)
 [VirtualWorld] Added obstacle at (9,7)
 [VirtualWorld] Added obstacle at (6,8)
 [VirtualWorld] Added obstacle at (6,7)
 [VirtualWorld] Added obstacle at (3,8)
 [VirtualWorld] Added obstacle at (7,4)
 [VirtualWorld] Added obstacle at (8,5)
 [VirtualWorld] Added obstacle at (8,8)
 [VirtualWorld] Added obstacle at (7,7)
 [VirtualWorld] Added obstacle at (4,3)
 [VirtualWorld] Added obstacle at (3,5)
 [VirtualWorld] Added MidAxe_Normal treasure (level 1) at (5,3)
 [VirtualWorld] Added MidArmor_Normal treasure (level 1) at (10,5)
 [VirtualWorld] Added Stone Beetle monster at (2,3)
 [VirtualWorld] Added Bat monster at (5,5)
 [VirtualPitGenerator] Generated 10 obstacles, 2 treasures, 2 monsters, and 1 wizard orb
 [VirtualPitGenerator] Regenerating pit content for level 7
 [VirtualWorld] Cleared all entities and interior collisions
 [VirtualPitGenerator] Valid placement area for level 7: tiles (2,3) to (10,9)
 [VirtualPitGenerator] Level 7 calculated amounts:
 [VirtualPitGenerator]   Max Monsters: 2, Actual: 2
 [VirtualPitGenerator]   Max Chests: 2, Actual: 2
 [VirtualPitGenerator]   Min Obstacles: 5
 [VirtualPitGenerator]   Max Obstacles: 10, Actual: 7
 [VirtualWorld] Wizard orb positioned at (2,5)
 [VirtualPitGenerator] Generated wizard orb at (2,5)
 [VirtualWorld] Added obstacle at (8,3)
 [VirtualWorld] Added obstacle at (10,8)
 [VirtualWorld] Added obstacle at (9,6)
 [VirtualWorld] Added obstacle at (10,6)
 [VirtualWorld] Added obstacle at (3,9)
 [VirtualWorld] Added obstacle at (5,8)
 [VirtualWorld] Added obstacle at (5,9)
 [VirtualWorld] Added MidAxe_Normal treasure (level 1) at (2,8)
 [VirtualWorld] Added MidHelm_Normal treasure (level 1) at (6,5)
 [VirtualWorld] Added Snake monster at (2,6)
 [VirtualWorld] Added Bat monster at (8,5)
 [VirtualPitGenerator] Generated 7 obstacles, 2 treasures, 2 monsters, and 1 wizard orb
 [VirtualPitGenerator] Regenerating pit content for level 8
 [VirtualWorld] Cleared all entities and interior collisions
 [VirtualPitGenerator] Valid placement area for level 8: tiles (2,3) to (10,9)
 [VirtualPitGenerator] Level 8 calculated amounts:
 [VirtualPitGenerator]   Max Monsters: 2, Actual: 1
 [VirtualPitGenerator]   Max Chests: 2, Actual: 1
 [VirtualPitGenerator]   Min Obstacles: 5
 [VirtualPitGenerator]   Max Obstacles: 10, Actual: 10
 [VirtualWorld] Wizard orb positioned at (4,8)
 [VirtualPitGenerator] Generated wizard orb at (4,8)
 [VirtualWorld] Added obstacle at (6,6)
 [VirtualWorld] Added obstacle at (6,9)
 [VirtualWorld] Added obstacle at (4,4)
 [VirtualWorld] Added obstacle at (8,3)
 [VirtualWorld] Added obstacle at (7,7)
 [VirtualWorld] Added obstacle at (2,4)
 [VirtualWorld] Added obstacle at (10,9)
 [VirtualWorld] Added obstacle at (5,9)
 [VirtualWorld] Added obstacle at (9,5)
 [VirtualWorld] Added obstacle at (9,6)
 [VirtualWorld] Added MidArmor_Normal treasure (level 1) at (8,8)
 [VirtualWorld] Added Goblin monster at (6,3)
 [VirtualPitGenerator] Generated 10 obstacles, 1 treasures, 1 monsters, and 1 wizard orb
 [VirtualPitGenerator] Regenerating pit content for level 9
 [VirtualWorld] Cleared all entities and interior collisions
 [VirtualPitGenerator] Valid placement area for level 9: tiles (2,3) to (10,9)
 [VirtualPitGenerator] Level 9 calculated amounts:
 [VirtualPitGenerator]   Max Monsters: 2, Actual: 1
 [VirtualPitGenerator]   Max Chests: 2, Actual: 1
 [VirtualPitGenerator]   Min Obstacles: 5
 [VirtualPitGenerator]   Max Obstacles: 10, Actual: 7
 [VirtualWorld] Wizard orb positioned at (6,4)
 [VirtualPitGenerator] Generated wizard orb at (6,4)
 [VirtualWorld] Added obstacle at (5,9)
 [VirtualWorld] Added obstacle at (10,3)
 [VirtualWorld] Added obstacle at (7,9)
 [VirtualWorld] Added obstacle at (6,8)
 [VirtualWorld] Added obstacle at (3,4)
 [VirtualWorld] Added obstacle at (7,7)
 [VirtualWorld] Added obstacle at (9,3)
 [VirtualWorld] Added MidStaff_Normal treasure (level 1) at (2,6)
 [VirtualWorld] Added Rat monster at (4,7)
 [VirtualPitGenerator] Generated 7 obstacles, 1 treasures, 1 monsters, and 1 wizard orb
 [VirtualPitGenerator] Regenerating pit content for level 10
 [VirtualWorld] Cleared all entities and interior collisions
 [VirtualPitGenerator] Valid placement area for level 10: tiles (2,3) to (10,9)
 [VirtualPitGenerator] Level 10 calculated amounts:
 [VirtualPitGenerator]   Max Monsters: 2, Actual: 2
 [VirtualPitGenerator]   Max Chests: 2, Actual: 2
 [VirtualPitGenerator]   Min Obstacles: 5
 [VirtualPitGenerator]   Max Obstacles: 10, Actual: 10
 [VirtualWorld] Wizard orb positioned at (8,8)
 [VirtualPitGenerator] Generated wizard orb at (8,8)
 [VirtualWorld] Added obstacle at (4,5)
 [VirtualWorld] Added obstacle at (6,4)
 [VirtualWorld] Added obstacle at (10,7)
 [VirtualWorld] Added obstacle at (4,6)
 [VirtualWorld] Added obstacle at (8,9)
 [VirtualWorld] Added obstacle at (4,3)
 [VirtualWorld] Added obstacle at (3,9)
 [VirtualWorld] Added obstacle at (3,4)
 [VirtualWorld] Added obstacle at (4,7)
 [VirtualWorld] Added obstacle at (6,7)
 [VirtualWorld] Added MidDagger_Normal treasure (level 1) at (10,6)
 [VirtualWorld] Added MidAxe_Normal treasure (level 1) at (2,5)
 [VirtualWorld] Added Pit Lord monster at (3,5)
 [VirtualPitGenerator] Cave boss floor at level 10 with Pit Lord (scaled level 18)
 [VirtualPitGenerator] Generated 10 obstacles, 2 treasures, 1 monsters, and 1 wizard orb


  Passed VirtualPitGenerator_CaveTreasureDistribution_Pit11To25_MixedLevels [1 ms]
  Standard Output Messages:
 [VirtualWorld] Generated 5 obstacles and 1 wizard orb in pit
 [VirtualWorld] Regenerated pit at level 10, bounds: (1,2,14,9)
 [VirtualTiledMapService] Initialized basic tile patterns for PitWidthManager
 [VirtualPitWidthManager] Recorded FogOfWar index: 301
 [VirtualPitWidthManager] Recorded ground tile index: 104
 [VirtualPitWidthManager] baseOuterFloor[1] = 100
 [VirtualPitWidthManager] baseOuterFloor[2] = 103
 [VirtualPitWidthManager] baseOuterFloor[3] = 103
 [VirtualPitWidthManager] baseOuterFloor[4] = 103
 [VirtualPitWidthManager] baseOuterFloor[5] = 103
 [VirtualPitWidthManager] baseOuterFloor[6] = 103
 [VirtualPitWidthManager] baseOuterFloor[7] = 103
 [VirtualPitWidthManager] baseOuterFloor[8] = 103
 [VirtualPitWidthManager] baseOuterFloor[9] = 103
 [VirtualPitWidthManager] baseOuterFloor[10] = 103
 [VirtualPitWidthManager] baseOuterFloor[11] = 100
 [VirtualPitWidthManager] baseOuterFloor total: 11 tiles, 11 non-zero
 [VirtualPitWidthManager] collisionOuterFloor[1] = 0
 [VirtualPitWidthManager] collisionOuterFloor[2] = 0
 [VirtualPitWidthManager] collisionOuterFloor[3] = 0
 [VirtualPitWidthManager] collisionOuterFloor[4] = 0
 [VirtualPitWidthManager] collisionOuterFloor[5] = 0
 [VirtualPitWidthManager] collisionOuterFloor[6] = 0
 [VirtualPitWidthManager] collisionOuterFloor[7] = 0
 [VirtualPitWidthManager] collisionOuterFloor[8] = 0
 [VirtualPitWidthManager] collisionOuterFloor[9] = 0
 [VirtualPitWidthManager] collisionOuterFloor[10] = 0
 [VirtualPitWidthManager] collisionOuterFloor[11] = 0
 [VirtualPitWidthManager] collisionOuterFloor total: 11 tiles, 0 non-zero
 [VirtualPitWidthManager] baseInnerWall[1] = 102
 [VirtualPitWidthManager] baseInnerWall[2] = 102
 [VirtualPitWidthManager] baseInnerWall[3] = 102
 [VirtualPitWidthManager] baseInnerWall[4] = 102
 [VirtualPitWidthManager] baseInnerWall[5] = 102
 [VirtualPitWidthManager] baseInnerWall[6] = 102
 [VirtualPitWidthManager] baseInnerWall[7] = 102
 [VirtualPitWidthManager] baseInnerWall[8] = 102
 [VirtualPitWidthManager] baseInnerWall[9] = 102
 [VirtualPitWidthManager] baseInnerWall[10] = 102
 [VirtualPitWidthManager] baseInnerWall[11] = 102
 [VirtualPitWidthManager] baseInnerWall total: 11 tiles, 11 non-zero
 [VirtualPitWidthManager] collisionInnerWall[1] = 0
 [VirtualPitWidthManager] collisionInnerWall[2] = 201
 [VirtualPitWidthManager] collisionInnerWall[3] = 201
 [VirtualPitWidthManager] collisionInnerWall[4] = 201
 [VirtualPitWidthManager] collisionInnerWall[5] = 201
 [VirtualPitWidthManager] collisionInnerWall[6] = 201
 [VirtualPitWidthManager] collisionInnerWall[7] = 201
 [VirtualPitWidthManager] collisionInnerWall[8] = 201
 [VirtualPitWidthManager] collisionInnerWall[9] = 201
 [VirtualPitWidthManager] collisionInnerWall[10] = 201
 [VirtualPitWidthManager] collisionInnerWall[11] = 0
 [VirtualPitWidthManager] collisionInnerWall total: 11 tiles, 9 non-zero
 [VirtualPitWidthManager] baseInnerFloor[1] = 100
 [VirtualPitWidthManager] baseInnerFloor[2] = 101
 [VirtualPitWidthManager] baseInnerFloor[3] = 101
 [VirtualPitWidthManager] baseInnerFloor[4] = 101
 [VirtualPitWidthManager] baseInnerFloor[5] = 101
 [VirtualPitWidthManager] baseInnerFloor[6] = 101
 [VirtualPitWidthManager] baseInnerFloor[7] = 101
 [VirtualPitWidthManager] baseInnerFloor[8] = 101
 [VirtualPitWidthManager] baseInnerFloor[9] = 101
 [VirtualPitWidthManager] baseInnerFloor[10] = 101
 [VirtualPitWidthManager] baseInnerFloor[11] = 100
 [VirtualPitWidthManager] baseInnerFloor total: 11 tiles, 11 non-zero
 [VirtualPitWidthManager] collisionInnerFloor[1] = 0
 [VirtualPitWidthManager] collisionInnerFloor[2] = 0
 [VirtualPitWidthManager] collisionInnerFloor[3] = 0
 [VirtualPitWidthManager] collisionInnerFloor[4] = 0
 [VirtualPitWidthManager] collisionInnerFloor[5] = 0
 [VirtualPitWidthManager] collisionInnerFloor[6] = 0
 [VirtualPitWidthManager] collisionInnerFloor[7] = 0
 [VirtualPitWidthManager] collisionInnerFloor[8] = 0
 [VirtualPitWidthManager] collisionInnerFloor[9] = 0
 [VirtualPitWidthManager] collisionInnerFloor[10] = 0
 [VirtualPitWidthManager] collisionInnerFloor[11] = 0
 [VirtualPitWidthManager] collisionInnerFloor total: 11 tiles, 0 non-zero
 [VirtualPitWidthManager] Initialization complete. Current pit right edge: 13
 [VirtualPitGenerator] Regenerating pit content for level 11
 [VirtualWorld] Cleared all entities and interior collisions
 [VirtualPitGenerator] Valid placement area for level 11: tiles (2,3) to (10,9)
 [VirtualPitGenerator] Level 11 calculated amounts:
 [VirtualPitGenerator]   Max Monsters: 2, Actual: 1
 [VirtualPitGenerator]   Max Chests: 2, Actual: 1
 [VirtualPitGenerator]   Min Obstacles: 5
 [VirtualPitGenerator]   Max Obstacles: 10, Actual: 7
 [VirtualWorld] Wizard orb positioned at (10,4)
 [VirtualPitGenerator] Generated wizard orb at (10,4)
 [VirtualWorld] Added obstacle at (3,8)
 [VirtualWorld] Added obstacle at (10,5)
 [VirtualWorld] Added obstacle at (4,5)
 [VirtualWorld] Added obstacle at (2,4)
 [VirtualWorld] Added obstacle at (3,7)
 [VirtualWorld] Added obstacle at (10,6)
 [VirtualWorld] Added obstacle at (9,9)
 [VirtualWorld] Added LateShield_Normal treasure (level 1) at (7,4)
 [VirtualWorld] Added Orc monster at (9,8)
 [VirtualPitGenerator] Generated 7 obstacles, 1 treasures, 1 monsters, and 1 wizard orb
 [VirtualPitGenerator] Regenerating pit content for level 12
 [VirtualWorld] Cleared all entities and interior collisions
 [VirtualPitGenerator] Valid placement area for level 12: tiles (2,3) to (10,9)
 [VirtualPitGenerator] Level 12 calculated amounts:
 [VirtualPitGenerator]   Max Monsters: 2, Actual: 1
 [VirtualPitGenerator]   Max Chests: 2, Actual: 1
 [VirtualPitGenerator]   Min Obstacles: 6
 [VirtualPitGenerator]   Max Obstacles: 11, Actual: 11
 [VirtualWorld] Wizard orb positioned at (3,7)
 [VirtualPitGenerator] Generated wizard orb at (3,7)
 [VirtualWorld] Added obstacle at (2,4)
 [VirtualWorld] Added obstacle at (6,6)
 [VirtualWorld] Added obstacle at (8,3)
 [VirtualWorld] Added obstacle at (9,9)
 [VirtualWorld] Added obstacle at (8,5)
 [VirtualWorld] Added obstacle at (6,9)
 [VirtualWorld] Added obstacle at (5,3)
 [VirtualWorld] Added obstacle at (10,5)
 [VirtualWorld] Added obstacle at (9,3)
 [VirtualWorld] Added obstacle at (4,9)
 [VirtualWorld] Added obstacle at (4,4)
 [VirtualWorld] Added LateStaff_Normal treasure (level 1) at (3,9)
 [VirtualWorld] Added Snake monster at (7,3)
 [VirtualPitGenerator] Generated 11 obstacles, 1 treasures, 1 monsters, and 1 wizard orb
 [VirtualPitGenerator] Regenerating pit content for level 13
 [VirtualWorld] Cleared all entities and interior collisions
 [VirtualPitGenerator] Valid placement area for level 13: tiles (2,3) to (10,9)
 [VirtualPitGenerator] Level 13 calculated amounts:
 [VirtualPitGenerator]   Max Monsters: 2, Actual: 2
 [VirtualPitGenerator]   Max Chests: 2, Actual: 2
 [VirtualPitGenerator]   Min Obstacles: 6
 [VirtualPitGenerator]   Max Obstacles: 11, Actual: 9
 [VirtualWorld] Wizard orb positioned at (4,3)
 [VirtualPitGenerator] Generated wizard orb at (4,3)
 [VirtualWorld] Added obstacle at (10,8)
 [VirtualWorld] Added obstacle at (10,7)
 [VirtualWorld] Added obstacle at (2,9)
 [VirtualWorld] Added obstacle at (7,6)
 [VirtualWorld] Added obstacle at (3,5)
 [VirtualWorld] Added obstacle at (2,3)
 [VirtualWorld] Added obstacle at (5,6)
 [VirtualWorld] Added obstacle at (2,4)
 [VirtualWorld] Added obstacle at (7,9)
 [VirtualWorld] Added LateAxe_Normal treasure (level 1) at (9,3)
 [VirtualWorld] Added LateHammer_Normal treasure (level 1) at (6,9)
 [VirtualWorld] Added Tunnel Worm monster at (4,4)
 [VirtualWorld] Added Skeleton monster at (9,4)
 [VirtualPitGenerator] Generated 9 obstacles, 2 treasures, 2 monsters, and 1 wizard orb
 [VirtualPitGenerator] Regenerating pit content for level 14
 [VirtualWorld] Cleared all entities and interior collisions
 [VirtualPitGenerator] Valid placement area for level 14: tiles (2,3) to (10,9)
 [VirtualPitGenerator] Level 14 calculated amounts:
 [VirtualPitGenerator]   Max Monsters: 2, Actual: 2
 [VirtualPitGenerator]   Max Chests: 2, Actual: 2
 [VirtualPitGenerator]   Min Obstacles: 7
 [VirtualPitGenerator]   Max Obstacles: 12, Actual: 7
 [VirtualWorld] Wizard orb positioned at (6,6)
 [VirtualPitGenerator] Generated wizard orb at (6,6)
 [VirtualWorld] Added obstacle at (9,4)
 [VirtualWorld] Added obstacle at (6,7)
 [VirtualWorld] Added obstacle at (5,7)
 [VirtualWorld] Added obstacle at (5,4)
 [VirtualWorld] Added obstacle at (8,8)
 [VirtualWorld] Added obstacle at (8,3)
 [VirtualWorld] Added obstacle at (8,7)
 [VirtualWorld] Added LateSword_Normal treasure (level 1) at (4,5)
 [VirtualWorld] Added LateSpear_Normal treasure (level 1) at (6,9)
 [VirtualWorld] Added Spider monster at (5,5)
 [VirtualWorld] Added Skeleton monster at (10,5)
 [VirtualPitGenerator] Generated 7 obstacles, 2 treasures, 2 monsters, and 1 wizard orb
 [VirtualPitGenerator] Regenerating pit content for level 15
 [VirtualWorld] Cleared all entities and interior collisions
 [VirtualPitGenerator] Valid placement area for level 15: tiles (2,3) to (10,9)
 [VirtualPitGenerator] Level 15 calculated amounts:
 [VirtualPitGenerator]   Max Monsters: 2, Actual: 1
 [VirtualPitGenerator]   Max Chests: 2, Actual: 1
 [VirtualPitGenerator]   Min Obstacles: 7
 [VirtualPitGenerator]   Max Obstacles: 12, Actual: 10
 [VirtualWorld] Wizard orb positioned at (8,9)
 [VirtualPitGenerator] Generated wizard orb at (8,9)
 [VirtualWorld] Added obstacle at (8,7)
 [VirtualWorld] Added obstacle at (10,8)
 [VirtualWorld] Added obstacle at (9,5)
 [VirtualWorld] Added obstacle at (3,9)
 [VirtualWorld] Added obstacle at (4,6)
 [VirtualWorld] Added obstacle at (5,4)
 [VirtualWorld] Added obstacle at (4,3)
 [VirtualWorld] Added obstacle at (3,8)
 [VirtualWorld] Added obstacle at (6,6)
 [VirtualWorld] Added obstacle at (4,4)
 [VirtualWorld] Added LateArmor_Uncommon treasure (level 2) at (10,7)
 [VirtualWorld] Added Earth Elemental monster at (5,5)
 [VirtualPitGenerator] Cave boss floor at level 15 with Earth Elemental (scaled level 28)
 [VirtualPitGenerator] Generated 10 obstacles, 1 treasures, 0 monsters, and 1 wizard orb
 [VirtualPitGenerator] Regenerating pit content for level 16
 [VirtualWorld] Cleared all entities and interior collisions
 [VirtualPitGenerator] Valid placement area for level 16: tiles (2,3) to (10,9)
 [VirtualPitGenerator] Level 16 calculated amounts:
 [VirtualPitGenerator]   Max Monsters: 3, Actual: 3
 [VirtualPitGenerator]   Max Chests: 3, Actual: 2
 [VirtualPitGenerator]   Min Obstacles: 7
 [VirtualPitGenerator]   Max Obstacles: 13, Actual: 7
 [VirtualWorld] Wizard orb positioned at (10,6)
 [VirtualPitGenerator] Generated wizard orb at (10,6)
 [VirtualWorld] Added obstacle at (6,3)
 [VirtualWorld] Added obstacle at (6,9)
 [VirtualWorld] Added obstacle at (3,3)
 [VirtualWorld] Added obstacle at (10,7)
 [VirtualWorld] Added obstacle at (9,4)
 [VirtualWorld] Added obstacle at (2,7)
 [VirtualWorld] Added obstacle at (10,3)
 [VirtualWorld] Added AdvancedDagger_Normal treasure (level 1) at (8,7)
 [VirtualWorld] Added AdvancedHelm_Normal treasure (level 1) at (9,7)
 [VirtualWorld] Added Magma Ooze monster at (8,8)
 [VirtualWorld] Added Wraith monster at (4,6)
 [VirtualWorld] Added Skeleton monster at (4,3)
 [VirtualPitGenerator] Generated 7 obstacles, 2 treasures, 3 monsters, and 1 wizard orb
 [VirtualPitGenerator] Regenerating pit content for level 17
 [VirtualWorld] Cleared all entities and interior collisions
 [VirtualPitGenerator] Valid placement area for level 17: tiles (2,3) to (10,9)
 [VirtualPitGenerator] Level 17 calculated amounts:
 [VirtualPitGenerator]   Max Monsters: 3, Actual: 2
 [VirtualPitGenerator]   Max Chests: 3, Actual: 3
 [VirtualPitGenerator]   Min Obstacles: 8
 [VirtualPitGenerator]   Max Obstacles: 13, Actual: 11
 [VirtualWorld] Wizard orb positioned at (3,9)
 [VirtualPitGenerator] Generated wizard orb at (3,9)
 [VirtualWorld] Added obstacle at (5,6)
 [VirtualWorld] Added obstacle at (10,3)
 [VirtualWorld] Added obstacle at (6,8)
 [VirtualWorld] Added obstacle at (8,5)
 [VirtualWorld] Added obstacle at (4,9)
 [VirtualWorld] Added obstacle at (7,3)
 [VirtualWorld] Added obstacle at (6,3)
 [VirtualWorld] Added obstacle at (2,9)
 [VirtualWorld] Added obstacle at (10,5)
 [VirtualWorld] Added obstacle at (6,6)
 [VirtualWorld] Added obstacle at (3,4)
 [VirtualWorld] Added AdvancedAxe_Normal treasure (level 1) at (8,6)
 [VirtualWorld] Added AdvancedAxe_Normal treasure (level 1) at (5,7)
 [VirtualWorld] Added AdvancedStaff_Normal treasure (level 1) at (10,4)
 [VirtualWorld] Added Orc monster at (5,8)
 [VirtualWorld] Added Orc monster at (9,8)
 [VirtualPitGenerator] Generated 11 obstacles, 3 treasures, 2 monsters, and 1 wizard orb
 [VirtualPitGenerator] Regenerating pit content for level 18
 [VirtualWorld] Cleared all entities and interior collisions
 [VirtualPitGenerator] Valid placement area for level 18: tiles (2,3) to (10,9)
 [VirtualPitGenerator] Level 18 calculated amounts:
 [VirtualPitGenerator]   Max Monsters: 3, Actual: 2
 [VirtualPitGenerator]   Max Chests: 3, Actual: 1
 [VirtualPitGenerator]   Min Obstacles: 8
 [VirtualPitGenerator]   Max Obstacles: 14, Actual: 8
 [VirtualWorld] Wizard orb positioned at (5,5)
 [VirtualPitGenerator] Generated wizard orb at (5,5)
 [VirtualWorld] Added obstacle at (4,9)
 [VirtualWorld] Added obstacle at (6,4)
 [VirtualWorld] Added obstacle at (10,6)
 [VirtualWorld] Added obstacle at (6,3)
 [VirtualWorld] Added obstacle at (9,7)
 [VirtualWorld] Added obstacle at (4,6)
 [VirtualWorld] Added obstacle at (3,4)
 [VirtualWorld] Added obstacle at (4,4)
 [VirtualWorld] Added AdvancedHammer_Uncommon treasure (level 2) at (4,3)
 [VirtualWorld] Added Lava Drake monster at (2,5)
 [VirtualWorld] Added Lava Drake monster at (6,7)
 [VirtualPitGenerator] Generated 8 obstacles, 1 treasures, 2 monsters, and 1 wizard orb
 [VirtualPitGenerator] Regenerating pit content for level 19
 [VirtualWorld] Cleared all entities and interior collisions
 [VirtualPitGenerator] Valid placement area for level 19: tiles (2,3) to (10,9)
 [VirtualPitGenerator] Level 19 calculated amounts:
 [VirtualPitGenerator]   Max Monsters: 3, Actual: 1
 [VirtualPitGenerator]   Max Chests: 3, Actual: 2
 [VirtualPitGenerator]   Min Obstacles: 8
 [VirtualPitGenerator]   Max Obstacles: 14, Actual: 12
 [VirtualWorld] Wizard orb positioned at (7,8)
 [VirtualPitGenerator] Generated wizard orb at (7,8)
 [VirtualWorld] Added obstacle at (3,5)
 [VirtualWorld] Added obstacle at (10,5)
 [VirtualWorld] Added obstacle at (4,5)
 [VirtualWorld] Added obstacle at (4,7)
 [VirtualWorld] Added obstacle at (5,4)
 [VirtualWorld] Added obstacle at (10,8)
 [VirtualWorld] Added obstacle at (8,4)
 [VirtualWorld] Added obstacle at (8,5)
 [VirtualWorld] Added obstacle at (6,4)
 [VirtualWorld] Added obstacle at (8,6)
 [VirtualWorld] Added obstacle at (6,8)
 [VirtualWorld] Added obstacle at (6,9)
 [VirtualWorld] Added AdvancedHelm_Normal treasure (level 1) at (8,3)
 [VirtualWorld] Added AdvancedShield_Normal treasure (level 1) at (5,9)
 [VirtualWorld] Added Wraith monster at (8,7)
 [VirtualPitGenerator] Generated 12 obstacles, 2 treasures, 1 monsters, and 1 wizard orb
 [VirtualPitGenerator] Regenerating pit content for level 20
 [VirtualWorld] Cleared all entities and interior collisions
 [VirtualPitGenerator] Valid placement area for level 20: tiles (2,3) to (10,9)
 [VirtualPitGenerator] Level 20 calculated amounts:
 [VirtualPitGenerator]   Max Monsters: 3, Actual: 3
 [VirtualPitGenerator]   Max Chests: 3, Actual: 3
 [VirtualPitGenerator]   Min Obstacles: 9
 [VirtualPitGenerator]   Max Obstacles: 14, Actual: 10
 [VirtualWorld] Wizard orb positioned at (9,4)
 [VirtualPitGenerator] Generated wizard orb at (9,4)
 [VirtualWorld] Added obstacle at (2,9)
 [VirtualWorld] Added obstacle at (6,6)
 [VirtualWorld] Added obstacle at (7,3)
 [VirtualWorld] Added obstacle at (2,5)
 [VirtualWorld] Added obstacle at (9,9)
 [VirtualWorld] Added obstacle at (6,4)
 [VirtualWorld] Added obstacle at (5,4)
 [VirtualWorld] Added obstacle at (2,6)
 [VirtualWorld] Added obstacle at (8,5)
 [VirtualWorld] Added obstacle at (2,7)
 [VirtualWorld] Added AdvancedSword_Uncommon treasure (level 3) at (5,3)
 [VirtualWorld] Added AdvancedSpear_Normal treasure (level 1) at (3,6)
 [VirtualWorld] Added AdvancedStaff_Uncommon treasure (level 2) at (6,7)
 [VirtualWorld] Added Molten Titan monster at (2,8)
 [VirtualPitGenerator] Cave boss floor at level 20 with Molten Titan (scaled level 38)
 [VirtualPitGenerator] Generated 10 obstacles, 3 treasures, 2 monsters, and 1 wizard orb
 [VirtualPitGenerator] Regenerating pit content for level 21
 [VirtualWorld] Cleared all entities and interior collisions
 [VirtualPitGenerator] Valid placement area for level 21: tiles (2,3) to (10,9)
 [VirtualPitGenerator] Level 21 calculated amounts:
 [VirtualPitGenerator]   Max Monsters: 3, Actual: 2
 [VirtualPitGenerator]   Max Chests: 3, Actual: 3
 [VirtualPitGenerator]   Min Obstacles: 9
 [VirtualPitGenerator]   Max Obstacles: 15, Actual: 13
 [VirtualWorld] Wizard orb positioned at (2,7)
 [VirtualPitGenerator] Generated wizard orb at (2,7)
 [VirtualWorld] Added obstacle at (10,5)
 [VirtualWorld] Added obstacle at (10,7)
 [VirtualWorld] Added obstacle at (2,8)
 [VirtualWorld] Added obstacle at (9,3)
 [VirtualWorld] Added obstacle at (5,7)
 [VirtualWorld] Added obstacle at (3,7)
 [VirtualWorld] Added obstacle at (2,4)
 [VirtualWorld] Added obstacle at (6,7)
 [VirtualWorld] Added obstacle at (2,6)
 [VirtualWorld] Added obstacle at (5,8)
 [VirtualWorld] Added obstacle at (2,9)
 [VirtualWorld] Added obstacle at (8,5)
 [VirtualWorld] Added obstacle at (10,9)
 [VirtualWorld] Added EliteHelm_Normal treasure (level 1) at (10,8)
 [VirtualWorld] Added EliteStaff_Normal treasure (level 1) at (8,9)
 [VirtualWorld] Added EliteHelm_Normal treasure (level 1) at (6,3)
 [VirtualWorld] Added Lava Drake monster at (4,6)
 [VirtualWorld] Added Stone Wyrm monster at (3,9)
 [VirtualPitGenerator] Generated 13 obstacles, 3 treasures, 2 monsters, and 1 wizard orb
 [VirtualPitGenerator] Regenerating pit content for level 22
 [VirtualWorld] Cleared all entities and interior collisions
 [VirtualPitGenerator] Valid placement area for level 22: tiles (2,3) to (10,9)
 [VirtualPitGenerator] Level 22 calculated amounts:
 [VirtualPitGenerator]   Max Monsters: 3, Actual: 1
 [VirtualPitGenerator]   Max Chests: 3, Actual: 1
 [VirtualPitGenerator]   Min Obstacles: 10
 [VirtualPitGenerator]   Max Obstacles: 15, Actual: 11
 [VirtualWorld] Wizard orb positioned at (4,3)
 [VirtualPitGenerator] Generated wizard orb at (4,3)
 [VirtualWorld] Added obstacle at (9,8)
 [VirtualWorld] Added obstacle at (6,7)
 [VirtualWorld] Added obstacle at (5,6)
 [VirtualWorld] Added obstacle at (7,8)
 [VirtualWorld] Added obstacle at (10,5)
 [VirtualWorld] Added obstacle at (8,3)
 [VirtualWorld] Added obstacle at (7,4)
 [VirtualWorld] Added obstacle at (4,7)
 [VirtualWorld] Added obstacle at (8,8)
 [VirtualWorld] Added obstacle at (9,5)
 [VirtualWorld] Added obstacle at (4,4)
 [VirtualWorld] Added EliteDagger_Normal treasure (level 1) at (6,5)
 [VirtualWorld] Added Cave Troll monster at (5,3)
 [VirtualPitGenerator] Generated 11 obstacles, 1 treasures, 1 monsters, and 1 wizard orb
 [VirtualPitGenerator] Regenerating pit content for level 23
 [VirtualWorld] Cleared all entities and interior collisions
 [VirtualPitGenerator] Valid placement area for level 23: tiles (2,3) to (10,9)
 [VirtualPitGenerator] Level 23 calculated amounts:
 [VirtualPitGenerator]   Max Monsters: 3, Actual: 3
 [VirtualPitGenerator]   Max Chests: 3, Actual: 2
 [VirtualPitGenerator]   Min Obstacles: 10
 [VirtualPitGenerator]   Max Obstacles: 16, Actual: 15
 [VirtualWorld] Wizard orb positioned at (6,7)
 [VirtualPitGenerator] Generated wizard orb at (6,7)
 [VirtualWorld] Added obstacle at (7,4)
 [VirtualWorld] Added obstacle at (10,8)
 [VirtualWorld] Added obstacle at (8,4)
 [VirtualWorld] Added obstacle at (5,6)
 [VirtualWorld] Added obstacle at (5,3)
 [VirtualWorld] Added obstacle at (4,5)
 [VirtualWorld] Added obstacle at (3,9)
 [VirtualWorld] Added obstacle at (6,9)
 [VirtualWorld] Added obstacle at (2,9)
 [VirtualWorld] Added obstacle at (4,7)
 [VirtualWorld] Added obstacle at (10,9)
 [VirtualWorld] Added obstacle at (7,7)
 [VirtualWorld] Added obstacle at (6,6)
 [VirtualWorld] Added obstacle at (8,3)
 [VirtualWorld] Added obstacle at (2,4)
 [VirtualWorld] Added EliteAxe_Uncommon treasure (level 3) at (9,3)
 [VirtualWorld] Added EliteSword_Uncommon treasure (level 2) at (9,5)
 [VirtualWorld] Added Orc monster at (2,5)
 [VirtualWorld] Added Shadow Beast monster at (9,4)
 [VirtualWorld] Added Wraith monster at (8,6)
 [VirtualPitGenerator] Generated 15 obstacles, 2 treasures, 3 monsters, and 1 wizard orb
 [VirtualPitGenerator] Regenerating pit content for level 24
 [VirtualWorld] Cleared all entities and interior collisions
 [VirtualPitGenerator] Valid placement area for level 24: tiles (2,3) to (10,9)
 [VirtualPitGenerator] Level 24 calculated amounts:
 [VirtualPitGenerator]   Max Monsters: 3, Actual: 2
 [VirtualPitGenerator]   Max Chests: 3, Actual: 3
 [VirtualPitGenerator]   Min Obstacles: 10
 [VirtualPitGenerator]   Max Obstacles: 16, Actual: 11
 [VirtualWorld] Wizard orb positioned at (8,3)
 [VirtualPitGenerator] Generated wizard orb at (8,3)
 [VirtualWorld] Added obstacle at (6,7)
 [VirtualWorld] Added obstacle at (6,9)
 [VirtualWorld] Added obstacle at (3,9)
 [VirtualWorld] Added obstacle at (3,3)
 [VirtualWorld] Added obstacle at (10,8)
 [VirtualWorld] Added obstacle at (2,9)
 [VirtualWorld] Added obstacle at (9,5)
 [VirtualWorld] Added obstacle at (7,3)
 [VirtualWorld] Added obstacle at (5,3)
 [VirtualWorld] Added obstacle at (10,6)
 [VirtualWorld] Added obstacle at (7,4)
 [VirtualWorld] Added EliteSword_Normal treasure (level 1) at (8,9)
 [VirtualWorld] Added EliteHammer_Normal treasure (level 1) at (9,9)
 [VirtualWorld] Added EliteShield_Uncommon treasure (level 2) at (7,9)
 [VirtualWorld] Added Crystal Golem monster at (9,6)
 [VirtualWorld] Added Skeleton monster at (3,6)
 [VirtualPitGenerator] Generated 11 obstacles, 3 treasures, 2 monsters, and 1 wizard orb
 [VirtualPitGenerator] Regenerating pit content for level 25
 [VirtualWorld] Cleared all entities and interior collisions
 [VirtualPitGenerator] Valid placement area for level 25: tiles (2,3) to (10,9)
 [VirtualPitGenerator] Level 25 calculated amounts:
 [VirtualPitGenerator]   Max Monsters: 3, Actual: 1
 [VirtualPitGenerator]   Max Chests: 3, Actual: 1
 [VirtualPitGenerator]   Min Obstacles: 11
 [VirtualPitGenerator]   Max Obstacles: 17, Actual: 16
 [VirtualWorld] Wizard orb positioned at (10,6)
 [VirtualPitGenerator] Generated wizard orb at (10,6)
 [VirtualWorld] Added obstacle at (5,3)
 [VirtualWorld] Added obstacle at (10,3)
 [VirtualWorld] Added obstacle at (6,7)
 [VirtualWorld] Added obstacle at (10,8)
 [VirtualWorld] Added obstacle at (6,6)
 [VirtualWorld] Added obstacle at (7,5)
 [VirtualWorld] Added obstacle at (6,5)
 [VirtualWorld] Added obstacle at (10,4)
 [VirtualWorld] Added obstacle at (8,4)
 [VirtualWorld] Added obstacle at (3,6)
 [VirtualWorld] Added obstacle at (3,5)
 [VirtualWorld] Added obstacle at (2,5)
 [VirtualWorld] Added obstacle at (9,8)
 [VirtualWorld] Added obstacle at (5,7)
 [VirtualWorld] Added obstacle at (3,7)
 [VirtualWorld] Added obstacle at (2,3)
 [VirtualWorld] Added EliteDagger_Uncommon treasure (level 2) at (9,7)
 [VirtualWorld] Added Ancient Wyrm monster at (7,4)
 [VirtualPitGenerator] Cave boss floor at level 25 with Ancient Wyrm (scaled level 46)
 [VirtualPitGenerator] Generated 16 obstacles, 1 treasures, 0 monsters, and 1 wizard orb


  Passed VirtualPitGenerator_ClearEntities_ShouldResetTrackingLists [< 1 ms]
  Standard Output Messages:
 [VirtualWorld] Generated 5 obstacles and 1 wizard orb in pit
 [VirtualWorld] Regenerated pit at level 10, bounds: (1,2,14,9)
 [VirtualTiledMapService] Initialized basic tile patterns for PitWidthManager
 [VirtualPitWidthManager] Recorded FogOfWar index: 301
 [VirtualPitWidthManager] Recorded ground tile index: 104
 [VirtualPitWidthManager] baseOuterFloor[1] = 100
 [VirtualPitWidthManager] baseOuterFloor[2] = 103
 [VirtualPitWidthManager] baseOuterFloor[3] = 103
 [VirtualPitWidthManager] baseOuterFloor[4] = 103
 [VirtualPitWidthManager] baseOuterFloor[5] = 103
 [VirtualPitWidthManager] baseOuterFloor[6] = 103
 [VirtualPitWidthManager] baseOuterFloor[7] = 103
 [VirtualPitWidthManager] baseOuterFloor[8] = 103
 [VirtualPitWidthManager] baseOuterFloor[9] = 103
 [VirtualPitWidthManager] baseOuterFloor[10] = 103
 [VirtualPitWidthManager] baseOuterFloor[11] = 100
 [VirtualPitWidthManager] baseOuterFloor total: 11 tiles, 11 non-zero
 [VirtualPitWidthManager] collisionOuterFloor[1] = 0
 [VirtualPitWidthManager] collisionOuterFloor[2] = 0
 [VirtualPitWidthManager] collisionOuterFloor[3] = 0
 [VirtualPitWidthManager] collisionOuterFloor[4] = 0
 [VirtualPitWidthManager] collisionOuterFloor[5] = 0
 [VirtualPitWidthManager] collisionOuterFloor[6] = 0
 [VirtualPitWidthManager] collisionOuterFloor[7] = 0
 [VirtualPitWidthManager] collisionOuterFloor[8] = 0
 [VirtualPitWidthManager] collisionOuterFloor[9] = 0
 [VirtualPitWidthManager] collisionOuterFloor[10] = 0
 [VirtualPitWidthManager] collisionOuterFloor[11] = 0
 [VirtualPitWidthManager] collisionOuterFloor total: 11 tiles, 0 non-zero
 [VirtualPitWidthManager] baseInnerWall[1] = 102
 [VirtualPitWidthManager] baseInnerWall[2] = 102
 [VirtualPitWidthManager] baseInnerWall[3] = 102
 [VirtualPitWidthManager] baseInnerWall[4] = 102
 [VirtualPitWidthManager] baseInnerWall[5] = 102
 [VirtualPitWidthManager] baseInnerWall[6] = 102
 [VirtualPitWidthManager] baseInnerWall[7] = 102
 [VirtualPitWidthManager] baseInnerWall[8] = 102
 [VirtualPitWidthManager] baseInnerWall[9] = 102
 [VirtualPitWidthManager] baseInnerWall[10] = 102
 [VirtualPitWidthManager] baseInnerWall[11] = 102
 [VirtualPitWidthManager] baseInnerWall total: 11 tiles, 11 non-zero
 [VirtualPitWidthManager] collisionInnerWall[1] = 0
 [VirtualPitWidthManager] collisionInnerWall[2] = 201
 [VirtualPitWidthManager] collisionInnerWall[3] = 201
 [VirtualPitWidthManager] collisionInnerWall[4] = 201
 [VirtualPitWidthManager] collisionInnerWall[5] = 201
 [VirtualPitWidthManager] collisionInnerWall[6] = 201
 [VirtualPitWidthManager] collisionInnerWall[7] = 201
 [VirtualPitWidthManager] collisionInnerWall[8] = 201
 [VirtualPitWidthManager] collisionInnerWall[9] = 201
 [VirtualPitWidthManager] collisionInnerWall[10] = 201
 [VirtualPitWidthManager] collisionInnerWall[11] = 0
 [VirtualPitWidthManager] collisionInnerWall total: 11 tiles, 9 non-zero
 [VirtualPitWidthManager] baseInnerFloor[1] = 100
 [VirtualPitWidthManager] baseInnerFloor[2] = 101
 [VirtualPitWidthManager] baseInnerFloor[3] = 101
 [VirtualPitWidthManager] baseInnerFloor[4] = 101
 [VirtualPitWidthManager] baseInnerFloor[5] = 101
 [VirtualPitWidthManager] baseInnerFloor[6] = 101
 [VirtualPitWidthManager] baseInnerFloor[7] = 101
 [VirtualPitWidthManager] baseInnerFloor[8] = 101
 [VirtualPitWidthManager] baseInnerFloor[9] = 101
 [VirtualPitWidthManager] baseInnerFloor[10] = 101
 [VirtualPitWidthManager] baseInnerFloor[11] = 100
 [VirtualPitWidthManager] baseInnerFloor total: 11 tiles, 11 non-zero
 [VirtualPitWidthManager] collisionInnerFloor[1] = 0
 [VirtualPitWidthManager] collisionInnerFloor[2] = 0
 [VirtualPitWidthManager] collisionInnerFloor[3] = 0
 [VirtualPitWidthManager] collisionInnerFloor[4] = 0
 [VirtualPitWidthManager] collisionInnerFloor[5] = 0
 [VirtualPitWidthManager] collisionInnerFloor[6] = 0
 [VirtualPitWidthManager] collisionInnerFloor[7] = 0
 [VirtualPitWidthManager] collisionInnerFloor[8] = 0
 [VirtualPitWidthManager] collisionInnerFloor[9] = 0
 [VirtualPitWidthManager] collisionInnerFloor[10] = 0
 [VirtualPitWidthManager] collisionInnerFloor[11] = 0
 [VirtualPitWidthManager] collisionInnerFloor total: 11 tiles, 0 non-zero
 [VirtualPitWidthManager] Initialization complete. Current pit right edge: 13
 [VirtualPitGenerator] Regenerating pit content for level 10
 [VirtualWorld] Cleared all entities and interior collisions
 [VirtualPitGenerator] Valid placement area for level 10: tiles (2,3) to (10,9)
 [VirtualPitGenerator] Level 10 calculated amounts:
 [VirtualPitGenerator]   Max Monsters: 2, Actual: 2
 [VirtualPitGenerator]   Max Chests: 2, Actual: 2
 [VirtualPitGenerator]   Min Obstacles: 5
 [VirtualPitGenerator]   Max Obstacles: 10, Actual: 10
 [VirtualWorld] Wizard orb positioned at (8,8)
 [VirtualPitGenerator] Generated wizard orb at (8,8)
 [VirtualWorld] Added obstacle at (4,5)
 [VirtualWorld] Added obstacle at (6,4)
 [VirtualWorld] Added obstacle at (10,7)
 [VirtualWorld] Added obstacle at (4,6)
 [VirtualWorld] Added obstacle at (8,9)
 [VirtualWorld] Added obstacle at (4,3)
 [VirtualWorld] Added obstacle at (3,9)
 [VirtualWorld] Added obstacle at (3,4)
 [VirtualWorld] Added obstacle at (4,7)
 [VirtualWorld] Added obstacle at (6,7)
 [VirtualWorld] Added MidDagger_Normal treasure (level 1) at (10,6)
 [VirtualWorld] Added MidAxe_Normal treasure (level 1) at (2,5)
 [VirtualWorld] Added Pit Lord monster at (3,5)
 [VirtualPitGenerator] Cave boss floor at level 10 with Pit Lord (scaled level 18)
 [VirtualPitGenerator] Generated 10 obstacles, 2 treasures, 1 monsters, and 1 wizard orb
 [VirtualWorld] Cleared all entities and interior collisions


  Passed CaveBiome_Level0_NotCave [< 1 ms]
  Passed CaveBiome_Level1_IsCave_FirstLevel [< 1 ms]
  Passed CaveBiome_Level25_IsCave_LastLevel [< 1 ms]
  Passed CaveBiome_Level26_NotCave [< 1 ms]
  Passed CaveBiome_Transitions_Level10To11_RarityChange [1 ms]
  Passed CaveBiome_Transitions_Level4To5_BossFloor [< 1 ms]
  Passed CaveBiome_Transitions_Level5To6_NonBossFloor [< 1 ms]
  Passed CaveBiome_GetEnemyPool_LevelOutOfRange_ReturnsEmpty [< 1 ms]
  Passed CaveBiome_IsBossFloor_LevelOutOfRange_ReturnsFalse [< 1 ms]
  Passed CaveBiome_ScaledLevel_AlwaysClamped_1To99 [< 1 ms]
  Passed RustyBlade_Pit1Normal_ShouldHaveCorrectStats [5 ms]
  Passed TatteredCloth_Pit1Normal_ShouldHaveCorrectStats [< 1 ms]
  Passed WoodenPlank_Pit1Normal_ShouldHaveCorrectStats [< 1 ms]
  Passed ClothCap_Pit1Normal_ShouldHaveCorrectStats [< 1 ms]
  Passed CavernCutter_Pit10Normal_ShouldHaveCorrectStats [< 1 ms]
  Passed FlameHatchet_Pit10Normal_ShouldHaveCorrectStats [< 1 ms]
  Passed ChainShirt_Pit10Normal_ShouldHaveCorrectStats [< 1 ms]
  Passed CrystalEdge_Pit11Uncommon_ShouldHaveCorrectStats [< 1 ms]
  Passed SteelShield_Pit11Uncommon_ShouldHaveCorrectStats [< 1 ms]
  Passed SteelHelm_Pit11Uncommon_ShouldHaveCorrectStats [< 1 ms]
  Passed PitLordsSword_Pit25Uncommon_ShouldHaveCorrectStats [< 1 ms]
  Passed PitLordsArmor_Pit25Uncommon_ShouldHaveCorrectStats [< 1 ms]
  Passed PitLordsAegis_Pit25Uncommon_ShouldHaveCorrectStats [< 1 ms]
  Passed PitLordsCrown_Pit25Uncommon_ShouldHaveCorrectStats [< 1 ms]
  Passed WoodenSpear_NewWeaponType_ShouldHaveCorrectStats [< 1 ms]
  Passed StalactiteSpear_Pit19Uncommon_ShouldHaveCorrectStats [< 1 ms]
  Passed Mallet_NewWeaponType_ShouldHaveCorrectStats [< 1 ms]
  Passed MagmaMaul_Pit25Uncommon_ShouldHaveCorrectStats [< 1 ms]
  Failed WalkingStick_NewWeaponType_ShouldHaveCorrectStats [46 ms]
  Error Message:
   Assert.AreEqual failed. Expected:<WeaponStaff>. Actual:<WeaponRod>. 
  Stack Trace:
     at PitHero.Tests.CaveBiomeEquipmentTests.WalkingStick_NewWeaponType_ShouldHaveCorrectStats() in /home/runner/work/PitHero/PitHero/PitHero.Tests/CaveBiomeEquipmentTests.cs:line 270
   at System.RuntimeMethodHandle.InvokeMethod(Object target, Void** arguments, Signature sig, Boolean isConstructor)
   at System.Reflection.MethodBaseInvoker.InvokeWithNoArgs(Object obj, BindingFlags invokeAttr)

  Passed EarthenStaff_Pit11Uncommon_ShouldHaveCorrectStats [< 1 ms]
  Passed EmberSword_Pit13Uncommon_ShouldHaveCorrectStats [< 1 ms]
  Passed ShadowStiletto_Pit17Uncommon_ShouldHaveCorrectStats [< 1 ms]
  Passed GranitePlate_Pit20Uncommon_ShouldHaveCorrectStats [< 1 ms]
  Passed LavaShield_Pit17Uncommon_ShouldHaveCorrectStats [1 ms]
  Passed BalanceFormulas_Pit1NormalWeapon_ShouldBe1Attack [< 1 ms]
  Passed BalanceFormulas_Pit10NormalWeapon_ShouldBe6Attack [< 1 ms]
  Passed BalanceFormulas_Pit11UncommonWeapon_ShouldBe9Attack [< 1 ms]
  Passed BalanceFormulas_Pit25UncommonWeapon_ShouldBe20Attack [< 1 ms]
  Passed BalanceFormulas_Pit11UncommonDefense_ShouldBe7Defense [< 1 ms]
  Passed BalanceFormulas_Pit25UncommonDefense_ShouldBe14Defense [< 1 ms]
  Passed EarthEquipment_ShouldHaveEarthElement [< 1 ms]
  Passed FireEquipment_ShouldHaveFireElement [< 1 ms]
  Passed DarkEquipment_ShouldHaveDarkElement [< 1 ms]
  Passed NeutralEquipment_ShouldHaveNeutralElement [3 ms]
  Passed AllCaveBiomeMonsters_CanBeCreated [14 ms]
  Passed CaveBiomeMonsters_HaveCorrectLevels [< 1 ms]
  Passed CaveBiomeMonsters_HaveCorrectStats [3 ms]
  Passed CaveBiomeMonsters_InEnemyLevelConfig [< 1 ms]
  Passed BossMonsters_HaveCorrectDamageKind [1 ms]
  Passed MagicUserMonsters_DoMagicDamage [< 1 ms]
  Passed CaveBiomeMonsters_TakeDamageCorrectly [3 ms]
  Passed CaveProgression_CompletePlaythrough_Levels1To25 [6 ms]
  Standard Output Messages:
 [VirtualWorld] Generated 5 obstacles and 1 wizard orb in pit
 [VirtualWorld] Regenerated pit at level 10, bounds: (1,2,14,9)
 [VirtualTiledMapService] Initialized basic tile patterns for PitWidthManager
 [VirtualPitWidthManager] Recorded FogOfWar index: 301
 [VirtualPitWidthManager] Recorded ground tile index: 104
 [VirtualPitWidthManager] baseOuterFloor[1] = 100
 [VirtualPitWidthManager] baseOuterFloor[2] = 103
 [VirtualPitWidthManager] baseOuterFloor[3] = 103
 [VirtualPitWidthManager] baseOuterFloor[4] = 103
 [VirtualPitWidthManager] baseOuterFloor[5] = 103
 [VirtualPitWidthManager] baseOuterFloor[6] = 103
 [VirtualPitWidthManager] baseOuterFloor[7] = 103
 [VirtualPitWidthManager] baseOuterFloor[8] = 103
 [VirtualPitWidthManager] baseOuterFloor[9] = 103
 [VirtualPitWidthManager] baseOuterFloor[10] = 103
 [VirtualPitWidthManager] baseOuterFloor[11] = 100
 [VirtualPitWidthManager] baseOuterFloor total: 11 tiles, 11 non-zero
 [VirtualPitWidthManager] collisionOuterFloor[1] = 0
 [VirtualPitWidthManager] collisionOuterFloor[2] = 0
 [VirtualPitWidthManager] collisionOuterFloor[3] = 0
 [VirtualPitWidthManager] collisionOuterFloor[4] = 0
 [VirtualPitWidthManager] collisionOuterFloor[5] = 0
 [VirtualPitWidthManager] collisionOuterFloor[6] = 0
 [VirtualPitWidthManager] collisionOuterFloor[7] = 0
 [VirtualPitWidthManager] collisionOuterFloor[8] = 0
 [VirtualPitWidthManager] collisionOuterFloor[9] = 0
 [VirtualPitWidthManager] collisionOuterFloor[10] = 0
 [VirtualPitWidthManager] collisionOuterFloor[11] = 0
 [VirtualPitWidthManager] collisionOuterFloor total: 11 tiles, 0 non-zero
 [VirtualPitWidthManager] baseInnerWall[1] = 102
 [VirtualPitWidthManager] baseInnerWall[2] = 102
 [VirtualPitWidthManager] baseInnerWall[3] = 102
 [VirtualPitWidthManager] baseInnerWall[4] = 102
 [VirtualPitWidthManager] baseInnerWall[5] = 102
 [VirtualPitWidthManager] baseInnerWall[6] = 102
 [VirtualPitWidthManager] baseInnerWall[7] = 102
 [VirtualPitWidthManager] baseInnerWall[8] = 102
 [VirtualPitWidthManager] baseInnerWall[9] = 102
 [VirtualPitWidthManager] baseInnerWall[10] = 102
 [VirtualPitWidthManager] baseInnerWall[11] = 102
 [VirtualPitWidthManager] baseInnerWall total: 11 tiles, 11 non-zero
 [VirtualPitWidthManager] collisionInnerWall[1] = 0
 [VirtualPitWidthManager] collisionInnerWall[2] = 201
 [VirtualPitWidthManager] collisionInnerWall[3] = 201
 [VirtualPitWidthManager] collisionInnerWall[4] = 201
 [VirtualPitWidthManager] collisionInnerWall[5] = 201
 [VirtualPitWidthManager] collisionInnerWall[6] = 201
 [VirtualPitWidthManager] collisionInnerWall[7] = 201
 [VirtualPitWidthManager] collisionInnerWall[8] = 201
 [VirtualPitWidthManager] collisionInnerWall[9] = 201
 [VirtualPitWidthManager] collisionInnerWall[10] = 201
 [VirtualPitWidthManager] collisionInnerWall[11] = 0
 [VirtualPitWidthManager] collisionInnerWall total: 11 tiles, 9 non-zero
 [VirtualPitWidthManager] baseInnerFloor[1] = 100
 [VirtualPitWidthManager] baseInnerFloor[2] = 101
 [VirtualPitWidthManager] baseInnerFloor[3] = 101
 [VirtualPitWidthManager] baseInnerFloor[4] = 101
 [VirtualPitWidthManager] baseInnerFloor[5] = 101
 [VirtualPitWidthManager] baseInnerFloor[6] = 101
 [VirtualPitWidthManager] baseInnerFloor[7] = 101
 [VirtualPitWidthManager] baseInnerFloor[8] = 101
 [VirtualPitWidthManager] baseInnerFloor[9] = 101
 [VirtualPitWidthManager] baseInnerFloor[10] = 101
 [VirtualPitWidthManager] baseInnerFloor[11] = 100
 [VirtualPitWidthManager] baseInnerFloor total: 11 tiles, 11 non-zero
 [VirtualPitWidthManager] collisionInnerFloor[1] = 0
 [VirtualPitWidthManager] collisionInnerFloor[2] = 0
 [VirtualPitWidthManager] collisionInnerFloor[3] = 0
 [VirtualPitWidthManager] collisionInnerFloor[4] = 0
 [VirtualPitWidthManager] collisionInnerFloor[5] = 0
 [VirtualPitWidthManager] collisionInnerFloor[6] = 0
 [VirtualPitWidthManager] collisionInnerFloor[7] = 0
 [VirtualPitWidthManager] collisionInnerFloor[8] = 0
 [VirtualPitWidthManager] collisionInnerFloor[9] = 0
 [VirtualPitWidthManager] collisionInnerFloor[10] = 0
 [VirtualPitWidthManager] collisionInnerFloor[11] = 0
 [VirtualPitWidthManager] collisionInnerFloor total: 11 tiles, 0 non-zero
 [VirtualPitWidthManager] Initialization complete. Current pit right edge: 13
 [VirtualPitGenerator] Regenerating pit content for level 1
 [VirtualWorld] Cleared all entities and interior collisions
 [VirtualPitGenerator] Valid placement area for level 1: tiles (2,3) to (10,9)
 [VirtualPitGenerator] Level 1 calculated amounts:
 [VirtualPitGenerator]   Max Monsters: 2, Actual: 1
 [VirtualPitGenerator]   Max Chests: 2, Actual: 1
 [VirtualPitGenerator]   Min Obstacles: 5
 [VirtualPitGenerator]   Max Obstacles: 10, Actual: 6
 [VirtualWorld] Wizard orb positioned at (8,7)
 [VirtualPitGenerator] Generated wizard orb at (8,7)
 [VirtualWorld] Added obstacle at (5,5)
 [VirtualWorld] Added obstacle at (10,3)
 [VirtualWorld] Added obstacle at (7,3)
 [VirtualWorld] Added obstacle at (4,5)
 [VirtualWorld] Added obstacle at (10,7)
 [VirtualWorld] Added obstacle at (7,4)
 [VirtualWorld] Added EarlyHelm_Normal treasure (level 1) at (7,7)
 [VirtualWorld] Added Bat monster at (2,4)
 [VirtualPitGenerator] Generated 6 obstacles, 1 treasures, 1 monsters, and 1 wizard orb
 [VirtualPitGenerator] Regenerating pit content for level 2
 [VirtualWorld] Cleared all entities and interior collisions
 [VirtualPitGenerator] Valid placement area for level 2: tiles (2,3) to (10,9)
 [VirtualPitGenerator] Level 2 calculated amounts:
 [VirtualPitGenerator]   Max Monsters: 2, Actual: 1
 [VirtualPitGenerator]   Max Chests: 2, Actual: 1
 [VirtualPitGenerator]   Min Obstacles: 5
 [VirtualPitGenerator]   Max Obstacles: 10, Actual: 9
 [VirtualWorld] Wizard orb positioned at (10,3)
 [VirtualPitGenerator] Generated wizard orb at (10,3)
 [VirtualWorld] Added obstacle at (4,8)
 [VirtualWorld] Added obstacle at (6,4)
 [VirtualWorld] Added obstacle at (2,8)
 [VirtualWorld] Added obstacle at (2,3)
 [VirtualWorld] Added obstacle at (6,5)
 [VirtualWorld] Added obstacle at (4,7)
 [VirtualWorld] Added obstacle at (5,5)
 [VirtualWorld] Added obstacle at (8,9)
 [VirtualWorld] Added obstacle at (9,7)
 [VirtualWorld] Added EarlyArmor_Normal treasure (level 1) at (2,5)
 [VirtualWorld] Added Slime monster at (8,7)
 [VirtualPitGenerator] Generated 9 obstacles, 1 treasures, 1 monsters, and 1 wizard orb
 [VirtualPitGenerator] Regenerating pit content for level 3
 [VirtualWorld] Cleared all entities and interior collisions
 [VirtualPitGenerator] Valid placement area for level 3: tiles (2,3) to (10,9)
 [VirtualPitGenerator] Level 3 calculated amounts:
 [VirtualPitGenerator]   Max Monsters: 2, Actual: 2
 [VirtualPitGenerator]   Max Chests: 2, Actual: 2
 [VirtualPitGenerator]   Min Obstacles: 5
 [VirtualPitGenerator]   Max Obstacles: 10, Actual: 6
 [VirtualWorld] Wizard orb positioned at (3,6)
 [VirtualPitGenerator] Generated wizard orb at (3,6)
 [VirtualWorld] Added obstacle at (3,4)
 [VirtualWorld] Added obstacle at (10,5)
 [VirtualWorld] Added obstacle at (5,6)
 [VirtualWorld] Added obstacle at (9,7)
 [VirtualWorld] Added obstacle at (2,3)
 [VirtualWorld] Added obstacle at (10,3)
 [VirtualWorld] Added EarlyAxe_Normal treasure (level 1) at (9,8)
 [VirtualWorld] Added EarlyHelm_Normal treasure (level 1) at (7,6)
 [VirtualWorld] Added Rat monster at (6,6)
 [VirtualWorld] Added Rat monster at (4,4)
 [VirtualPitGenerator] Generated 6 obstacles, 2 treasures, 2 monsters, and 1 wizard orb
 [VirtualPitGenerator] Regenerating pit content for level 4
 [VirtualWorld] Cleared all entities and interior collisions
 [VirtualPitGenerator] Valid placement area for level 4: tiles (2,3) to (10,9)
 [VirtualPitGenerator] Level 4 calculated amounts:
 [VirtualPitGenerator]   Max Monsters: 2, Actual: 2
 [VirtualPitGenerator]   Max Chests: 2, Actual: 2
 [VirtualPitGenerator]   Min Obstacles: 5
 [VirtualPitGenerator]   Max Obstacles: 10, Actual: 9
 [VirtualWorld] Wizard orb positioned at (5,3)
 [VirtualPitGenerator] Generated wizard orb at (5,3)
 [VirtualWorld] Added obstacle at (2,7)
 [VirtualWorld] Added obstacle at (6,6)
 [VirtualWorld] Added obstacle at (8,4)
 [VirtualWorld] Added obstacle at (7,5)
 [VirtualWorld] Added obstacle at (6,8)
 [VirtualWorld] Added obstacle at (9,5)
 [VirtualWorld] Added obstacle at (9,7)
 [VirtualWorld] Added obstacle at (2,5)
 [VirtualWorld] Added obstacle at (3,7)
 [VirtualWorld] Added EarlyHelm_Normal treasure (level 1) at (4,7)
 [VirtualWorld] Added EarlySpear_Normal treasure (level 1) at (2,3)
 [VirtualWorld] Added Bat monster at (8,3)
 [VirtualWorld] Added Rat monster at (8,6)
 [VirtualPitGenerator] Generated 9 obstacles, 2 treasures, 2 monsters, and 1 wizard orb
 [VirtualPitGenerator] Regenerating pit content for level 5
 [VirtualWorld] Cleared all entities and interior collisions
 [VirtualPitGenerator] Valid placement area for level 5: tiles (2,3) to (10,9)
 [VirtualPitGenerator] Level 5 calculated amounts:
 [VirtualPitGenerator]   Max Monsters: 2, Actual: 1
 [VirtualPitGenerator]   Max Chests: 2, Actual: 1
 [VirtualPitGenerator]   Min Obstacles: 5
 [VirtualPitGenerator]   Max Obstacles: 10, Actual: 7
 [VirtualWorld] Wizard orb positioned at (7,6)
 [VirtualPitGenerator] Generated wizard orb at (7,6)
 [VirtualWorld] Added obstacle at (10,4)
 [VirtualWorld] Added obstacle at (10,7)
 [VirtualWorld] Added obstacle at (3,9)
 [VirtualWorld] Added obstacle at (5,3)
 [VirtualWorld] Added obstacle at (2,6)
 [VirtualWorld] Added obstacle at (2,8)
 [VirtualWorld] Added obstacle at (4,6)
 [VirtualWorld] Added EarlyDagger_Normal treasure (level 1) at (9,4)
 [VirtualWorld] Added Stone Guardian monster at (9,9)
 [VirtualPitGenerator] Cave boss floor at level 5 with Stone Guardian (scaled level 10)
 [VirtualPitGenerator] Generated 7 obstacles, 1 treasures, 0 monsters, and 1 wizard orb
 [VirtualPitGenerator] Regenerating pit content for level 6
 [VirtualWorld] Cleared all entities and interior collisions
 [VirtualPitGenerator] Valid placement area for level 6: tiles (2,3) to (10,9)
 [VirtualPitGenerator] Level 6 calculated amounts:
 [VirtualPitGenerator]   Max Monsters: 2, Actual: 2
 [VirtualPitGenerator]   Max Chests: 2, Actual: 2
 [VirtualPitGenerator]   Min Obstacles: 5
 [VirtualPitGenerator]   Max Obstacles: 10, Actual: 10
 [VirtualWorld] Wizard orb positioned at (9,9)
 [VirtualPitGenerator] Generated wizard orb at (9,9)
 [VirtualWorld] Added obstacle at (9,7)
 [VirtualWorld] Added obstacle at (6,8)
 [VirtualWorld] Added obstacle at (6,7)
 [VirtualWorld] Added obstacle at (3,8)
 [VirtualWorld] Added obstacle at (7,4)
 [VirtualWorld] Added obstacle at (8,5)
 [VirtualWorld] Added obstacle at (8,8)
 [VirtualWorld] Added obstacle at (7,7)
 [VirtualWorld] Added obstacle at (4,3)
 [VirtualWorld] Added obstacle at (3,5)
 [VirtualWorld] Added MidAxe_Normal treasure (level 1) at (5,3)
 [VirtualWorld] Added MidArmor_Normal treasure (level 1) at (10,5)
 [VirtualWorld] Added Stone Beetle monster at (2,3)
 [VirtualWorld] Added Bat monster at (5,5)
 [VirtualPitGenerator] Generated 10 obstacles, 2 treasures, 2 monsters, and 1 wizard orb
 [VirtualPitGenerator] Regenerating pit content for level 7
 [VirtualWorld] Cleared all entities and interior collisions
 [VirtualPitGenerator] Valid placement area for level 7: tiles (2,3) to (10,9)
 [VirtualPitGenerator] Level 7 calculated amounts:
 [VirtualPitGenerator]   Max Monsters: 2, Actual: 2
 [VirtualPitGenerator]   Max Chests: 2, Actual: 2
 [VirtualPitGenerator]   Min Obstacles: 5
 [VirtualPitGenerator]   Max Obstacles: 10, Actual: 7
 [VirtualWorld] Wizard orb positioned at (2,5)
 [VirtualPitGenerator] Generated wizard orb at (2,5)
 [VirtualWorld] Added obstacle at (8,3)
 [VirtualWorld] Added obstacle at (10,8)
 [VirtualWorld] Added obstacle at (9,6)
 [VirtualWorld] Added obstacle at (10,6)
 [VirtualWorld] Added obstacle at (3,9)
 [VirtualWorld] Added obstacle at (5,8)
 [VirtualWorld] Added obstacle at (5,9)
 [VirtualWorld] Added MidAxe_Normal treasure (level 1) at (2,8)
 [VirtualWorld] Added MidHelm_Normal treasure (level 1) at (6,5)
 [VirtualWorld] Added Snake monster at (2,6)
 [VirtualWorld] Added Bat monster at (8,5)
 [VirtualPitGenerator] Generated 7 obstacles, 2 treasures, 2 monsters, and 1 wizard orb
 [VirtualPitGenerator] Regenerating pit content for level 8
 [VirtualWorld] Cleared all entities and interior collisions
 [VirtualPitGenerator] Valid placement area for level 8: tiles (2,3) to (10,9)
 [VirtualPitGenerator] Level 8 calculated amounts:
 [VirtualPitGenerator]   Max Monsters: 2, Actual: 1
 [VirtualPitGenerator]   Max Chests: 2, Actual: 1
 [VirtualPitGenerator]   Min Obstacles: 5
 [VirtualPitGenerator]   Max Obstacles: 10, Actual: 10
 [VirtualWorld] Wizard orb positioned at (4,8)
 [VirtualPitGenerator] Generated wizard orb at (4,8)
 [VirtualWorld] Added obstacle at (6,6)
 [VirtualWorld] Added obstacle at (6,9)
 [VirtualWorld] Added obstacle at (4,4)
 [VirtualWorld] Added obstacle at (8,3)
 [VirtualWorld] Added obstacle at (7,7)
 [VirtualWorld] Added obstacle at (2,4)
 [VirtualWorld] Added obstacle at (10,9)
 [VirtualWorld] Added obstacle at (5,9)
 [VirtualWorld] Added obstacle at (9,5)
 [VirtualWorld] Added obstacle at (9,6)
 [VirtualWorld] Added MidArmor_Normal treasure (level 1) at (8,8)
 [VirtualWorld] Added Goblin monster at (6,3)
 [VirtualPitGenerator] Generated 10 obstacles, 1 treasures, 1 monsters, and 1 wizard orb
 [VirtualPitGenerator] Regenerating pit content for level 9
 [VirtualWorld] Cleared all entities and interior collisions
 [VirtualPitGenerator] Valid placement area for level 9: tiles (2,3) to (10,9)
 [VirtualPitGenerator] Level 9 calculated amounts:
 [VirtualPitGenerator]   Max Monsters: 2, Actual: 1
 [VirtualPitGenerator]   Max Chests: 2, Actual: 1
 [VirtualPitGenerator]   Min Obstacles: 5
 [VirtualPitGenerator]   Max Obstacles: 10, Actual: 7
 [VirtualWorld] Wizard orb positioned at (6,4)
 [VirtualPitGenerator] Generated wizard orb at (6,4)
 [VirtualWorld] Added obstacle at (5,9)
 [VirtualWorld] Added obstacle at (10,3)
 [VirtualWorld] Added obstacle at (7,9)
 [VirtualWorld] Added obstacle at (6,8)
 [VirtualWorld] Added obstacle at (3,4)
 [VirtualWorld] Added obstacle at (7,7)
 [VirtualWorld] Added obstacle at (9,3)
 [VirtualWorld] Added MidStaff_Normal treasure (level 1) at (2,6)
 [VirtualWorld] Added Rat monster at (4,7)
 [VirtualPitGenerator] Generated 7 obstacles, 1 treasures, 1 monsters, and 1 wizard orb
 [VirtualPitGenerator] Regenerating pit content for level 10
 [VirtualWorld] Cleared all entities and interior collisions
 [VirtualPitGenerator] Valid placement area for level 10: tiles (2,3) to (10,9)
 [VirtualPitGenerator] Level 10 calculated amounts:
 [VirtualPitGenerator]   Max Monsters: 2, Actual: 2
 [VirtualPitGenerator]   Max Chests: 2, Actual: 2
 [VirtualPitGenerator]   Min Obstacles: 5
 [VirtualPitGenerator]   Max Obstacles: 10, Actual: 10
 [VirtualWorld] Wizard orb positioned at (8,8)
 [VirtualPitGenerator] Generated wizard orb at (8,8)
 [VirtualWorld] Added obstacle at (4,5)
 [VirtualWorld] Added obstacle at (6,4)
 [VirtualWorld] Added obstacle at (10,7)
 [VirtualWorld] Added obstacle at (4,6)
 [VirtualWorld] Added obstacle at (8,9)
 [VirtualWorld] Added obstacle at (4,3)
 [VirtualWorld] Added obstacle at (3,9)
 [VirtualWorld] Added obstacle at (3,4)
 [VirtualWorld] Added obstacle at (4,7)
 [VirtualWorld] Added obstacle at (6,7)
 [VirtualWorld] Added MidDagger_Normal treasure (level 1) at (10,6)
 [VirtualWorld] Added MidAxe_Normal treasure (level 1) at (2,5)
 [VirtualWorld] Added Pit Lord monster at (3,5)
 [VirtualPitGenerator] Cave boss floor at level 10 with Pit Lord (scaled level 18)
 [VirtualPitGenerator] Generated 10 obstacles, 2 treasures, 1 monsters, and 1 wizard orb
 [VirtualPitGenerator] Regenerating pit content for level 11
 [VirtualWorld] Cleared all entities and interior collisions
 [VirtualPitGenerator] Valid placement area for level 11: tiles (2,3) to (10,9)
 [VirtualPitGenerator] Level 11 calculated amounts:
 [VirtualPitGenerator]   Max Monsters: 2, Actual: 1
 [VirtualPitGenerator]   Max Chests: 2, Actual: 1
 [VirtualPitGenerator]   Min Obstacles: 5
 [VirtualPitGenerator]   Max Obstacles: 10, Actual: 7
 [VirtualWorld] Wizard orb positioned at (10,4)
 [VirtualPitGenerator] Generated wizard orb at (10,4)
 [VirtualWorld] Added obstacle at (3,8)
 [VirtualWorld] Added obstacle at (10,5)
 [VirtualWorld] Added obstacle at (4,5)
 [VirtualWorld] Added obstacle at (2,4)
 [VirtualWorld] Added obstacle at (3,7)
 [VirtualWorld] Added obstacle at (10,6)
 [VirtualWorld] Added obstacle at (9,9)
 [VirtualWorld] Added LateShield_Normal treasure (level 1) at (7,4)
 [VirtualWorld] Added Orc monster at (9,8)
 [VirtualPitGenerator] Generated 7 obstacles, 1 treasures, 1 monsters, and 1 wizard orb
 [VirtualPitGenerator] Regenerating pit content for level 12
 [VirtualWorld] Cleared all entities and interior collisions
 [VirtualPitGenerator] Valid placement area for level 12: tiles (2,3) to (10,9)
 [VirtualPitGenerator] Level 12 calculated amounts:
 [VirtualPitGenerator]   Max Monsters: 2, Actual: 1
 [VirtualPitGenerator]   Max Chests: 2, Actual: 1
 [VirtualPitGenerator]   Min Obstacles: 6
 [VirtualPitGenerator]   Max Obstacles: 11, Actual: 11
 [VirtualWorld] Wizard orb positioned at (3,7)
 [VirtualPitGenerator] Generated wizard orb at (3,7)
 [VirtualWorld] Added obstacle at (2,4)
 [VirtualWorld] Added obstacle at (6,6)
 [VirtualWorld] Added obstacle at (8,3)
 [VirtualWorld] Added obstacle at (9,9)
 [VirtualWorld] Added obstacle at (8,5)
 [VirtualWorld] Added obstacle at (6,9)
 [VirtualWorld] Added obstacle at (5,3)
 [VirtualWorld] Added obstacle at (10,5)
 [VirtualWorld] Added obstacle at (9,3)
 [VirtualWorld] Added obstacle at (4,9)
 [VirtualWorld] Added obstacle at (4,4)
 [VirtualWorld] Added LateStaff_Normal treasure (level 1) at (3,9)
 [VirtualWorld] Added Snake monster at (7,3)
 [VirtualPitGenerator] Generated 11 obstacles, 1 treasures, 1 monsters, and 1 wizard orb
 [VirtualPitGenerator] Regenerating pit content for level 13
 [VirtualWorld] Cleared all entities and interior collisions
 [VirtualPitGenerator] Valid placement area for level 13: tiles (2,3) to (10,9)
 [VirtualPitGenerator] Level 13 calculated amounts:
 [VirtualPitGenerator]   Max Monsters: 2, Actual: 2
 [VirtualPitGenerator]   Max Chests: 2, Actual: 2
 [VirtualPitGenerator]   Min Obstacles: 6
 [VirtualPitGenerator]   Max Obstacles: 11, Actual: 9
 [VirtualWorld] Wizard orb positioned at (4,3)
 [VirtualPitGenerator] Generated wizard orb at (4,3)
 [VirtualWorld] Added obstacle at (10,8)
 [VirtualWorld] Added obstacle at (10,7)
 [VirtualWorld] Added obstacle at (2,9)
 [VirtualWorld] Added obstacle at (7,6)
 [VirtualWorld] Added obstacle at (3,5)
 [VirtualWorld] Added obstacle at (2,3)
 [VirtualWorld] Added obstacle at (5,6)
 [VirtualWorld] Added obstacle at (2,4)
 [VirtualWorld] Added obstacle at (7,9)
 [VirtualWorld] Added LateAxe_Normal treasure (level 1) at (9,3)
 [VirtualWorld] Added LateHammer_Normal treasure (level 1) at (6,9)
 [VirtualWorld] Added Tunnel Worm monster at (4,4)
 [VirtualWorld] Added Skeleton monster at (9,4)
 [VirtualPitGenerator] Generated 9 obstacles, 2 treasures, 2 monsters, and 1 wizard orb
 [VirtualPitGenerator] Regenerating pit content for level 14
 [VirtualWorld] Cleared all entities and interior collisions
 [VirtualPitGenerator] Valid placement area for level 14: tiles (2,3) to (10,9)
 [VirtualPitGenerator] Level 14 calculated amounts:
 [VirtualPitGenerator]   Max Monsters: 2, Actual: 2
 [VirtualPitGenerator]   Max Chests: 2, Actual: 2
 [VirtualPitGenerator]   Min Obstacles: 7
 [VirtualPitGenerator]   Max Obstacles: 12, Actual: 7
 [VirtualWorld] Wizard orb positioned at (6,6)
 [VirtualPitGenerator] Generated wizard orb at (6,6)
 [VirtualWorld] Added obstacle at (9,4)
 [VirtualWorld] Added obstacle at (6,7)
 [VirtualWorld] Added obstacle at (5,7)
 [VirtualWorld] Added obstacle at (5,4)
 [VirtualWorld] Added obstacle at (8,8)
 [VirtualWorld] Added obstacle at (8,3)
 [VirtualWorld] Added obstacle at (8,7)
 [VirtualWorld] Added LateSword_Normal treasure (level 1) at (4,5)
 [VirtualWorld] Added LateSpear_Normal treasure (level 1) at (6,9)
 [VirtualWorld] Added Spider monster at (5,5)
 [VirtualWorld] Added Skeleton monster at (10,5)
 [VirtualPitGenerator] Generated 7 obstacles, 2 treasures, 2 monsters, and 1 wizard orb
 [VirtualPitGenerator] Regenerating pit content for level 15
 [VirtualWorld] Cleared all entities and interior collisions
 [VirtualPitGenerator] Valid placement area for level 15: tiles (2,3) to (10,9)
 [VirtualPitGenerator] Level 15 calculated amounts:
 [VirtualPitGenerator]   Max Monsters: 2, Actual: 1
 [VirtualPitGenerator]   Max Chests: 2, Actual: 1
 [VirtualPitGenerator]   Min Obstacles: 7
 [VirtualPitGenerator]   Max Obstacles: 12, Actual: 10
 [VirtualWorld] Wizard orb positioned at (8,9)
 [VirtualPitGenerator] Generated wizard orb at (8,9)
 [VirtualWorld] Added obstacle at (8,7)
 [VirtualWorld] Added obstacle at (10,8)
 [VirtualWorld] Added obstacle at (9,5)
 [VirtualWorld] Added obstacle at (3,9)
 [VirtualWorld] Added obstacle at (4,6)
 [VirtualWorld] Added obstacle at (5,4)
 [VirtualWorld] Added obstacle at (4,3)
 [VirtualWorld] Added obstacle at (3,8)
 [VirtualWorld] Added obstacle at (6,6)
 [VirtualWorld] Added obstacle at (4,4)
 [VirtualWorld] Added LateArmor_Uncommon treasure (level 2) at (10,7)
 [VirtualWorld] Added Earth Elemental monster at (5,5)
 [VirtualPitGenerator] Cave boss floor at level 15 with Earth Elemental (scaled level 28)
 [VirtualPitGenerator] Generated 10 obstacles, 1 treasures, 0 monsters, and 1 wizard orb
 [VirtualPitGenerator] Regenerating pit content for level 16
 [VirtualWorld] Cleared all entities and interior collisions
 [VirtualPitGenerator] Valid placement area for level 16: tiles (2,3) to (10,9)
 [VirtualPitGenerator] Level 16 calculated amounts:
 [VirtualPitGenerator]   Max Monsters: 3, Actual: 3
 [VirtualPitGenerator]   Max Chests: 3, Actual: 2
 [VirtualPitGenerator]   Min Obstacles: 7
 [VirtualPitGenerator]   Max Obstacles: 13, Actual: 7
 [VirtualWorld] Wizard orb positioned at (10,6)
 [VirtualPitGenerator] Generated wizard orb at (10,6)
 [VirtualWorld] Added obstacle at (6,3)
 [VirtualWorld] Added obstacle at (6,9)
 [VirtualWorld] Added obstacle at (3,3)
 [VirtualWorld] Added obstacle at (10,7)
 [VirtualWorld] Added obstacle at (9,4)
 [VirtualWorld] Added obstacle at (2,7)
 [VirtualWorld] Added obstacle at (10,3)
 [VirtualWorld] Added AdvancedDagger_Normal treasure (level 1) at (8,7)
 [VirtualWorld] Added AdvancedHelm_Normal treasure (level 1) at (9,7)
 [VirtualWorld] Added Magma Ooze monster at (8,8)
 [VirtualWorld] Added Wraith monster at (4,6)
 [VirtualWorld] Added Skeleton monster at (4,3)
 [VirtualPitGenerator] Generated 7 obstacles, 2 treasures, 3 monsters, and 1 wizard orb
 [VirtualPitGenerator] Regenerating pit content for level 17
 [VirtualWorld] Cleared all entities and interior collisions
 [VirtualPitGenerator] Valid placement area for level 17: tiles (2,3) to (10,9)
 [VirtualPitGenerator] Level 17 calculated amounts:
 [VirtualPitGenerator]   Max Monsters: 3, Actual: 2
 [VirtualPitGenerator]   Max Chests: 3, Actual: 3
 [VirtualPitGenerator]   Min Obstacles: 8
 [VirtualPitGenerator]   Max Obstacles: 13, Actual: 11
 [VirtualWorld] Wizard orb positioned at (3,9)
 [VirtualPitGenerator] Generated wizard orb at (3,9)
 [VirtualWorld] Added obstacle at (5,6)
 [VirtualWorld] Added obstacle at (10,3)
 [VirtualWorld] Added obstacle at (6,8)
 [VirtualWorld] Added obstacle at (8,5)
 [VirtualWorld] Added obstacle at (4,9)
 [VirtualWorld] Added obstacle at (7,3)
 [VirtualWorld] Added obstacle at (6,3)
 [VirtualWorld] Added obstacle at (2,9)
 [VirtualWorld] Added obstacle at (10,5)
 [VirtualWorld] Added obstacle at (6,6)
 [VirtualWorld] Added obstacle at (3,4)
 [VirtualWorld] Added AdvancedAxe_Normal treasure (level 1) at (8,6)
 [VirtualWorld] Added AdvancedAxe_Normal treasure (level 1) at (5,7)
 [VirtualWorld] Added AdvancedStaff_Normal treasure (level 1) at (10,4)
 [VirtualWorld] Added Orc monster at (5,8)
 [VirtualWorld] Added Orc monster at (9,8)
 [VirtualPitGenerator] Generated 11 obstacles, 3 treasures, 2 monsters, and 1 wizard orb
 [VirtualPitGenerator] Regenerating pit content for level 18
 [VirtualWorld] Cleared all entities and interior collisions
 [VirtualPitGenerator] Valid placement area for level 18: tiles (2,3) to (10,9)
 [VirtualPitGenerator] Level 18 calculated amounts:
 [VirtualPitGenerator]   Max Monsters: 3, Actual: 2
 [VirtualPitGenerator]   Max Chests: 3, Actual: 1
 [VirtualPitGenerator]   Min Obstacles: 8
 [VirtualPitGenerator]   Max Obstacles: 14, Actual: 8
 [VirtualWorld] Wizard orb positioned at (5,5)
 [VirtualPitGenerator] Generated wizard orb at (5,5)
 [VirtualWorld] Added obstacle at (4,9)
 [VirtualWorld] Added obstacle at (6,4)
 [VirtualWorld] Added obstacle at (10,6)
 [VirtualWorld] Added obstacle at (6,3)
 [VirtualWorld] Added obstacle at (9,7)
 [VirtualWorld] Added obstacle at (4,6)
 [VirtualWorld] Added obstacle at (3,4)
 [VirtualWorld] Added obstacle at (4,4)
 [VirtualWorld] Added AdvancedHammer_Uncommon treasure (level 2) at (4,3)
 [VirtualWorld] Added Lava Drake monster at (2,5)
 [VirtualWorld] Added Lava Drake monster at (6,7)
 [VirtualPitGenerator] Generated 8 obstacles, 1 treasures, 2 monsters, and 1 wizard orb
 [VirtualPitGenerator] Regenerating pit content for level 19
 [VirtualWorld] Cleared all entities and interior collisions
 [VirtualPitGenerator] Valid placement area for level 19: tiles (2,3) to (10,9)
 [VirtualPitGenerator] Level 19 calculated amounts:
 [VirtualPitGenerator]   Max Monsters: 3, Actual: 1
 [VirtualPitGenerator]   Max Chests: 3, Actual: 2
 [VirtualPitGenerator]   Min Obstacles: 8
 [VirtualPitGenerator]   Max Obstacles: 14, Actual: 12
 [VirtualWorld] Wizard orb positioned at (7,8)
 [VirtualPitGenerator] Generated wizard orb at (7,8)
 [VirtualWorld] Added obstacle at (3,5)
 [VirtualWorld] Added obstacle at (10,5)
 [VirtualWorld] Added obstacle at (4,5)
 [VirtualWorld] Added obstacle at (4,7)
 [VirtualWorld] Added obstacle at (5,4)
 [VirtualWorld] Added obstacle at (10,8)
 [VirtualWorld] Added obstacle at (8,4)
 [VirtualWorld] Added obstacle at (8,5)
 [VirtualWorld] Added obstacle at (6,4)
 [VirtualWorld] Added obstacle at (8,6)
 [VirtualWorld] Added obstacle at (6,8)
 [VirtualWorld] Added obstacle at (6,9)
 [VirtualWorld] Added AdvancedHelm_Normal treasure (level 1) at (8,3)
 [VirtualWorld] Added AdvancedShield_Normal treasure (level 1) at (5,9)
 [VirtualWorld] Added Wraith monster at (8,7)
 [VirtualPitGenerator] Generated 12 obstacles, 2 treasures, 1 monsters, and 1 wizard orb
 [VirtualPitGenerator] Regenerating pit content for level 20
 [VirtualWorld] Cleared all entities and interior collisions
 [VirtualPitGenerator] Valid placement area for level 20: tiles (2,3) to (10,9)
 [VirtualPitGenerator] Level 20 calculated amounts:
 [VirtualPitGenerator]   Max Monsters: 3, Actual: 3
 [VirtualPitGenerator]   Max Chests: 3, Actual: 3
 [VirtualPitGenerator]   Min Obstacles: 9
 [VirtualPitGenerator]   Max Obstacles: 14, Actual: 10
 [VirtualWorld] Wizard orb positioned at (9,4)
 [VirtualPitGenerator] Generated wizard orb at (9,4)
 [VirtualWorld] Added obstacle at (2,9)
 [VirtualWorld] Added obstacle at (6,6)
 [VirtualWorld] Added obstacle at (7,3)
 [VirtualWorld] Added obstacle at (2,5)
 [VirtualWorld] Added obstacle at (9,9)
 [VirtualWorld] Added obstacle at (6,4)
 [VirtualWorld] Added obstacle at (5,4)
 [VirtualWorld] Added obstacle at (2,6)
 [VirtualWorld] Added obstacle at (8,5)
 [VirtualWorld] Added obstacle at (2,7)
 [VirtualWorld] Added AdvancedSword_Uncommon treasure (level 3) at (5,3)
 [VirtualWorld] Added AdvancedSpear_Normal treasure (level 1) at (3,6)
 [VirtualWorld] Added AdvancedStaff_Uncommon treasure (level 2) at (6,7)
 [VirtualWorld] Added Molten Titan monster at (2,8)
 [VirtualPitGenerator] Cave boss floor at level 20 with Molten Titan (scaled level 38)
 [VirtualPitGenerator] Generated 10 obstacles, 3 treasures, 2 monsters, and 1 wizard orb
 [VirtualPitGenerator] Regenerating pit content for level 21
 [VirtualWorld] Cleared all entities and interior collisions
 [VirtualPitGenerator] Valid placement area for level 21: tiles (2,3) to (10,9)
 [VirtualPitGenerator] Level 21 calculated amounts:
 [VirtualPitGenerator]   Max Monsters: 3, Actual: 2
 [VirtualPitGenerator]   Max Chests: 3, Actual: 3
 [VirtualPitGenerator]   Min Obstacles: 9
 [VirtualPitGenerator]   Max Obstacles: 15, Actual: 13
 [VirtualWorld] Wizard orb positioned at (2,7)
 [VirtualPitGenerator] Generated wizard orb at (2,7)
 [VirtualWorld] Added obstacle at (10,5)
 [VirtualWorld] Added obstacle at (10,7)
 [VirtualWorld] Added obstacle at (2,8)
 [VirtualWorld] Added obstacle at (9,3)
 [VirtualWorld] Added obstacle at (5,7)
 [VirtualWorld] Added obstacle at (3,7)
 [VirtualWorld] Added obstacle at (2,4)
 [VirtualWorld] Added obstacle at (6,7)
 [VirtualWorld] Added obstacle at (2,6)
 [VirtualWorld] Added obstacle at (5,8)
 [VirtualWorld] Added obstacle at (2,9)
 [VirtualWorld] Added obstacle at (8,5)
 [VirtualWorld] Added obstacle at (10,9)
 [VirtualWorld] Added EliteHelm_Normal treasure (level 1) at (10,8)
 [VirtualWorld] Added EliteStaff_Normal treasure (level 1) at (8,9)
 [VirtualWorld] Added EliteHelm_Normal treasure (level 1) at (6,3)
 [VirtualWorld] Added Lava Drake monster at (4,6)
 [VirtualWorld] Added Stone Wyrm monster at (3,9)
 [VirtualPitGenerator] Generated 13 obstacles, 3 treasures, 2 monsters, and 1 wizard orb
 [VirtualPitGenerator] Regenerating pit content for level 22
 [VirtualWorld] Cleared all entities and interior collisions
 [VirtualPitGenerator] Valid placement area for level 22: tiles (2,3) to (10,9)
 [VirtualPitGenerator] Level 22 calculated amounts:
 [VirtualPitGenerator]   Max Monsters: 3, Actual: 1
 [VirtualPitGenerator]   Max Chests: 3, Actual: 1
 [VirtualPitGenerator]   Min Obstacles: 10
 [VirtualPitGenerator]   Max Obstacles: 15, Actual: 11
 [VirtualWorld] Wizard orb positioned at (4,3)
 [VirtualPitGenerator] Generated wizard orb at (4,3)
 [VirtualWorld] Added obstacle at (9,8)
 [VirtualWorld] Added obstacle at (6,7)
 [VirtualWorld] Added obstacle at (5,6)
 [VirtualWorld] Added obstacle at (7,8)
 [VirtualWorld] Added obstacle at (10,5)
 [VirtualWorld] Added obstacle at (8,3)
 [VirtualWorld] Added obstacle at (7,4)
 [VirtualWorld] Added obstacle at (4,7)
 [VirtualWorld] Added obstacle at (8,8)
 [VirtualWorld] Added obstacle at (9,5)
 [VirtualWorld] Added obstacle at (4,4)
 [VirtualWorld] Added EliteDagger_Normal treasure (level 1) at (6,5)
 [VirtualWorld] Added Cave Troll monster at (5,3)
 [VirtualPitGenerator] Generated 11 obstacles, 1 treasures, 1 monsters, and 1 wizard orb
 [VirtualPitGenerator] Regenerating pit content for level 23
 [VirtualWorld] Cleared all entities and interior collisions
 [VirtualPitGenerator] Valid placement area for level 23: tiles (2,3) to (10,9)
 [VirtualPitGenerator] Level 23 calculated amounts:
 [VirtualPitGenerator]   Max Monsters: 3, Actual: 3
 [VirtualPitGenerator]   Max Chests: 3, Actual: 2
 [VirtualPitGenerator]   Min Obstacles: 10
 [VirtualPitGenerator]   Max Obstacles: 16, Actual: 15
 [VirtualWorld] Wizard orb positioned at (6,7)
 [VirtualPitGenerator] Generated wizard orb at (6,7)
 [VirtualWorld] Added obstacle at (7,4)
 [VirtualWorld] Added obstacle at (10,8)
 [VirtualWorld] Added obstacle at (8,4)
 [VirtualWorld] Added obstacle at (5,6)
 [VirtualWorld] Added obstacle at (5,3)
 [VirtualWorld] Added obstacle at (4,5)
 [VirtualWorld] Added obstacle at (3,9)
 [VirtualWorld] Added obstacle at (6,9)
 [VirtualWorld] Added obstacle at (2,9)
 [VirtualWorld] Added obstacle at (4,7)
 [VirtualWorld] Added obstacle at (10,9)
 [VirtualWorld] Added obstacle at (7,7)
 [VirtualWorld] Added obstacle at (6,6)
 [VirtualWorld] Added obstacle at (8,3)
 [VirtualWorld] Added obstacle at (2,4)
 [VirtualWorld] Added EliteAxe_Uncommon treasure (level 3) at (9,3)
 [VirtualWorld] Added EliteSword_Uncommon treasure (level 2) at (9,5)
 [VirtualWorld] Added Orc monster at (2,5)
 [VirtualWorld] Added Shadow Beast monster at (9,4)
 [VirtualWorld] Added Wraith monster at (8,6)
 [VirtualPitGenerator] Generated 15 obstacles, 2 treasures, 3 monsters, and 1 wizard orb
 [VirtualPitGenerator] Regenerating pit content for level 24
 [VirtualWorld] Cleared all entities and interior collisions
 [VirtualPitGenerator] Valid placement area for level 24: tiles (2,3) to (10,9)
 [VirtualPitGenerator] Level 24 calculated amounts:
 [VirtualPitGenerator]   Max Monsters: 3, Actual: 2
 [VirtualPitGenerator]   Max Chests: 3, Actual: 3
 [VirtualPitGenerator]   Min Obstacles: 10
 [VirtualPitGenerator]   Max Obstacles: 16, Actual: 11
 [VirtualWorld] Wizard orb positioned at (8,3)
 [VirtualPitGenerator] Generated wizard orb at (8,3)
 [VirtualWorld] Added obstacle at (6,7)
 [VirtualWorld] Added obstacle at (6,9)
 [VirtualWorld] Added obstacle at (3,9)
 [VirtualWorld] Added obstacle at (3,3)
 [VirtualWorld] Added obstacle at (10,8)
 [VirtualWorld] Added obstacle at (2,9)
 [VirtualWorld] Added obstacle at (9,5)
 [VirtualWorld] Added obstacle at (7,3)
 [VirtualWorld] Added obstacle at (5,3)
 [VirtualWorld] Added obstacle at (10,6)
 [VirtualWorld] Added obstacle at (7,4)
 [VirtualWorld] Added EliteSword_Normal treasure (level 1) at (8,9)
 [VirtualWorld] Added EliteHammer_Normal treasure (level 1) at (9,9)
 [VirtualWorld] Added EliteShield_Uncommon treasure (level 2) at (7,9)
 [VirtualWorld] Added Crystal Golem monster at (9,6)
 [VirtualWorld] Added Skeleton monster at (3,6)
 [VirtualPitGenerator] Generated 11 obstacles, 3 treasures, 2 monsters, and 1 wizard orb
 [VirtualPitGenerator] Regenerating pit content for level 25
 [VirtualWorld] Cleared all entities and interior collisions
 [VirtualPitGenerator] Valid placement area for level 25: tiles (2,3) to (10,9)
 [VirtualPitGenerator] Level 25 calculated amounts:
 [VirtualPitGenerator]   Max Monsters: 3, Actual: 1
 [VirtualPitGenerator]   Max Chests: 3, Actual: 1
 [VirtualPitGenerator]   Min Obstacles: 11
 [VirtualPitGenerator]   Max Obstacles: 17, Actual: 16
 [VirtualWorld] Wizard orb positioned at (10,6)
 [VirtualPitGenerator] Generated wizard orb at (10,6)
 [VirtualWorld] Added obstacle at (5,3)
 [VirtualWorld] Added obstacle at (10,3)
 [VirtualWorld] Added obstacle at (6,7)
 [VirtualWorld] Added obstacle at (10,8)
 [VirtualWorld] Added obstacle at (6,6)
 [VirtualWorld] Added obstacle at (7,5)
 [VirtualWorld] Added obstacle at (6,5)
 [VirtualWorld] Added obstacle at (10,4)
 [VirtualWorld] Added obstacle at (8,4)
 [VirtualWorld] Added obstacle at (3,6)
 [VirtualWorld] Added obstacle at (3,5)
 [VirtualWorld] Added obstacle at (2,5)
 [VirtualWorld] Added obstacle at (9,8)
 [VirtualWorld] Added obstacle at (5,7)
 [VirtualWorld] Added obstacle at (3,7)
 [VirtualWorld] Added obstacle at (2,3)
 [VirtualWorld] Added EliteDagger_Uncommon treasure (level 2) at (9,7)
 [VirtualWorld] Added Ancient Wyrm monster at (7,4)
 [VirtualPitGenerator] Cave boss floor at level 25 with Ancient Wyrm (scaled level 46)
 [VirtualPitGenerator] Generated 16 obstacles, 1 treasures, 0 monsters, and 1 wizard orb


  Passed Complete_Workflow_Knight_Earns_JP_And_Masters_Job [4 ms]
  Passed Combined_Crystals_Support_Multi_Job_Progression [3 ms]
  Passed Thief_Job_Complete_Progression [1 ms]
  Passed Archer_Job_Complete_Progression [1 ms]
  Passed All_Six_Primary_Jobs_Exist_With_Four_Skills [1 ms]
  Skipped CompleteVirtualGameWorkflow_Demonstration
  Error Message:
   May be affected by balance changes - needs review after balance system updates

  Passed ShortcutBag_AcceptsConsumables [4 ms]
  Passed ShortcutBag_StacksConsumables [< 1 ms]
  Passed ShortcutBag_FullReturnsCorrectly [< 1 ms]
  Passed ShortcutBag_RejectsNonConsumables [3 ms]
  Passed ConsumablePickup_GoesToShortcutBagFirst [< 1 ms]
  Passed ConsumablePickup_GoesToMainBagWhenShortcutFull [< 1 ms]
  Passed NonConsumablePickup_GoesToMainBagDirectly [< 1 ms]
  Passed ConsumablePickup_StacksInShortcutBagBeforeMainBag [< 1 ms]
  Passed Consumable_HasDefaultStackSize_Of16 [< 1 ms]
  Passed Consumable_HasDefaultStackCount_Of1 [< 1 ms]
  Passed ItemBag_StacksSameConsumables [< 1 ms]
  Passed ItemBag_DoesNotStackDifferentConsumables [< 1 ms]
  Passed ItemBag_StartsNewStackWhenMaxed [< 1 ms]
  Passed ItemBag_FindsPartialStackBeforeCreatingNew [< 1 ms]
  Passed ItemBag_DoesNotStackNonConsumables [< 1 ms]
  Passed Consumable_StackCount_CanBeModified [< 1 ms]
  Passed ItemBag_ConsumeFromStack_DecrementsCount [< 1 ms]
  Passed ItemBag_SwapSlots_FullAbsorption_SourceAbsorbedIntoTarget [1 ms]
  Passed ItemBag_SwapSlots_PartialAbsorption_TargetReachesMax [< 1 ms]
  Passed ItemBag_SwapSlots_ReversePartialAbsorption [< 1 ms]
  Passed ItemBag_SwapSlots_DifferentConsumables_NoAbsorption [< 1 ms]
  Passed ItemBag_SwapSlots_OneNull_NoAbsorption [< 1 ms]
  Passed ItemBag_SwapSlots_NonConsumable_NoAbsorption [< 1 ms]
  Passed ItemBag_SwapSlots_BothAtMaxStack_NoAbsorption [3 ms]
  Passed ItemBag_SwapSlots_SourceAndTargetSameSlot_NoChange [< 1 ms]
  Passed ItemBag_SwapSlots_MixedConsumableAndNonConsumable_NoAbsorption [< 1 ms]
  Passed ConsumableUsage_HPPotion_RestoresHP [1 ms]
  Standard Output Messages:
 
 
 Debug Trace:
 MaxHP: 120, CurrentHP: 120
 After taking 50 damage, CurrentHP: 70
 HPPotion restore amount: 100
 After consuming potion, CurrentHP: 120, success: True


  Passed ConsumableUsage_APPotion_RestoresAP [< 1 ms]
  Passed ConsumableUsage_MixPotion_RestoresBothHPAndAP [< 1 ms]
  Passed ConsumableUsage_FullHPPotion_RestoresFullHP [3 ms]
  Passed ConsumableUsage_ItemBagConsumeFromStack_DecrementsStack [< 1 ms]
  Passed ConsumableUsage_ItemBagConsumeFromStack_RemovesLastItem [< 1 ms]
  Passed ConsumableUsage_ItemBagConsumeFromStack_FailsOnNonConsumable [< 1 ms]
  Passed ConsumableUsage_ItemBagConsumeFromStack_FailsOnEmptySlot [< 1 ms]
  Passed ConsumableUsage_ItemBagConsumeFromStack_FailsOnInvalidIndex [< 1 ms]
  Passed ConsumableUsage_MidPotions_RestoreCorrectAmounts [< 1 ms]
  Passed ConsumableUsage_PotionAtMaxHP_ShouldNotConsume [< 1 ms]
  Passed ConsumableUsage_PotionAtMaxAP_ShouldNotConsume [< 1 ms]
  Passed ConsumableUsage_MixPotionAtMaxBoth_ShouldNotConsume [< 1 ms]
  Passed ConsumableUsage_MixPotionPartialRestore_ShouldConsume [< 1 ms]
  Passed CrystalMerchantVault_AddCrystal_ShouldIncreaseCount [4 ms]
  Passed CrystalMerchantVault_AddMultipleCrystals_ShouldStoreAll [< 1 ms]
  Passed CrystalMerchantVault_RemoveCrystal_ShouldDecreaseCount [< 1 ms]
  Passed CrystalMerchantVault_RemoveNonExistentCrystal_ShouldReturnFalse [< 1 ms]
  Passed CrystalMerchantVault_Clear_ShouldRemoveAllCrystals [< 1 ms]
  Passed CrystalMerchantVault_AddNullCrystal_ShouldNotIncreaseCount [< 1 ms]
  Passed CrystalMerchantVault_Crystals_ShouldBeReadOnly [< 1 ms]
  Passed Slime_ShouldHaveWaterElement [< 1 ms]
  Passed Goblin_ShouldHaveEarthElement [< 1 ms]
  Passed Bat_ShouldHaveWindElement [< 1 ms]
  Passed Rat_ShouldHaveNeutralElement [< 1 ms]
  Passed Spider_ShouldHaveEarthElement [1 ms]
  Passed Snake_ShouldHaveEarthElement [< 1 ms]
  Passed Skeleton_ShouldHaveDarkElement [< 1 ms]
  Passed Orc_ShouldHaveFireElement [3 ms]
  Passed Wraith_ShouldHaveDarkElement [< 1 ms]
  Passed PitLord_ShouldHaveFireElement [< 1 ms]
  Passed GetOpposingElement_Fire_ReturnsWater [< 1 ms]
  Passed GetOpposingElement_Water_ReturnsFire [< 1 ms]
  Passed GetOpposingElement_Earth_ReturnsWind [< 1 ms]
  Passed GetOpposingElement_Wind_ReturnsEarth [< 1 ms]
  Passed GetOpposingElement_Light_ReturnsDark [< 1 ms]
  Passed GetOpposingElement_Dark_ReturnsLight [< 1 ms]
  Passed GetOpposingElement_Neutral_ReturnsNeutral [< 1 ms]
  Passed GetElementalMultiplier_FireVsWater_Returns2x [< 1 ms]
  Passed GetElementalMultiplier_WaterVsFire_Returns2x [< 1 ms]
  Passed GetElementalMultiplier_EarthVsWind_Returns2x [< 1 ms]
  Passed GetElementalMultiplier_WindVsEarth_Returns2x [< 1 ms]
  Passed GetElementalMultiplier_LightVsDark_Returns2x [< 1 ms]
  Passed GetElementalMultiplier_DarkVsLight_Returns2x [< 1 ms]
  Passed GetElementalMultiplier_FireVsFire_ReturnsHalf [< 1 ms]
  Passed GetElementalMultiplier_WaterVsWater_ReturnsHalf [< 1 ms]
  Passed GetElementalMultiplier_EarthVsEarth_ReturnsHalf [< 1 ms]
  Passed GetElementalMultiplier_WindVsWind_ReturnsHalf [< 1 ms]
  Passed GetElementalMultiplier_LightVsLight_ReturnsHalf [< 1 ms]
  Passed GetElementalMultiplier_DarkVsDark_ReturnsHalf [< 1 ms]
  Passed GetElementalMultiplier_NeutralAttack_ReturnsNeutral [< 1 ms]
  Passed GetElementalMultiplier_NeutralTarget_ReturnsNeutral [< 1 ms]
  Passed GetElementalMultiplier_FireVsEarth_ReturnsNeutral [< 1 ms]
  Passed GetElementalMultiplier_WaterVsWind_ReturnsNeutral [< 1 ms]
  Passed GetElementalMultiplier_LightVsEarth_ReturnsNeutral [< 1 ms]
  Passed ElementalProperties_Constructor_SetsElement [< 1 ms]
  Passed ElementalProperties_Constructor_InitializesEmptyResistances [< 1 ms]
  Passed ElementalProperties_ConstructorWithResistances_SetsValues [< 1 ms]
  Passed Slime_ShouldHaveElementalPropsWithWaterResistance [< 1 ms]
  Passed Bat_ShouldHaveElementalPropsWithWindResistance [< 1 ms]
  Passed Rat_ShouldHaveElementalPropsWithNoResistances [< 1 ms]
  Passed Goblin_ShouldHaveElementalPropsWithEarthResistance [3 ms]
  Passed Spider_ShouldHaveElementalPropsWithEarthResistance [< 1 ms]
  Passed Snake_ShouldHaveElementalPropsWithEarthResistance [< 1 ms]
  Passed Skeleton_ShouldHaveElementalPropsWithDarkResistance [2 ms]
  Passed Orc_ShouldHaveElementalPropsWithFireResistance [< 1 ms]
  Passed Wraith_ShouldHaveElementalPropsWithDarkResistance [< 1 ms]
  Passed PitLord_ShouldHaveElementalPropsWithFireResistance [< 1 ms]
  Passed SlimeEnemy_WithCompleteAnimationSystem_WorksProperly [13 ms]
  Standard Output Messages:
 
 
 Debug Trace:
 Log: [ActorFacingComponent] Facing updated to Right


  Passed EnemyAnimationSystem_SupportsMultipleDirections [< 1 ms]
  Standard Output Messages:
 
 
 Debug Trace:
 Log: [ActorFacingComponent] Facing updated to Up
 Log: [ActorFacingComponent] Facing updated to Down
 Log: [ActorFacingComponent] Facing updated to Left
 Log: [ActorFacingComponent] Facing updated to Right


  Passed ActorFacingComponent_DefaultsToDown [< 1 ms]
  Passed ActorFacingComponent_SetFacing_UpdatesDirection [< 1 ms]
  Standard Output Messages:
 
 
 Debug Trace:
 Log: [ActorFacingComponent] Facing updated to Right


  Passed ActorFacingComponent_ConsumeDirtyFlag_ReturnsTrueWhenDirty [< 1 ms]
  Standard Output Messages:
 
 
 Debug Trace:
 Log: [ActorFacingComponent] Facing updated to Right


  Passed ActorFacingComponent_ChangingDirection_SetsDirtyFlag [< 1 ms]
  Standard Output Messages:
 
 
 Debug Trace:
 Log: [ActorFacingComponent] Facing updated to Left


  Passed SlimeAnimationComponent_HasCorrectAnimationNames [< 1 ms]
  Passed SlimeAnimationComponent_DefaultsToWhiteColor [< 1 ms]
  Passed SlimeAnimationComponent_CanSetCustomColor [< 1 ms]
  Passed GetPresetLevel_Slime_ReturnsLevelOne [< 1 ms]
  Passed GetPresetLevel_UnknownEnemy_ReturnsDefaultLevelOne [< 1 ms]
  Passed HasPresetLevel_Slime_ReturnsTrue [< 1 ms]
  Passed HasPresetLevel_UnknownEnemy_ReturnsFalse [< 1 ms]
  Passed GetAllEnemyLevels_ReturnsSlimeAtLevelOne [< 1 ms]
  Passed GetAllEnemyLevels_ReturnsDictionary_IsReadOnly [< 1 ms]
  Passed SlimeEnemy_UsesRequestedLevel_WhenProvided [< 1 ms]
  Passed SlimeEnemy_UsesPresetLevel_WhenRequestedLevelIsInvalid [< 1 ms]
  Passed SlimeEnemy_StatsConsistentAtPresetLevel [< 1 ms]
  Passed EnemyLevelConfig_SlimeLevel_IsAlwaysOne [< 1 ms]
  Passed BattleStats_CalculateForHero_ReturnsCorrectValues [< 1 ms]
  Passed BattleStats_CalculateForMonster_ReturnsCorrectValues [< 1 ms]
  Passed EnhancedAttackResolver_CalculateDamage_ReturnsCorrectValues [< 1 ms]
  Passed EnhancedAttackResolver_CalculateEvasion_ReturnsExpectedProbabilities [< 1 ms]
  Passed EnhancedAttackResolver_Resolve_HandlesHitsAndMisses [< 1 ms]
  Passed EnhancedAttackResolver_LegacyInterface_WorksCorrectly [< 1 ms]
  Passed EnhancedAttackResolver_WithElementalAdvantage_DealsBonusDamage [< 1 ms]
  Passed EnhancedAttackResolver_WithElementalDisadvantage_DealsReducedDamage [3 ms]
  Passed EnhancedAttackResolver_WithNeutralElement_DealsNormalDamage [< 1 ms]
  Passed HeroComponent_TriggerFogCooldown_ShouldSetCorrectDuration [2 ms]
  Standard Output Messages:
 
 
 Debug Trace:
 Log: [HeroComponent] Movement speed set based on pit state. InsidePit=True, FogCooldown=0.00, Speed=64
 Log: [HeroComponent] Movement speed set based on pit state. InsidePit=True, FogCooldown=1.00, Speed=32
 Log: [HeroComponent] Fog cooldown triggered. Duration=1.00s


  Passed HeroComponent_TriggerFogCooldown_OutsidePit_ShouldNotAffectSpeed [< 1 ms]
  Passed HeroComponent_Update_ShouldDecrementFogCooldown [< 1 ms]
  Standard Output Messages:
 
 
 Debug Trace:
 Log: [HeroComponent] Movement speed set based on pit state. InsidePit=True, FogCooldown=0.00, Speed=64
 Log: [HeroComponent] Movement speed set based on pit state. InsidePit=True, FogCooldown=1.00, Speed=32
 Log: [HeroComponent] Fog cooldown triggered. Duration=1.00s


  Passed GameConfig_HeroFogCooldownDuration_ShouldBeCorrectValue [< 1 ms]
  Passed HeroComponent_ApplyMovementSpeedForPitState_InsidePitWithoutFog_ShouldUseNormalSpeed [< 1 ms]
  Standard Output Messages:
 
 
 Debug Trace:
 Log: [HeroComponent] Movement speed set based on pit state. InsidePit=True, FogCooldown=0.00, Speed=64


  Passed TiledMapService_ClearFogOfWarTile_ShouldReturnCorrectValue [< 1 ms]
  Standard Output Messages:
 [VirtualWorld] Generated 5 obstacles and 1 wizard orb in pit
 [VirtualWorld] Regenerated pit at level 10, bounds: (1,2,14,9)
 [VirtualTiledMapService] Initialized basic tile patterns for PitWidthManager
 [VirtualWorld] Cleared 1 fog tiles around (5,5)
 [VirtualTiledMapService] Cleared FogOfWar tile at (5,5)


  Passed TiledMapService_ClearFogOfWarAroundTile_ShouldReturnCorrectValue [< 1 ms]
  Standard Output Messages:
 [VirtualWorld] Generated 5 obstacles and 1 wizard orb in pit
 [VirtualWorld] Regenerated pit at level 10, bounds: (1,2,14,9)
 [VirtualTiledMapService] Initialized basic tile patterns for PitWidthManager
 [VirtualWorld] Cleared 1 fog tiles around (5,5)
 [VirtualTiledMapService] Cleared FogOfWar tile at (5,5)
 [VirtualWorld] Cleared 1 fog tiles around (4,4)
 [VirtualTiledMapService] Cleared FogOfWar tile at (4,4)
 [VirtualWorld] Cleared 1 fog tiles around (4,5)
 [VirtualTiledMapService] Cleared FogOfWar tile at (4,5)
 [VirtualWorld] Cleared 1 fog tiles around (4,6)
 [VirtualTiledMapService] Cleared FogOfWar tile at (4,6)
 [VirtualWorld] Cleared 1 fog tiles around (5,4)
 [VirtualTiledMapService] Cleared FogOfWar tile at (5,4)
 [VirtualWorld] Cleared 1 fog tiles around (5,6)
 [VirtualTiledMapService] Cleared FogOfWar tile at (5,6)
 [VirtualWorld] Cleared 1 fog tiles around (6,4)
 [VirtualTiledMapService] Cleared FogOfWar tile at (6,4)
 [VirtualWorld] Cleared 1 fog tiles around (6,5)
 [VirtualTiledMapService] Cleared FogOfWar tile at (6,5)
 [VirtualWorld] Cleared 1 fog tiles around (6,6)
 [VirtualTiledMapService] Cleared FogOfWar tile at (6,6)
 [VirtualTiledMapService] Cleared FogOfWar around (5,5) with radius 1


  Passed HeroComponent_ApplyMovementSpeedForPitState_OutsidePit_ShouldAlwaysUseNormalSpeed [< 1 ms]
  Passed GameStateService_FundsUpdates_ReflectInLabel [1 ms]
  Passed GameStateService_FundsSpending_DecreasesTotal [< 1 ms]
  Passed GameStateService_MultipleFundsOperations_TrackCorrectly [< 1 ms]
  Passed GameStateService_Funds_StartsAtZero [< 1 ms]
  Passed GameStateService_Funds_CanBeIncreased [< 1 ms]
  Passed GameStateService_Funds_CanBeDecreased [< 1 ms]
  Passed GameStateService_Funds_PersistsAcrossMultipleOperations [< 1 ms]
  Passed GameStateService_Funds_SupportsLargeValues [< 1 ms]
  Passed Gear_DefaultConstructor_ShouldHaveNeutralElement [< 1 ms]
  Passed Gear_WithFireElement_ShouldHaveFireElement [< 1 ms]
  Passed Gear_WithWaterElement_ShouldHaveWaterElement [< 1 ms]
  Passed Gear_WithEarthElement_ShouldHaveEarthElement [< 1 ms]
  Passed Gear_WithWindElement_ShouldHaveWindElement [< 1 ms]
  Passed Gear_WithLightElement_ShouldHaveLightElement [< 1 ms]
  Passed Gear_WithDarkElement_ShouldHaveDarkElement [< 1 ms]
  Passed Gear_AllPropertiesWithElement_ShouldRetainAllValues [< 1 ms]
  Passed IGear_Interface_ShouldExposeElementProperty [< 1 ms]
  Passed IGear_Interface_ShouldExposeElementalPropsProperty [2 ms]
  Passed Gear_WithElementalProperties_ShouldHaveCorrectResistances [< 1 ms]
  Passed ShortSword_ShouldHaveNeutralElement [< 1 ms]
  Passed LongSword_ShouldHaveFireElement [< 1 ms]
  Passed LeatherArmor_ShouldHaveNeutralElement [< 1 ms]
  Passed IronArmor_ShouldHaveEarthElementAndResistances [< 1 ms]
  Passed WoodenShield_ShouldHaveNeutralElement [< 1 ms]
  Passed IronShield_ShouldHaveWaterElementAndResistances [< 1 ms]
  Passed SquireHelm_ShouldHaveNeutralElement [< 1 ms]
  Passed IronHelm_ShouldHaveEarthElementAndResistances [< 1 ms]
  Passed RingOfPower_ShouldHaveNeutralElement [< 1 ms]
  Passed NecklaceOfHealth_ShouldHaveLightElement [< 1 ms]
  Passed ProtectRing_ShouldHaveNeutralElement [< 1 ms]
  Passed MagicChain_ShouldHaveDarkElement [< 1 ms]
  Passed ShortSword_ShouldHaveCorrectProperties [< 1 ms]
  Passed LongSword_ShouldHaveCorrectProperties [< 1 ms]
  Passed WoodenShield_ShouldHaveCorrectProperties [< 1 ms]
  Passed IronShield_ShouldHaveCorrectProperties [< 1 ms]
  Passed SquireHelm_ShouldHaveCorrectProperties [< 1 ms]
  Passed IronHelm_ShouldHaveCorrectProperties [< 1 ms]
  Passed LeatherArmor_ShouldHaveCorrectProperties [< 1 ms]
  Passed IronArmor_ShouldHaveCorrectProperties [< 1 ms]
  Passed RingOfPower_ShouldHaveCorrectProperties [< 1 ms]
  Passed NecklaceOfHealth_ShouldHaveCorrectProperties [< 1 ms]
  Passed ProtectRing_ShouldHaveCorrectProperties [< 1 ms]
  Passed MagicChain_ShouldHaveCorrectProperties [< 1 ms]
  Passed BalanceConfig_AttackBonusProgression [< 1 ms]
  Passed BalanceConfig_DefenseBonusProgression [< 1 ms]
  Passed BalanceConfig_RarityMultipliers [< 1 ms]
  Passed AllCoreGoapActions_ShouldSupportInterfaceBasedExecution [3 ms]
  Passed VirtualGoapContext_ShouldProvideAllRequiredInterfaces [1 ms]
  Standard Output Messages:
 [VirtualWorld] Generated 5 obstacles and 1 wizard orb in pit
 [VirtualWorld] Regenerated pit at level 10, bounds: (1,2,14,9)
 [VirtualTiledMapService] Initialized basic tile patterns for PitWidthManager
 ✓ All required interfaces are available and functional


  Passed CalculateMonsterGoldYield_Level1_Returns8Gold [< 1 ms]
  Passed CalculateMonsterGoldYield_Level5_Returns20Gold [< 1 ms]
  Passed CalculateMonsterGoldYield_Level10_Returns35Gold [< 1 ms]
  Passed CalculateMonsterGoldYield_Level25_Returns80Gold [< 1 ms]
  Passed CalculateMonsterGoldYield_Level50_Returns155Gold [< 1 ms]
  Passed CalculateMonsterGoldYield_Level99_Returns302Gold [< 1 ms]
  Passed AllMonsters_HaveGoldYield [< 1 ms]
  Passed AllMonsters_GoldYieldMatchesLevel [< 1 ms]
  Passed CalculateMonsterGoldYield_BelowMinLevel_ClampsTo1 [< 1 ms]
  Passed CalculateMonsterGoldYield_AboveMaxLevel_ClampsTo99 [< 1 ms]
  Passed CalculateLinearGrowth_Level1_ReturnsBaseValue [< 1 ms]
  Passed CalculateLinearGrowth_Level10_ReturnsCorrectValue [< 1 ms]
  Passed CalculateLinearGrowth_MaxLevel_ReturnsCorrectValue [< 1 ms]
  Passed CalculateLinearGrowth_ZeroGrowth_ReturnsBaseValue [< 1 ms]
  Passed CalculateLinearGrowth_NegativeLevel_TreatsAsLevel1 [< 1 ms]
  Passed CalculateExponentialGrowth_Level1_ReturnsBaseValue [< 1 ms]
  Passed CalculateExponentialGrowth_Level5_ReturnsCorrectValue [< 1 ms]
  Passed CalculateExponentialGrowth_Level10_ReturnsCorrectValue [< 1 ms]
  Passed CalculateExponentialGrowth_RateOne_ReturnsBaseValue [< 1 ms]
  Passed CalculateExponentialGrowth_NegativeLevel_TreatsAsLevel1 [< 1 ms]
  Passed CalculateHP_DefaultValues_ReturnsCorrectHP [< 1 ms]
  Passed CalculateHP_CustomBaseHP_ReturnsCorrectHP [< 1 ms]
  Passed CalculateHP_CustomMultiplier_ReturnsCorrectHP [< 1 ms]
  Passed CalculateHP_ExceedsMax_ClampsToMax [< 1 ms]
  Passed CalculateHP_NegativeVitality_ReturnsMinimumHP [< 1 ms]
  Passed CalculateHP_ZeroVitality_ReturnsBaseHP [< 1 ms]
  Passed CalculateMP_DefaultValues_ReturnsCorrectMP [< 1 ms]
  Passed CalculateMP_CustomBaseMP_ReturnsCorrectMP [< 1 ms]
  Passed CalculateMP_CustomMultiplier_ReturnsCorrectMP [< 1 ms]
  Passed CalculateMP_ExceedsMax_ClampsToMax [< 1 ms]
  Passed CalculateMP_NegativeMagic_ReturnsMinimumMP [< 1 ms]
  Passed CalculateMP_ZeroMagic_ReturnsBaseMP [< 1 ms]
  Passed CalculateRequiredGrowth_SimpleCase_ReturnsCorrectGrowth [< 1 ms]
  Passed CalculateRequiredGrowth_WithRounding_ReturnsCorrectGrowth [< 1 ms]
  Passed CalculateRequiredGrowth_SameValue_ReturnsZero [< 1 ms]
  Passed CalculateRequiredGrowth_CustomMaxLevel_ReturnsCorrectGrowth [< 1 ms]
  Passed CalculateRequiredGrowth_LargeGrowth_ReturnsCorrectGrowth [< 1 ms]
  Passed ValidateGrowthCurve_ValidCurve_ReturnsTrue [< 1 ms]
  Passed ValidateGrowthCurve_WithinTolerance_ReturnsTrue [< 1 ms]
  Passed ValidateGrowthCurve_ExceedsTolerance_ReturnsFalse [< 1 ms]
  Passed ValidateGrowthCurve_ExceedsCap_ReturnsFalse [< 1 ms]
  Passed ValidateGrowthCurve_BaseExceedsCap_ReturnsFalse [< 1 ms]
  Passed ValidateGrowthCurve_ZeroGrowth_ValidatesTarget [< 1 ms]
  Passed CalculateTotalStatsAtLevel_Level1_ReturnsBaseWithJobBonus [< 1 ms]
  Passed CalculateTotalStatsAtLevel_Level10_ReturnsCorrectStats [< 1 ms]
  Passed CalculateTotalStatsAtLevel_MaxLevel_ReturnsCorrectStats [< 1 ms]
  Passed CalculateTotalStatsAtLevel_DifferentGrowthRates_ReturnsCorrectStats [< 1 ms]
  Passed CalculateTotalStatsAtLevel_NegativeLevel_TreatsAsLevel1 [< 1 ms]
  Passed CalculateTotalStatsAtLevel_ClampsSingleStat_OthersUnaffected [< 1 ms]
  Passed GameConfig_ShouldHaveMaleHeroHairstyleCount [< 1 ms]
  Passed HeroHairAnimationComponent_DefaultHairstyle_ShouldHaveNoSuffix [< 1 ms]
  Passed HeroHairAnimationComponent_Hairstyle2_ShouldHave2Suffix [< 1 ms]
  Passed HeroHairAnimationComponent_Hairstyle3_ShouldHave3Suffix [< 1 ms]
  Passed HeroHairAnimationComponent_AllDirections_ShouldHaveCorrectSuffix [1 ms]
  Passed HeroHairAnimationComponent_CanBeConstructedWithoutHairstyleParameter [< 1 ms]
  Passed HeroHairAnimationComponent_AllHairstyles_ShouldBeValid [< 1 ms]
  Passed GetNextHairstyle_ReturnsValidRange [1 ms]
  Passed GetNextHairstyle_ReturnsAllHairstylesBeforeRepetition [< 1 ms]
  Passed GetNextHairstyle_RefillsQueueAfterExhaustion [< 1 ms]
  Passed Constructor_ThrowsExceptionForInvalidHairstyleCount [1 ms]
  Passed HeroAnimationComponent_Construction_ShouldNotThrow [< 1 ms]
  Passed HeroAnimationComponent_WithTileByTileMover_ShouldFindMoverComponent [< 1 ms]
  Passed HeroAnimationComponent_DirectionMapping_ShouldHandleAllDirections [< 1 ms]
  Passed HeroAnimationComponent_MovementDirectionChanges_ShouldTrackCorrectly [< 1 ms]
  Passed Implementation_Verification_MainGameScene_ShouldUseHeroAnimationComponent [< 1 ms]
  Passed Implementation_Verification_DirectionHandling_ShouldSupportAllDirections [1 ms]
  Passed Implementation_Verification_TileByTileMoverIntegration_ShouldWork [< 1 ms]
  Passed Implementation_Verification_AtlasLoading_ShouldUseActorsAtlas [2 ms]
  Passed Implementation_Summary_AllRequirementsImplemented [< 1 ms]
  Passed HeroAnimationIntegration_MainGameScene_ShouldLoadHeroWithAnimations [< 1 ms]
  Passed HeroAnimationIntegration_DirectionEnums_ShouldMapToCorrectAnimations [< 1 ms]
  Passed HeroAnimationIntegration_DefaultAnimation_ShouldBeDown [< 1 ms]
  Passed HeroAnimationIntegration_ComponentDependencies_ShouldBeCorrect [< 1 ms]
  Passed HeroCrystal_PrimaryJob_Level1_ShouldHaveCorrectSellValue [< 1 ms]
  Passed HeroCrystal_PrimaryJob_Level10_ShouldHaveCorrectSellValue [< 1 ms]
  Passed HeroCrystal_HighLevelPrimary_ShouldHaveHigherSellValue [< 1 ms]
  Passed HeroCrystal_CompositeJob_ShouldUseTierFromComponent [< 1 ms]
  Passed Hero_Can_Earn_JP_Through_Crystal [< 1 ms]
  Passed Hero_Can_Purchase_Skills_With_JP [< 1 ms]
  Passed Hero_Without_Crystal_Cannot_Use_JP_System [< 1 ms]
  Passed Hero_GetJobLevel_Returns_Crystal_JobLevel [< 1 ms]
  Passed Hero_IsJobMastered_Reflects_Crystal_Status [< 1 ms]
  Passed Passive_Skills_Are_Applied_After_Purchase [< 1 ms]
  Passed Multiple_Heroes_Can_Share_Same_Crystal [< 1 ms]
  Passed Skills_Learned_By_One_Hero_Available_To_Another_With_Same_Crystal [< 1 ms]
  Passed Thief_Hero_Can_Use_JP_System [< 1 ms]
  Passed Archer_Hero_Can_Use_JP_System [< 1 ms]
  Passed Purchasing_Skill_Updates_Both_Hero_And_Crystal [< 1 ms]
  Passed HeroJumpComponent_ShouldInitialize [1 ms]
  Passed IsJumping_ShouldReturnFalseInitially [< 1 ms]
  Passed StartJump_ShouldSetJumpingState [3 ms]
  Standard Output Messages:
 
 
 Debug Trace:
 Warn: [HeroJumpComponent] StartJump called but graphics components not available (this is normal in tests)


  Passed EndJump_ShouldClearJumpingState [7 ms]
  Standard Output Messages:
 
 
 Debug Trace:
 Warn: [HeroJumpComponent] StartJump called but graphics components not available (this is normal in tests)
 Warn: [HeroAnimationComponent] Animation MaleHeroBackArmWalkRight not found - animations may not be loaded
 Warn: [HeroAnimationComponent] Animation MaleHeroBodyWalkRight not found - animations may not be loaded
 Warn: [HeroAnimationComponent] Animation MaleHeroPantsWalkRight not found - animations may not be loaded
 Warn: [HeroAnimationComponent] Animation MaleHeroShirtWalkRight not found - animations may not be loaded
 Warn: [HeroAnimationComponent] Animation MaleHeroHeadWalkRight not found - animations may not be loaded
 Warn: [HeroAnimationComponent] Animation MaleHeroEyesWalkRight not found - animations may not be loaded
 Warn: [HeroAnimationComponent] Animation MaleHeroHairWalkRight not found - animations may not be loaded
 Warn: [HeroAnimationComponent] Animation MaleHeroArmWalkRight not found - animations may not be loaded
 Log: [HeroJumpComponent] Ended jump animation


  Passed StartJump_WithAllDirections_ShouldNotThrow [12 ms]
  Standard Output Messages:
 
 
 Debug Trace:
 Warn: [HeroJumpComponent] StartJump called but graphics components not available (this is normal in tests)
 Warn: [HeroAnimationComponent] Animation MaleHeroBackArmWalkUp not found - animations may not be loaded
 Warn: [HeroAnimationComponent] Animation MaleHeroBodyWalkUp not found - animations may not be loaded
 Warn: [HeroAnimationComponent] Animation MaleHeroPantsWalkUp not found - animations may not be loaded
 Warn: [HeroAnimationComponent] Animation MaleHeroShirtWalkUp not found - animations may not be loaded
 Warn: [HeroAnimationComponent] Animation MaleHeroHeadWalkUp not found - animations may not be loaded
 Warn: [HeroAnimationComponent] Animation MaleHeroEyesWalkUp not found - animations may not be loaded
 Warn: [HeroAnimationComponent] Animation MaleHeroHairWalkUp not found - animations may not be loaded
 Warn: [HeroAnimationComponent] Animation MaleHeroArmWalkUp not found - animations may not be loaded
 Log: [HeroJumpComponent] Ended jump animation
 Warn: [HeroJumpComponent] StartJump called but graphics components not available (this is normal in tests)
 Warn: [HeroAnimationComponent] Animation MaleHeroBackArmWalkDown not found - animations may not be loaded
 Warn: [HeroAnimationComponent] Animation MaleHeroBodyWalkDown not found - animations may not be loaded
 Warn: [HeroAnimationComponent] Animation MaleHeroPantsWalkDown not found - animations may not be loaded
 Warn: [HeroAnimationComponent] Animation MaleHeroShirtWalkDown not found - animations may not be loaded
 Warn: [HeroAnimationComponent] Animation MaleHeroHeadWalkDown not found - animations may not be loaded
 Warn: [HeroAnimationComponent] Animation MaleHeroEyesWalkDown not found - animations may not be loaded
 Warn: [HeroAnimationComponent] Animation MaleHeroHairWalkDown not found - animations may not be loaded
 Warn: [HeroAnimationComponent] Animation MaleHeroArmWalkDown not found - animations may not be loaded
 Log: [HeroJumpComponent] Ended jump animation
 Warn: [HeroJumpComponent] StartJump called but graphics components not available (this is normal in tests)
 Warn: [HeroAnimationComponent] Animation MaleHeroBackArmWalkRight not found - animations may not be loaded
 Warn: [HeroAnimationComponent] Animation MaleHeroBodyWalkRight not found - animations may not be loaded
 Warn: [HeroAnimationComponent] Animation MaleHeroPantsWalkRight not found - animations may not be loaded
 Warn: [HeroAnimationComponent] Animation MaleHeroShirtWalkRight not found - animations may not be loaded
 Warn: [HeroAnimationComponent] Animation MaleHeroHeadWalkRight not found - animations may not be loaded
 Warn: [HeroAnimationComponent] Animation MaleHeroEyesWalkRight not found - animations may not be loaded
 Warn: [HeroAnimationComponent] Animation MaleHeroHairWalkRight not found - animations may not be loaded
 Warn: [HeroAnimationComponent] Animation MaleHeroArmWalkRight not found - animations may not be loaded
 Log: [HeroJumpComponent] Ended jump animation
 Warn: [HeroJumpComponent] StartJump called but graphics components not available (this is normal in tests)
 Warn: [HeroAnimationComponent] Animation MaleHeroBackArmWalkRight not found - animations may not be loaded
 Warn: [HeroAnimationComponent] Animation MaleHeroBodyWalkRight not found - animations may not be loaded
 Warn: [HeroAnimationComponent] Animation MaleHeroPantsWalkRight not found - animations may not be loaded
 Warn: [HeroAnimationComponent] Animation MaleHeroShirtWalkRight not found - animations may not be loaded
 Warn: [HeroAnimationComponent] Animation MaleHeroHeadWalkRight not found - animations may not be loaded
 Warn: [HeroAnimationComponent] Animation MaleHeroEyesWalkRight not found - animations may not be loaded
 Warn: [HeroAnimationComponent] Animation MaleHeroHairWalkRight not found - animations may not be loaded
 Warn: [HeroAnimationComponent] Animation MaleHeroArmWalkRight not found - animations may not be loaded
 Log: [HeroJumpComponent] Ended jump animation
 Warn: [HeroJumpComponent] StartJump called but graphics components not available (this is normal in tests)
 Warn: [HeroAnimationComponent] Animation MaleHeroBackArmWalkRight not found - animations may not be loaded
 Warn: [HeroAnimationComponent] Animation MaleHeroBodyWalkRight not found - animations may not be loaded
 Warn: [HeroAnimationComponent] Animation MaleHeroPantsWalkRight not found - animations may not be loaded
 Warn: [HeroAnimationComponent] Animation MaleHeroShirtWalkRight not found - animations may not be loaded
 Warn: [HeroAnimationComponent] Animation MaleHeroHeadWalkRight not found - animations may not be loaded
 Warn: [HeroAnimationComponent] Animation MaleHeroEyesWalkRight not found - animations may not be loaded
 Warn: [HeroAnimationComponent] Animation MaleHeroHairWalkRight not found - animations may not be loaded
 Warn: [HeroAnimationComponent] Animation MaleHeroArmWalkRight not found - animations may not be loaded
 Log: [HeroJumpComponent] Ended jump animation
 Warn: [HeroJumpComponent] StartJump called but graphics components not available (this is normal in tests)
 Warn: [HeroAnimationComponent] Animation MaleHeroBackArmWalkRight not found - animations may not be loaded
 Warn: [HeroAnimationComponent] Animation MaleHeroBodyWalkRight not found - animations may not be loaded
 Warn: [HeroAnimationComponent] Animation MaleHeroPantsWalkRight not found - animations may not be loaded
 Warn: [HeroAnimationComponent] Animation MaleHeroShirtWalkRight not found - animations may not be loaded
 Warn: [HeroAnimationComponent] Animation MaleHeroHeadWalkRight not found - animations may not be loaded
 Warn: [HeroAnimationComponent] Animation MaleHeroEyesWalkRight not found - animations may not be loaded
 Warn: [HeroAnimationComponent] Animation MaleHeroHairWalkRight not found - animations may not be loaded
 Warn: [HeroAnimationComponent] Animation MaleHeroArmWalkRight not found - animations may not be loaded
 Log: [HeroJumpComponent] Ended jump animation
 Warn: [HeroJumpComponent] StartJump called but graphics components not available (this is normal in tests)
 Warn: [HeroAnimationComponent] Animation MaleHeroBackArmWalkRight not found - animations may not be loaded
 Warn: [HeroAnimationComponent] Animation MaleHeroBodyWalkRight not found - animations may not be loaded
 Warn: [HeroAnimationComponent] Animation MaleHeroPantsWalkRight not found - animations may not be loaded
 Warn: [HeroAnimationComponent] Animation MaleHeroShirtWalkRight not found - animations may not be loaded
 Warn: [HeroAnimationComponent] Animation MaleHeroHeadWalkRight not found - animations may not be loaded
 Warn: [HeroAnimationComponent] Animation MaleHeroEyesWalkRight not found - animations may not be loaded
 Warn: [HeroAnimationComponent] Animation MaleHeroHairWalkRight not found - animations may not be loaded
 Warn: [HeroAnimationComponent] Animation MaleHeroArmWalkRight not found - animations may not be loaded
 Log: [HeroJumpComponent] Ended jump animation
 Warn: [HeroJumpComponent] StartJump called but graphics components not available (this is normal in tests)
 Warn: [HeroAnimationComponent] Animation MaleHeroBackArmWalkRight not found - animations may not be loaded
 Warn: [HeroAnimationComponent] Animation MaleHeroBodyWalkRight not found - animations may not be loaded
 Warn: [HeroAnimationComponent] Animation MaleHeroPantsWalkRight not found - animations may not be loaded
 Warn: [HeroAnimationComponent] Animation MaleHeroShirtWalkRight not found - animations may not be loaded
 Warn: [HeroAnimationComponent] Animation MaleHeroHeadWalkRight not found - animations may not be loaded
 Warn: [HeroAnimationComponent] Animation MaleHeroEyesWalkRight not found - animations may not be loaded
 Warn: [HeroAnimationComponent] Animation MaleHeroHairWalkRight not found - animations may not be loaded
 Warn: [HeroAnimationComponent] Animation MaleHeroArmWalkRight not found - animations may not be loaded
 Log: [HeroJumpComponent] Ended jump animation


  Passed HeroPitPriority_Enum_ShouldHaveExpectedValues [< 1 ms]
  Passed HeroComponent_GetPrioritiesInOrder_ShouldReturnCorrectOrder [1 ms]
  Passed HeroComponent_PrioritiesCanBeCustomized [< 1 ms]
  Passed HeroComponent_UncoverRadiusCanBeCustomized [< 1 ms]
  Passed HeroComponent_IsPrioritySatisfied_TreasurePriority_ShouldReturnFalseByDefault [< 1 ms]
  Passed HeroComponent_IsPrioritySatisfied_BattlePriority_ShouldReturnFalseByDefault [< 1 ms]
  Passed HeroComponent_IsPrioritySatisfied_AdvancePriority_ShouldReturnFalseWhenWizardOrbNotFound [< 1 ms]
  Passed HeroComponent_IsPrioritySatisfied_AdvancePriority_ShouldReturnTrueWhenWizardOrbFound [< 1 ms]
  Passed HeroComponent_GetNextPriority_ShouldReturnFirstUnsatisfiedPriority [3 ms]
  Passed HeroComponent_GetNextPriority_ShouldReturnNullWhenAllSatisfied [< 1 ms]
  Passed HeroComponent_SetPrioritiesInOrder_ShouldUpdatePriorities [< 1 ms]
  Passed HeroComponent_SetPrioritiesInOrder_ShouldThrowWithNullArray [< 1 ms]
  Passed HeroComponent_SetPrioritiesInOrder_ShouldThrowWithIncorrectArraySize [< 1 ms]
  Passed HeroStateMachine_Constructor_ShouldInitializeWithoutErrors [9 ms]
  Passed HeroStateMachine_Interfaces_ShouldImplementRequired [< 1 ms]
  Passed ActorState_Enum_ShouldHaveExpectedValues [< 1 ms]
  Passed HeroUI_PriorityReorderingWorkflow_ShouldUpdateHeroComponentCorrectly [7 ms]
  Passed ReorderableTableList_OnReorderCallback_ShouldProvideCorrectParameters [< 1 ms]
  Passed VirtualGameSimulation_ShouldIncludeNewActions [10 ms]
  Standard Output Messages:
 [VirtualWorld] Generated 5 obstacles and 1 wizard orb in pit
 [VirtualWorld] Regenerated pit at level 10, bounds: (1,2,14,9)
 [VirtualTiledMapService] Initialized basic tile patterns for PitWidthManager


  Passed WanderPitAction_ShouldHaveNewPostconditions [< 1 ms]
  Passed AttackMonster_ShouldHaveCorrectCostAndConfiguration [< 1 ms]
  Passed OpenChest_ShouldHaveCorrectCostAndConfiguration [< 1 ms]
  Passed AttackMonster_CostShouldBeHigherThanOpenChest [< 1 ms]
  Passed InteractiveActions_CostsShouldBeHigherThanWanderPit [< 1 ms]
  Passed GoapConstants_AdjacentToMonster_ShouldExist [< 1 ms]
  Passed GoapConstants_AdjacentToChest_ShouldExist [< 1 ms]
  Passed GoapConstants_AttackMonster_ShouldExist [< 1 ms]
  Passed GoapConstants_OpenChest_ShouldExist [< 1 ms]
  Passed AttackMonster_Constructor_ShouldSetCorrectPreconditionsAndPostconditions [< 1 ms]
  Passed OpenChest_Constructor_ShouldSetCorrectPreconditionsAndPostconditions [< 1 ms]
  Passed WanderPitAction_Constructor_ShouldIncludeNewPostconditions [< 1 ms]
  Passed WanderPitAction_ExecuteWithVirtualContext_ShouldExploreSuccessfully [1 ms]
  Passed VirtualGoapContext_GetGoapWorldState_ShouldReturnCorrectStates [< 1 ms]
  Standard Output Messages:
 [VirtualWorld] Generated 5 obstacles and 1 wizard orb in pit
 [VirtualWorld] Regenerated pit at level 10, bounds: (1,2,14,9)
 [VirtualTiledMapService] Initialized basic tile patterns for PitWidthManager
 [VirtualWorld] Cleared 16 fog tiles around (3,4)
 [VirtualWorld] Hero moved from (34,6) to (3,4)


  Passed VirtualPathfinder_CalculatePath_ShouldFindValidPath [8 ms]
  Standard Output Messages:
 [VirtualWorld] Generated 5 obstacles and 1 wizard orb in pit
 [VirtualWorld] Regenerated pit at level 10, bounds: (1,2,14,9)


  Passed VirtualLayer_UsesActualPitWidthManagerLogic_ShouldExpandPitCorrectly [6 ms]
  Standard Output Messages:
 
 
 Debug Trace:
 === DEMONSTRATION: Virtual Layer Using Actual PitWidthManager ===
 
 [VirtualWorld] Generated 5 obstacles and 1 wizard orb in pit
 [VirtualWorld] Regenerated pit at level 10, bounds: (1,2,14,9)
 [VirtualTiledMapService] Initialized basic tile patterns for PitWidthManager
 [VirtualPitWidthManager] Recorded FogOfWar index: 301
 [VirtualPitWidthManager] Recorded ground tile index: 104
 [VirtualPitWidthManager] baseOuterFloor[1] = 100
 [VirtualPitWidthManager] baseOuterFloor[2] = 103
 [VirtualPitWidthManager] baseOuterFloor[3] = 103
 [VirtualPitWidthManager] baseOuterFloor[4] = 103
 [VirtualPitWidthManager] baseOuterFloor[5] = 103
 [VirtualPitWidthManager] baseOuterFloor[6] = 103
 [VirtualPitWidthManager] baseOuterFloor[7] = 103
 [VirtualPitWidthManager] baseOuterFloor[8] = 103
 [VirtualPitWidthManager] baseOuterFloor[9] = 103
 [VirtualPitWidthManager] baseOuterFloor[10] = 103
 [VirtualPitWidthManager] baseOuterFloor[11] = 100
 [VirtualPitWidthManager] baseOuterFloor total: 11 tiles, 11 non-zero
 [VirtualPitWidthManager] collisionOuterFloor[1] = 0
 [VirtualPitWidthManager] collisionOuterFloor[2] = 0
 [VirtualPitWidthManager] collisionOuterFloor[3] = 0
 [VirtualPitWidthManager] collisionOuterFloor[4] = 0
 [VirtualPitWidthManager] collisionOuterFloor[5] = 0
 [VirtualPitWidthManager] collisionOuterFloor[6] = 0
 [VirtualPitWidthManager] collisionOuterFloor[7] = 0
 [VirtualPitWidthManager] collisionOuterFloor[8] = 0
 [VirtualPitWidthManager] collisionOuterFloor[9] = 0
 [VirtualPitWidthManager] collisionOuterFloor[10] = 0
 [VirtualPitWidthManager] collisionOuterFloor[11] = 0
 [VirtualPitWidthManager] collisionOuterFloor total: 11 tiles, 0 non-zero
 [VirtualPitWidthManager] baseInnerWall[1] = 102
 [VirtualPitWidthManager] baseInnerWall[2] = 102
 [VirtualPitWidthManager] baseInnerWall[3] = 102
 [VirtualPitWidthManager] baseInnerWall[4] = 102
 [VirtualPitWidthManager] baseInnerWall[5] = 102
 [VirtualPitWidthManager] baseInnerWall[6] = 102
 [VirtualPitWidthManager] baseInnerWall[7] = 102
 [VirtualPitWidthManager] baseInnerWall[8] = 102
 [VirtualPitWidthManager] baseInnerWall[9] = 102
 [VirtualPitWidthManager] baseInnerWall[10] = 102
 [VirtualPitWidthManager] baseInnerWall[11] = 102
 [VirtualPitWidthManager] baseInnerWall total: 11 tiles, 11 non-zero
 [VirtualPitWidthManager] collisionInnerWall[1] = 0
 [VirtualPitWidthManager] collisionInnerWall[2] = 201
 [VirtualPitWidthManager] collisionInnerWall[3] = 201
 [VirtualPitWidthManager] collisionInnerWall[4] = 201
 [VirtualPitWidthManager] collisionInnerWall[5] = 201
 [VirtualPitWidthManager] collisionInnerWall[6] = 201
 [VirtualPitWidthManager] collisionInnerWall[7] = 201
 [VirtualPitWidthManager] collisionInnerWall[8] = 201
 [VirtualPitWidthManager] collisionInnerWall[9] = 201
 [VirtualPitWidthManager] collisionInnerWall[10] = 201
 [VirtualPitWidthManager] collisionInnerWall[11] = 0
 [VirtualPitWidthManager] collisionInnerWall total: 11 tiles, 9 non-zero
 [VirtualPitWidthManager] baseInnerFloor[1] = 100
 [VirtualPitWidthManager] baseInnerFloor[2] = 101
 [VirtualPitWidthManager] baseInnerFloor[3] = 101
 [VirtualPitWidthManager] baseInnerFloor[4] = 101
 [VirtualPitWidthManager] baseInnerFloor[5] = 101
 [VirtualPitWidthManager] baseInnerFloor[6] = 101
 [VirtualPitWidthManager] baseInnerFloor[7] = 101
 [VirtualPitWidthManager] baseInnerFloor[8] = 101
 [VirtualPitWidthManager] baseInnerFloor[9] = 101
 [VirtualPitWidthManager] baseInnerFloor[10] = 101
 [VirtualPitWidthManager] baseInnerFloor[11] = 100
 [VirtualPitWidthManager] baseInnerFloor total: 11 tiles, 11 non-zero
 [VirtualPitWidthManager] collisionInnerFloor[1] = 0
 [VirtualPitWidthManager] collisionInnerFloor[2] = 0
 [VirtualPitWidthManager] collisionInnerFloor[3] = 0
 [VirtualPitWidthManager] collisionInnerFloor[4] = 0
 [VirtualPitWidthManager] collisionInnerFloor[5] = 0
 [VirtualPitWidthManager] collisionInnerFloor[6] = 0
 [VirtualPitWidthManager] collisionInnerFloor[7] = 0
 [VirtualPitWidthManager] collisionInnerFloor[8] = 0
 [VirtualPitWidthManager] collisionInnerFloor[9] = 0
 [VirtualPitWidthManager] collisionInnerFloor[10] = 0
 [VirtualPitWidthManager] collisionInnerFloor[11] = 0
 [VirtualPitWidthManager] collisionInnerFloor total: 11 tiles, 0 non-zero
 [VirtualPitWidthManager] Initialization complete. Current pit right edge: 13
 Initial pit bounds: {X:32 Y:64 Width:384 Height:288}
 Initial pit right edge: 13
 Initial pit center X: 6
 
 Setting pit level to 20 (should expand pit width by 2 tiles)...
 [VirtualPitWidthManager] Setting pit level from 1 to 20
 [VirtualPitWidthManager] Level 20: extending pit by 4 inner floor tiles
 [VirtualPitWidthManager] Extending inner floor column at x=12
 [VirtualTiledMapService] Set tile at Base[12,1] = 100
 [VirtualTiledMapService] Removed tile at Collision[12,1]
 [VirtualTiledMapService] Set tile at Base[12,2] = 101
 [VirtualTiledMapService] Removed tile at Collision[12,2]
 [VirtualTiledMapService] Set tile at Base[12,3] = 101
 [VirtualTiledMapService] Removed tile at Collision[12,3]
 [VirtualTiledMapService] Set tile at FogOfWar[12,3] = 301
 [VirtualTiledMapService] Set tile at Base[12,4] = 101
 [VirtualTiledMapService] Removed tile at Collision[12,4]
 [VirtualTiledMapService] Set tile at FogOfWar[12,4] = 301
 [VirtualTiledMapService] Set tile at Base[12,5] = 101
 [VirtualTiledMapService] Removed tile at Collision[12,5]
 [VirtualTiledMapService] Set tile at FogOfWar[12,5] = 301
 [VirtualTiledMapService] Set tile at Base[12,6] = 101
 [VirtualTiledMapService] Removed tile at Collision[12,6]
 [VirtualTiledMapService] Set tile at FogOfWar[12,6] = 301
 [VirtualTiledMapService] Set tile at Base[12,7] = 101
 [VirtualTiledMapService] Removed tile at Collision[12,7]
 [VirtualTiledMapService] Set tile at FogOfWar[12,7] = 301
 [VirtualTiledMapService] Set tile at Base[12,8] = 101
 [VirtualTiledMapService] Removed tile at Collision[12,8]
 [VirtualTiledMapService] Set tile at FogOfWar[12,8] = 301
 [VirtualTiledMapService] Set tile at Base[12,9] = 101
 [VirtualTiledMapService] Removed tile at Collision[12,9]
 [VirtualTiledMapService] Set tile at FogOfWar[12,9] = 301
 [VirtualTiledMapService] Set tile at Base[12,10] = 101
 [VirtualTiledMapService] Removed tile at Collision[12,10]
 [VirtualTiledMapService] Set tile at Base[12,11] = 100
 [VirtualTiledMapService] Removed tile at Collision[12,11]
 [VirtualPitWidthManager] Extending inner floor column at x=13
 [VirtualTiledMapService] Set tile at Base[13,1] = 100
 [VirtualTiledMapService] Removed tile at Collision[13,1]
 [VirtualTiledMapService] Set tile at Base[13,2] = 101
 [VirtualTiledMapService] Removed tile at Collision[13,2]
 [VirtualTiledMapService] Set tile at Base[13,3] = 101
 [VirtualTiledMapService] Removed tile at Collision[13,3]
 [VirtualTiledMapService] Set tile at FogOfWar[13,3] = 301
 [VirtualTiledMapService] Set tile at Base[13,4] = 101
 [VirtualTiledMapService] Removed tile at Collision[13,4]
 [VirtualTiledMapService] Set tile at FogOfWar[13,4] = 301
 [VirtualTiledMapService] Set tile at Base[13,5] = 101
 [VirtualTiledMapService] Removed tile at Collision[13,5]
 [VirtualTiledMapService] Set tile at FogOfWar[13,5] = 301
 [VirtualTiledMapService] Set tile at Base[13,6] = 101
 [VirtualTiledMapService] Removed tile at Collision[13,6]
 [VirtualTiledMapService] Set tile at FogOfWar[13,6] = 301
 [VirtualTiledMapService] Set tile at Base[13,7] = 101
 [VirtualTiledMapService] Removed tile at Collision[13,7]
 [VirtualTiledMapService] Set tile at FogOfWar[13,7] = 301
 [VirtualTiledMapService] Set tile at Base[13,8] = 101
 [VirtualTiledMapService] Removed tile at Collision[13,8]
 [VirtualTiledMapService] Set tile at FogOfWar[13,8] = 301
 [VirtualTiledMapService] Set tile at Base[13,9] = 101
 [VirtualTiledMapService] Removed tile at Collision[13,9]
 [VirtualTiledMapService] Set tile at FogOfWar[13,9] = 301
 [VirtualTiledMapService] Set tile at Base[13,10] = 101
 [VirtualTiledMapService] Removed tile at Collision[13,10]
 [VirtualTiledMapService] Set tile at Base[13,11] = 100
 [VirtualTiledMapService] Removed tile at Collision[13,11]
 [VirtualPitWidthManager] Extending inner floor column at x=14
 [VirtualTiledMapService] Set tile at Base[14,1] = 100
 [VirtualTiledMapService] Removed tile at Collision[14,1]
 [VirtualTiledMapService] Set tile at Base[14,2] = 101
 [VirtualTiledMapService] Removed tile at Collision[14,2]
 [VirtualTiledMapService] Set tile at Base[14,3] = 101
 [VirtualTiledMapService] Removed tile at Collision[14,3]
 [VirtualTiledMapService] Set tile at FogOfWar[14,3] = 301
 [VirtualTiledMapService] Set tile at Base[14,4] = 101
 [VirtualTiledMapService] Removed tile at Collision[14,4]
 [VirtualTiledMapService] Set tile at FogOfWar[14,4] = 301
 [VirtualTiledMapService] Set tile at Base[14,5] = 101
 [VirtualTiledMapService] Removed tile at Collision[14,5]
 [VirtualTiledMapService] Set tile at FogOfWar[14,5] = 301
 [VirtualTiledMapService] Set tile at Base[14,6] = 101
 [VirtualTiledMapService] Removed tile at Collision[14,6]
 [VirtualTiledMapService] Set tile at FogOfWar[14,6] = 301
 [VirtualTiledMapService] Set tile at Base[14,7] = 101
 [VirtualTiledMapService] Removed tile at Collision[14,7]
 [VirtualTiledMapService] Set tile at FogOfWar[14,7] = 301
 [VirtualTiledMapService] Set tile at Base[14,8] = 101
 [VirtualTiledMapService] Removed tile at Collision[14,8]
 [VirtualTiledMapService] Set tile at FogOfWar[14,8] = 301
 [VirtualTiledMapService] Set tile at Base[14,9] = 101
 [VirtualTiledMapService] Removed tile at Collision[14,9]
 [VirtualTiledMapService] Set tile at FogOfWar[14,9] = 301
 [VirtualTiledMapService] Set tile at Base[14,10] = 101
 [VirtualTiledMapService] Removed tile at Collision[14,10]
 [VirtualTiledMapService] Set tile at Base[14,11] = 100
 [VirtualTiledMapService] Removed tile at Collision[14,11]
 [VirtualPitWidthManager] Extending inner floor column at x=15
 [VirtualTiledMapService] Set tile at Base[15,1] = 100
 [VirtualTiledMapService] Removed tile at Collision[15,1]
 [VirtualTiledMapService] Set tile at Base[15,2] = 101
 [VirtualTiledMapService] Removed tile at Collision[15,2]
 [VirtualTiledMapService] Set tile at Base[15,3] = 101
 [VirtualTiledMapService] Removed tile at Collision[15,3]
 [VirtualTiledMapService] Set tile at FogOfWar[15,3] = 301
 [VirtualTiledMapService] Set tile at Base[15,4] = 101
 [VirtualTiledMapService] Removed tile at Collision[15,4]
 [VirtualTiledMapService] Set tile at FogOfWar[15,4] = 301
 [VirtualTiledMapService] Set tile at Base[15,5] = 101
 [VirtualTiledMapService] Removed tile at Collision[15,5]
 [VirtualTiledMapService] Set tile at FogOfWar[15,5] = 301
 [VirtualTiledMapService] Set tile at Base[15,6] = 101
 [VirtualTiledMapService] Removed tile at Collision[15,6]
 [VirtualTiledMapService] Set tile at FogOfWar[15,6] = 301
 [VirtualTiledMapService] Set tile at Base[15,7] = 101
 [VirtualTiledMapService] Removed tile at Collision[15,7]
 [VirtualTiledMapService] Set tile at FogOfWar[15,7] = 301
 [VirtualTiledMapService] Set tile at Base[15,8] = 101
 [VirtualTiledMapService] Removed tile at Collision[15,8]
 [VirtualTiledMapService] Set tile at FogOfWar[15,8] = 301
 [VirtualTiledMapService] Set tile at Base[15,9] = 101
 [VirtualTiledMapService] Removed tile at Collision[15,9]
 [VirtualTiledMapService] Set tile at FogOfWar[15,9] = 301
 [VirtualTiledMapService] Set tile at Base[15,10] = 101
 [VirtualTiledMapService] Removed tile at Collision[15,10]
 [VirtualTiledMapService] Set tile at Base[15,11] = 100
 [VirtualTiledMapService] Removed tile at Collision[15,11]
 [VirtualPitWidthManager] Extending inner wall column at x=16
 [VirtualTiledMapService] Set tile at Base[16,1] = 102
 [VirtualTiledMapService] Removed tile at Collision[16,1]
 [VirtualTiledMapService] Set tile at Base[16,2] = 102
 [VirtualTiledMapService] Set tile at Collision[16,2] = 201
 [VirtualTiledMapService] Set tile at Base[16,3] = 102
 [VirtualTiledMapService] Set tile at Collision[16,3] = 201
 [VirtualTiledMapService] Set tile at Base[16,4] = 102
 [VirtualTiledMapService] Set tile at Collision[16,4] = 201
 [VirtualTiledMapService] Set tile at Base[16,5] = 102
 [VirtualTiledMapService] Set tile at Collision[16,5] = 201
 [VirtualTiledMapService] Set tile at Base[16,6] = 102
 [VirtualTiledMapService] Set tile at Collision[16,6] = 201
 [VirtualTiledMapService] Set tile at Base[16,7] = 102
 [VirtualTiledMapService] Set tile at Collision[16,7] = 201
 [VirtualTiledMapService] Set tile at Base[16,8] = 102
 [VirtualTiledMapService] Set tile at Collision[16,8] = 201
 [VirtualTiledMapService] Set tile at Base[16,9] = 102
 [VirtualTiledMapService] Set tile at Collision[16,9] = 201
 [VirtualTiledMapService] Set tile at Base[16,10] = 102
 [VirtualTiledMapService] Set tile at Collision[16,10] = 201
 [VirtualTiledMapService] Set tile at Base[16,11] = 102
 [VirtualTiledMapService] Removed tile at Collision[16,11]
 [VirtualPitWidthManager] Extending outer floor column at x=17
 [VirtualTiledMapService] Set tile at Base[17,1] = 100
 [VirtualTiledMapService] Removed tile at Collision[17,1]
 [VirtualTiledMapService] Set tile at Base[17,2] = 103
 [VirtualTiledMapService] Removed tile at Collision[17,2]
 [VirtualTiledMapService] Set tile at Base[17,3] = 103
 [VirtualTiledMapService] Removed tile at Collision[17,3]
 [VirtualTiledMapService] Set tile at Base[17,4] = 103
 [VirtualTiledMapService] Removed tile at Collision[17,4]
 [VirtualTiledMapService] Set tile at Base[17,5] = 103
 [VirtualTiledMapService] Removed tile at Collision[17,5]
 [VirtualTiledMapService] Set tile at Base[17,6] = 103
 [VirtualTiledMapService] Removed tile at Collision[17,6]
 [VirtualTiledMapService] Set tile at Base[17,7] = 103
 [VirtualTiledMapService] Removed tile at Collision[17,7]
 [VirtualTiledMapService] Set tile at Base[17,8] = 103
 [VirtualTiledMapService] Removed tile at Collision[17,8]
 [VirtualTiledMapService] Set tile at Base[17,9] = 103
 [VirtualTiledMapService] Removed tile at Collision[17,9]
 [VirtualTiledMapService] Set tile at Base[17,10] = 103
 [VirtualTiledMapService] Removed tile at Collision[17,10]
 [VirtualTiledMapService] Set tile at Base[17,11] = 100
 [VirtualTiledMapService] Removed tile at Collision[17,11]
 [VirtualPitWidthManager] Pit extension complete. New right edge: 17
 [VirtualPitWidthManager] Regenerating FogOfWar for entire pit area from x=2 to x=17, y=3 to y=9
 [VirtualTiledMapService] Set tile at FogOfWar[2,3] = 301
 [VirtualTiledMapService] Set tile at FogOfWar[2,4] = 301
 [VirtualTiledMapService] Set tile at FogOfWar[2,5] = 301
 [VirtualTiledMapService] Set tile at FogOfWar[2,6] = 301
 [VirtualTiledMapService] Set tile at FogOfWar[2,7] = 301
 [VirtualTiledMapService] Set tile at FogOfWar[2,8] = 301
 [VirtualTiledMapService] Set tile at FogOfWar[2,9] = 301
 [VirtualTiledMapService] Set tile at FogOfWar[3,3] = 301
 [VirtualTiledMapService] Set tile at FogOfWar[3,4] = 301
 [VirtualTiledMapService] Set tile at FogOfWar[3,5] = 301
 [VirtualTiledMapService] Set tile at FogOfWar[3,6] = 301
 [VirtualTiledMapService] Set tile at FogOfWar[3,7] = 301
 [VirtualTiledMapService] Set tile at FogOfWar[3,8] = 301
 [VirtualTiledMapService] Set tile at FogOfWar[3,9] = 301
 [VirtualTiledMapService] Set tile at FogOfWar[4,3] = 301
 [VirtualTiledMapService] Set tile at FogOfWar[4,4] = 301
 [VirtualTiledMapService] Set tile at FogOfWar[4,5] = 301
 [VirtualTiledMapService] Set tile at FogOfWar[4,6] = 301
 [VirtualTiledMapService] Set tile at FogOfWar[4,7] = 301
 [VirtualTiledMapService] Set tile at FogOfWar[4,8] = 301
 [VirtualTiledMapService] Set tile at FogOfWar[4,9] = 301
 [VirtualTiledMapService] Set tile at FogOfWar[5,3] = 301
 [VirtualTiledMapService] Set tile at FogOfWar[5,4] = 301
 [VirtualTiledMapService] Set tile at FogOfWar[5,5] = 301
 [VirtualTiledMapService] Set tile at FogOfWar[5,6] = 301
 [VirtualTiledMapService] Set tile at FogOfWar[5,7] = 301
 [VirtualTiledMapService] Set tile at FogOfWar[5,8] = 301
 [VirtualTiledMapService] Set tile at FogOfWar[5,9] = 301
 [VirtualTiledMapService] Set tile at FogOfWar[6,3] = 301
 [VirtualTiledMapService] Set tile at FogOfWar[6,4] = 301
 [VirtualTiledMapService] Set tile at FogOfWar[6,5] = 301
 [VirtualTiledMapService] Set tile at FogOfWar[6,6] = 301
 [VirtualTiledMapService] Set tile at FogOfWar[6,7] = 301
 [VirtualTiledMapService] Set tile at FogOfWar[6,8] = 301
 [VirtualTiledMapService] Set tile at FogOfWar[6,9] = 301
 [VirtualTiledMapService] Set tile at FogOfWar[7,3] = 301
 [VirtualTiledMapService] Set tile at FogOfWar[7,4] = 301
 [VirtualTiledMapService] Set tile at FogOfWar[7,5] = 301
 [VirtualTiledMapService] Set tile at FogOfWar[7,6] = 301
 [VirtualTiledMapService] Set tile at FogOfWar[7,7] = 301
 [VirtualTiledMapService] Set tile at FogOfWar[7,8] = 301
 [VirtualTiledMapService] Set tile at FogOfWar[7,9] = 301
 [VirtualTiledMapService] Set tile at FogOfWar[8,3] = 301
 [VirtualTiledMapService] Set tile at FogOfWar[8,4] = 301
 [VirtualTiledMapService] Set tile at FogOfWar[8,5] = 301
 [VirtualTiledMapService] Set tile at FogOfWar[8,6] = 301
 [VirtualTiledMapService] Set tile at FogOfWar[8,7] = 301
 [VirtualTiledMapService] Set tile at FogOfWar[8,8] = 301
 [VirtualTiledMapService] Set tile at FogOfWar[8,9] = 301
 [VirtualTiledMapService] Set tile at FogOfWar[9,3] = 301
 [VirtualTiledMapService] Set tile at FogOfWar[9,4] = 301
 [VirtualTiledMapService] Set tile at FogOfWar[9,5] = 301
 [VirtualTiledMapService] Set tile at FogOfWar[9,6] = 301
 [VirtualTiledMapService] Set tile at FogOfWar[9,7] = 301
 [VirtualTiledMapService] Set tile at FogOfWar[9,8] = 301
 [VirtualTiledMapService] Set tile at FogOfWar[9,9] = 301
 [VirtualTiledMapService] Set tile at FogOfWar[10,3] = 301
 [VirtualTiledMapService] Set tile at FogOfWar[10,4] = 301
 [VirtualTiledMapService] Set tile at FogOfWar[10,5] = 301
 [VirtualTiledMapService] Set tile at FogOfWar[10,6] = 301
 [VirtualTiledMapService] Set tile at FogOfWar[10,7] = 301
 [VirtualTiledMapService] Set tile at FogOfWar[10,8] = 301
 [VirtualTiledMapService] Set tile at FogOfWar[10,9] = 301
 [VirtualTiledMapService] Set tile at FogOfWar[11,3] = 301
 [VirtualTiledMapService] Set tile at FogOfWar[11,4] = 301
 [VirtualTiledMapService] Set tile at FogOfWar[11,5] = 301
 [VirtualTiledMapService] Set tile at FogOfWar[11,6] = 301
 [VirtualTiledMapService] Set tile at FogOfWar[11,7] = 301
 [VirtualTiledMapService] Set tile at FogOfWar[11,8] = 301
 [VirtualTiledMapService] Set tile at FogOfWar[11,9] = 301
 [VirtualTiledMapService] Set tile at FogOfWar[12,3] = 301
 [VirtualTiledMapService] Set tile at FogOfWar[12,4] = 301
 [VirtualTiledMapService] Set tile at FogOfWar[12,5] = 301
 [VirtualTiledMapService] Set tile at FogOfWar[12,6] = 301
 [VirtualTiledMapService] Set tile at FogOfWar[12,7] = 301
 [VirtualTiledMapService] Set tile at FogOfWar[12,8] = 301
 [VirtualTiledMapService] Set tile at FogOfWar[12,9] = 301
 [VirtualTiledMapService] Set tile at FogOfWar[13,3] = 301
 [VirtualTiledMapService] Set tile at FogOfWar[13,4] = 301
 [VirtualTiledMapService] Set tile at FogOfWar[13,5] = 301
 [VirtualTiledMapService] Set tile at FogOfWar[13,6] = 301
 [VirtualTiledMapService] Set tile at FogOfWar[13,7] = 301
 [VirtualTiledMapService] Set tile at FogOfWar[13,8] = 301
 [VirtualTiledMapService] Set tile at FogOfWar[13,9] = 301
 [VirtualTiledMapService] Set tile at FogOfWar[14,3] = 301
 [VirtualTiledMapService] Set tile at FogOfWar[14,4] = 301
 [VirtualTiledMapService] Set tile at FogOfWar[14,5] = 301
 [VirtualTiledMapService] Set tile at FogOfWar[14,6] = 301
 [VirtualTiledMapService] Set tile at FogOfWar[14,7] = 301
 [VirtualTiledMapService] Set tile at FogOfWar[14,8] = 301
 [VirtualTiledMapService] Set tile at FogOfWar[14,9] = 301
 [VirtualTiledMapService] Set tile at FogOfWar[15,3] = 301
 [VirtualTiledMapService] Set tile at FogOfWar[15,4] = 301
 [VirtualTiledMapService] Set tile at FogOfWar[15,5] = 301
 [VirtualTiledMapService] Set tile at FogOfWar[15,6] = 301
 [VirtualTiledMapService] Set tile at FogOfWar[15,7] = 301
 [VirtualTiledMapService] Set tile at FogOfWar[15,8] = 301
 [VirtualTiledMapService] Set tile at FogOfWar[15,9] = 301
 [VirtualPitWidthManager] FogOfWar regeneration complete
 After level 20 - pit right edge: 17
 After level 20 - pit center X: 8
 After level 20 - pit bounds: {X:32 Y:64 Width:512 Height:288}
 
 [VirtualPitWidthManager] Generated 7 candidate targets at x=17
 Pit candidate targets at level 20:
   - (17,3)
   - (17,4)
   - (17,5)
   - (17,6)
   - (17,7)
   - (17,8)
   - (17,9)
 
 Using actual PitGenerator logic to regenerate pit content...
 [VirtualPitGenerator] Regenerating pit content for level 20
 [VirtualWorld] Cleared all entities and interior collisions
 [VirtualPitGenerator] Valid placement area for level 20: tiles (2,3) to (14,9)
 [VirtualPitGenerator] Level 20 calculated amounts:
 [VirtualPitGenerator]   Max Monsters: 3, Actual: 3
 [VirtualPitGenerator]   Max Chests: 3, Actual: 3
 [VirtualPitGenerator]   Min Obstacles: 9
 [VirtualPitGenerator]   Max Obstacles: 14, Actual: 10
 [VirtualWorld] Wizard orb positioned at (12,4)
 [VirtualPitGenerator] Generated wizard orb at (12,4)
 [VirtualWorld] Added obstacle at (2,9)
 [VirtualWorld] Added obstacle at (8,6)
 [VirtualWorld] Added obstacle at (10,3)
 [VirtualWorld] Added obstacle at (3,5)
 [VirtualWorld] Added obstacle at (13,9)
 [VirtualWorld] Added obstacle at (8,4)
 [VirtualWorld] Added obstacle at (7,4)
 [VirtualWorld] Added obstacle at (2,6)
 [VirtualWorld] Added obstacle at (11,5)
 [VirtualWorld] Added obstacle at (2,7)
 [VirtualWorld] Added AdvancedSword_Uncommon treasure (level 3) at (7,3)
 [VirtualWorld] Added AdvancedSpear_Normal treasure (level 1) at (4,6)
 [VirtualWorld] Added AdvancedStaff_Uncommon treasure (level 2) at (8,7)
 [VirtualWorld] Added Molten Titan monster at (2,8)
 [VirtualPitGenerator] Cave boss floor at level 20 with Molten Titan (scaled level 38)
 [VirtualPitGenerator] Generated 10 obstacles, 3 treasures, 2 monsters, and 1 wizard orb
 
 Visual representation after using real PitWidthManager and PitGenerator:
 === Virtual World - Pit Level 10 ===
 Hero: (34,6), Wizard Orb: (12,4)
 Pit Bounds: (1,2,14,9)
 
    012345678901234567
 00 ..................
 01 ..................
 02 .██████████████...
 03 .█?????$??#???█...
 04 .█?????##???w?█...
 05 .█?#???????#??█...
 06 .█#?$???#?????█...
 07 .█#?????$?????█...
 08 .█M???????????█...
 09 .█#??????????#█...
 10 .██████████████...
 11 ..................
 12 ..................
 
 Legend: H=Hero, w=Wizard Orb, W=Activated Orb, #=Obstacle, $=Treasure, M=Monster, █=Wall, ?=Fog, .=Empty
 fog remaining: 84
 
 
 SUCCESS: Virtual layer successfully uses actual PitWidthManager and PitGenerator logic!
 


  Passed VirtualLayer_PitGeneratorWithDynamicWidth_ShouldUseActualEntityGeneration [2 ms]
  Standard Output Messages:
 
 
 Debug Trace:
 === DEMONSTRATION: Virtual PitGenerator Using Actual Generation Logic ===
 
 [VirtualWorld] Generated 5 obstacles and 1 wizard orb in pit
 [VirtualWorld] Regenerated pit at level 10, bounds: (1,2,14,9)
 [VirtualTiledMapService] Initialized basic tile patterns for PitWidthManager
 [VirtualPitWidthManager] Recorded FogOfWar index: 301
 [VirtualPitWidthManager] Recorded ground tile index: 104
 [VirtualPitWidthManager] baseOuterFloor[1] = 100
 [VirtualPitWidthManager] baseOuterFloor[2] = 103
 [VirtualPitWidthManager] baseOuterFloor[3] = 103
 [VirtualPitWidthManager] baseOuterFloor[4] = 103
 [VirtualPitWidthManager] baseOuterFloor[5] = 103
 [VirtualPitWidthManager] baseOuterFloor[6] = 103
 [VirtualPitWidthManager] baseOuterFloor[7] = 103
 [VirtualPitWidthManager] baseOuterFloor[8] = 103
 [VirtualPitWidthManager] baseOuterFloor[9] = 103
 [VirtualPitWidthManager] baseOuterFloor[10] = 103
 [VirtualPitWidthManager] baseOuterFloor[11] = 100
 [VirtualPitWidthManager] baseOuterFloor total: 11 tiles, 11 non-zero
 [VirtualPitWidthManager] collisionOuterFloor[1] = 0
 [VirtualPitWidthManager] collisionOuterFloor[2] = 0
 [VirtualPitWidthManager] collisionOuterFloor[3] = 0
 [VirtualPitWidthManager] collisionOuterFloor[4] = 0
 [VirtualPitWidthManager] collisionOuterFloor[5] = 0
 [VirtualPitWidthManager] collisionOuterFloor[6] = 0
 [VirtualPitWidthManager] collisionOuterFloor[7] = 0
 [VirtualPitWidthManager] collisionOuterFloor[8] = 0
 [VirtualPitWidthManager] collisionOuterFloor[9] = 0
 [VirtualPitWidthManager] collisionOuterFloor[10] = 0
 [VirtualPitWidthManager] collisionOuterFloor[11] = 0
 [VirtualPitWidthManager] collisionOuterFloor total: 11 tiles, 0 non-zero
 [VirtualPitWidthManager] baseInnerWall[1] = 102
 [VirtualPitWidthManager] baseInnerWall[2] = 102
 [VirtualPitWidthManager] baseInnerWall[3] = 102
 [VirtualPitWidthManager] baseInnerWall[4] = 102
 [VirtualPitWidthManager] baseInnerWall[5] = 102
 [VirtualPitWidthManager] baseInnerWall[6] = 102
 [VirtualPitWidthManager] baseInnerWall[7] = 102
 [VirtualPitWidthManager] baseInnerWall[8] = 102
 [VirtualPitWidthManager] baseInnerWall[9] = 102
 [VirtualPitWidthManager] baseInnerWall[10] = 102
 [VirtualPitWidthManager] baseInnerWall[11] = 102
 [VirtualPitWidthManager] baseInnerWall total: 11 tiles, 11 non-zero
 [VirtualPitWidthManager] collisionInnerWall[1] = 0
 [VirtualPitWidthManager] collisionInnerWall[2] = 201
 [VirtualPitWidthManager] collisionInnerWall[3] = 201
 [VirtualPitWidthManager] collisionInnerWall[4] = 201
 [VirtualPitWidthManager] collisionInnerWall[5] = 201
 [VirtualPitWidthManager] collisionInnerWall[6] = 201
 [VirtualPitWidthManager] collisionInnerWall[7] = 201
 [VirtualPitWidthManager] collisionInnerWall[8] = 201
 [VirtualPitWidthManager] collisionInnerWall[9] = 201
 [VirtualPitWidthManager] collisionInnerWall[10] = 201
 [VirtualPitWidthManager] collisionInnerWall[11] = 0
 [VirtualPitWidthManager] collisionInnerWall total: 11 tiles, 9 non-zero
 [VirtualPitWidthManager] baseInnerFloor[1] = 100
 [VirtualPitWidthManager] baseInnerFloor[2] = 101
 [VirtualPitWidthManager] baseInnerFloor[3] = 101
 [VirtualPitWidthManager] baseInnerFloor[4] = 101
 [VirtualPitWidthManager] baseInnerFloor[5] = 101
 [VirtualPitWidthManager] baseInnerFloor[6] = 101
 [VirtualPitWidthManager] baseInnerFloor[7] = 101
 [VirtualPitWidthManager] baseInnerFloor[8] = 101
 [VirtualPitWidthManager] baseInnerFloor[9] = 101
 [VirtualPitWidthManager] baseInnerFloor[10] = 101
 [VirtualPitWidthManager] baseInnerFloor[11] = 100
 [VirtualPitWidthManager] baseInnerFloor total: 11 tiles, 11 non-zero
 [VirtualPitWidthManager] collisionInnerFloor[1] = 0
 [VirtualPitWidthManager] collisionInnerFloor[2] = 0
 [VirtualPitWidthManager] collisionInnerFloor[3] = 0
 [VirtualPitWidthManager] collisionInnerFloor[4] = 0
 [VirtualPitWidthManager] collisionInnerFloor[5] = 0
 [VirtualPitWidthManager] collisionInnerFloor[6] = 0
 [VirtualPitWidthManager] collisionInnerFloor[7] = 0
 [VirtualPitWidthManager] collisionInnerFloor[8] = 0
 [VirtualPitWidthManager] collisionInnerFloor[9] = 0
 [VirtualPitWidthManager] collisionInnerFloor[10] = 0
 [VirtualPitWidthManager] collisionInnerFloor[11] = 0
 [VirtualPitWidthManager] collisionInnerFloor total: 11 tiles, 0 non-zero
 [VirtualPitWidthManager] Initialization complete. Current pit right edge: 13
 [VirtualPitWidthManager] Setting pit level from 1 to 40
 [VirtualPitWidthManager] Level 40: extending pit by 8 inner floor tiles
 [VirtualPitWidthManager] Extending inner floor column at x=12
 [VirtualTiledMapService] Set tile at Base[12,1] = 100
 [VirtualTiledMapService] Removed tile at Collision[12,1]
 [VirtualTiledMapService] Set tile at Base[12,2] = 101
 [VirtualTiledMapService] Removed tile at Collision[12,2]
 [VirtualTiledMapService] Set tile at Base[12,3] = 101
 [VirtualTiledMapService] Removed tile at Collision[12,3]
 [VirtualTiledMapService] Set tile at FogOfWar[12,3] = 301
 [VirtualTiledMapService] Set tile at Base[12,4] = 101
 [VirtualTiledMapService] Removed tile at Collision[12,4]
 [VirtualTiledMapService] Set tile at FogOfWar[12,4] = 301
 [VirtualTiledMapService] Set tile at Base[12,5] = 101
 [VirtualTiledMapService] Removed tile at Collision[12,5]
 [VirtualTiledMapService] Set tile at FogOfWar[12,5] = 301
 [VirtualTiledMapService] Set tile at Base[12,6] = 101
 [VirtualTiledMapService] Removed tile at Collision[12,6]
 [VirtualTiledMapService] Set tile at FogOfWar[12,6] = 301
 [VirtualTiledMapService] Set tile at Base[12,7] = 101
 [VirtualTiledMapService] Removed tile at Collision[12,7]
 [VirtualTiledMapService] Set tile at FogOfWar[12,7] = 301
 [VirtualTiledMapService] Set tile at Base[12,8] = 101
 [VirtualTiledMapService] Removed tile at Collision[12,8]
 [VirtualTiledMapService] Set tile at FogOfWar[12,8] = 301
 [VirtualTiledMapService] Set tile at Base[12,9] = 101
 [VirtualTiledMapService] Removed tile at Collision[12,9]
 [VirtualTiledMapService] Set tile at FogOfWar[12,9] = 301
 [VirtualTiledMapService] Set tile at Base[12,10] = 101
 [VirtualTiledMapService] Removed tile at Collision[12,10]
 [VirtualTiledMapService] Set tile at Base[12,11] = 100
 [VirtualTiledMapService] Removed tile at Collision[12,11]
 [VirtualPitWidthManager] Extending inner floor column at x=13
 [VirtualTiledMapService] Set tile at Base[13,1] = 100
 [VirtualTiledMapService] Removed tile at Collision[13,1]
 [VirtualTiledMapService] Set tile at Base[13,2] = 101
 [VirtualTiledMapService] Removed tile at Collision[13,2]
 [VirtualTiledMapService] Set tile at Base[13,3] = 101
 [VirtualTiledMapService] Removed tile at Collision[13,3]
 [VirtualTiledMapService] Set tile at FogOfWar[13,3] = 301
 [VirtualTiledMapService] Set tile at Base[13,4] = 101
 [VirtualTiledMapService] Removed tile at Collision[13,4]
 [VirtualTiledMapService] Set tile at FogOfWar[13,4] = 301
 [VirtualTiledMapService] Set tile at Base[13,5] = 101
 [VirtualTiledMapService] Removed tile at Collision[13,5]
 [VirtualTiledMapService] Set tile at FogOfWar[13,5] = 301
 [VirtualTiledMapService] Set tile at Base[13,6] = 101
 [VirtualTiledMapService] Removed tile at Collision[13,6]
 [VirtualTiledMapService] Set tile at FogOfWar[13,6] = 301
 [VirtualTiledMapService] Set tile at Base[13,7] = 101
 [VirtualTiledMapService] Removed tile at Collision[13,7]
 [VirtualTiledMapService] Set tile at FogOfWar[13,7] = 301
 [VirtualTiledMapService] Set tile at Base[13,8] = 101
 [VirtualTiledMapService] Removed tile at Collision[13,8]
 [VirtualTiledMapService] Set tile at FogOfWar[13,8] = 301
 [VirtualTiledMapService] Set tile at Base[13,9] = 101
 [VirtualTiledMapService] Removed tile at Collision[13,9]
 [VirtualTiledMapService] Set tile at FogOfWar[13,9] = 301
 [VirtualTiledMapService] Set tile at Base[13,10] = 101
 [VirtualTiledMapService] Removed tile at Collision[13,10]
 [VirtualTiledMapService] Set tile at Base[13,11] = 100
 [VirtualTiledMapService] Removed tile at Collision[13,11]
 [VirtualPitWidthManager] Extending inner floor column at x=14
 [VirtualTiledMapService] Set tile at Base[14,1] = 100
 [VirtualTiledMapService] Removed tile at Collision[14,1]
 [VirtualTiledMapService] Set tile at Base[14,2] = 101
 [VirtualTiledMapService] Removed tile at Collision[14,2]
 [VirtualTiledMapService] Set tile at Base[14,3] = 101
 [VirtualTiledMapService] Removed tile at Collision[14,3]
 [VirtualTiledMapService] Set tile at FogOfWar[14,3] = 301
 [VirtualTiledMapService] Set tile at Base[14,4] = 101
 [VirtualTiledMapService] Removed tile at Collision[14,4]
 [VirtualTiledMapService] Set tile at FogOfWar[14,4] = 301
 [VirtualTiledMapService] Set tile at Base[14,5] = 101
 [VirtualTiledMapService] Removed tile at Collision[14,5]
 [VirtualTiledMapService] Set tile at FogOfWar[14,5] = 301
 [VirtualTiledMapService] Set tile at Base[14,6] = 101
 [VirtualTiledMapService] Removed tile at Collision[14,6]
 [VirtualTiledMapService] Set tile at FogOfWar[14,6] = 301
 [VirtualTiledMapService] Set tile at Base[14,7] = 101
 [VirtualTiledMapService] Removed tile at Collision[14,7]
 [VirtualTiledMapService] Set tile at FogOfWar[14,7] = 301
 [VirtualTiledMapService] Set tile at Base[14,8] = 101
 [VirtualTiledMapService] Removed tile at Collision[14,8]
 [VirtualTiledMapService] Set tile at FogOfWar[14,8] = 301
 [VirtualTiledMapService] Set tile at Base[14,9] = 101
 [VirtualTiledMapService] Removed tile at Collision[14,9]
 [VirtualTiledMapService] Set tile at FogOfWar[14,9] = 301
 [VirtualTiledMapService] Set tile at Base[14,10] = 101
 [VirtualTiledMapService] Removed tile at Collision[14,10]
 [VirtualTiledMapService] Set tile at Base[14,11] = 100
 [VirtualTiledMapService] Removed tile at Collision[14,11]
 [VirtualPitWidthManager] Extending inner floor column at x=15
 [VirtualTiledMapService] Set tile at Base[15,1] = 100
 [VirtualTiledMapService] Removed tile at Collision[15,1]
 [VirtualTiledMapService] Set tile at Base[15,2] = 101
 [VirtualTiledMapService] Removed tile at Collision[15,2]
 [VirtualTiledMapService] Set tile at Base[15,3] = 101
 [VirtualTiledMapService] Removed tile at Collision[15,3]
 [VirtualTiledMapService] Set tile at FogOfWar[15,3] = 301
 [VirtualTiledMapService] Set tile at Base[15,4] = 101
 [VirtualTiledMapService] Removed tile at Collision[15,4]
 [VirtualTiledMapService] Set tile at FogOfWar[15,4] = 301
 [VirtualTiledMapService] Set tile at Base[15,5] = 101
 [VirtualTiledMapService] Removed tile at Collision[15,5]
 [VirtualTiledMapService] Set tile at FogOfWar[15,5] = 301
 [VirtualTiledMapService] Set tile at Base[15,6] = 101
 [VirtualTiledMapService] Removed tile at Collision[15,6]
 [VirtualTiledMapService] Set tile at FogOfWar[15,6] = 301
 [VirtualTiledMapService] Set tile at Base[15,7] = 101
 [VirtualTiledMapService] Removed tile at Collision[15,7]
 [VirtualTiledMapService] Set tile at FogOfWar[15,7] = 301
 [VirtualTiledMapService] Set tile at Base[15,8] = 101
 [VirtualTiledMapService] Removed tile at Collision[15,8]
 [VirtualTiledMapService] Set tile at FogOfWar[15,8] = 301
 [VirtualTiledMapService] Set tile at Base[15,9] = 101
 [VirtualTiledMapService] Removed tile at Collision[15,9]
 [VirtualTiledMapService] Set tile at FogOfWar[15,9] = 301
 [VirtualTiledMapService] Set tile at Base[15,10] = 101
 [VirtualTiledMapService] Removed tile at Collision[15,10]
 [VirtualTiledMapService] Set tile at Base[15,11] = 100
 [VirtualTiledMapService] Removed tile at Collision[15,11]
 [VirtualPitWidthManager] Extending inner floor column at x=16
 [VirtualTiledMapService] Set tile at Base[16,1] = 100
 [VirtualTiledMapService] Removed tile at Collision[16,1]
 [VirtualTiledMapService] Set tile at Base[16,2] = 101
 [VirtualTiledMapService] Removed tile at Collision[16,2]
 [VirtualTiledMapService] Set tile at Base[16,3] = 101
 [VirtualTiledMapService] Removed tile at Collision[16,3]
 [VirtualTiledMapService] Set tile at FogOfWar[16,3] = 301
 [VirtualTiledMapService] Set tile at Base[16,4] = 101
 [VirtualTiledMapService] Removed tile at Collision[16,4]
 [VirtualTiledMapService] Set tile at FogOfWar[16,4] = 301
 [VirtualTiledMapService] Set tile at Base[16,5] = 101
 [VirtualTiledMapService] Removed tile at Collision[16,5]
 [VirtualTiledMapService] Set tile at FogOfWar[16,5] = 301
 [VirtualTiledMapService] Set tile at Base[16,6] = 101
 [VirtualTiledMapService] Removed tile at Collision[16,6]
 [VirtualTiledMapService] Set tile at FogOfWar[16,6] = 301
 [VirtualTiledMapService] Set tile at Base[16,7] = 101
 [VirtualTiledMapService] Removed tile at Collision[16,7]
 [VirtualTiledMapService] Set tile at FogOfWar[16,7] = 301
 [VirtualTiledMapService] Set tile at Base[16,8] = 101
 [VirtualTiledMapService] Removed tile at Collision[16,8]
 [VirtualTiledMapService] Set tile at FogOfWar[16,8] = 301
 [VirtualTiledMapService] Set tile at Base[16,9] = 101
 [VirtualTiledMapService] Removed tile at Collision[16,9]
 [VirtualTiledMapService] Set tile at FogOfWar[16,9] = 301
 [VirtualTiledMapService] Set tile at Base[16,10] = 101
 [VirtualTiledMapService] Removed tile at Collision[16,10]
 [VirtualTiledMapService] Set tile at Base[16,11] = 100
 [VirtualTiledMapService] Removed tile at Collision[16,11]
 [VirtualPitWidthManager] Extending inner floor column at x=17
 [VirtualTiledMapService] Set tile at Base[17,1] = 100
 [VirtualTiledMapService] Removed tile at Collision[17,1]
 [VirtualTiledMapService] Set tile at Base[17,2] = 101
 [VirtualTiledMapService] Removed tile at Collision[17,2]
 [VirtualTiledMapService] Set tile at Base[17,3] = 101
 [VirtualTiledMapService] Removed tile at Collision[17,3]
 [VirtualTiledMapService] Set tile at FogOfWar[17,3] = 301
 [VirtualTiledMapService] Set tile at Base[17,4] = 101
 [VirtualTiledMapService] Removed tile at Collision[17,4]
 [VirtualTiledMapService] Set tile at FogOfWar[17,4] = 301
 [VirtualTiledMapService] Set tile at Base[17,5] = 101
 [VirtualTiledMapService] Removed tile at Collision[17,5]
 [VirtualTiledMapService] Set tile at FogOfWar[17,5] = 301
 [VirtualTiledMapService] Set tile at Base[17,6] = 101
 [VirtualTiledMapService] Removed tile at Collision[17,6]
 [VirtualTiledMapService] Set tile at FogOfWar[17,6] = 301
 [VirtualTiledMapService] Set tile at Base[17,7] = 101
 [VirtualTiledMapService] Removed tile at Collision[17,7]
 [VirtualTiledMapService] Set tile at FogOfWar[17,7] = 301
 [VirtualTiledMapService] Set tile at Base[17,8] = 101
 [VirtualTiledMapService] Removed tile at Collision[17,8]
 [VirtualTiledMapService] Set tile at FogOfWar[17,8] = 301
 [VirtualTiledMapService] Set tile at Base[17,9] = 101
 [VirtualTiledMapService] Removed tile at Collision[17,9]
 [VirtualTiledMapService] Set tile at FogOfWar[17,9] = 301
 [VirtualTiledMapService] Set tile at Base[17,10] = 101
 [VirtualTiledMapService] Removed tile at Collision[17,10]
 [VirtualTiledMapService] Set tile at Base[17,11] = 100
 [VirtualTiledMapService] Removed tile at Collision[17,11]
 [VirtualPitWidthManager] Extending inner floor column at x=18
 [VirtualTiledMapService] Set tile at Base[18,1] = 100
 [VirtualTiledMapService] Removed tile at Collision[18,1]
 [VirtualTiledMapService] Set tile at Base[18,2] = 101
 [VirtualTiledMapService] Removed tile at Collision[18,2]
 [VirtualTiledMapService] Set tile at Base[18,3] = 101
 [VirtualTiledMapService] Removed tile at Collision[18,3]
 [VirtualTiledMapService] Set tile at FogOfWar[18,3] = 301
 [VirtualTiledMapService] Set tile at Base[18,4] = 101
 [VirtualTiledMapService] Removed tile at Collision[18,4]
 [VirtualTiledMapService] Set tile at FogOfWar[18,4] = 301
 [VirtualTiledMapService] Set tile at Base[18,5] = 101
 [VirtualTiledMapService] Removed tile at Collision[18,5]
 [VirtualTiledMapService] Set tile at FogOfWar[18,5] = 301
 [VirtualTiledMapService] Set tile at Base[18,6] = 101
 [VirtualTiledMapService] Removed tile at Collision[18,6]
 [VirtualTiledMapService] Set tile at FogOfWar[18,6] = 301
 [VirtualTiledMapService] Set tile at Base[18,7] = 101
 [VirtualTiledMapService] Removed tile at Collision[18,7]
 [VirtualTiledMapService] Set tile at FogOfWar[18,7] = 301
 [VirtualTiledMapService] Set tile at Base[18,8] = 101
 [VirtualTiledMapService] Removed tile at Collision[18,8]
 [VirtualTiledMapService] Set tile at FogOfWar[18,8] = 301
 [VirtualTiledMapService] Set tile at Base[18,9] = 101
 [VirtualTiledMapService] Removed tile at Collision[18,9]
 [VirtualTiledMapService] Set tile at FogOfWar[18,9] = 301
 [VirtualTiledMapService] Set tile at Base[18,10] = 101
 [VirtualTiledMapService] Removed tile at Collision[18,10]
 [VirtualTiledMapService] Set tile at Base[18,11] = 100
 [VirtualTiledMapService] Removed tile at Collision[18,11]
 [VirtualPitWidthManager] Extending inner floor column at x=19
 [VirtualTiledMapService] Set tile at Base[19,1] = 100
 [VirtualTiledMapService] Removed tile at Collision[19,1]
 [VirtualTiledMapService] Set tile at Base[19,2] = 101
 [VirtualTiledMapService] Removed tile at Collision[19,2]
 [VirtualTiledMapService] Set tile at Base[19,3] = 101
 [VirtualTiledMapService] Removed tile at Collision[19,3]
 [VirtualTiledMapService] Set tile at FogOfWar[19,3] = 301
 [VirtualTiledMapService] Set tile at Base[19,4] = 101
 [VirtualTiledMapService] Removed tile at Collision[19,4]
 [VirtualTiledMapService] Set tile at FogOfWar[19,4] = 301
 [VirtualTiledMapService] Set tile at Base[19,5] = 101
 [VirtualTiledMapService] Removed tile at Collision[19,5]
 [VirtualTiledMapService] Set tile at FogOfWar[19,5] = 301
 [VirtualTiledMapService] Set tile at Base[19,6] = 101
 [VirtualTiledMapService] Removed tile at Collision[19,6]
 [VirtualTiledMapService] Set tile at FogOfWar[19,6] = 301
 [VirtualTiledMapService] Set tile at Base[19,7] = 101
 [VirtualTiledMapService] Removed tile at Collision[19,7]
 [VirtualTiledMapService] Set tile at FogOfWar[19,7] = 301
 [VirtualTiledMapService] Set tile at Base[19,8] = 101
 [VirtualTiledMapService] Removed tile at Collision[19,8]
 [VirtualTiledMapService] Set tile at FogOfWar[19,8] = 301
 [VirtualTiledMapService] Set tile at Base[19,9] = 101
 [VirtualTiledMapService] Removed tile at Collision[19,9]
 [VirtualTiledMapService] Set tile at FogOfWar[19,9] = 301
 [VirtualTiledMapService] Set tile at Base[19,10] = 101
 [VirtualTiledMapService] Removed tile at Collision[19,10]
 [VirtualTiledMapService] Set tile at Base[19,11] = 100
 [VirtualTiledMapService] Removed tile at Collision[19,11]
 [VirtualPitWidthManager] Extending inner wall column at x=20
 [VirtualTiledMapService] Set tile at Base[20,1] = 102
 [VirtualTiledMapService] Removed tile at Collision[20,1]
 [VirtualTiledMapService] Set tile at Base[20,2] = 102
 [VirtualTiledMapService] Set tile at Collision[20,2] = 201
 [VirtualTiledMapService] Set tile at Base[20,3] = 102
 [VirtualTiledMapService] Set tile at Collision[20,3] = 201
 [VirtualTiledMapService] Set tile at Base[20,4] = 102
 [VirtualTiledMapService] Set tile at Collision[20,4] = 201
 [VirtualTiledMapService] Set tile at Base[20,5] = 102
 [VirtualTiledMapService] Set tile at Collision[20,5] = 201
 [VirtualTiledMapService] Set tile at Base[20,6] = 102
 [VirtualTiledMapService] Set tile at Collision[20,6] = 201
 [VirtualTiledMapService] Set tile at Base[20,7] = 102
 [VirtualTiledMapService] Set tile at Collision[20,7] = 201
 [VirtualTiledMapService] Set tile at Base[20,8] = 102
 [VirtualTiledMapService] Set tile at Collision[20,8] = 201
 [VirtualTiledMapService] Set tile at Base[20,9] = 102
 [VirtualTiledMapService] Set tile at Collision[20,9] = 201
 [VirtualTiledMapService] Set tile at Base[20,10] = 102
 [VirtualTiledMapService] Set tile at Collision[20,10] = 201
 [VirtualTiledMapService] Set tile at Base[20,11] = 102
 [VirtualTiledMapService] Removed tile at Collision[20,11]
 [VirtualPitWidthManager] Extending outer floor column at x=21
 [VirtualTiledMapService] Set tile at Base[21,1] = 100
 [VirtualTiledMapService] Removed tile at Collision[21,1]
 [VirtualTiledMapService] Set tile at Base[21,2] = 103
 [VirtualTiledMapService] Removed tile at Collision[21,2]
 [VirtualTiledMapService] Set tile at Base[21,3] = 103
 [VirtualTiledMapService] Removed tile at Collision[21,3]
 [VirtualTiledMapService] Set tile at Base[21,4] = 103
 [VirtualTiledMapService] Removed tile at Collision[21,4]
 [VirtualTiledMapService] Set tile at Base[21,5] = 103
 [VirtualTiledMapService] Removed tile at Collision[21,5]
 [VirtualTiledMapService] Set tile at Base[21,6] = 103
 [VirtualTiledMapService] Removed tile at Collision[21,6]
 [VirtualTiledMapService] Set tile at Base[21,7] = 103
 [VirtualTiledMapService] Removed tile at Collision[21,7]
 [VirtualTiledMapService] Set tile at Base[21,8] = 103
 [VirtualTiledMapService] Removed tile at Collision[21,8]
 [VirtualTiledMapService] Set tile at Base[21,9] = 103
 [VirtualTiledMapService] Removed tile at Collision[21,9]
 [VirtualTiledMapService] Set tile at Base[21,10] = 103
 [VirtualTiledMapService] Removed tile at Collision[21,10]
 [VirtualTiledMapService] Set tile at Base[21,11] = 100
 [VirtualTiledMapService] Removed tile at Collision[21,11]
 [VirtualPitWidthManager] Pit extension complete. New right edge: 21
 [VirtualPitWidthManager] Regenerating FogOfWar for entire pit area from x=2 to x=21, y=3 to y=9
 [VirtualTiledMapService] Set tile at FogOfWar[2,3] = 301
 [VirtualTiledMapService] Set tile at FogOfWar[2,4] = 301
 [VirtualTiledMapService] Set tile at FogOfWar[2,5] = 301
 [VirtualTiledMapService] Set tile at FogOfWar[2,6] = 301
 [VirtualTiledMapService] Set tile at FogOfWar[2,7] = 301
 [VirtualTiledMapService] Set tile at FogOfWar[2,8] = 301
 [VirtualTiledMapService] Set tile at FogOfWar[2,9] = 301
 [VirtualTiledMapService] Set tile at FogOfWar[3,3] = 301
 [VirtualTiledMapService] Set tile at FogOfWar[3,4] = 301
 [VirtualTiledMapService] Set tile at FogOfWar[3,5] = 301
 [VirtualTiledMapService] Set tile at FogOfWar[3,6] = 301
 [VirtualTiledMapService] Set tile at FogOfWar[3,7] = 301
 [VirtualTiledMapService] Set tile at FogOfWar[3,8] = 301
 [VirtualTiledMapService] Set tile at FogOfWar[3,9] = 301
 [VirtualTiledMapService] Set tile at FogOfWar[4,3] = 301
 [VirtualTiledMapService] Set tile at FogOfWar[4,4] = 301
 [VirtualTiledMapService] Set tile at FogOfWar[4,5] = 301
 [VirtualTiledMapService] Set tile at FogOfWar[4,6] = 301
 [VirtualTiledMapService] Set tile at FogOfWar[4,7] = 301
 [VirtualTiledMapService] Set tile at FogOfWar[4,8] = 301
 [VirtualTiledMapService] Set tile at FogOfWar[4,9] = 301
 [VirtualTiledMapService] Set tile at FogOfWar[5,3] = 301
 [VirtualTiledMapService] Set tile at FogOfWar[5,4] = 301
 [VirtualTiledMapService] Set tile at FogOfWar[5,5] = 301
 [VirtualTiledMapService] Set tile at FogOfWar[5,6] = 301
 [VirtualTiledMapService] Set tile at FogOfWar[5,7] = 301
 [VirtualTiledMapService] Set tile at FogOfWar[5,8] = 301
 [VirtualTiledMapService] Set tile at FogOfWar[5,9] = 301
 [VirtualTiledMapService] Set tile at FogOfWar[6,3] = 301
 [VirtualTiledMapService] Set tile at FogOfWar[6,4] = 301
 [VirtualTiledMapService] Set tile at FogOfWar[6,5] = 301
 [VirtualTiledMapService] Set tile at FogOfWar[6,6] = 301
 [VirtualTiledMapService] Set tile at FogOfWar[6,7] = 301
 [VirtualTiledMapService] Set tile at FogOfWar[6,8] = 301
 [VirtualTiledMapService] Set tile at FogOfWar[6,9] = 301
 [VirtualTiledMapService] Set tile at FogOfWar[7,3] = 301
 [VirtualTiledMapService] Set tile at FogOfWar[7,4] = 301
 [VirtualTiledMapService] Set tile at FogOfWar[7,5] = 301
 [VirtualTiledMapService] Set tile at FogOfWar[7,6] = 301
 [VirtualTiledMapService] Set tile at FogOfWar[7,7] = 301
 [VirtualTiledMapService] Set tile at FogOfWar[7,8] = 301
 [VirtualTiledMapService] Set tile at FogOfWar[7,9] = 301
 [VirtualTiledMapService] Set tile at FogOfWar[8,3] = 301
 [VirtualTiledMapService] Set tile at FogOfWar[8,4] = 301
 [VirtualTiledMapService] Set tile at FogOfWar[8,5] = 301
 [VirtualTiledMapService] Set tile at FogOfWar[8,6] = 301
 [VirtualTiledMapService] Set tile at FogOfWar[8,7] = 301
 [VirtualTiledMapService] Set tile at FogOfWar[8,8] = 301
 [VirtualTiledMapService] Set tile at FogOfWar[8,9] = 301
 [VirtualTiledMapService] Set tile at FogOfWar[9,3] = 301
 [VirtualTiledMapService] Set tile at FogOfWar[9,4] = 301
 [VirtualTiledMapService] Set tile at FogOfWar[9,5] = 301
 [VirtualTiledMapService] Set tile at FogOfWar[9,6] = 301
 [VirtualTiledMapService] Set tile at FogOfWar[9,7] = 301
 [VirtualTiledMapService] Set tile at FogOfWar[9,8] = 301
 [VirtualTiledMapService] Set tile at FogOfWar[9,9] = 301
 [VirtualTiledMapService] Set tile at FogOfWar[10,3] = 301
 [VirtualTiledMapService] Set tile at FogOfWar[10,4] = 301
 [VirtualTiledMapService] Set tile at FogOfWar[10,5] = 301
 [VirtualTiledMapService] Set tile at FogOfWar[10,6] = 301
 [VirtualTiledMapService] Set tile at FogOfWar[10,7] = 301
 [VirtualTiledMapService] Set tile at FogOfWar[10,8] = 301
 [VirtualTiledMapService] Set tile at FogOfWar[10,9] = 301
 [VirtualTiledMapService] Set tile at FogOfWar[11,3] = 301
 [VirtualTiledMapService] Set tile at FogOfWar[11,4] = 301
 [VirtualTiledMapService] Set tile at FogOfWar[11,5] = 301
 [VirtualTiledMapService] Set tile at FogOfWar[11,6] = 301
 [VirtualTiledMapService] Set tile at FogOfWar[11,7] = 301
 [VirtualTiledMapService] Set tile at FogOfWar[11,8] = 301
 [VirtualTiledMapService] Set tile at FogOfWar[11,9] = 301
 [VirtualTiledMapService] Set tile at FogOfWar[12,3] = 301
 [VirtualTiledMapService] Set tile at FogOfWar[12,4] = 301
 [VirtualTiledMapService] Set tile at FogOfWar[12,5] = 301
 [VirtualTiledMapService] Set tile at FogOfWar[12,6] = 301
 [VirtualTiledMapService] Set tile at FogOfWar[12,7] = 301
 [VirtualTiledMapService] Set tile at FogOfWar[12,8] = 301
 [VirtualTiledMapService] Set tile at FogOfWar[12,9] = 301
 [VirtualTiledMapService] Set tile at FogOfWar[13,3] = 301
 [VirtualTiledMapService] Set tile at FogOfWar[13,4] = 301
 [VirtualTiledMapService] Set tile at FogOfWar[13,5] = 301
 [VirtualTiledMapService] Set tile at FogOfWar[13,6] = 301
 [VirtualTiledMapService] Set tile at FogOfWar[13,7] = 301
 [VirtualTiledMapService] Set tile at FogOfWar[13,8] = 301
 [VirtualTiledMapService] Set tile at FogOfWar[13,9] = 301
 [VirtualTiledMapService] Set tile at FogOfWar[14,3] = 301
 [VirtualTiledMapService] Set tile at FogOfWar[14,4] = 301
 [VirtualTiledMapService] Set tile at FogOfWar[14,5] = 301
 [VirtualTiledMapService] Set tile at FogOfWar[14,6] = 301
 [VirtualTiledMapService] Set tile at FogOfWar[14,7] = 301
 [VirtualTiledMapService] Set tile at FogOfWar[14,8] = 301
 [VirtualTiledMapService] Set tile at FogOfWar[14,9] = 301
 [VirtualTiledMapService] Set tile at FogOfWar[15,3] = 301
 [VirtualTiledMapService] Set tile at FogOfWar[15,4] = 301
 [VirtualTiledMapService] Set tile at FogOfWar[15,5] = 301
 [VirtualTiledMapService] Set tile at FogOfWar[15,6] = 301
 [VirtualTiledMapService] Set tile at FogOfWar[15,7] = 301
 [VirtualTiledMapService] Set tile at FogOfWar[15,8] = 301
 [VirtualTiledMapService] Set tile at FogOfWar[15,9] = 301
 [VirtualTiledMapService] Set tile at FogOfWar[16,3] = 301
 [VirtualTiledMapService] Set tile at FogOfWar[16,4] = 301
 [VirtualTiledMapService] Set tile at FogOfWar[16,5] = 301
 [VirtualTiledMapService] Set tile at FogOfWar[16,6] = 301
 [VirtualTiledMapService] Set tile at FogOfWar[16,7] = 301
 [VirtualTiledMapService] Set tile at FogOfWar[16,8] = 301
 [VirtualTiledMapService] Set tile at FogOfWar[16,9] = 301
 [VirtualTiledMapService] Set tile at FogOfWar[17,3] = 301
 [VirtualTiledMapService] Set tile at FogOfWar[17,4] = 301
 [VirtualTiledMapService] Set tile at FogOfWar[17,5] = 301
 [VirtualTiledMapService] Set tile at FogOfWar[17,6] = 301
 [VirtualTiledMapService] Set tile at FogOfWar[17,7] = 301
 [VirtualTiledMapService] Set tile at FogOfWar[17,8] = 301
 [VirtualTiledMapService] Set tile at FogOfWar[17,9] = 301
 [VirtualTiledMapService] Set tile at FogOfWar[18,3] = 301
 [VirtualTiledMapService] Set tile at FogOfWar[18,4] = 301
 [VirtualTiledMapService] Set tile at FogOfWar[18,5] = 301
 [VirtualTiledMapService] Set tile at FogOfWar[18,6] = 301
 [VirtualTiledMapService] Set tile at FogOfWar[18,7] = 301
 [VirtualTiledMapService] Set tile at FogOfWar[18,8] = 301
 [VirtualTiledMapService] Set tile at FogOfWar[18,9] = 301
 [VirtualTiledMapService] Set tile at FogOfWar[19,3] = 301
 [VirtualTiledMapService] Set tile at FogOfWar[19,4] = 301
 [VirtualTiledMapService] Set tile at FogOfWar[19,5] = 301
 [VirtualTiledMapService] Set tile at FogOfWar[19,6] = 301
 [VirtualTiledMapService] Set tile at FogOfWar[19,7] = 301
 [VirtualTiledMapService] Set tile at FogOfWar[19,8] = 301
 [VirtualTiledMapService] Set tile at FogOfWar[19,9] = 301
 [VirtualPitWidthManager] FogOfWar regeneration complete
 Level 40 pit right edge: 21
 Level 40 pit width: 21
 
 Generating pit content using actual PitGenerator logic...
 [VirtualPitGenerator] Regenerating pit content for level 40
 [VirtualWorld] Cleared all entities and interior collisions
 [VirtualPitGenerator] Valid placement area for level 40: tiles (2,3) to (18,9)
 [VirtualPitGenerator] Level 40 calculated amounts:
 [VirtualPitGenerator]   Max Monsters: 5, Actual: 4
 [VirtualPitGenerator]   Max Chests: 5, Actual: 4
 [VirtualPitGenerator]   Min Obstacles: 17
 [VirtualPitGenerator]   Max Obstacles: 23, Actual: 21
 [VirtualWorld] Wizard orb positioned at (3,4)
 [VirtualPitGenerator] Generated wizard orb at (3,4)
 [VirtualWorld] Added obstacle at (10,8)
 [VirtualWorld] Added obstacle at (10,9)
 [VirtualWorld] Added obstacle at (2,8)
 [VirtualWorld] Added obstacle at (13,3)
 [VirtualWorld] Added obstacle at (6,9)
 [VirtualWorld] Added obstacle at (2,7)
 [VirtualWorld] Added obstacle at (15,8)
 [VirtualWorld] Added obstacle at (15,3)
 [VirtualWorld] Added obstacle at (13,8)
 [VirtualWorld] Added obstacle at (6,5)
 [VirtualWorld] Added obstacle at (10,7)
 [VirtualWorld] Added obstacle at (7,9)
 [VirtualWorld] Added obstacle at (18,5)
 [VirtualWorld] Added obstacle at (18,7)
 [VirtualWorld] Added obstacle at (10,4)
 [VirtualWorld] Added obstacle at (12,4)
 [VirtualWorld] Added obstacle at (13,4)
 [VirtualWorld] Added obstacle at (16,3)
 [VirtualWorld] Added obstacle at (15,9)
 [VirtualWorld] Added obstacle at (2,9)
 [VirtualWorld] Added obstacle at (3,3)
 [VirtualWorld] Added GenericEquipment treasure (level 1) at (10,3)
 [VirtualWorld] Added GenericEquipment treasure (level 1) at (18,8)
 [VirtualWorld] Added GenericEquipment treasure (level 1) at (2,4)
 [VirtualWorld] Added GenericEquipment treasure (level 1) at (8,9)
 [VirtualWorld] Added GenericMonster monster at (12,3)
 [VirtualWorld] Added GenericMonster monster at (15,5)
 [VirtualWorld] Added GenericMonster monster at (4,7)
 [VirtualWorld] Added GenericMonster monster at (3,7)
 [VirtualPitGenerator] Generated 21 obstacles, 4 treasures, 4 monsters, and 1 wizard orb
 Generated entities:
   WizardOrb: 1 entities
     - (3,4)
   Obstacles: 21 entities
     - (10,8)
     - (10,9)
     - (2,8)
     - (13,3)
     - (6,9)
     - (2,7)
     - (15,8)
     - (15,3)
     - (13,8)
     - (6,5)
     - (10,7)
     - (7,9)
     - (18,5)
     - (18,7)
     - (10,4)
     - (12,4)
     - (13,4)
     - (16,3)
     - (15,9)
     - (2,9)
     - (3,3)
   Treasures: 4 entities
     - (10,3)
     - (18,8)
     - (2,4)
     - (8,9)
   Monsters: 4 entities
     - (12,3)
     - (15,5)
     - (4,7)
     - (3,7)
 
 Visual representation with dynamically generated content:
 === Virtual World - Pit Level 10 ===
 Hero: (34,6), Wizard Orb: (3,4)
 Pit Bounds: (1,2,14,9)
 
    012345678901234567
 00 ..................
 01 ..................
 02 .██████████████...
 03 .█?#??????$?M#█##.
 04 .█$w??????#?##█...
 05 .█????#???????█M..
 06 .█????????????█...
 07 .█#MM?????#???█...
 08 .█#???????#??#█#..
 09 .█#???##$?#???█#..
 10 .██████████████...
 11 ..................
 12 ..................
 
 Legend: H=Hero, w=Wizard Orb, W=Activated Orb, #=Obstacle, $=Treasure, M=Monster, █=Wall, ?=Fog, .=Empty
 fog remaining: 84
 
 
 SUCCESS: Virtual PitGenerator uses actual entity generation logic!
 


  Passed VirtualLayer_PitExpansionLimit_ShouldCapAtLevel100 [3 ms]
  Standard Output Messages:
 
 
 Debug Trace:
 === DEMONSTRATION: Virtual Layer Pit Expansion Limit at Level 100 ===
 
 [VirtualWorld] Generated 5 obstacles and 1 wizard orb in pit
 [VirtualWorld] Regenerated pit at level 10, bounds: (1,2,14,9)
 [VirtualTiledMapService] Initialized basic tile patterns for PitWidthManager
 [VirtualPitWidthManager] Recorded FogOfWar index: 301
 [VirtualPitWidthManager] Recorded ground tile index: 104
 [VirtualPitWidthManager] baseOuterFloor[1] = 100
 [VirtualPitWidthManager] baseOuterFloor[2] = 103
 [VirtualPitWidthManager] baseOuterFloor[3] = 103
 [VirtualPitWidthManager] baseOuterFloor[4] = 103
 [VirtualPitWidthManager] baseOuterFloor[5] = 103
 [VirtualPitWidthManager] baseOuterFloor[6] = 103
 [VirtualPitWidthManager] baseOuterFloor[7] = 103
 [VirtualPitWidthManager] baseOuterFloor[8] = 103
 [VirtualPitWidthManager] baseOuterFloor[9] = 103
 [VirtualPitWidthManager] baseOuterFloor[10] = 103
 [VirtualPitWidthManager] baseOuterFloor[11] = 100
 [VirtualPitWidthManager] baseOuterFloor total: 11 tiles, 11 non-zero
 [VirtualPitWidthManager] collisionOuterFloor[1] = 0
 [VirtualPitWidthManager] collisionOuterFloor[2] = 0
 [VirtualPitWidthManager] collisionOuterFloor[3] = 0
 [VirtualPitWidthManager] collisionOuterFloor[4] = 0
 [VirtualPitWidthManager] collisionOuterFloor[5] = 0
 [VirtualPitWidthManager] collisionOuterFloor[6] = 0
 [VirtualPitWidthManager] collisionOuterFloor[7] = 0
 [VirtualPitWidthManager] collisionOuterFloor[8] = 0
 [VirtualPitWidthManager] collisionOuterFloor[9] = 0
 [VirtualPitWidthManager] collisionOuterFloor[10] = 0
 [VirtualPitWidthManager] collisionOuterFloor[11] = 0
 [VirtualPitWidthManager] collisionOuterFloor total: 11 tiles, 0 non-zero
 [VirtualPitWidthManager] baseInnerWall[1] = 102
 [VirtualPitWidthManager] baseInnerWall[2] = 102
 [VirtualPitWidthManager] baseInnerWall[3] = 102
 [VirtualPitWidthManager] baseInnerWall[4] = 102
 [VirtualPitWidthManager] baseInnerWall[5] = 102
 [VirtualPitWidthManager] baseInnerWall[6] = 102
 [VirtualPitWidthManager] baseInnerWall[7] = 102
 [VirtualPitWidthManager] baseInnerWall[8] = 102
 [VirtualPitWidthManager] baseInnerWall[9] = 102
 [VirtualPitWidthManager] baseInnerWall[10] = 102
 [VirtualPitWidthManager] baseInnerWall[11] = 102
 [VirtualPitWidthManager] baseInnerWall total: 11 tiles, 11 non-zero
 [VirtualPitWidthManager] collisionInnerWall[1] = 0
 [VirtualPitWidthManager] collisionInnerWall[2] = 201
 [VirtualPitWidthManager] collisionInnerWall[3] = 201
 [VirtualPitWidthManager] collisionInnerWall[4] = 201
 [VirtualPitWidthManager] collisionInnerWall[5] = 201
 [VirtualPitWidthManager] collisionInnerWall[6] = 201
 [VirtualPitWidthManager] collisionInnerWall[7] = 201
 [VirtualPitWidthManager] collisionInnerWall[8] = 201
 [VirtualPitWidthManager] collisionInnerWall[9] = 201
 [VirtualPitWidthManager] collisionInnerWall[10] = 201
 [VirtualPitWidthManager] collisionInnerWall[11] = 0
 [VirtualPitWidthManager] collisionInnerWall total: 11 tiles, 9 non-zero
 [VirtualPitWidthManager] baseInnerFloor[1] = 100
 [VirtualPitWidthManager] baseInnerFloor[2] = 101
 [VirtualPitWidthManager] baseInnerFloor[3] = 101
 [VirtualPitWidthManager] baseInnerFloor[4] = 101
 [VirtualPitWidthManager] baseInnerFloor[5] = 101
 [VirtualPitWidthManager] baseInnerFloor[6] = 101
 [VirtualPitWidthManager] baseInnerFloor[7] = 101
 [VirtualPitWidthManager] baseInnerFloor[8] = 101
 [VirtualPitWidthManager] baseInnerFloor[9] = 101
 [VirtualPitWidthManager] baseInnerFloor[10] = 101
 [VirtualPitWidthManager] baseInnerFloor[11] = 100
 [VirtualPitWidthManager] baseInnerFloor total: 11 tiles, 11 non-zero
 [VirtualPitWidthManager] collisionInnerFloor[1] = 0
 [VirtualPitWidthManager] collisionInnerFloor[2] = 0
 [VirtualPitWidthManager] collisionInnerFloor[3] = 0
 [VirtualPitWidthManager] collisionInnerFloor[4] = 0
 [VirtualPitWidthManager] collisionInnerFloor[5] = 0
 [VirtualPitWidthManager] collisionInnerFloor[6] = 0
 [VirtualPitWidthManager] collisionInnerFloor[7] = 0
 [VirtualPitWidthManager] collisionInnerFloor[8] = 0
 [VirtualPitWidthManager] collisionInnerFloor[9] = 0
 [VirtualPitWidthManager] collisionInnerFloor[10] = 0
 [VirtualPitWidthManager] collisionInnerFloor[11] = 0
 [VirtualPitWidthManager] collisionInnerFloor total: 11 tiles, 0 non-zero
 [VirtualPitWidthManager] Initialization complete. Current pit right edge: 13
 Testing pit expansion progression:
 [VirtualPitWidthManager] Setting pit level from 1 to 90
 [VirtualPitWidthManager] Level 90: extending pit by 18 inner floor tiles
 [VirtualPitWidthManager] Extending inner floor column at x=12
 [VirtualTiledMapService] Set tile at Base[12,1] = 100
 [VirtualTiledMapService] Removed tile at Collision[12,1]
 [VirtualTiledMapService] Set tile at Base[12,2] = 101
 [VirtualTiledMapService] Removed tile at Collision[12,2]
 [VirtualTiledMapService] Set tile at Base[12,3] = 101
 [VirtualTiledMapService] Removed tile at Collision[12,3]
 [VirtualTiledMapService] Set tile at FogOfWar[12,3] = 301
 [VirtualTiledMapService] Set tile at Base[12,4] = 101
 [VirtualTiledMapService] Removed tile at Collision[12,4]
 [VirtualTiledMapService] Set tile at FogOfWar[12,4] = 301
 [VirtualTiledMapService] Set tile at Base[12,5] = 101
 [VirtualTiledMapService] Removed tile at Collision[12,5]
 [VirtualTiledMapService] Set tile at FogOfWar[12,5] = 301
 [VirtualTiledMapService] Set tile at Base[12,6] = 101
 [VirtualTiledMapService] Removed tile at Collision[12,6]
 [VirtualTiledMapService] Set tile at FogOfWar[12,6] = 301
 [VirtualTiledMapService] Set tile at Base[12,7] = 101
 [VirtualTiledMapService] Removed tile at Collision[12,7]
 [VirtualTiledMapService] Set tile at FogOfWar[12,7] = 301
 [VirtualTiledMapService] Set tile at Base[12,8] = 101
 [VirtualTiledMapService] Removed tile at Collision[12,8]
 [VirtualTiledMapService] Set tile at FogOfWar[12,8] = 301
 [VirtualTiledMapService] Set tile at Base[12,9] = 101
 [VirtualTiledMapService] Removed tile at Collision[12,9]
 [VirtualTiledMapService] Set tile at FogOfWar[12,9] = 301
 [VirtualTiledMapService] Set tile at Base[12,10] = 101
 [VirtualTiledMapService] Removed tile at Collision[12,10]
 [VirtualTiledMapService] Set tile at Base[12,11] = 100
 [VirtualTiledMapService] Removed tile at Collision[12,11]
 [VirtualPitWidthManager] Extending inner floor column at x=13
 [VirtualTiledMapService] Set tile at Base[13,1] = 100
 [VirtualTiledMapService] Removed tile at Collision[13,1]
 [VirtualTiledMapService] Set tile at Base[13,2] = 101
 [VirtualTiledMapService] Removed tile at Collision[13,2]
 [VirtualTiledMapService] Set tile at Base[13,3] = 101
 [VirtualTiledMapService] Removed tile at Collision[13,3]
 [VirtualTiledMapService] Set tile at FogOfWar[13,3] = 301
 [VirtualTiledMapService] Set tile at Base[13,4] = 101
 [VirtualTiledMapService] Removed tile at Collision[13,4]
 [VirtualTiledMapService] Set tile at FogOfWar[13,4] = 301
 [VirtualTiledMapService] Set tile at Base[13,5] = 101
 [VirtualTiledMapService] Removed tile at Collision[13,5]
 [VirtualTiledMapService] Set tile at FogOfWar[13,5] = 301
 [VirtualTiledMapService] Set tile at Base[13,6] = 101
 [VirtualTiledMapService] Removed tile at Collision[13,6]
 [VirtualTiledMapService] Set tile at FogOfWar[13,6] = 301
 [VirtualTiledMapService] Set tile at Base[13,7] = 101
 [VirtualTiledMapService] Removed tile at Collision[13,7]
 [VirtualTiledMapService] Set tile at FogOfWar[13,7] = 301
 [VirtualTiledMapService] Set tile at Base[13,8] = 101
 [VirtualTiledMapService] Removed tile at Collision[13,8]
 [VirtualTiledMapService] Set tile at FogOfWar[13,8] = 301
 [VirtualTiledMapService] Set tile at Base[13,9] = 101
 [VirtualTiledMapService] Removed tile at Collision[13,9]
 [VirtualTiledMapService] Set tile at FogOfWar[13,9] = 301
 [VirtualTiledMapService] Set tile at Base[13,10] = 101
 [VirtualTiledMapService] Removed tile at Collision[13,10]
 [VirtualTiledMapService] Set tile at Base[13,11] = 100
 [VirtualTiledMapService] Removed tile at Collision[13,11]
 [VirtualPitWidthManager] Extending inner floor column at x=14
 [VirtualTiledMapService] Set tile at Base[14,1] = 100
 [VirtualTiledMapService] Removed tile at Collision[14,1]
 [VirtualTiledMapService] Set tile at Base[14,2] = 101
 [VirtualTiledMapService] Removed tile at Collision[14,2]
 [VirtualTiledMapService] Set tile at Base[14,3] = 101
 [VirtualTiledMapService] Removed tile at Collision[14,3]
 [VirtualTiledMapService] Set tile at FogOfWar[14,3] = 301
 [VirtualTiledMapService] Set tile at Base[14,4] = 101
 [VirtualTiledMapService] Removed tile at Collision[14,4]
 [VirtualTiledMapService] Set tile at FogOfWar[14,4] = 301
 [VirtualTiledMapService] Set tile at Base[14,5] = 101
 [VirtualTiledMapService] Removed tile at Collision[14,5]
 [VirtualTiledMapService] Set tile at FogOfWar[14,5] = 301
 [VirtualTiledMapService] Set tile at Base[14,6] = 101
 [VirtualTiledMapService] Removed tile at Collision[14,6]
 [VirtualTiledMapService] Set tile at FogOfWar[14,6] = 301
 [VirtualTiledMapService] Set tile at Base[14,7] = 101
 [VirtualTiledMapService] Removed tile at Collision[14,7]
 [VirtualTiledMapService] Set tile at FogOfWar[14,7] = 301
 [VirtualTiledMapService] Set tile at Base[14,8] = 101
 [VirtualTiledMapService] Removed tile at Collision[14,8]
 [VirtualTiledMapService] Set tile at FogOfWar[14,8] = 301
 [VirtualTiledMapService] Set tile at Base[14,9] = 101
 [VirtualTiledMapService] Removed tile at Collision[14,9]
 [VirtualTiledMapService] Set tile at FogOfWar[14,9] = 301
 [VirtualTiledMapService] Set tile at Base[14,10] = 101
 [VirtualTiledMapService] Removed tile at Collision[14,10]
 [VirtualTiledMapService] Set tile at Base[14,11] = 100
 [VirtualTiledMapService] Removed tile at Collision[14,11]
 [VirtualPitWidthManager] Extending inner floor column at x=15
 [VirtualTiledMapService] Set tile at Base[15,1] = 100
 [VirtualTiledMapService] Removed tile at Collision[15,1]
 [VirtualTiledMapService] Set tile at Base[15,2] = 101
 [VirtualTiledMapService] Removed tile at Collision[15,2]
 [VirtualTiledMapService] Set tile at Base[15,3] = 101
 [VirtualTiledMapService] Removed tile at Collision[15,3]
 [VirtualTiledMapService] Set tile at FogOfWar[15,3] = 301
 [VirtualTiledMapService] Set tile at Base[15,4] = 101
 [VirtualTiledMapService] Removed tile at Collision[15,4]
 [VirtualTiledMapService] Set tile at FogOfWar[15,4] = 301
 [VirtualTiledMapService] Set tile at Base[15,5] = 101
 [VirtualTiledMapService] Removed tile at Collision[15,5]
 [VirtualTiledMapService] Set tile at FogOfWar[15,5] = 301
 [VirtualTiledMapService] Set tile at Base[15,6] = 101
 [VirtualTiledMapService] Removed tile at Collision[15,6]
 [VirtualTiledMapService] Set tile at FogOfWar[15,6] = 301
 [VirtualTiledMapService] Set tile at Base[15,7] = 101
 [VirtualTiledMapService] Removed tile at Collision[15,7]
 [VirtualTiledMapService] Set tile at FogOfWar[15,7] = 301
 [VirtualTiledMapService] Set tile at Base[15,8] = 101
 [VirtualTiledMapService] Removed tile at Collision[15,8]
 [VirtualTiledMapService] Set tile at FogOfWar[15,8] = 301
 [VirtualTiledMapService] Set tile at Base[15,9] = 101
 [VirtualTiledMapService] Removed tile at Collision[15,9]
 [VirtualTiledMapService] Set tile at FogOfWar[15,9] = 301
 [VirtualTiledMapService] Set tile at Base[15,10] = 101
 [VirtualTiledMapService] Removed tile at Collision[15,10]
 [VirtualTiledMapService] Set tile at Base[15,11] = 100
 [VirtualTiledMapService] Removed tile at Collision[15,11]
 [VirtualPitWidthManager] Extending inner floor column at x=16
 [VirtualTiledMapService] Set tile at Base[16,1] = 100
 [VirtualTiledMapService] Removed tile at Collision[16,1]
 [VirtualTiledMapService] Set tile at Base[16,2] = 101
 [VirtualTiledMapService] Removed tile at Collision[16,2]
 [VirtualTiledMapService] Set tile at Base[16,3] = 101
 [VirtualTiledMapService] Removed tile at Collision[16,3]
 [VirtualTiledMapService] Set tile at FogOfWar[16,3] = 301
 [VirtualTiledMapService] Set tile at Base[16,4] = 101
 [VirtualTiledMapService] Removed tile at Collision[16,4]
 [VirtualTiledMapService] Set tile at FogOfWar[16,4] = 301
 [VirtualTiledMapService] Set tile at Base[16,5] = 101
 [VirtualTiledMapService] Removed tile at Collision[16,5]
 [VirtualTiledMapService] Set tile at FogOfWar[16,5] = 301
 [VirtualTiledMapService] Set tile at Base[16,6] = 101
 [VirtualTiledMapService] Removed tile at Collision[16,6]
 [VirtualTiledMapService] Set tile at FogOfWar[16,6] = 301
 [VirtualTiledMapService] Set tile at Base[16,7] = 101
 [VirtualTiledMapService] Removed tile at Collision[16,7]
 [VirtualTiledMapService] Set tile at FogOfWar[16,7] = 301
 [VirtualTiledMapService] Set tile at Base[16,8] = 101
 [VirtualTiledMapService] Removed tile at Collision[16,8]
 [VirtualTiledMapService] Set tile at FogOfWar[16,8] = 301
 [VirtualTiledMapService] Set tile at Base[16,9] = 101
 [VirtualTiledMapService] Removed tile at Collision[16,9]
 [VirtualTiledMapService] Set tile at FogOfWar[16,9] = 301
 [VirtualTiledMapService] Set tile at Base[16,10] = 101
 [VirtualTiledMapService] Removed tile at Collision[16,10]
 [VirtualTiledMapService] Set tile at Base[16,11] = 100
 [VirtualTiledMapService] Removed tile at Collision[16,11]
 [VirtualPitWidthManager] Extending inner floor column at x=17
 [VirtualTiledMapService] Set tile at Base[17,1] = 100
 [VirtualTiledMapService] Removed tile at Collision[17,1]
 [VirtualTiledMapService] Set tile at Base[17,2] = 101
 [VirtualTiledMapService] Removed tile at Collision[17,2]
 [VirtualTiledMapService] Set tile at Base[17,3] = 101
 [VirtualTiledMapService] Removed tile at Collision[17,3]
 [VirtualTiledMapService] Set tile at FogOfWar[17,3] = 301
 [VirtualTiledMapService] Set tile at Base[17,4] = 101
 [VirtualTiledMapService] Removed tile at Collision[17,4]
 [VirtualTiledMapService] Set tile at FogOfWar[17,4] = 301
 [VirtualTiledMapService] Set tile at Base[17,5] = 101
 [VirtualTiledMapService] Removed tile at Collision[17,5]
 [VirtualTiledMapService] Set tile at FogOfWar[17,5] = 301
 [VirtualTiledMapService] Set tile at Base[17,6] = 101
 [VirtualTiledMapService] Removed tile at Collision[17,6]
 [VirtualTiledMapService] Set tile at FogOfWar[17,6] = 301
 [VirtualTiledMapService] Set tile at Base[17,7] = 101
 [VirtualTiledMapService] Removed tile at Collision[17,7]
 [VirtualTiledMapService] Set tile at FogOfWar[17,7] = 301
 [VirtualTiledMapService] Set tile at Base[17,8] = 101
 [VirtualTiledMapService] Removed tile at Collision[17,8]
 [VirtualTiledMapService] Set tile at FogOfWar[17,8] = 301
 [VirtualTiledMapService] Set tile at Base[17,9] = 101
 [VirtualTiledMapService] Removed tile at Collision[17,9]
 [VirtualTiledMapService] Set tile at FogOfWar[17,9] = 301
 [VirtualTiledMapService] Set tile at Base[17,10] = 101
 [VirtualTiledMapService] Removed tile at Collision[17,10]
 [VirtualTiledMapService] Set tile at Base[17,11] = 100
 [VirtualTiledMapService] Removed tile at Collision[17,11]
 [VirtualPitWidthManager] Extending inner floor column at x=18
 [VirtualTiledMapService] Set tile at Base[18,1] = 100
 [VirtualTiledMapService] Removed tile at Collision[18,1]
 [VirtualTiledMapService] Set tile at Base[18,2] = 101
 [VirtualTiledMapService] Removed tile at Collision[18,2]
 [VirtualTiledMapService] Set tile at Base[18,3] = 101
 [VirtualTiledMapService] Removed tile at Collision[18,3]
 [VirtualTiledMapService] Set tile at FogOfWar[18,3] = 301
 [VirtualTiledMapService] Set tile at Base[18,4] = 101
 [VirtualTiledMapService] Removed tile at Collision[18,4]
 [VirtualTiledMapService] Set tile at FogOfWar[18,4] = 301
 [VirtualTiledMapService] Set tile at Base[18,5] = 101
 [VirtualTiledMapService] Removed tile at Collision[18,5]
 [VirtualTiledMapService] Set tile at FogOfWar[18,5] = 301
 [VirtualTiledMapService] Set tile at Base[18,6] = 101
 [VirtualTiledMapService] Removed tile at Collision[18,6]
 [VirtualTiledMapService] Set tile at FogOfWar[18,6] = 301
 [VirtualTiledMapService] Set tile at Base[18,7] = 101
 [VirtualTiledMapService] Removed tile at Collision[18,7]
 [VirtualTiledMapService] Set tile at FogOfWar[18,7] = 301
 [VirtualTiledMapService] Set tile at Base[18,8] = 101
 [VirtualTiledMapService] Removed tile at Collision[18,8]
 [VirtualTiledMapService] Set tile at FogOfWar[18,8] = 301
 [VirtualTiledMapService] Set tile at Base[18,9] = 101
 [VirtualTiledMapService] Removed tile at Collision[18,9]
 [VirtualTiledMapService] Set tile at FogOfWar[18,9] = 301
 [VirtualTiledMapService] Set tile at Base[18,10] = 101
 [VirtualTiledMapService] Removed tile at Collision[18,10]
 [VirtualTiledMapService] Set tile at Base[18,11] = 100
 [VirtualTiledMapService] Removed tile at Collision[18,11]
 [VirtualPitWidthManager] Extending inner floor column at x=19
 [VirtualTiledMapService] Set tile at Base[19,1] = 100
 [VirtualTiledMapService] Removed tile at Collision[19,1]
 [VirtualTiledMapService] Set tile at Base[19,2] = 101
 [VirtualTiledMapService] Removed tile at Collision[19,2]
 [VirtualTiledMapService] Set tile at Base[19,3] = 101
 [VirtualTiledMapService] Removed tile at Collision[19,3]
 [VirtualTiledMapService] Set tile at FogOfWar[19,3] = 301
 [VirtualTiledMapService] Set tile at Base[19,4] = 101
 [VirtualTiledMapService] Removed tile at Collision[19,4]
 [VirtualTiledMapService] Set tile at FogOfWar[19,4] = 301
 [VirtualTiledMapService] Set tile at Base[19,5] = 101
 [VirtualTiledMapService] Removed tile at Collision[19,5]
 [VirtualTiledMapService] Set tile at FogOfWar[19,5] = 301
 [VirtualTiledMapService] Set tile at Base[19,6] = 101
 [VirtualTiledMapService] Removed tile at Collision[19,6]
 [VirtualTiledMapService] Set tile at FogOfWar[19,6] = 301
 [VirtualTiledMapService] Set tile at Base[19,7] = 101
 [VirtualTiledMapService] Removed tile at Collision[19,7]
 [VirtualTiledMapService] Set tile at FogOfWar[19,7] = 301
 [VirtualTiledMapService] Set tile at Base[19,8] = 101
 [VirtualTiledMapService] Removed tile at Collision[19,8]
 [VirtualTiledMapService] Set tile at FogOfWar[19,8] = 301
 [VirtualTiledMapService] Set tile at Base[19,9] = 101
 [VirtualTiledMapService] Removed tile at Collision[19,9]
 [VirtualTiledMapService] Set tile at FogOfWar[19,9] = 301
 [VirtualTiledMapService] Set tile at Base[19,10] = 101
 [VirtualTiledMapService] Removed tile at Collision[19,10]
 [VirtualTiledMapService] Set tile at Base[19,11] = 100
 [VirtualTiledMapService] Removed tile at Collision[19,11]
 [VirtualPitWidthManager] Extending inner floor column at x=20
 [VirtualTiledMapService] Set tile at Base[20,1] = 100
 [VirtualTiledMapService] Removed tile at Collision[20,1]
 [VirtualTiledMapService] Set tile at Base[20,2] = 101
 [VirtualTiledMapService] Removed tile at Collision[20,2]
 [VirtualTiledMapService] Set tile at Base[20,3] = 101
 [VirtualTiledMapService] Removed tile at Collision[20,3]
 [VirtualTiledMapService] Set tile at FogOfWar[20,3] = 301
 [VirtualTiledMapService] Set tile at Base[20,4] = 101
 [VirtualTiledMapService] Removed tile at Collision[20,4]
 [VirtualTiledMapService] Set tile at FogOfWar[20,4] = 301
 [VirtualTiledMapService] Set tile at Base[20,5] = 101
 [VirtualTiledMapService] Removed tile at Collision[20,5]
 [VirtualTiledMapService] Set tile at FogOfWar[20,5] = 301
 [VirtualTiledMapService] Set tile at Base[20,6] = 101
 [VirtualTiledMapService] Removed tile at Collision[20,6]
 [VirtualTiledMapService] Set tile at FogOfWar[20,6] = 301
 [VirtualTiledMapService] Set tile at Base[20,7] = 101
 [VirtualTiledMapService] Removed tile at Collision[20,7]
 [VirtualTiledMapService] Set tile at FogOfWar[20,7] = 301
 [VirtualTiledMapService] Set tile at Base[20,8] = 101
 [VirtualTiledMapService] Removed tile at Collision[20,8]
 [VirtualTiledMapService] Set tile at FogOfWar[20,8] = 301
 [VirtualTiledMapService] Set tile at Base[20,9] = 101
 [VirtualTiledMapService] Removed tile at Collision[20,9]
 [VirtualTiledMapService] Set tile at FogOfWar[20,9] = 301
 [VirtualTiledMapService] Set tile at Base[20,10] = 101
 [VirtualTiledMapService] Removed tile at Collision[20,10]
 [VirtualTiledMapService] Set tile at Base[20,11] = 100
 [VirtualTiledMapService] Removed tile at Collision[20,11]
 [VirtualPitWidthManager] Extending inner floor column at x=21
 [VirtualTiledMapService] Set tile at Base[21,1] = 100
 [VirtualTiledMapService] Removed tile at Collision[21,1]
 [VirtualTiledMapService] Set tile at Base[21,2] = 101
 [VirtualTiledMapService] Removed tile at Collision[21,2]
 [VirtualTiledMapService] Set tile at Base[21,3] = 101
 [VirtualTiledMapService] Removed tile at Collision[21,3]
 [VirtualTiledMapService] Set tile at FogOfWar[21,3] = 301
 [VirtualTiledMapService] Set tile at Base[21,4] = 101
 [VirtualTiledMapService] Removed tile at Collision[21,4]
 [VirtualTiledMapService] Set tile at FogOfWar[21,4] = 301
 [VirtualTiledMapService] Set tile at Base[21,5] = 101
 [VirtualTiledMapService] Removed tile at Collision[21,5]
 [VirtualTiledMapService] Set tile at FogOfWar[21,5] = 301
 [VirtualTiledMapService] Set tile at Base[21,6] = 101
 [VirtualTiledMapService] Removed tile at Collision[21,6]
 [VirtualTiledMapService] Set tile at FogOfWar[21,6] = 301
 [VirtualTiledMapService] Set tile at Base[21,7] = 101
 [VirtualTiledMapService] Removed tile at Collision[21,7]
 [VirtualTiledMapService] Set tile at FogOfWar[21,7] = 301
 [VirtualTiledMapService] Set tile at Base[21,8] = 101
 [VirtualTiledMapService] Removed tile at Collision[21,8]
 [VirtualTiledMapService] Set tile at FogOfWar[21,8] = 301
 [VirtualTiledMapService] Set tile at Base[21,9] = 101
 [VirtualTiledMapService] Removed tile at Collision[21,9]
 [VirtualTiledMapService] Set tile at FogOfWar[21,9] = 301
 [VirtualTiledMapService] Set tile at Base[21,10] = 101
 [VirtualTiledMapService] Removed tile at Collision[21,10]
 [VirtualTiledMapService] Set tile at Base[21,11] = 100
 [VirtualTiledMapService] Removed tile at Collision[21,11]
 [VirtualPitWidthManager] Extending inner floor column at x=22
 [VirtualTiledMapService] Set tile at Base[22,1] = 100
 [VirtualTiledMapService] Removed tile at Collision[22,1]
 [VirtualTiledMapService] Set tile at Base[22,2] = 101
 [VirtualTiledMapService] Removed tile at Collision[22,2]
 [VirtualTiledMapService] Set tile at Base[22,3] = 101
 [VirtualTiledMapService] Removed tile at Collision[22,3]
 [VirtualTiledMapService] Set tile at FogOfWar[22,3] = 301
 [VirtualTiledMapService] Set tile at Base[22,4] = 101
 [VirtualTiledMapService] Removed tile at Collision[22,4]
 [VirtualTiledMapService] Set tile at FogOfWar[22,4] = 301
 [VirtualTiledMapService] Set tile at Base[22,5] = 101
 [VirtualTiledMapService] Removed tile at Collision[22,5]
 [VirtualTiledMapService] Set tile at FogOfWar[22,5] = 301
 [VirtualTiledMapService] Set tile at Base[22,6] = 101
 [VirtualTiledMapService] Removed tile at Collision[22,6]
 [VirtualTiledMapService] Set tile at FogOfWar[22,6] = 301
 [VirtualTiledMapService] Set tile at Base[22,7] = 101
 [VirtualTiledMapService] Removed tile at Collision[22,7]
 [VirtualTiledMapService] Set tile at FogOfWar[22,7] = 301
 [VirtualTiledMapService] Set tile at Base[22,8] = 101
 [VirtualTiledMapService] Removed tile at Collision[22,8]
 [VirtualTiledMapService] Set tile at FogOfWar[22,8] = 301
 [VirtualTiledMapService] Set tile at Base[22,9] = 101
 [VirtualTiledMapService] Removed tile at Collision[22,9]
 [VirtualTiledMapService] Set tile at FogOfWar[22,9] = 301
 [VirtualTiledMapService] Set tile at Base[22,10] = 101
 [VirtualTiledMapService] Removed tile at Collision[22,10]
 [VirtualTiledMapService] Set tile at Base[22,11] = 100
 [VirtualTiledMapService] Removed tile at Collision[22,11]
 [VirtualPitWidthManager] Extending inner floor column at x=23
 [VirtualTiledMapService] Set tile at Base[23,1] = 100
 [VirtualTiledMapService] Removed tile at Collision[23,1]
 [VirtualTiledMapService] Set tile at Base[23,2] = 101
 [VirtualTiledMapService] Removed tile at Collision[23,2]
 [VirtualTiledMapService] Set tile at Base[23,3] = 101
 [VirtualTiledMapService] Removed tile at Collision[23,3]
 [VirtualTiledMapService] Set tile at FogOfWar[23,3] = 301
 [VirtualTiledMapService] Set tile at Base[23,4] = 101
 [VirtualTiledMapService] Removed tile at Collision[23,4]
 [VirtualTiledMapService] Set tile at FogOfWar[23,4] = 301
 [VirtualTiledMapService] Set tile at Base[23,5] = 101
 [VirtualTiledMapService] Removed tile at Collision[23,5]
 [VirtualTiledMapService] Set tile at FogOfWar[23,5] = 301
 [VirtualTiledMapService] Set tile at Base[23,6] = 101
 [VirtualTiledMapService] Removed tile at Collision[23,6]
 [VirtualTiledMapService] Set tile at FogOfWar[23,6] = 301
 [VirtualTiledMapService] Set tile at Base[23,7] = 101
 [VirtualTiledMapService] Removed tile at Collision[23,7]
 [VirtualTiledMapService] Set tile at FogOfWar[23,7] = 301
 [VirtualTiledMapService] Set tile at Base[23,8] = 101
 [VirtualTiledMapService] Removed tile at Collision[23,8]
 [VirtualTiledMapService] Set tile at FogOfWar[23,8] = 301
 [VirtualTiledMapService] Set tile at Base[23,9] = 101
 [VirtualTiledMapService] Removed tile at Collision[23,9]
 [VirtualTiledMapService] Set tile at FogOfWar[23,9] = 301
 [VirtualTiledMapService] Set tile at Base[23,10] = 101
 [VirtualTiledMapService] Removed tile at Collision[23,10]
 [VirtualTiledMapService] Set tile at Base[23,11] = 100
 [VirtualTiledMapService] Removed tile at Collision[23,11]
 [VirtualPitWidthManager] Extending inner floor column at x=24
 [VirtualTiledMapService] Set tile at Base[24,1] = 100
 [VirtualTiledMapService] Removed tile at Collision[24,1]
 [VirtualTiledMapService] Set tile at Base[24,2] = 101
 [VirtualTiledMapService] Removed tile at Collision[24,2]
 [VirtualTiledMapService] Set tile at Base[24,3] = 101
 [VirtualTiledMapService] Removed tile at Collision[24,3]
 [VirtualTiledMapService] Set tile at FogOfWar[24,3] = 301
 [VirtualTiledMapService] Set tile at Base[24,4] = 101
 [VirtualTiledMapService] Removed tile at Collision[24,4]
 [VirtualTiledMapService] Set tile at FogOfWar[24,4] = 301
 [VirtualTiledMapService] Set tile at Base[24,5] = 101
 [VirtualTiledMapService] Removed tile at Collision[24,5]
 [VirtualTiledMapService] Set tile at FogOfWar[24,5] = 301
 [VirtualTiledMapService] Set tile at Base[24,6] = 101
 [VirtualTiledMapService] Removed tile at Collision[24,6]
 [VirtualTiledMapService] Set tile at FogOfWar[24,6] = 301
 [VirtualTiledMapService] Set tile at Base[24,7] = 101
 [VirtualTiledMapService] Removed tile at Collision[24,7]
 [VirtualTiledMapService] Set tile at FogOfWar[24,7] = 301
 [VirtualTiledMapService] Set tile at Base[24,8] = 101
 [VirtualTiledMapService] Removed tile at Collision[24,8]
 [VirtualTiledMapService] Set tile at FogOfWar[24,8] = 301
 [VirtualTiledMapService] Set tile at Base[24,9] = 101
 [VirtualTiledMapService] Removed tile at Collision[24,9]
 [VirtualTiledMapService] Set tile at FogOfWar[24,9] = 301
 [VirtualTiledMapService] Set tile at Base[24,10] = 101
 [VirtualTiledMapService] Removed tile at Collision[24,10]
 [VirtualTiledMapService] Set tile at Base[24,11] = 100
 [VirtualTiledMapService] Removed tile at Collision[24,11]
 [VirtualPitWidthManager] Extending inner floor column at x=25
 [VirtualTiledMapService] Set tile at Base[25,1] = 100
 [VirtualTiledMapService] Removed tile at Collision[25,1]
 [VirtualTiledMapService] Set tile at Base[25,2] = 101
 [VirtualTiledMapService] Removed tile at Collision[25,2]
 [VirtualTiledMapService] Set tile at Base[25,3] = 101
 [VirtualTiledMapService] Removed tile at Collision[25,3]
 [VirtualTiledMapService] Set tile at FogOfWar[25,3] = 301
 [VirtualTiledMapService] Set tile at Base[25,4] = 101
 [VirtualTiledMapService] Removed tile at Collision[25,4]
 [VirtualTiledMapService] Set tile at FogOfWar[25,4] = 301
 [VirtualTiledMapService] Set tile at Base[25,5] = 101
 [VirtualTiledMapService] Removed tile at Collision[25,5]
 [VirtualTiledMapService] Set tile at FogOfWar[25,5] = 301
 [VirtualTiledMapService] Set tile at Base[25,6] = 101
 [VirtualTiledMapService] Removed tile at Collision[25,6]
 [VirtualTiledMapService] Set tile at FogOfWar[25,6] = 301
 [VirtualTiledMapService] Set tile at Base[25,7] = 101
 [VirtualTiledMapService] Removed tile at Collision[25,7]
 [VirtualTiledMapService] Set tile at FogOfWar[25,7] = 301
 [VirtualTiledMapService] Set tile at Base[25,8] = 101
 [VirtualTiledMapService] Removed tile at Collision[25,8]
 [VirtualTiledMapService] Set tile at FogOfWar[25,8] = 301
 [VirtualTiledMapService] Set tile at Base[25,9] = 101
 [VirtualTiledMapService] Removed tile at Collision[25,9]
 [VirtualTiledMapService] Set tile at FogOfWar[25,9] = 301
 [VirtualTiledMapService] Set tile at Base[25,10] = 101
 [VirtualTiledMapService] Removed tile at Collision[25,10]
 [VirtualTiledMapService] Set tile at Base[25,11] = 100
 [VirtualTiledMapService] Removed tile at Collision[25,11]
 [VirtualPitWidthManager] Extending inner floor column at x=26
 [VirtualTiledMapService] Set tile at Base[26,1] = 100
 [VirtualTiledMapService] Removed tile at Collision[26,1]
 [VirtualTiledMapService] Set tile at Base[26,2] = 101
 [VirtualTiledMapService] Removed tile at Collision[26,2]
 [VirtualTiledMapService] Set tile at Base[26,3] = 101
 [VirtualTiledMapService] Removed tile at Collision[26,3]
 [VirtualTiledMapService] Set tile at FogOfWar[26,3] = 301
 [VirtualTiledMapService] Set tile at Base[26,4] = 101
 [VirtualTiledMapService] Removed tile at Collision[26,4]
 [VirtualTiledMapService] Set tile at FogOfWar[26,4] = 301
 [VirtualTiledMapService] Set tile at Base[26,5] = 101
 [VirtualTiledMapService] Removed tile at Collision[26,5]
 [VirtualTiledMapService] Set tile at FogOfWar[26,5] = 301
 [VirtualTiledMapService] Set tile at Base[26,6] = 101
 [VirtualTiledMapService] Removed tile at Collision[26,6]
 [VirtualTiledMapService] Set tile at FogOfWar[26,6] = 301
 [VirtualTiledMapService] Set tile at Base[26,7] = 101
 [VirtualTiledMapService] Removed tile at Collision[26,7]
 [VirtualTiledMapService] Set tile at FogOfWar[26,7] = 301
 [VirtualTiledMapService] Set tile at Base[26,8] = 101
 [VirtualTiledMapService] Removed tile at Collision[26,8]
 [VirtualTiledMapService] Set tile at FogOfWar[26,8] = 301
 [VirtualTiledMapService] Set tile at Base[26,9] = 101
 [VirtualTiledMapService] Removed tile at Collision[26,9]
 [VirtualTiledMapService] Set tile at FogOfWar[26,9] = 301
 [VirtualTiledMapService] Set tile at Base[26,10] = 101
 [VirtualTiledMapService] Removed tile at Collision[26,10]
 [VirtualTiledMapService] Set tile at Base[26,11] = 100
 [VirtualTiledMapService] Removed tile at Collision[26,11]
 [VirtualPitWidthManager] Extending inner floor column at x=27
 [VirtualTiledMapService] Set tile at Base[27,1] = 100
 [VirtualTiledMapService] Removed tile at Collision[27,1]
 [VirtualTiledMapService] Set tile at Base[27,2] = 101
 [VirtualTiledMapService] Removed tile at Collision[27,2]
 [VirtualTiledMapService] Set tile at Base[27,3] = 101
 [VirtualTiledMapService] Removed tile at Collision[27,3]
 [VirtualTiledMapService] Set tile at FogOfWar[27,3] = 301
 [VirtualTiledMapService] Set tile at Base[27,4] = 101
 [VirtualTiledMapService] Removed tile at Collision[27,4]
 [VirtualTiledMapService] Set tile at FogOfWar[27,4] = 301
 [VirtualTiledMapService] Set tile at Base[27,5] = 101
 [VirtualTiledMapService] Removed tile at Collision[27,5]
 [VirtualTiledMapService] Set tile at FogOfWar[27,5] = 301
 [VirtualTiledMapService] Set tile at Base[27,6] = 101
 [VirtualTiledMapService] Removed tile at Collision[27,6]
 [VirtualTiledMapService] Set tile at FogOfWar[27,6] = 301
 [VirtualTiledMapService] Set tile at Base[27,7] = 101
 [VirtualTiledMapService] Removed tile at Collision[27,7]
 [VirtualTiledMapService] Set tile at FogOfWar[27,7] = 301
 [VirtualTiledMapService] Set tile at Base[27,8] = 101
 [VirtualTiledMapService] Removed tile at Collision[27,8]
 [VirtualTiledMapService] Set tile at FogOfWar[27,8] = 301
 [VirtualTiledMapService] Set tile at Base[27,9] = 101
 [VirtualTiledMapService] Removed tile at Collision[27,9]
 [VirtualTiledMapService] Set tile at FogOfWar[27,9] = 301
 [VirtualTiledMapService] Set tile at Base[27,10] = 101
 [VirtualTiledMapService] Removed tile at Collision[27,10]
 [VirtualTiledMapService] Set tile at Base[27,11] = 100
 [VirtualTiledMapService] Removed tile at Collision[27,11]
 [VirtualPitWidthManager] Extending inner floor column at x=28
 [VirtualTiledMapService] Set tile at Base[28,1] = 100
 [VirtualTiledMapService] Removed tile at Collision[28,1]
 [VirtualTiledMapService] Set tile at Base[28,2] = 101
 [VirtualTiledMapService] Removed tile at Collision[28,2]
 [VirtualTiledMapService] Set tile at Base[28,3] = 101
 [VirtualTiledMapService] Removed tile at Collision[28,3]
 [VirtualTiledMapService] Set tile at FogOfWar[28,3] = 301
 [VirtualTiledMapService] Set tile at Base[28,4] = 101
 [VirtualTiledMapService] Removed tile at Collision[28,4]
 [VirtualTiledMapService] Set tile at FogOfWar[28,4] = 301
 [VirtualTiledMapService] Set tile at Base[28,5] = 101
 [VirtualTiledMapService] Removed tile at Collision[28,5]
 [VirtualTiledMapService] Set tile at FogOfWar[28,5] = 301
 [VirtualTiledMapService] Set tile at Base[28,6] = 101
 [VirtualTiledMapService] Removed tile at Collision[28,6]
 [VirtualTiledMapService] Set tile at FogOfWar[28,6] = 301
 [VirtualTiledMapService] Set tile at Base[28,7] = 101
 [VirtualTiledMapService] Removed tile at Collision[28,7]
 [VirtualTiledMapService] Set tile at FogOfWar[28,7] = 301
 [VirtualTiledMapService] Set tile at Base[28,8] = 101
 [VirtualTiledMapService] Removed tile at Collision[28,8]
 [VirtualTiledMapService] Set tile at FogOfWar[28,8] = 301
 [VirtualTiledMapService] Set tile at Base[28,9] = 101
 [VirtualTiledMapService] Removed tile at Collision[28,9]
 [VirtualTiledMapService] Set tile at FogOfWar[28,9] = 301
 [VirtualTiledMapService] Set tile at Base[28,10] = 101
 [VirtualTiledMapService] Removed tile at Collision[28,10]
 [VirtualTiledMapService] Set tile at Base[28,11] = 100
 [VirtualTiledMapService] Removed tile at Collision[28,11]
 [VirtualPitWidthManager] Extending inner floor column at x=29
 [VirtualTiledMapService] Set tile at Base[29,1] = 100
 [VirtualTiledMapService] Removed tile at Collision[29,1]
 [VirtualTiledMapService] Set tile at Base[29,2] = 101
 [VirtualTiledMapService] Removed tile at Collision[29,2]
 [VirtualTiledMapService] Set tile at Base[29,3] = 101
 [VirtualTiledMapService] Removed tile at Collision[29,3]
 [VirtualTiledMapService] Set tile at FogOfWar[29,3] = 301
 [VirtualTiledMapService] Set tile at Base[29,4] = 101
 [VirtualTiledMapService] Removed tile at Collision[29,4]
 [VirtualTiledMapService] Set tile at FogOfWar[29,4] = 301
 [VirtualTiledMapService] Set tile at Base[29,5] = 101
 [VirtualTiledMapService] Removed tile at Collision[29,5]
 [VirtualTiledMapService] Set tile at FogOfWar[29,5] = 301
 [VirtualTiledMapService] Set tile at Base[29,6] = 101
 [VirtualTiledMapService] Removed tile at Collision[29,6]
 [VirtualTiledMapService] Set tile at FogOfWar[29,6] = 301
 [VirtualTiledMapService] Set tile at Base[29,7] = 101
 [VirtualTiledMapService] Removed tile at Collision[29,7]
 [VirtualTiledMapService] Set tile at FogOfWar[29,7] = 301
 [VirtualTiledMapService] Set tile at Base[29,8] = 101
 [VirtualTiledMapService] Removed tile at Collision[29,8]
 [VirtualTiledMapService] Set tile at FogOfWar[29,8] = 301
 [VirtualTiledMapService] Set tile at Base[29,9] = 101
 [VirtualTiledMapService] Removed tile at Collision[29,9]
 [VirtualTiledMapService] Set tile at FogOfWar[29,9] = 301
 [VirtualTiledMapService] Set tile at Base[29,10] = 101
 [VirtualTiledMapService] Removed tile at Collision[29,10]
 [VirtualTiledMapService] Set tile at Base[29,11] = 100
 [VirtualTiledMapService] Removed tile at Collision[29,11]
 [VirtualPitWidthManager] Extending inner wall column at x=30
 [VirtualTiledMapService] Set tile at Base[30,1] = 102
 [VirtualTiledMapService] Removed tile at Collision[30,1]
 [VirtualTiledMapService] Set tile at Base[30,2] = 102
 [VirtualTiledMapService] Set tile at Collision[30,2] = 201
 [VirtualTiledMapService] Set tile at Base[30,3] = 102
 [VirtualTiledMapService] Set tile at Collision[30,3] = 201
 [VirtualTiledMapService] Set tile at Base[30,4] = 102
 [VirtualTiledMapService] Set tile at Collision[30,4] = 201
 [VirtualTiledMapService] Set tile at Base[30,5] = 102
 [VirtualTiledMapService] Set tile at Collision[30,5] = 201
 [VirtualTiledMapService] Set tile at Base[30,6] = 102
 [VirtualTiledMapService] Set tile at Collision[30,6] = 201
 [VirtualTiledMapService] Set tile at Base[30,7] = 102
 [VirtualTiledMapService] Set tile at Collision[30,7] = 201
 [VirtualTiledMapService] Set tile at Base[30,8] = 102
 [VirtualTiledMapService] Set tile at Collision[30,8] = 201
 [VirtualTiledMapService] Set tile at Base[30,9] = 102
 [VirtualTiledMapService] Set tile at Collision[30,9] = 201
 [VirtualTiledMapService] Set tile at Base[30,10] = 102
 [VirtualTiledMapService] Set tile at Collision[30,10] = 201
 [VirtualTiledMapService] Set tile at Base[30,11] = 102
 [VirtualTiledMapService] Removed tile at Collision[30,11]
 [VirtualPitWidthManager] Extending outer floor column at x=31
 [VirtualTiledMapService] Set tile at Base[31,1] = 100
 [VirtualTiledMapService] Removed tile at Collision[31,1]
 [VirtualTiledMapService] Set tile at Base[31,2] = 103
 [VirtualTiledMapService] Removed tile at Collision[31,2]
 [VirtualTiledMapService] Set tile at Base[31,3] = 103
 [VirtualTiledMapService] Removed tile at Collision[31,3]
 [VirtualTiledMapService] Set tile at Base[31,4] = 103
 [VirtualTiledMapService] Removed tile at Collision[31,4]
 [VirtualTiledMapService] Set tile at Base[31,5] = 103
 [VirtualTiledMapService] Removed tile at Collision[31,5]
 [VirtualTiledMapService] Set tile at Base[31,6] = 103
 [VirtualTiledMapService] Removed tile at Collision[31,6]
 [VirtualTiledMapService] Set tile at Base[31,7] = 103
 [VirtualTiledMapService] Removed tile at Collision[31,7]
 [VirtualTiledMapService] Set tile at Base[31,8] = 103
 [VirtualTiledMapService] Removed tile at Collision[31,8]
 [VirtualTiledMapService] Set tile at Base[31,9] = 103
 [VirtualTiledMapService] Removed tile at Collision[31,9]
 [VirtualTiledMapService] Set tile at Base[31,10] = 103
 [VirtualTiledMapService] Removed tile at Collision[31,10]
 [VirtualTiledMapService] Set tile at Base[31,11] = 100
 [VirtualTiledMapService] Removed tile at Collision[31,11]
 [VirtualPitWidthManager] Pit extension complete. New right edge: 31
 [VirtualPitWidthManager] Regenerating FogOfWar for entire pit area from x=2 to x=31, y=3 to y=9
 [VirtualTiledMapService] Set tile at FogOfWar[2,3] = 301
 [VirtualTiledMapService] Set tile at FogOfWar[2,4] = 301
 [VirtualTiledMapService] Set tile at FogOfWar[2,5] = 301
 [VirtualTiledMapService] Set tile at FogOfWar[2,6] = 301
 [VirtualTiledMapService] Set tile at FogOfWar[2,7] = 301
 [VirtualTiledMapService] Set tile at FogOfWar[2,8] = 301
 [VirtualTiledMapService] Set tile at FogOfWar[2,9] = 301
 [VirtualTiledMapService] Set tile at FogOfWar[3,3] = 301
 [VirtualTiledMapService] Set tile at FogOfWar[3,4] = 301
 [VirtualTiledMapService] Set tile at FogOfWar[3,5] = 301
 [VirtualTiledMapService] Set tile at FogOfWar[3,6] = 301
 [VirtualTiledMapService] Set tile at FogOfWar[3,7] = 301
 [VirtualTiledMapService] Set tile at FogOfWar[3,8] = 301
 [VirtualTiledMapService] Set tile at FogOfWar[3,9] = 301
 [VirtualTiledMapService] Set tile at FogOfWar[4,3] = 301
 [VirtualTiledMapService] Set tile at FogOfWar[4,4] = 301
 [VirtualTiledMapService] Set tile at FogOfWar[4,5] = 301
 [VirtualTiledMapService] Set tile at FogOfWar[4,6] = 301
 [VirtualTiledMapService] Set tile at FogOfWar[4,7] = 301
 [VirtualTiledMapService] Set tile at FogOfWar[4,8] = 301
 [VirtualTiledMapService] Set tile at FogOfWar[4,9] = 301
 [VirtualTiledMapService] Set tile at FogOfWar[5,3] = 301
 [VirtualTiledMapService] Set tile at FogOfWar[5,4] = 301
 [VirtualTiledMapService] Set tile at FogOfWar[5,5] = 301
 [VirtualTiledMapService] Set tile at FogOfWar[5,6] = 301
 [VirtualTiledMapService] Set tile at FogOfWar[5,7] = 301
 [VirtualTiledMapService] Set tile at FogOfWar[5,8] = 301
 [VirtualTiledMapService] Set tile at FogOfWar[5,9] = 301
 [VirtualTiledMapService] Set tile at FogOfWar[6,3] = 301
 [VirtualTiledMapService] Set tile at FogOfWar[6,4] = 301
 [VirtualTiledMapService] Set tile at FogOfWar[6,5] = 301
 [VirtualTiledMapService] Set tile at FogOfWar[6,6] = 301
 [VirtualTiledMapService] Set tile at FogOfWar[6,7] = 301
 [VirtualTiledMapService] Set tile at FogOfWar[6,8] = 301
 [VirtualTiledMapService] Set tile at FogOfWar[6,9] = 301
 [VirtualTiledMapService] Set tile at FogOfWar[7,3] = 301
 [VirtualTiledMapService] Set tile at FogOfWar[7,4] = 301
 [VirtualTiledMapService] Set tile at FogOfWar[7,5] = 301
 [VirtualTiledMapService] Set tile at FogOfWar[7,6] = 301
 [VirtualTiledMapService] Set tile at FogOfWar[7,7] = 301
 [VirtualTiledMapService] Set tile at FogOfWar[7,8] = 301
 [VirtualTiledMapService] Set tile at FogOfWar[7,9] = 301
 [VirtualTiledMapService] Set tile at FogOfWar[8,3] = 301
 [VirtualTiledMapService] Set tile at FogOfWar[8,4] = 301
 [VirtualTiledMapService] Set tile at FogOfWar[8,5] = 301
 [VirtualTiledMapService] Set tile at FogOfWar[8,6] = 301
 [VirtualTiledMapService] Set tile at FogOfWar[8,7] = 301
 [VirtualTiledMapService] Set tile at FogOfWar[8,8] = 301
 [VirtualTiledMapService] Set tile at FogOfWar[8,9] = 301
 [VirtualTiledMapService] Set tile at FogOfWar[9,3] = 301
 [VirtualTiledMapService] Set tile at FogOfWar[9,4] = 301
 [VirtualTiledMapService] Set tile at FogOfWar[9,5] = 301
 [VirtualTiledMapService] Set tile at FogOfWar[9,6] = 301
 [VirtualTiledMapService] Set tile at FogOfWar[9,7] = 301
 [VirtualTiledMapService] Set tile at FogOfWar[9,8] = 301
 [VirtualTiledMapService] Set tile at FogOfWar[9,9] = 301
 [VirtualTiledMapService] Set tile at FogOfWar[10,3] = 301
 [VirtualTiledMapService] Set tile at FogOfWar[10,4] = 301
 [VirtualTiledMapService] Set tile at FogOfWar[10,5] = 301
 [VirtualTiledMapService] Set tile at FogOfWar[10,6] = 301
 [VirtualTiledMapService] Set tile at FogOfWar[10,7] = 301
 [VirtualTiledMapService] Set tile at FogOfWar[10,8] = 301
 [VirtualTiledMapService] Set tile at FogOfWar[10,9] = 301
 [VirtualTiledMapService] Set tile at FogOfWar[11,3] = 301
 [VirtualTiledMapService] Set tile at FogOfWar[11,4] = 301
 [VirtualTiledMapService] Set tile at FogOfWar[11,5] = 301
 [VirtualTiledMapService] Set tile at FogOfWar[11,6] = 301
 [VirtualTiledMapService] Set tile at FogOfWar[11,7] = 301
 [VirtualTiledMapService] Set tile at FogOfWar[11,8] = 301
 [VirtualTiledMapService] Set tile at FogOfWar[11,9] = 301
 [VirtualTiledMapService] Set tile at FogOfWar[12,3] = 301
 [VirtualTiledMapService] Set tile at FogOfWar[12,4] = 301
 [VirtualTiledMapService] Set tile at FogOfWar[12,5] = 301
 [VirtualTiledMapService] Set tile at FogOfWar[12,6] = 301
 [VirtualTiledMapService] Set tile at FogOfWar[12,7] = 301
 [VirtualTiledMapService] Set tile at FogOfWar[12,8] = 301
 [VirtualTiledMapService] Set tile at FogOfWar[12,9] = 301
 [VirtualTiledMapService] Set tile at FogOfWar[13,3] = 301
 [VirtualTiledMapService] Set tile at FogOfWar[13,4] = 301
 [VirtualTiledMapService] Set tile at FogOfWar[13,5] = 301
 [VirtualTiledMapService] Set tile at FogOfWar[13,6] = 301
 [VirtualTiledMapService] Set tile at FogOfWar[13,7] = 301
 [VirtualTiledMapService] Set tile at FogOfWar[13,8] = 301
 [VirtualTiledMapService] Set tile at FogOfWar[13,9] = 301
 [VirtualTiledMapService] Set tile at FogOfWar[14,3] = 301
 [VirtualTiledMapService] Set tile at FogOfWar[14,4] = 301
 [VirtualTiledMapService] Set tile at FogOfWar[14,5] = 301
 [VirtualTiledMapService] Set tile at FogOfWar[14,6] = 301
 [VirtualTiledMapService] Set tile at FogOfWar[14,7] = 301
 [VirtualTiledMapService] Set tile at FogOfWar[14,8] = 301
 [VirtualTiledMapService] Set tile at FogOfWar[14,9] = 301
 [VirtualTiledMapService] Set tile at FogOfWar[15,3] = 301
 [VirtualTiledMapService] Set tile at FogOfWar[15,4] = 301
 [VirtualTiledMapService] Set tile at FogOfWar[15,5] = 301
 [VirtualTiledMapService] Set tile at FogOfWar[15,6] = 301
 [VirtualTiledMapService] Set tile at FogOfWar[15,7] = 301
 [VirtualTiledMapService] Set tile at FogOfWar[15,8] = 301
 [VirtualTiledMapService] Set tile at FogOfWar[15,9] = 301
 [VirtualTiledMapService] Set tile at FogOfWar[16,3] = 301
 [VirtualTiledMapService] Set tile at FogOfWar[16,4] = 301
 [VirtualTiledMapService] Set tile at FogOfWar[16,5] = 301
 [VirtualTiledMapService] Set tile at FogOfWar[16,6] = 301
 [VirtualTiledMapService] Set tile at FogOfWar[16,7] = 301
 [VirtualTiledMapService] Set tile at FogOfWar[16,8] = 301
 [VirtualTiledMapService] Set tile at FogOfWar[16,9] = 301
 [VirtualTiledMapService] Set tile at FogOfWar[17,3] = 301
 [VirtualTiledMapService] Set tile at FogOfWar[17,4] = 301
 [VirtualTiledMapService] Set tile at FogOfWar[17,5] = 301
 [VirtualTiledMapService] Set tile at FogOfWar[17,6] = 301
 [VirtualTiledMapService] Set tile at FogOfWar[17,7] = 301
 [VirtualTiledMapService] Set tile at FogOfWar[17,8] = 301
 [VirtualTiledMapService] Set tile at FogOfWar[17,9] = 301
 [VirtualTiledMapService] Set tile at FogOfWar[18,3] = 301
 [VirtualTiledMapService] Set tile at FogOfWar[18,4] = 301
 [VirtualTiledMapService] Set tile at FogOfWar[18,5] = 301
 [VirtualTiledMapService] Set tile at FogOfWar[18,6] = 301
 [VirtualTiledMapService] Set tile at FogOfWar[18,7] = 301
 [VirtualTiledMapService] Set tile at FogOfWar[18,8] = 301
 [VirtualTiledMapService] Set tile at FogOfWar[18,9] = 301
 [VirtualTiledMapService] Set tile at FogOfWar[19,3] = 301
 [VirtualTiledMapService] Set tile at FogOfWar[19,4] = 301
 [VirtualTiledMapService] Set tile at FogOfWar[19,5] = 301
 [VirtualTiledMapService] Set tile at FogOfWar[19,6] = 301
 [VirtualTiledMapService] Set tile at FogOfWar[19,7] = 301
 [VirtualTiledMapService] Set tile at FogOfWar[19,8] = 301
 [VirtualTiledMapService] Set tile at FogOfWar[19,9] = 301
 [VirtualTiledMapService] Set tile at FogOfWar[20,3] = 301
 [VirtualTiledMapService] Set tile at FogOfWar[20,4] = 301
 [VirtualTiledMapService] Set tile at FogOfWar[20,5] = 301
 [VirtualTiledMapService] Set tile at FogOfWar[20,6] = 301
 [VirtualTiledMapService] Set tile at FogOfWar[20,7] = 301
 [VirtualTiledMapService] Set tile at FogOfWar[20,8] = 301
 [VirtualTiledMapService] Set tile at FogOfWar[20,9] = 301
 [VirtualTiledMapService] Set tile at FogOfWar[21,3] = 301
 [VirtualTiledMapService] Set tile at FogOfWar[21,4] = 301
 [VirtualTiledMapService] Set tile at FogOfWar[21,5] = 301
 [VirtualTiledMapService] Set tile at FogOfWar[21,6] = 301
 [VirtualTiledMapService] Set tile at FogOfWar[21,7] = 301
 [VirtualTiledMapService] Set tile at FogOfWar[21,8] = 301
 [VirtualTiledMapService] Set tile at FogOfWar[21,9] = 301
 [VirtualTiledMapService] Set tile at FogOfWar[22,3] = 301
 [VirtualTiledMapService] Set tile at FogOfWar[22,4] = 301
 [VirtualTiledMapService] Set tile at FogOfWar[22,5] = 301
 [VirtualTiledMapService] Set tile at FogOfWar[22,6] = 301
 [VirtualTiledMapService] Set tile at FogOfWar[22,7] = 301
 [VirtualTiledMapService] Set tile at FogOfWar[22,8] = 301
 [VirtualTiledMapService] Set tile at FogOfWar[22,9] = 301
 [VirtualTiledMapService] Set tile at FogOfWar[23,3] = 301
 [VirtualTiledMapService] Set tile at FogOfWar[23,4] = 301
 [VirtualTiledMapService] Set tile at FogOfWar[23,5] = 301
 [VirtualTiledMapService] Set tile at FogOfWar[23,6] = 301
 [VirtualTiledMapService] Set tile at FogOfWar[23,7] = 301
 [VirtualTiledMapService] Set tile at FogOfWar[23,8] = 301
 [VirtualTiledMapService] Set tile at FogOfWar[23,9] = 301
 [VirtualTiledMapService] Set tile at FogOfWar[24,3] = 301
 [VirtualTiledMapService] Set tile at FogOfWar[24,4] = 301
 [VirtualTiledMapService] Set tile at FogOfWar[24,5] = 301
 [VirtualTiledMapService] Set tile at FogOfWar[24,6] = 301
 [VirtualTiledMapService] Set tile at FogOfWar[24,7] = 301
 [VirtualTiledMapService] Set tile at FogOfWar[24,8] = 301
 [VirtualTiledMapService] Set tile at FogOfWar[24,9] = 301
 [VirtualTiledMapService] Set tile at FogOfWar[25,3] = 301
 [VirtualTiledMapService] Set tile at FogOfWar[25,4] = 301
 [VirtualTiledMapService] Set tile at FogOfWar[25,5] = 301
 [VirtualTiledMapService] Set tile at FogOfWar[25,6] = 301
 [VirtualTiledMapService] Set tile at FogOfWar[25,7] = 301
 [VirtualTiledMapService] Set tile at FogOfWar[25,8] = 301
 [VirtualTiledMapService] Set tile at FogOfWar[25,9] = 301
 [VirtualTiledMapService] Set tile at FogOfWar[26,3] = 301
 [VirtualTiledMapService] Set tile at FogOfWar[26,4] = 301
 [VirtualTiledMapService] Set tile at FogOfWar[26,5] = 301
 [VirtualTiledMapService] Set tile at FogOfWar[26,6] = 301
 [VirtualTiledMapService] Set tile at FogOfWar[26,7] = 301
 [VirtualTiledMapService] Set tile at FogOfWar[26,8] = 301
 [VirtualTiledMapService] Set tile at FogOfWar[26,9] = 301
 [VirtualTiledMapService] Set tile at FogOfWar[27,3] = 301
 [VirtualTiledMapService] Set tile at FogOfWar[27,4] = 301
 [VirtualTiledMapService] Set tile at FogOfWar[27,5] = 301
 [VirtualTiledMapService] Set tile at FogOfWar[27,6] = 301
 [VirtualTiledMapService] Set tile at FogOfWar[27,7] = 301
 [VirtualTiledMapService] Set tile at FogOfWar[27,8] = 301
 [VirtualTiledMapService] Set tile at FogOfWar[27,9] = 301
 [VirtualTiledMapService] Set tile at FogOfWar[28,3] = 301
 [VirtualTiledMapService] Set tile at FogOfWar[28,4] = 301
 [VirtualTiledMapService] Set tile at FogOfWar[28,5] = 301
 [VirtualTiledMapService] Set tile at FogOfWar[28,6] = 301
 [VirtualTiledMapService] Set tile at FogOfWar[28,7] = 301
 [VirtualTiledMapService] Set tile at FogOfWar[28,8] = 301
 [VirtualTiledMapService] Set tile at FogOfWar[28,9] = 301
 [VirtualTiledMapService] Set tile at FogOfWar[29,3] = 301
 [VirtualTiledMapService] Set tile at FogOfWar[29,4] = 301
 [VirtualTiledMapService] Set tile at FogOfWar[29,5] = 301
 [VirtualTiledMapService] Set tile at FogOfWar[29,6] = 301
 [VirtualTiledMapService] Set tile at FogOfWar[29,7] = 301
 [VirtualTiledMapService] Set tile at FogOfWar[29,8] = 301
 [VirtualTiledMapService] Set tile at FogOfWar[29,9] = 301
 [VirtualPitWidthManager] FogOfWar regeneration complete
 Level 90: 31 tiles wide
 [VirtualPitWidthManager] Setting pit level from 90 to 100
 [VirtualPitWidthManager] Level 100: extending pit by 20 inner floor tiles
 [VirtualPitWidthManager] Extending inner floor column at x=12
 [VirtualTiledMapService] Set tile at Base[12,1] = 100
 [VirtualTiledMapService] Removed tile at Collision[12,1]
 [VirtualTiledMapService] Set tile at Base[12,2] = 101
 [VirtualTiledMapService] Removed tile at Collision[12,2]
 [VirtualTiledMapService] Set tile at Base[12,3] = 101
 [VirtualTiledMapService] Removed tile at Collision[12,3]
 [VirtualTiledMapService] Set tile at FogOfWar[12,3] = 301
 [VirtualTiledMapService] Set tile at Base[12,4] = 101
 [VirtualTiledMapService] Removed tile at Collision[12,4]
 [VirtualTiledMapService] Set tile at FogOfWar[12,4] = 301
 [VirtualTiledMapService] Set tile at Base[12,5] = 101
 [VirtualTiledMapService] Removed tile at Collision[12,5]
 [VirtualTiledMapService] Set tile at FogOfWar[12,5] = 301
 [VirtualTiledMapService] Set tile at Base[12,6] = 101
 [VirtualTiledMapService] Removed tile at Collision[12,6]
 [VirtualTiledMapService] Set tile at FogOfWar[12,6] = 301
 [VirtualTiledMapService] Set tile at Base[12,7] = 101
 [VirtualTiledMapService] Removed tile at Collision[12,7]
 [VirtualTiledMapService] Set tile at FogOfWar[12,7] = 301
 [VirtualTiledMapService] Set tile at Base[12,8] = 101
 [VirtualTiledMapService] Removed tile at Collision[12,8]
 [VirtualTiledMapService] Set tile at FogOfWar[12,8] = 301
 [VirtualTiledMapService] Set tile at Base[12,9] = 101
 [VirtualTiledMapService] Removed tile at Collision[12,9]
 [VirtualTiledMapService] Set tile at FogOfWar[12,9] = 301
 [VirtualTiledMapService] Set tile at Base[12,10] = 101
 [VirtualTiledMapService] Removed tile at Collision[12,10]
 [VirtualTiledMapService] Set tile at Base[12,11] = 100
 [VirtualTiledMapService] Removed tile at Collision[12,11]
 [VirtualPitWidthManager] Extending inner floor column at x=13
 [VirtualTiledMapService] Set tile at Base[13,1] = 100
 [VirtualTiledMapService] Removed tile at Collision[13,1]
 [VirtualTiledMapService] Set tile at Base[13,2] = 101
 [VirtualTiledMapService] Removed tile at Collision[13,2]
 [VirtualTiledMapService] Set tile at Base[13,3] = 101
 [VirtualTiledMapService] Removed tile at Collision[13,3]
 [VirtualTiledMapService] Set tile at FogOfWar[13,3] = 301
 [VirtualTiledMapService] Set tile at Base[13,4] = 101
 [VirtualTiledMapService] Removed tile at Collision[13,4]
 [VirtualTiledMapService] Set tile at FogOfWar[13,4] = 301
 [VirtualTiledMapService] Set tile at Base[13,5] = 101
 [VirtualTiledMapService] Removed tile at Collision[13,5]
 [VirtualTiledMapService] Set tile at FogOfWar[13,5] = 301
 [VirtualTiledMapService] Set tile at Base[13,6] = 101
 [VirtualTiledMapService] Removed tile at Collision[13,6]
 [VirtualTiledMapService] Set tile at FogOfWar[13,6] = 301
 [VirtualTiledMapService] Set tile at Base[13,7] = 101
 [VirtualTiledMapService] Removed tile at Collision[13,7]
 [VirtualTiledMapService] Set tile at FogOfWar[13,7] = 301
 [VirtualTiledMapService] Set tile at Base[13,8] = 101
 [VirtualTiledMapService] Removed tile at Collision[13,8]
 [VirtualTiledMapService] Set tile at FogOfWar[13,8] = 301
 [VirtualTiledMapService] Set tile at Base[13,9] = 101
 [VirtualTiledMapService] Removed tile at Collision[13,9]
 [VirtualTiledMapService] Set tile at FogOfWar[13,9] = 301
 [VirtualTiledMapService] Set tile at Base[13,10] = 101
 [VirtualTiledMapService] Removed tile at Collision[13,10]
 [VirtualTiledMapService] Set tile at Base[13,11] = 100
 [VirtualTiledMapService] Removed tile at Collision[13,11]
 [VirtualPitWidthManager] Extending inner floor column at x=14
 [VirtualTiledMapService] Set tile at Base[14,1] = 100
 [VirtualTiledMapService] Removed tile at Collision[14,1]
 [VirtualTiledMapService] Set tile at Base[14,2] = 101
 [VirtualTiledMapService] Removed tile at Collision[14,2]
 [VirtualTiledMapService] Set tile at Base[14,3] = 101
 [VirtualTiledMapService] Removed tile at Collision[14,3]
 [VirtualTiledMapService] Set tile at FogOfWar[14,3] = 301
 [VirtualTiledMapService] Set tile at Base[14,4] = 101
 [VirtualTiledMapService] Removed tile at Collision[14,4]
 [VirtualTiledMapService] Set tile at FogOfWar[14,4] = 301
 [VirtualTiledMapService] Set tile at Base[14,5] = 101
 [VirtualTiledMapService] Removed tile at Collision[14,5]
 [VirtualTiledMapService] Set tile at FogOfWar[14,5] = 301
 [VirtualTiledMapService] Set tile at Base[14,6] = 101
 [VirtualTiledMapService] Removed tile at Collision[14,6]
 [VirtualTiledMapService] Set tile at FogOfWar[14,6] = 301
 [VirtualTiledMapService] Set tile at Base[14,7] = 101
 [VirtualTiledMapService] Removed tile at Collision[14,7]
 [VirtualTiledMapService] Set tile at FogOfWar[14,7] = 301
 [VirtualTiledMapService] Set tile at Base[14,8] = 101
 [VirtualTiledMapService] Removed tile at Collision[14,8]
 [VirtualTiledMapService] Set tile at FogOfWar[14,8] = 301
 [VirtualTiledMapService] Set tile at Base[14,9] = 101
 [VirtualTiledMapService] Removed tile at Collision[14,9]
 [VirtualTiledMapService] Set tile at FogOfWar[14,9] = 301
 [VirtualTiledMapService] Set tile at Base[14,10] = 101
 [VirtualTiledMapService] Removed tile at Collision[14,10]
 [VirtualTiledMapService] Set tile at Base[14,11] = 100
 [VirtualTiledMapService] Removed tile at Collision[14,11]
 [VirtualPitWidthManager] Extending inner floor column at x=15
 [VirtualTiledMapService] Set tile at Base[15,1] = 100
 [VirtualTiledMapService] Removed tile at Collision[15,1]
 [VirtualTiledMapService] Set tile at Base[15,2] = 101
 [VirtualTiledMapService] Removed tile at Collision[15,2]
 [VirtualTiledMapService] Set tile at Base[15,3] = 101
 [VirtualTiledMapService] Removed tile at Collision[15,3]
 [VirtualTiledMapService] Set tile at FogOfWar[15,3] = 301
 [VirtualTiledMapService] Set tile at Base[15,4] = 101
 [VirtualTiledMapService] Removed tile at Collision[15,4]
 [VirtualTiledMapService] Set tile at FogOfWar[15,4] = 301
 [VirtualTiledMapService] Set tile at Base[15,5] = 101
 [VirtualTiledMapService] Removed tile at Collision[15,5]
 [VirtualTiledMapService] Set tile at FogOfWar[15,5] = 301
 [VirtualTiledMapService] Set tile at Base[15,6] = 101
 [VirtualTiledMapService] Removed tile at Collision[15,6]
 [VirtualTiledMapService] Set tile at FogOfWar[15,6] = 301
 [VirtualTiledMapService] Set tile at Base[15,7] = 101
 [VirtualTiledMapService] Removed tile at Collision[15,7]
 [VirtualTiledMapService] Set tile at FogOfWar[15,7] = 301
 [VirtualTiledMapService] Set tile at Base[15,8] = 101
 [VirtualTiledMapService] Removed tile at Collision[15,8]
 [VirtualTiledMapService] Set tile at FogOfWar[15,8] = 301
 [VirtualTiledMapService] Set tile at Base[15,9] = 101
 [VirtualTiledMapService] Removed tile at Collision[15,9]
 [VirtualTiledMapService] Set tile at FogOfWar[15,9] = 301
 [VirtualTiledMapService] Set tile at Base[15,10] = 101
 [VirtualTiledMapService] Removed tile at Collision[15,10]
 [VirtualTiledMapService] Set tile at Base[15,11] = 100
 [VirtualTiledMapService] Removed tile at Collision[15,11]
 [VirtualPitWidthManager] Extending inner floor column at x=16
 [VirtualTiledMapService] Set tile at Base[16,1] = 100
 [VirtualTiledMapService] Removed tile at Collision[16,1]
 [VirtualTiledMapService] Set tile at Base[16,2] = 101
 [VirtualTiledMapService] Removed tile at Collision[16,2]
 [VirtualTiledMapService] Set tile at Base[16,3] = 101
 [VirtualTiledMapService] Removed tile at Collision[16,3]
 [VirtualTiledMapService] Set tile at FogOfWar[16,3] = 301
 [VirtualTiledMapService] Set tile at Base[16,4] = 101
 [VirtualTiledMapService] Removed tile at Collision[16,4]
 [VirtualTiledMapService] Set tile at FogOfWar[16,4] = 301
 [VirtualTiledMapService] Set tile at Base[16,5] = 101
 [VirtualTiledMapService] Removed tile at Collision[16,5]
 [VirtualTiledMapService] Set tile at FogOfWar[16,5] = 301
 [VirtualTiledMapService] Set tile at Base[16,6] = 101
 [VirtualTiledMapService] Removed tile at Collision[16,6]
 [VirtualTiledMapService] Set tile at FogOfWar[16,6] = 301
 [VirtualTiledMapService] Set tile at Base[16,7] = 101
 [VirtualTiledMapService] Removed tile at Collision[16,7]
 [VirtualTiledMapService] Set tile at FogOfWar[16,7] = 301
 [VirtualTiledMapService] Set tile at Base[16,8] = 101
 [VirtualTiledMapService] Removed tile at Collision[16,8]
 [VirtualTiledMapService] Set tile at FogOfWar[16,8] = 301
 [VirtualTiledMapService] Set tile at Base[16,9] = 101
 [VirtualTiledMapService] Removed tile at Collision[16,9]
 [VirtualTiledMapService] Set tile at FogOfWar[16,9] = 301
 [VirtualTiledMapService] Set tile at Base[16,10] = 101
 [VirtualTiledMapService] Removed tile at Collision[16,10]
 [VirtualTiledMapService] Set tile at Base[16,11] = 100
 [VirtualTiledMapService] Removed tile at Collision[16,11]
 [VirtualPitWidthManager] Extending inner floor column at x=17
 [VirtualTiledMapService] Set tile at Base[17,1] = 100
 [VirtualTiledMapService] Removed tile at Collision[17,1]
 [VirtualTiledMapService] Set tile at Base[17,2] = 101
 [VirtualTiledMapService] Removed tile at Collision[17,2]
 [VirtualTiledMapService] Set tile at Base[17,3] = 101
 [VirtualTiledMapService] Removed tile at Collision[17,3]
 [VirtualTiledMapService] Set tile at FogOfWar[17,3] = 301
 [VirtualTiledMapService] Set tile at Base[17,4] = 101
 [VirtualTiledMapService] Removed tile at Collision[17,4]
 [VirtualTiledMapService] Set tile at FogOfWar[17,4] = 301
 [VirtualTiledMapService] Set tile at Base[17,5] = 101
 [VirtualTiledMapService] Removed tile at Collision[17,5]
 [VirtualTiledMapService] Set tile at FogOfWar[17,5] = 301
 [VirtualTiledMapService] Set tile at Base[17,6] = 101
 [VirtualTiledMapService] Removed tile at Collision[17,6]
 [VirtualTiledMapService] Set tile at FogOfWar[17,6] = 301
 [VirtualTiledMapService] Set tile at Base[17,7] = 101
 [VirtualTiledMapService] Removed tile at Collision[17,7]
 [VirtualTiledMapService] Set tile at FogOfWar[17,7] = 301
 [VirtualTiledMapService] Set tile at Base[17,8] = 101
 [VirtualTiledMapService] Removed tile at Collision[17,8]
 [VirtualTiledMapService] Set tile at FogOfWar[17,8] = 301
 [VirtualTiledMapService] Set tile at Base[17,9] = 101
 [VirtualTiledMapService] Removed tile at Collision[17,9]
 [VirtualTiledMapService] Set tile at FogOfWar[17,9] = 301
 [VirtualTiledMapService] Set tile at Base[17,10] = 101
 [VirtualTiledMapService] Removed tile at Collision[17,10]
 [VirtualTiledMapService] Set tile at Base[17,11] = 100
 [VirtualTiledMapService] Removed tile at Collision[17,11]
 [VirtualPitWidthManager] Extending inner floor column at x=18
 [VirtualTiledMapService] Set tile at Base[18,1] = 100
 [VirtualTiledMapService] Removed tile at Collision[18,1]
 [VirtualTiledMapService] Set tile at Base[18,2] = 101
 [VirtualTiledMapService] Removed tile at Collision[18,2]
 [VirtualTiledMapService] Set tile at Base[18,3] = 101
 [VirtualTiledMapService] Removed tile at Collision[18,3]
 [VirtualTiledMapService] Set tile at FogOfWar[18,3] = 301
 [VirtualTiledMapService] Set tile at Base[18,4] = 101
 [VirtualTiledMapService] Removed tile at Collision[18,4]
 [VirtualTiledMapService] Set tile at FogOfWar[18,4] = 301
 [VirtualTiledMapService] Set tile at Base[18,5] = 101
 [VirtualTiledMapService] Removed tile at Collision[18,5]
 [VirtualTiledMapService] Set tile at FogOfWar[18,5] = 301
 [VirtualTiledMapService] Set tile at Base[18,6] = 101
 [VirtualTiledMapService] Removed tile at Collision[18,6]
 [VirtualTiledMapService] Set tile at FogOfWar[18,6] = 301
 [VirtualTiledMapService] Set tile at Base[18,7] = 101
 [VirtualTiledMapService] Removed tile at Collision[18,7]
 [VirtualTiledMapService] Set tile at FogOfWar[18,7] = 301
 [VirtualTiledMapService] Set tile at Base[18,8] = 101
 [VirtualTiledMapService] Removed tile at Collision[18,8]
 [VirtualTiledMapService] Set tile at FogOfWar[18,8] = 301
 [VirtualTiledMapService] Set tile at Base[18,9] = 101
 [VirtualTiledMapService] Removed tile at Collision[18,9]
 [VirtualTiledMapService] Set tile at FogOfWar[18,9] = 301
 [VirtualTiledMapService] Set tile at Base[18,10] = 101
 [VirtualTiledMapService] Removed tile at Collision[18,10]
 [VirtualTiledMapService] Set tile at Base[18,11] = 100
 [VirtualTiledMapService] Removed tile at Collision[18,11]
 [VirtualPitWidthManager] Extending inner floor column at x=19
 [VirtualTiledMapService] Set tile at Base[19,1] = 100
 [VirtualTiledMapService] Removed tile at Collision[19,1]
 [VirtualTiledMapService] Set tile at Base[19,2] = 101
 [VirtualTiledMapService] Removed tile at Collision[19,2]
 [VirtualTiledMapService] Set tile at Base[19,3] = 101
 [VirtualTiledMapService] Removed tile at Collision[19,3]
 [VirtualTiledMapService] Set tile at FogOfWar[19,3] = 301
 [VirtualTiledMapService] Set tile at Base[19,4] = 101
 [VirtualTiledMapService] Removed tile at Collision[19,4]
 [VirtualTiledMapService] Set tile at FogOfWar[19,4] = 301
 [VirtualTiledMapService] Set tile at Base[19,5] = 101
 [VirtualTiledMapService] Removed tile at Collision[19,5]
 [VirtualTiledMapService] Set tile at FogOfWar[19,5] = 301
 [VirtualTiledMapService] Set tile at Base[19,6] = 101
 [VirtualTiledMapService] Removed tile at Collision[19,6]
 [VirtualTiledMapService] Set tile at FogOfWar[19,6] = 301
 [VirtualTiledMapService] Set tile at Base[19,7] = 101
 [VirtualTiledMapService] Removed tile at Collision[19,7]
 [VirtualTiledMapService] Set tile at FogOfWar[19,7] = 301
 [VirtualTiledMapService] Set tile at Base[19,8] = 101
 [VirtualTiledMapService] Removed tile at Collision[19,8]
 [VirtualTiledMapService] Set tile at FogOfWar[19,8] = 301
 [VirtualTiledMapService] Set tile at Base[19,9] = 101
 [VirtualTiledMapService] Removed tile at Collision[19,9]
 [VirtualTiledMapService] Set tile at FogOfWar[19,9] = 301
 [VirtualTiledMapService] Set tile at Base[19,10] = 101
 [VirtualTiledMapService] Removed tile at Collision[19,10]
 [VirtualTiledMapService] Set tile at Base[19,11] = 100
 [VirtualTiledMapService] Removed tile at Collision[19,11]
 [VirtualPitWidthManager] Extending inner floor column at x=20
 [VirtualTiledMapService] Set tile at Base[20,1] = 100
 [VirtualTiledMapService] Removed tile at Collision[20,1]
 [VirtualTiledMapService] Set tile at Base[20,2] = 101
 [VirtualTiledMapService] Removed tile at Collision[20,2]
 [VirtualTiledMapService] Set tile at Base[20,3] = 101
 [VirtualTiledMapService] Removed tile at Collision[20,3]
 [VirtualTiledMapService] Set tile at FogOfWar[20,3] = 301
 [VirtualTiledMapService] Set tile at Base[20,4] = 101
 [VirtualTiledMapService] Removed tile at Collision[20,4]
 [VirtualTiledMapService] Set tile at FogOfWar[20,4] = 301
 [VirtualTiledMapService] Set tile at Base[20,5] = 101
 [VirtualTiledMapService] Removed tile at Collision[20,5]
 [VirtualTiledMapService] Set tile at FogOfWar[20,5] = 301
 [VirtualTiledMapService] Set tile at Base[20,6] = 101
 [VirtualTiledMapService] Removed tile at Collision[20,6]
 [VirtualTiledMapService] Set tile at FogOfWar[20,6] = 301
 [VirtualTiledMapService] Set tile at Base[20,7] = 101
 [VirtualTiledMapService] Removed tile at Collision[20,7]
 [VirtualTiledMapService] Set tile at FogOfWar[20,7] = 301
 [VirtualTiledMapService] Set tile at Base[20,8] = 101
 [VirtualTiledMapService] Removed tile at Collision[20,8]
 [VirtualTiledMapService] Set tile at FogOfWar[20,8] = 301
 [VirtualTiledMapService] Set tile at Base[20,9] = 101
 [VirtualTiledMapService] Removed tile at Collision[20,9]
 [VirtualTiledMapService] Set tile at FogOfWar[20,9] = 301
 [VirtualTiledMapService] Set tile at Base[20,10] = 101
 [VirtualTiledMapService] Removed tile at Collision[20,10]
 [VirtualTiledMapService] Set tile at Base[20,11] = 100
 [VirtualTiledMapService] Removed tile at Collision[20,11]
 [VirtualPitWidthManager] Extending inner floor column at x=21
 [VirtualTiledMapService] Set tile at Base[21,1] = 100
 [VirtualTiledMapService] Removed tile at Collision[21,1]
 [VirtualTiledMapService] Set tile at Base[21,2] = 101
 [VirtualTiledMapService] Removed tile at Collision[21,2]
 [VirtualTiledMapService] Set tile at Base[21,3] = 101
 [VirtualTiledMapService] Removed tile at Collision[21,3]
 [VirtualTiledMapService] Set tile at FogOfWar[21,3] = 301
 [VirtualTiledMapService] Set tile at Base[21,4] = 101
 [VirtualTiledMapService] Removed tile at Collision[21,4]
 [VirtualTiledMapService] Set tile at FogOfWar[21,4] = 301
 [VirtualTiledMapService] Set tile at Base[21,5] = 101
 [VirtualTiledMapService] Removed tile at Collision[21,5]
 [VirtualTiledMapService] Set tile at FogOfWar[21,5] = 301
 [VirtualTiledMapService] Set tile at Base[21,6] = 101
 [VirtualTiledMapService] Removed tile at Collision[21,6]
 [VirtualTiledMapService] Set tile at FogOfWar[21,6] = 301
 [VirtualTiledMapService] Set tile at Base[21,7] = 101
 [VirtualTiledMapService] Removed tile at Collision[21,7]
 [VirtualTiledMapService] Set tile at FogOfWar[21,7] = 301
 [VirtualTiledMapService] Set tile at Base[21,8] = 101
 [VirtualTiledMapService] Removed tile at Collision[21,8]
 [VirtualTiledMapService] Set tile at FogOfWar[21,8] = 301
 [VirtualTiledMapService] Set tile at Base[21,9] = 101
 [VirtualTiledMapService] Removed tile at Collision[21,9]
 [VirtualTiledMapService] Set tile at FogOfWar[21,9] = 301
 [VirtualTiledMapService] Set tile at Base[21,10] = 101
 [VirtualTiledMapService] Removed tile at Collision[21,10]
 [VirtualTiledMapService] Set tile at Base[21,11] = 100
 [VirtualTiledMapService] Removed tile at Collision[21,11]
 [VirtualPitWidthManager] Extending inner floor column at x=22
 [VirtualTiledMapService] Set tile at Base[22,1] = 100
 [VirtualTiledMapService] Removed tile at Collision[22,1]
 [VirtualTiledMapService] Set tile at Base[22,2] = 101
 [VirtualTiledMapService] Removed tile at Collision[22,2]
 [VirtualTiledMapService] Set tile at Base[22,3] = 101
 [VirtualTiledMapService] Removed tile at Collision[22,3]
 [VirtualTiledMapService] Set tile at FogOfWar[22,3] = 301
 [VirtualTiledMapService] Set tile at Base[22,4] = 101
 [VirtualTiledMapService] Removed tile at Collision[22,4]
 [VirtualTiledMapService] Set tile at FogOfWar[22,4] = 301
 [VirtualTiledMapService] Set tile at Base[22,5] = 101
 [VirtualTiledMapService] Removed tile at Collision[22,5]
 [VirtualTiledMapService] Set tile at FogOfWar[22,5] = 301
 [VirtualTiledMapService] Set tile at Base[22,6] = 101
 [VirtualTiledMapService] Removed tile at Collision[22,6]
 [VirtualTiledMapService] Set tile at FogOfWar[22,6] = 301
 [VirtualTiledMapService] Set tile at Base[22,7] = 101
 [VirtualTiledMapService] Removed tile at Collision[22,7]
 [VirtualTiledMapService] Set tile at FogOfWar[22,7] = 301
 [VirtualTiledMapService] Set tile at Base[22,8] = 101
 [VirtualTiledMapService] Removed tile at Collision[22,8]
 [VirtualTiledMapService] Set tile at FogOfWar[22,8] = 301
 [VirtualTiledMapService] Set tile at Base[22,9] = 101
 [VirtualTiledMapService] Removed tile at Collision[22,9]
 [VirtualTiledMapService] Set tile at FogOfWar[22,9] = 301
 [VirtualTiledMapService] Set tile at Base[22,10] = 101
 [VirtualTiledMapService] Removed tile at Collision[22,10]
 [VirtualTiledMapService] Set tile at Base[22,11] = 100
 [VirtualTiledMapService] Removed tile at Collision[22,11]
 [VirtualPitWidthManager] Extending inner floor column at x=23
 [VirtualTiledMapService] Set tile at Base[23,1] = 100
 [VirtualTiledMapService] Removed tile at Collision[23,1]
 [VirtualTiledMapService] Set tile at Base[23,2] = 101
 [VirtualTiledMapService] Removed tile at Collision[23,2]
 [VirtualTiledMapService] Set tile at Base[23,3] = 101
 [VirtualTiledMapService] Removed tile at Collision[23,3]
 [VirtualTiledMapService] Set tile at FogOfWar[23,3] = 301
 [VirtualTiledMapService] Set tile at Base[23,4] = 101
 [VirtualTiledMapService] Removed tile at Collision[23,4]
 [VirtualTiledMapService] Set tile at FogOfWar[23,4] = 301
 [VirtualTiledMapService] Set tile at Base[23,5] = 101
 [VirtualTiledMapService] Removed tile at Collision[23,5]
 [VirtualTiledMapService] Set tile at FogOfWar[23,5] = 301
 [VirtualTiledMapService] Set tile at Base[23,6] = 101
 [VirtualTiledMapService] Removed tile at Collision[23,6]
 [VirtualTiledMapService] Set tile at FogOfWar[23,6] = 301
 [VirtualTiledMapService] Set tile at Base[23,7] = 101
 [VirtualTiledMapService] Removed tile at Collision[23,7]
 [VirtualTiledMapService] Set tile at FogOfWar[23,7] = 301
 [VirtualTiledMapService] Set tile at Base[23,8] = 101
 [VirtualTiledMapService] Removed tile at Collision[23,8]
 [VirtualTiledMapService] Set tile at FogOfWar[23,8] = 301
 [VirtualTiledMapService] Set tile at Base[23,9] = 101
 [VirtualTiledMapService] Removed tile at Collision[23,9]
 [VirtualTiledMapService] Set tile at FogOfWar[23,9] = 301
 [VirtualTiledMapService] Set tile at Base[23,10] = 101
 [VirtualTiledMapService] Removed tile at Collision[23,10]
 [VirtualTiledMapService] Set tile at Base[23,11] = 100
 [VirtualTiledMapService] Removed tile at Collision[23,11]
 [VirtualPitWidthManager] Extending inner floor column at x=24
 [VirtualTiledMapService] Set tile at Base[24,1] = 100
 [VirtualTiledMapService] Removed tile at Collision[24,1]
 [VirtualTiledMapService] Set tile at Base[24,2] = 101
 [VirtualTiledMapService] Removed tile at Collision[24,2]
 [VirtualTiledMapService] Set tile at Base[24,3] = 101
 [VirtualTiledMapService] Removed tile at Collision[24,3]
 [VirtualTiledMapService] Set tile at FogOfWar[24,3] = 301
 [VirtualTiledMapService] Set tile at Base[24,4] = 101
 [VirtualTiledMapService] Removed tile at Collision[24,4]
 [VirtualTiledMapService] Set tile at FogOfWar[24,4] = 301
 [VirtualTiledMapService] Set tile at Base[24,5] = 101
 [VirtualTiledMapService] Removed tile at Collision[24,5]
 [VirtualTiledMapService] Set tile at FogOfWar[24,5] = 301
 [VirtualTiledMapService] Set tile at Base[24,6] = 101
 [VirtualTiledMapService] Removed tile at Collision[24,6]
 [VirtualTiledMapService] Set tile at FogOfWar[24,6] = 301
 [VirtualTiledMapService] Set tile at Base[24,7] = 101
 [VirtualTiledMapService] Removed tile at Collision[24,7]
 [VirtualTiledMapService] Set tile at FogOfWar[24,7] = 301
 [VirtualTiledMapService] Set tile at Base[24,8] = 101
 [VirtualTiledMapService] Removed tile at Collision[24,8]
 [VirtualTiledMapService] Set tile at FogOfWar[24,8] = 301
 [VirtualTiledMapService] Set tile at Base[24,9] = 101
 [VirtualTiledMapService] Removed tile at Collision[24,9]
 [VirtualTiledMapService] Set tile at FogOfWar[24,9] = 301
 [VirtualTiledMapService] Set tile at Base[24,10] = 101
 [VirtualTiledMapService] Removed tile at Collision[24,10]
 [VirtualTiledMapService] Set tile at Base[24,11] = 100
 [VirtualTiledMapService] Removed tile at Collision[24,11]
 [VirtualPitWidthManager] Extending inner floor column at x=25
 [VirtualTiledMapService] Set tile at Base[25,1] = 100
 [VirtualTiledMapService] Removed tile at Collision[25,1]
 [VirtualTiledMapService] Set tile at Base[25,2] = 101
 [VirtualTiledMapService] Removed tile at Collision[25,2]
 [VirtualTiledMapService] Set tile at Base[25,3] = 101
 [VirtualTiledMapService] Removed tile at Collision[25,3]
 [VirtualTiledMapService] Set tile at FogOfWar[25,3] = 301
 [VirtualTiledMapService] Set tile at Base[25,4] = 101
 [VirtualTiledMapService] Removed tile at Collision[25,4]
 [VirtualTiledMapService] Set tile at FogOfWar[25,4] = 301
 [VirtualTiledMapService] Set tile at Base[25,5] = 101
 [VirtualTiledMapService] Removed tile at Collision[25,5]
 [VirtualTiledMapService] Set tile at FogOfWar[25,5] = 301
 [VirtualTiledMapService] Set tile at Base[25,6] = 101
 [VirtualTiledMapService] Removed tile at Collision[25,6]
 [VirtualTiledMapService] Set tile at FogOfWar[25,6] = 301
 [VirtualTiledMapService] Set tile at Base[25,7] = 101
 [VirtualTiledMapService] Removed tile at Collision[25,7]
 [VirtualTiledMapService] Set tile at FogOfWar[25,7] = 301
 [VirtualTiledMapService] Set tile at Base[25,8] = 101
 [VirtualTiledMapService] Removed tile at Collision[25,8]
 [VirtualTiledMapService] Set tile at FogOfWar[25,8] = 301
 [VirtualTiledMapService] Set tile at Base[25,9] = 101
 [VirtualTiledMapService] Removed tile at Collision[25,9]
 [VirtualTiledMapService] Set tile at FogOfWar[25,9] = 301
 [VirtualTiledMapService] Set tile at Base[25,10] = 101
 [VirtualTiledMapService] Removed tile at Collision[25,10]
 [VirtualTiledMapService] Set tile at Base[25,11] = 100
 [VirtualTiledMapService] Removed tile at Collision[25,11]
 [VirtualPitWidthManager] Extending inner floor column at x=26
 [VirtualTiledMapService] Set tile at Base[26,1] = 100
 [VirtualTiledMapService] Removed tile at Collision[26,1]
 [VirtualTiledMapService] Set tile at Base[26,2] = 101
 [VirtualTiledMapService] Removed tile at Collision[26,2]
 [VirtualTiledMapService] Set tile at Base[26,3] = 101
 [VirtualTiledMapService] Removed tile at Collision[26,3]
 [VirtualTiledMapService] Set tile at FogOfWar[26,3] = 301
 [VirtualTiledMapService] Set tile at Base[26,4] = 101
 [VirtualTiledMapService] Removed tile at Collision[26,4]
 [VirtualTiledMapService] Set tile at FogOfWar[26,4] = 301
 [VirtualTiledMapService] Set tile at Base[26,5] = 101
 [VirtualTiledMapService] Removed tile at Collision[26,5]
 [VirtualTiledMapService] Set tile at FogOfWar[26,5] = 301
 [VirtualTiledMapService] Set tile at Base[26,6] = 101
 [VirtualTiledMapService] Removed tile at Collision[26,6]
 [VirtualTiledMapService] Set tile at FogOfWar[26,6] = 301
 [VirtualTiledMapService] Set tile at Base[26,7] = 101
 [VirtualTiledMapService] Removed tile at Collision[26,7]
 [VirtualTiledMapService] Set tile at FogOfWar[26,7] = 301
 [VirtualTiledMapService] Set tile at Base[26,8] = 101
 [VirtualTiledMapService] Removed tile at Collision[26,8]
 [VirtualTiledMapService] Set tile at FogOfWar[26,8] = 301
 [VirtualTiledMapService] Set tile at Base[26,9] = 101
 [VirtualTiledMapService] Removed tile at Collision[26,9]
 [VirtualTiledMapService] Set tile at FogOfWar[26,9] = 301
 [VirtualTiledMapService] Set tile at Base[26,10] = 101
 [VirtualTiledMapService] Removed tile at Collision[26,10]
 [VirtualTiledMapService] Set tile at Base[26,11] = 100
 [VirtualTiledMapService] Removed tile at Collision[26,11]
 [VirtualPitWidthManager] Extending inner floor column at x=27
 [VirtualTiledMapService] Set tile at Base[27,1] = 100
 [VirtualTiledMapService] Removed tile at Collision[27,1]
 [VirtualTiledMapService] Set tile at Base[27,2] = 101
 [VirtualTiledMapService] Removed tile at Collision[27,2]
 [VirtualTiledMapService] Set tile at Base[27,3] = 101
 [VirtualTiledMapService] Removed tile at Collision[27,3]
 [VirtualTiledMapService] Set tile at FogOfWar[27,3] = 301
 [VirtualTiledMapService] Set tile at Base[27,4] = 101
 [VirtualTiledMapService] Removed tile at Collision[27,4]
 [VirtualTiledMapService] Set tile at FogOfWar[27,4] = 301
 [VirtualTiledMapService] Set tile at Base[27,5] = 101
 [VirtualTiledMapService] Removed tile at Collision[27,5]
 [VirtualTiledMapService] Set tile at FogOfWar[27,5] = 301
 [VirtualTiledMapService] Set tile at Base[27,6] = 101
 [VirtualTiledMapService] Removed tile at Collision[27,6]
 [VirtualTiledMapService] Set tile at FogOfWar[27,6] = 301
 [VirtualTiledMapService] Set tile at Base[27,7] = 101
 [VirtualTiledMapService] Removed tile at Collision[27,7]
 [VirtualTiledMapService] Set tile at FogOfWar[27,7] = 301
 [VirtualTiledMapService] Set tile at Base[27,8] = 101
 [VirtualTiledMapService] Removed tile at Collision[27,8]
 [VirtualTiledMapService] Set tile at FogOfWar[27,8] = 301
 [VirtualTiledMapService] Set tile at Base[27,9] = 101
 [VirtualTiledMapService] Removed tile at Collision[27,9]
 [VirtualTiledMapService] Set tile at FogOfWar[27,9] = 301
 [VirtualTiledMapService] Set tile at Base[27,10] = 101
 [VirtualTiledMapService] Removed tile at Collision[27,10]
 [VirtualTiledMapService] Set tile at Base[27,11] = 100
 [VirtualTiledMapService] Removed tile at Collision[27,11]
 [VirtualPitWidthManager] Extending inner floor column at x=28
 [VirtualTiledMapService] Set tile at Base[28,1] = 100
 [VirtualTiledMapService] Removed tile at Collision[28,1]
 [VirtualTiledMapService] Set tile at Base[28,2] = 101
 [VirtualTiledMapService] Removed tile at Collision[28,2]
 [VirtualTiledMapService] Set tile at Base[28,3] = 101
 [VirtualTiledMapService] Removed tile at Collision[28,3]
 [VirtualTiledMapService] Set tile at FogOfWar[28,3] = 301
 [VirtualTiledMapService] Set tile at Base[28,4] = 101
 [VirtualTiledMapService] Removed tile at Collision[28,4]
 [VirtualTiledMapService] Set tile at FogOfWar[28,4] = 301
 [VirtualTiledMapService] Set tile at Base[28,5] = 101
 [VirtualTiledMapService] Removed tile at Collision[28,5]
 [VirtualTiledMapService] Set tile at FogOfWar[28,5] = 301
 [VirtualTiledMapService] Set tile at Base[28,6] = 101
 [VirtualTiledMapService] Removed tile at Collision[28,6]
 [VirtualTiledMapService] Set tile at FogOfWar[28,6] = 301
 [VirtualTiledMapService] Set tile at Base[28,7] = 101
 [VirtualTiledMapService] Removed tile at Collision[28,7]
 [VirtualTiledMapService] Set tile at FogOfWar[28,7] = 301
 [VirtualTiledMapService] Set tile at Base[28,8] = 101
 [VirtualTiledMapService] Removed tile at Collision[28,8]
 [VirtualTiledMapService] Set tile at FogOfWar[28,8] = 301
 [VirtualTiledMapService] Set tile at Base[28,9] = 101
 [VirtualTiledMapService] Removed tile at Collision[28,9]
 [VirtualTiledMapService] Set tile at FogOfWar[28,9] = 301
 [VirtualTiledMapService] Set tile at Base[28,10] = 101
 [VirtualTiledMapService] Removed tile at Collision[28,10]
 [VirtualTiledMapService] Set tile at Base[28,11] = 100
 [VirtualTiledMapService] Removed tile at Collision[28,11]
 [VirtualPitWidthManager] Extending inner floor column at x=29
 [VirtualTiledMapService] Set tile at Base[29,1] = 100
 [VirtualTiledMapService] Removed tile at Collision[29,1]
 [VirtualTiledMapService] Set tile at Base[29,2] = 101
 [VirtualTiledMapService] Removed tile at Collision[29,2]
 [VirtualTiledMapService] Set tile at Base[29,3] = 101
 [VirtualTiledMapService] Removed tile at Collision[29,3]
 [VirtualTiledMapService] Set tile at FogOfWar[29,3] = 301
 [VirtualTiledMapService] Set tile at Base[29,4] = 101
 [VirtualTiledMapService] Removed tile at Collision[29,4]
 [VirtualTiledMapService] Set tile at FogOfWar[29,4] = 301
 [VirtualTiledMapService] Set tile at Base[29,5] = 101
 [VirtualTiledMapService] Removed tile at Collision[29,5]
 [VirtualTiledMapService] Set tile at FogOfWar[29,5] = 301
 [VirtualTiledMapService] Set tile at Base[29,6] = 101
 [VirtualTiledMapService] Removed tile at Collision[29,6]
 [VirtualTiledMapService] Set tile at FogOfWar[29,6] = 301
 [VirtualTiledMapService] Set tile at Base[29,7] = 101
 [VirtualTiledMapService] Removed tile at Collision[29,7]
 [VirtualTiledMapService] Set tile at FogOfWar[29,7] = 301
 [VirtualTiledMapService] Set tile at Base[29,8] = 101
 [VirtualTiledMapService] Removed tile at Collision[29,8]
 [VirtualTiledMapService] Set tile at FogOfWar[29,8] = 301
 [VirtualTiledMapService] Set tile at Base[29,9] = 101
 [VirtualTiledMapService] Removed tile at Collision[29,9]
 [VirtualTiledMapService] Set tile at FogOfWar[29,9] = 301
 [VirtualTiledMapService] Set tile at Base[29,10] = 101
 [VirtualTiledMapService] Removed tile at Collision[29,10]
 [VirtualTiledMapService] Set tile at Base[29,11] = 100
 [VirtualTiledMapService] Removed tile at Collision[29,11]
 [VirtualPitWidthManager] Extending inner floor column at x=30
 [VirtualTiledMapService] Set tile at Base[30,1] = 100
 [VirtualTiledMapService] Removed tile at Collision[30,1]
 [VirtualTiledMapService] Set tile at Base[30,2] = 101
 [VirtualTiledMapService] Removed tile at Collision[30,2]
 [VirtualTiledMapService] Set tile at Base[30,3] = 101
 [VirtualTiledMapService] Removed tile at Collision[30,3]
 [VirtualTiledMapService] Set tile at FogOfWar[30,3] = 301
 [VirtualTiledMapService] Set tile at Base[30,4] = 101
 [VirtualTiledMapService] Removed tile at Collision[30,4]
 [VirtualTiledMapService] Set tile at FogOfWar[30,4] = 301
 [VirtualTiledMapService] Set tile at Base[30,5] = 101
 [VirtualTiledMapService] Removed tile at Collision[30,5]
 [VirtualTiledMapService] Set tile at FogOfWar[30,5] = 301
 [VirtualTiledMapService] Set tile at Base[30,6] = 101
 [VirtualTiledMapService] Removed tile at Collision[30,6]
 [VirtualTiledMapService] Set tile at FogOfWar[30,6] = 301
 [VirtualTiledMapService] Set tile at Base[30,7] = 101
 [VirtualTiledMapService] Removed tile at Collision[30,7]
 [VirtualTiledMapService] Set tile at FogOfWar[30,7] = 301
 [VirtualTiledMapService] Set tile at Base[30,8] = 101
 [VirtualTiledMapService] Removed tile at Collision[30,8]
 [VirtualTiledMapService] Set tile at FogOfWar[30,8] = 301
 [VirtualTiledMapService] Set tile at Base[30,9] = 101
 [VirtualTiledMapService] Removed tile at Collision[30,9]
 [VirtualTiledMapService] Set tile at FogOfWar[30,9] = 301
 [VirtualTiledMapService] Set tile at Base[30,10] = 101
 [VirtualTiledMapService] Removed tile at Collision[30,10]
 [VirtualTiledMapService] Set tile at Base[30,11] = 100
 [VirtualTiledMapService] Removed tile at Collision[30,11]
 [VirtualPitWidthManager] Extending inner floor column at x=31
 [VirtualTiledMapService] Set tile at Base[31,1] = 100
 [VirtualTiledMapService] Removed tile at Collision[31,1]
 [VirtualTiledMapService] Set tile at Base[31,2] = 101
 [VirtualTiledMapService] Removed tile at Collision[31,2]
 [VirtualTiledMapService] Set tile at Base[31,3] = 101
 [VirtualTiledMapService] Removed tile at Collision[31,3]
 [VirtualTiledMapService] Set tile at FogOfWar[31,3] = 301
 [VirtualTiledMapService] Set tile at Base[31,4] = 101
 [VirtualTiledMapService] Removed tile at Collision[31,4]
 [VirtualTiledMapService] Set tile at FogOfWar[31,4] = 301
 [VirtualTiledMapService] Set tile at Base[31,5] = 101
 [VirtualTiledMapService] Removed tile at Collision[31,5]
 [VirtualTiledMapService] Set tile at FogOfWar[31,5] = 301
 [VirtualTiledMapService] Set tile at Base[31,6] = 101
 [VirtualTiledMapService] Removed tile at Collision[31,6]
 [VirtualTiledMapService] Set tile at FogOfWar[31,6] = 301
 [VirtualTiledMapService] Set tile at Base[31,7] = 101
 [VirtualTiledMapService] Removed tile at Collision[31,7]
 [VirtualTiledMapService] Set tile at FogOfWar[31,7] = 301
 [VirtualTiledMapService] Set tile at Base[31,8] = 101
 [VirtualTiledMapService] Removed tile at Collision[31,8]
 [VirtualTiledMapService] Set tile at FogOfWar[31,8] = 301
 [VirtualTiledMapService] Set tile at Base[31,9] = 101
 [VirtualTiledMapService] Removed tile at Collision[31,9]
 [VirtualTiledMapService] Set tile at FogOfWar[31,9] = 301
 [VirtualTiledMapService] Set tile at Base[31,10] = 101
 [VirtualTiledMapService] Removed tile at Collision[31,10]
 [VirtualTiledMapService] Set tile at Base[31,11] = 100
 [VirtualTiledMapService] Removed tile at Collision[31,11]
 [VirtualPitWidthManager] Extending inner wall column at x=32
 [VirtualTiledMapService] Set tile at Base[32,1] = 102
 [VirtualTiledMapService] Removed tile at Collision[32,1]
 [VirtualTiledMapService] Set tile at Base[32,2] = 102
 [VirtualTiledMapService] Set tile at Collision[32,2] = 201
 [VirtualTiledMapService] Set tile at Base[32,3] = 102
 [VirtualTiledMapService] Set tile at Collision[32,3] = 201
 [VirtualTiledMapService] Set tile at Base[32,4] = 102
 [VirtualTiledMapService] Set tile at Collision[32,4] = 201
 [VirtualTiledMapService] Set tile at Base[32,5] = 102
 [VirtualTiledMapService] Set tile at Collision[32,5] = 201
 [VirtualTiledMapService] Set tile at Base[32,6] = 102
 [VirtualTiledMapService] Set tile at Collision[32,6] = 201
 [VirtualTiledMapService] Set tile at Base[32,7] = 102
 [VirtualTiledMapService] Set tile at Collision[32,7] = 201
 [VirtualTiledMapService] Set tile at Base[32,8] = 102
 [VirtualTiledMapService] Set tile at Collision[32,8] = 201
 [VirtualTiledMapService] Set tile at Base[32,9] = 102
 [VirtualTiledMapService] Set tile at Collision[32,9] = 201
 [VirtualTiledMapService] Set tile at Base[32,10] = 102
 [VirtualTiledMapService] Set tile at Collision[32,10] = 201
 [VirtualTiledMapService] Set tile at Base[32,11] = 102
 [VirtualTiledMapService] Removed tile at Collision[32,11]
 [VirtualPitWidthManager] Extending outer floor column at x=33
 [VirtualTiledMapService] Set tile at Base[33,1] = 100
 [VirtualTiledMapService] Removed tile at Collision[33,1]
 [VirtualTiledMapService] Set tile at Base[33,2] = 103
 [VirtualTiledMapService] Removed tile at Collision[33,2]
 [VirtualTiledMapService] Set tile at Base[33,3] = 103
 [VirtualTiledMapService] Removed tile at Collision[33,3]
 [VirtualTiledMapService] Set tile at Base[33,4] = 103
 [VirtualTiledMapService] Removed tile at Collision[33,4]
 [VirtualTiledMapService] Set tile at Base[33,5] = 103
 [VirtualTiledMapService] Removed tile at Collision[33,5]
 [VirtualTiledMapService] Set tile at Base[33,6] = 103
 [VirtualTiledMapService] Removed tile at Collision[33,6]
 [VirtualTiledMapService] Set tile at Base[33,7] = 103
 [VirtualTiledMapService] Removed tile at Collision[33,7]
 [VirtualTiledMapService] Set tile at Base[33,8] = 103
 [VirtualTiledMapService] Removed tile at Collision[33,8]
 [VirtualTiledMapService] Set tile at Base[33,9] = 103
 [VirtualTiledMapService] Removed tile at Collision[33,9]
 [VirtualTiledMapService] Set tile at Base[33,10] = 103
 [VirtualTiledMapService] Removed tile at Collision[33,10]
 [VirtualTiledMapService] Set tile at Base[33,11] = 100
 [VirtualTiledMapService] Removed tile at Collision[33,11]
 [VirtualPitWidthManager] Pit extension complete. New right edge: 33
 [VirtualPitWidthManager] Regenerating FogOfWar for entire pit area from x=2 to x=33, y=3 to y=9
 [VirtualTiledMapService] Set tile at FogOfWar[2,3] = 301
 [VirtualTiledMapService] Set tile at FogOfWar[2,4] = 301
 [VirtualTiledMapService] Set tile at FogOfWar[2,5] = 301
 [VirtualTiledMapService] Set tile at FogOfWar[2,6] = 301
 [VirtualTiledMapService] Set tile at FogOfWar[2,7] = 301
 [VirtualTiledMapService] Set tile at FogOfWar[2,8] = 301
 [VirtualTiledMapService] Set tile at FogOfWar[2,9] = 301
 [VirtualTiledMapService] Set tile at FogOfWar[3,3] = 301
 [VirtualTiledMapService] Set tile at FogOfWar[3,4] = 301
 [VirtualTiledMapService] Set tile at FogOfWar[3,5] = 301
 [VirtualTiledMapService] Set tile at FogOfWar[3,6] = 301
 [VirtualTiledMapService] Set tile at FogOfWar[3,7] = 301
 [VirtualTiledMapService] Set tile at FogOfWar[3,8] = 301
 [VirtualTiledMapService] Set tile at FogOfWar[3,9] = 301
 [VirtualTiledMapService] Set tile at FogOfWar[4,3] = 301
 [VirtualTiledMapService] Set tile at FogOfWar[4,4] = 301
 [VirtualTiledMapService] Set tile at FogOfWar[4,5] = 301
 [VirtualTiledMapService] Set tile at FogOfWar[4,6] = 301
 [VirtualTiledMapService] Set tile at FogOfWar[4,7] = 301
 [VirtualTiledMapService] Set tile at FogOfWar[4,8] = 301
 [VirtualTiledMapService] Set tile at FogOfWar[4,9] = 301
 [VirtualTiledMapService] Set tile at FogOfWar[5,3] = 301
 [VirtualTiledMapService] Set tile at FogOfWar[5,4] = 301
 [VirtualTiledMapService] Set tile at FogOfWar[5,5] = 301
 [VirtualTiledMapService] Set tile at FogOfWar[5,6] = 301
 [VirtualTiledMapService] Set tile at FogOfWar[5,7] = 301
 [VirtualTiledMapService] Set tile at FogOfWar[5,8] = 301
 [VirtualTiledMapService] Set tile at FogOfWar[5,9] = 301
 [VirtualTiledMapService] Set tile at FogOfWar[6,3] = 301
 [VirtualTiledMapService] Set tile at FogOfWar[6,4] = 301
 [VirtualTiledMapService] Set tile at FogOfWar[6,5] = 301
 [VirtualTiledMapService] Set tile at FogOfWar[6,6] = 301
 [VirtualTiledMapService] Set tile at FogOfWar[6,7] = 301
 [VirtualTiledMapService] Set tile at FogOfWar[6,8] = 301
 [VirtualTiledMapService] Set tile at FogOfWar[6,9] = 301
 [VirtualTiledMapService] Set tile at FogOfWar[7,3] = 301
 [VirtualTiledMapService] Set tile at FogOfWar[7,4] = 301
 [VirtualTiledMapService] Set tile at FogOfWar[7,5] = 301
 [VirtualTiledMapService] Set tile at FogOfWar[7,6] = 301
 [VirtualTiledMapService] Set tile at FogOfWar[7,7] = 301
 [VirtualTiledMapService] Set tile at FogOfWar[7,8] = 301
 [VirtualTiledMapService] Set tile at FogOfWar[7,9] = 301
 [VirtualTiledMapService] Set tile at FogOfWar[8,3] = 301
 [VirtualTiledMapService] Set tile at FogOfWar[8,4] = 301
 [VirtualTiledMapService] Set tile at FogOfWar[8,5] = 301
 [VirtualTiledMapService] Set tile at FogOfWar[8,6] = 301
 [VirtualTiledMapService] Set tile at FogOfWar[8,7] = 301
 [VirtualTiledMapService] Set tile at FogOfWar[8,8] = 301
 [VirtualTiledMapService] Set tile at FogOfWar[8,9] = 301
 [VirtualTiledMapService] Set tile at FogOfWar[9,3] = 301
 [VirtualTiledMapService] Set tile at FogOfWar[9,4] = 301
 [VirtualTiledMapService] Set tile at FogOfWar[9,5] = 301
 [VirtualTiledMapService] Set tile at FogOfWar[9,6] = 301
 [VirtualTiledMapService] Set tile at FogOfWar[9,7] = 301
 [VirtualTiledMapService] Set tile at FogOfWar[9,8] = 301
 [VirtualTiledMapService] Set tile at FogOfWar[9,9] = 301
 [VirtualTiledMapService] Set tile at FogOfWar[10,3] = 301
 [VirtualTiledMapService] Set tile at FogOfWar[10,4] = 301
 [VirtualTiledMapService] Set tile at FogOfWar[10,5] = 301
 [VirtualTiledMapService] Set tile at FogOfWar[10,6] = 301
 [VirtualTiledMapService] Set tile at FogOfWar[10,7] = 301
 [VirtualTiledMapService] Set tile at FogOfWar[10,8] = 301
 [VirtualTiledMapService] Set tile at FogOfWar[10,9] = 301
 [VirtualTiledMapService] Set tile at FogOfWar[11,3] = 301
 [VirtualTiledMapService] Set tile at FogOfWar[11,4] = 301
 [VirtualTiledMapService] Set tile at FogOfWar[11,5] = 301
 [VirtualTiledMapService] Set tile at FogOfWar[11,6] = 301
 [VirtualTiledMapService] Set tile at FogOfWar[11,7] = 301
 [VirtualTiledMapService] Set tile at FogOfWar[11,8] = 301
 [VirtualTiledMapService] Set tile at FogOfWar[11,9] = 301
 [VirtualTiledMapService] Set tile at FogOfWar[12,3] = 301
 [VirtualTiledMapService] Set tile at FogOfWar[12,4] = 301
 [VirtualTiledMapService] Set tile at FogOfWar[12,5] = 301
 [VirtualTiledMapService] Set tile at FogOfWar[12,6] = 301
 [VirtualTiledMapService] Set tile at FogOfWar[12,7] = 301
 [VirtualTiledMapService] Set tile at FogOfWar[12,8] = 301
 [VirtualTiledMapService] Set tile at FogOfWar[12,9] = 301
 [VirtualTiledMapService] Set tile at FogOfWar[13,3] = 301
 [VirtualTiledMapService] Set tile at FogOfWar[13,4] = 301
 [VirtualTiledMapService] Set tile at FogOfWar[13,5] = 301
 [VirtualTiledMapService] Set tile at FogOfWar[13,6] = 301
 [VirtualTiledMapService] Set tile at FogOfWar[13,7] = 301
 [VirtualTiledMapService] Set tile at FogOfWar[13,8] = 301
 [VirtualTiledMapService] Set tile at FogOfWar[13,9] = 301
 [VirtualTiledMapService] Set tile at FogOfWar[14,3] = 301
 [VirtualTiledMapService] Set tile at FogOfWar[14,4] = 301
 [VirtualTiledMapService] Set tile at FogOfWar[14,5] = 301
 [VirtualTiledMapService] Set tile at FogOfWar[14,6] = 301
 [VirtualTiledMapService] Set tile at FogOfWar[14,7] = 301
 [VirtualTiledMapService] Set tile at FogOfWar[14,8] = 301
 [VirtualTiledMapService] Set tile at FogOfWar[14,9] = 301
 [VirtualTiledMapService] Set tile at FogOfWar[15,3] = 301
 [VirtualTiledMapService] Set tile at FogOfWar[15,4] = 301
 [VirtualTiledMapService] Set tile at FogOfWar[15,5] = 301
 [VirtualTiledMapService] Set tile at FogOfWar[15,6] = 301
 [VirtualTiledMapService] Set tile at FogOfWar[15,7] = 301
 [VirtualTiledMapService] Set tile at FogOfWar[15,8] = 301
 [VirtualTiledMapService] Set tile at FogOfWar[15,9] = 301
 [VirtualTiledMapService] Set tile at FogOfWar[16,3] = 301
 [VirtualTiledMapService] Set tile at FogOfWar[16,4] = 301
 [VirtualTiledMapService] Set tile at FogOfWar[16,5] = 301
 [VirtualTiledMapService] Set tile at FogOfWar[16,6] = 301
 [VirtualTiledMapService] Set tile at FogOfWar[16,7] = 301
 [VirtualTiledMapService] Set tile at FogOfWar[16,8] = 301
 [VirtualTiledMapService] Set tile at FogOfWar[16,9] = 301
 [VirtualTiledMapService] Set tile at FogOfWar[17,3] = 301
 [VirtualTiledMapService] Set tile at FogOfWar[17,4] = 301
 [VirtualTiledMapService] Set tile at FogOfWar[17,5] = 301
 [VirtualTiledMapService] Set tile at FogOfWar[17,6] = 301
 [VirtualTiledMapService] Set tile at FogOfWar[17,7] = 301
 [VirtualTiledMapService] Set tile at FogOfWar[17,8] = 301
 [VirtualTiledMapService] Set tile at FogOfWar[17,9] = 301
 [VirtualTiledMapService] Set tile at FogOfWar[18,3] = 301
 [VirtualTiledMapService] Set tile at FogOfWar[18,4] = 301
 [VirtualTiledMapService] Set tile at FogOfWar[18,5] = 301
 [VirtualTiledMapService] Set tile at FogOfWar[18,6] = 301
 [VirtualTiledMapService] Set tile at FogOfWar[18,7] = 301
 [VirtualTiledMapService] Set tile at FogOfWar[18,8] = 301
 [VirtualTiledMapService] Set tile at FogOfWar[18,9] = 301
 [VirtualTiledMapService] Set tile at FogOfWar[19,3] = 301
 [VirtualTiledMapService] Set tile at FogOfWar[19,4] = 301
 [VirtualTiledMapService] Set tile at FogOfWar[19,5] = 301
 [VirtualTiledMapService] Set tile at FogOfWar[19,6] = 301
 [VirtualTiledMapService] Set tile at FogOfWar[19,7] = 301
 [VirtualTiledMapService] Set tile at FogOfWar[19,8] = 301
 [VirtualTiledMapService] Set tile at FogOfWar[19,9] = 301
 [VirtualTiledMapService] Set tile at FogOfWar[20,3] = 301
 [VirtualTiledMapService] Set tile at FogOfWar[20,4] = 301
 [VirtualTiledMapService] Set tile at FogOfWar[20,5] = 301
 [VirtualTiledMapService] Set tile at FogOfWar[20,6] = 301
 [VirtualTiledMapService] Set tile at FogOfWar[20,7] = 301
 [VirtualTiledMapService] Set tile at FogOfWar[20,8] = 301
 [VirtualTiledMapService] Set tile at FogOfWar[20,9] = 301
 [VirtualTiledMapService] Set tile at FogOfWar[21,3] = 301
 [VirtualTiledMapService] Set tile at FogOfWar[21,4] = 301
 [VirtualTiledMapService] Set tile at FogOfWar[21,5] = 301
 [VirtualTiledMapService] Set tile at FogOfWar[21,6] = 301
 [VirtualTiledMapService] Set tile at FogOfWar[21,7] = 301
 [VirtualTiledMapService] Set tile at FogOfWar[21,8] = 301
 [VirtualTiledMapService] Set tile at FogOfWar[21,9] = 301
 [VirtualTiledMapService] Set tile at FogOfWar[22,3] = 301
 [VirtualTiledMapService] Set tile at FogOfWar[22,4] = 301
 [VirtualTiledMapService] Set tile at FogOfWar[22,5] = 301
 [VirtualTiledMapService] Set tile at FogOfWar[22,6] = 301
 [VirtualTiledMapService] Set tile at FogOfWar[22,7] = 301
 [VirtualTiledMapService] Set tile at FogOfWar[22,8] = 301
 [VirtualTiledMapService] Set tile at FogOfWar[22,9] = 301
 [VirtualTiledMapService] Set tile at FogOfWar[23,3] = 301
 [VirtualTiledMapService] Set tile at FogOfWar[23,4] = 301
 [VirtualTiledMapService] Set tile at FogOfWar[23,5] = 301
 [VirtualTiledMapService] Set tile at FogOfWar[23,6] = 301
 [VirtualTiledMapService] Set tile at FogOfWar[23,7] = 301
 [VirtualTiledMapService] Set tile at FogOfWar[23,8] = 301
 [VirtualTiledMapService] Set tile at FogOfWar[23,9] = 301
 [VirtualTiledMapService] Set tile at FogOfWar[24,3] = 301
 [VirtualTiledMapService] Set tile at FogOfWar[24,4] = 301
 [VirtualTiledMapService] Set tile at FogOfWar[24,5] = 301
 [VirtualTiledMapService] Set tile at FogOfWar[24,6] = 301
 [VirtualTiledMapService] Set tile at FogOfWar[24,7] = 301
 [VirtualTiledMapService] Set tile at FogOfWar[24,8] = 301
 [VirtualTiledMapService] Set tile at FogOfWar[24,9] = 301
 [VirtualTiledMapService] Set tile at FogOfWar[25,3] = 301
 [VirtualTiledMapService] Set tile at FogOfWar[25,4] = 301
 [VirtualTiledMapService] Set tile at FogOfWar[25,5] = 301
 [VirtualTiledMapService] Set tile at FogOfWar[25,6] = 301
 [VirtualTiledMapService] Set tile at FogOfWar[25,7] = 301
 [VirtualTiledMapService] Set tile at FogOfWar[25,8] = 301
 [VirtualTiledMapService] Set tile at FogOfWar[25,9] = 301
 [VirtualTiledMapService] Set tile at FogOfWar[26,3] = 301
 [VirtualTiledMapService] Set tile at FogOfWar[26,4] = 301
 [VirtualTiledMapService] Set tile at FogOfWar[26,5] = 301
 [VirtualTiledMapService] Set tile at FogOfWar[26,6] = 301
 [VirtualTiledMapService] Set tile at FogOfWar[26,7] = 301
 [VirtualTiledMapService] Set tile at FogOfWar[26,8] = 301
 [VirtualTiledMapService] Set tile at FogOfWar[26,9] = 301
 [VirtualTiledMapService] Set tile at FogOfWar[27,3] = 301
 [VirtualTiledMapService] Set tile at FogOfWar[27,4] = 301
 [VirtualTiledMapService] Set tile at FogOfWar[27,5] = 301
 [VirtualTiledMapService] Set tile at FogOfWar[27,6] = 301
 [VirtualTiledMapService] Set tile at FogOfWar[27,7] = 301
 [VirtualTiledMapService] Set tile at FogOfWar[27,8] = 301
 [VirtualTiledMapService] Set tile at FogOfWar[27,9] = 301
 [VirtualTiledMapService] Set tile at FogOfWar[28,3] = 301
 [VirtualTiledMapService] Set tile at FogOfWar[28,4] = 301
 [VirtualTiledMapService] Set tile at FogOfWar[28,5] = 301
 [VirtualTiledMapService] Set tile at FogOfWar[28,6] = 301
 [VirtualTiledMapService] Set tile at FogOfWar[28,7] = 301
 [VirtualTiledMapService] Set tile at FogOfWar[28,8] = 301
 [VirtualTiledMapService] Set tile at FogOfWar[28,9] = 301
 [VirtualTiledMapService] Set tile at FogOfWar[29,3] = 301
 [VirtualTiledMapService] Set tile at FogOfWar[29,4] = 301
 [VirtualTiledMapService] Set tile at FogOfWar[29,5] = 301
 [VirtualTiledMapService] Set tile at FogOfWar[29,6] = 301
 [VirtualTiledMapService] Set tile at FogOfWar[29,7] = 301
 [VirtualTiledMapService] Set tile at FogOfWar[29,8] = 301
 [VirtualTiledMapService] Set tile at FogOfWar[29,9] = 301
 [VirtualTiledMapService] Set tile at FogOfWar[30,3] = 301
 [VirtualTiledMapService] Set tile at FogOfWar[30,4] = 301
 [VirtualTiledMapService] Set tile at FogOfWar[30,5] = 301
 [VirtualTiledMapService] Set tile at FogOfWar[30,6] = 301
 [VirtualTiledMapService] Set tile at FogOfWar[30,7] = 301
 [VirtualTiledMapService] Set tile at FogOfWar[30,8] = 301
 [VirtualTiledMapService] Set tile at FogOfWar[30,9] = 301
 [VirtualTiledMapService] Set tile at FogOfWar[31,3] = 301
 [VirtualTiledMapService] Set tile at FogOfWar[31,4] = 301
 [VirtualTiledMapService] Set tile at FogOfWar[31,5] = 301
 [VirtualTiledMapService] Set tile at FogOfWar[31,6] = 301
 [VirtualTiledMapService] Set tile at FogOfWar[31,7] = 301
 [VirtualTiledMapService] Set tile at FogOfWar[31,8] = 301
 [VirtualTiledMapService] Set tile at FogOfWar[31,9] = 301
 [VirtualPitWidthManager] FogOfWar regeneration complete
 Level 100: 33 tiles wide
 [VirtualPitWidthManager] Setting pit level from 100 to 101
 [VirtualPitWidthManager] Level 101: extending pit by 20 inner floor tiles
 [VirtualPitWidthManager] Extending inner floor column at x=12
 [VirtualTiledMapService] Set tile at Base[12,1] = 100
 [VirtualTiledMapService] Removed tile at Collision[12,1]
 [VirtualTiledMapService] Set tile at Base[12,2] = 101
 [VirtualTiledMapService] Removed tile at Collision[12,2]
 [VirtualTiledMapService] Set tile at Base[12,3] = 101
 [VirtualTiledMapService] Removed tile at Collision[12,3]
 [VirtualTiledMapService] Set tile at FogOfWar[12,3] = 301
 [VirtualTiledMapService] Set tile at Base[12,4] = 101
 [VirtualTiledMapService] Removed tile at Collision[12,4]
 [VirtualTiledMapService] Set tile at FogOfWar[12,4] = 301
 [VirtualTiledMapService] Set tile at Base[12,5] = 101
 [VirtualTiledMapService] Removed tile at Collision[12,5]
 [VirtualTiledMapService] Set tile at FogOfWar[12,5] = 301
 [VirtualTiledMapService] Set tile at Base[12,6] = 101
 [VirtualTiledMapService] Removed tile at Collision[12,6]
 [VirtualTiledMapService] Set tile at FogOfWar[12,6] = 301
 [VirtualTiledMapService] Set tile at Base[12,7] = 101
 [VirtualTiledMapService] Removed tile at Collision[12,7]
 [VirtualTiledMapService] Set tile at FogOfWar[12,7] = 301
 [VirtualTiledMapService] Set tile at Base[12,8] = 101
 [VirtualTiledMapService] Removed tile at Collision[12,8]
 [VirtualTiledMapService] Set tile at FogOfWar[12,8] = 301
 [VirtualTiledMapService] Set tile at Base[12,9] = 101
 [VirtualTiledMapService] Removed tile at Collision[12,9]
 [VirtualTiledMapService] Set tile at FogOfWar[12,9] = 301
 [VirtualTiledMapService] Set tile at Base[12,10] = 101
 [VirtualTiledMapService] Removed tile at Collision[12,10]
 [VirtualTiledMapService] Set tile at Base[12,11] = 100
 [VirtualTiledMapService] Removed tile at Collision[12,11]
 [VirtualPitWidthManager] Extending inner floor column at x=13
 [VirtualTiledMapService] Set tile at Base[13,1] = 100
 [VirtualTiledMapService] Removed tile at Collision[13,1]
 [VirtualTiledMapService] Set tile at Base[13,2] = 101
 [VirtualTiledMapService] Removed tile at Collision[13,2]
 [VirtualTiledMapService] Set tile at Base[13,3] = 101
 [VirtualTiledMapService] Removed tile at Collision[13,3]
 [VirtualTiledMapService] Set tile at FogOfWar[13,3] = 301
 [VirtualTiledMapService] Set tile at Base[13,4] = 101
 [VirtualTiledMapService] Removed tile at Collision[13,4]
 [VirtualTiledMapService] Set tile at FogOfWar[13,4] = 301
 [VirtualTiledMapService] Set tile at Base[13,5] = 101
 [VirtualTiledMapService] Removed tile at Collision[13,5]
 [VirtualTiledMapService] Set tile at FogOfWar[13,5] = 301
 [VirtualTiledMapService] Set tile at Base[13,6] = 101
 [VirtualTiledMapService] Removed tile at Collision[13,6]
 [VirtualTiledMapService] Set tile at FogOfWar[13,6] = 301
 [VirtualTiledMapService] Set tile at Base[13,7] = 101
 [VirtualTiledMapService] Removed tile at Collision[13,7]
 [VirtualTiledMapService] Set tile at FogOfWar[13,7] = 301
 [VirtualTiledMapService] Set tile at Base[13,8] = 101
 [VirtualTiledMapService] Removed tile at Collision[13,8]
 [VirtualTiledMapService] Set tile at FogOfWar[13,8] = 301
 [VirtualTiledMapService] Set tile at Base[13,9] = 101
 [VirtualTiledMapService] Removed tile at Collision[13,9]
 [VirtualTiledMapService] Set tile at FogOfWar[13,9] = 301
 [VirtualTiledMapService] Set tile at Base[13,10] = 101
 [VirtualTiledMapService] Removed tile at Collision[13,10]
 [VirtualTiledMapService] Set tile at Base[13,11] = 100
 [VirtualTiledMapService] Removed tile at Collision[13,11]
 [VirtualPitWidthManager] Extending inner floor column at x=14
 [VirtualTiledMapService] Set tile at Base[14,1] = 100
 [VirtualTiledMapService] Removed tile at Collision[14,1]
 [VirtualTiledMapService] Set tile at Base[14,2] = 101
 [VirtualTiledMapService] Removed tile at Collision[14,2]
 [VirtualTiledMapService] Set tile at Base[14,3] = 101
 [VirtualTiledMapService] Removed tile at Collision[14,3]
 [VirtualTiledMapService] Set tile at FogOfWar[14,3] = 301
 [VirtualTiledMapService] Set tile at Base[14,4] = 101
 [VirtualTiledMapService] Removed tile at Collision[14,4]
 [VirtualTiledMapService] Set tile at FogOfWar[14,4] = 301
 [VirtualTiledMapService] Set tile at Base[14,5] = 101
 [VirtualTiledMapService] Removed tile at Collision[14,5]
 [VirtualTiledMapService] Set tile at FogOfWar[14,5] = 301
 [VirtualTiledMapService] Set tile at Base[14,6] = 101
 [VirtualTiledMapService] Removed tile at Collision[14,6]
 [VirtualTiledMapService] Set tile at FogOfWar[14,6] = 301
 [VirtualTiledMapService] Set tile at Base[14,7] = 101
 [VirtualTiledMapService] Removed tile at Collision[14,7]
 [VirtualTiledMapService] Set tile at FogOfWar[14,7] = 301
 [VirtualTiledMapService] Set tile at Base[14,8] = 101
 [VirtualTiledMapService] Removed tile at Collision[14,8]
 [VirtualTiledMapService] Set tile at FogOfWar[14,8] = 301
 [VirtualTiledMapService] Set tile at Base[14,9] = 101
 [VirtualTiledMapService] Removed tile at Collision[14,9]
 [VirtualTiledMapService] Set tile at FogOfWar[14,9] = 301
 [VirtualTiledMapService] Set tile at Base[14,10] = 101
 [VirtualTiledMapService] Removed tile at Collision[14,10]
 [VirtualTiledMapService] Set tile at Base[14,11] = 100
 [VirtualTiledMapService] Removed tile at Collision[14,11]
 [VirtualPitWidthManager] Extending inner floor column at x=15
 [VirtualTiledMapService] Set tile at Base[15,1] = 100
 [VirtualTiledMapService] Removed tile at Collision[15,1]
 [VirtualTiledMapService] Set tile at Base[15,2] = 101
 [VirtualTiledMapService] Removed tile at Collision[15,2]
 [VirtualTiledMapService] Set tile at Base[15,3] = 101
 [VirtualTiledMapService] Removed tile at Collision[15,3]
 [VirtualTiledMapService] Set tile at FogOfWar[15,3] = 301
 [VirtualTiledMapService] Set tile at Base[15,4] = 101
 [VirtualTiledMapService] Removed tile at Collision[15,4]
 [VirtualTiledMapService] Set tile at FogOfWar[15,4] = 301
 [VirtualTiledMapService] Set tile at Base[15,5] = 101
 [VirtualTiledMapService] Removed tile at Collision[15,5]
 [VirtualTiledMapService] Set tile at FogOfWar[15,5] = 301
 [VirtualTiledMapService] Set tile at Base[15,6] = 101
 [VirtualTiledMapService] Removed tile at Collision[15,6]
 [VirtualTiledMapService] Set tile at FogOfWar[15,6] = 301
 [VirtualTiledMapService] Set tile at Base[15,7] = 101
 [VirtualTiledMapService] Removed tile at Collision[15,7]
 [VirtualTiledMapService] Set tile at FogOfWar[15,7] = 301
 [VirtualTiledMapService] Set tile at Base[15,8] = 101
 [VirtualTiledMapService] Removed tile at Collision[15,8]
 [VirtualTiledMapService] Set tile at FogOfWar[15,8] = 301
 [VirtualTiledMapService] Set tile at Base[15,9] = 101
 [VirtualTiledMapService] Removed tile at Collision[15,9]
 [VirtualTiledMapService] Set tile at FogOfWar[15,9] = 301
 [VirtualTiledMapService] Set tile at Base[15,10] = 101
 [VirtualTiledMapService] Removed tile at Collision[15,10]
 [VirtualTiledMapService] Set tile at Base[15,11] = 100
 [VirtualTiledMapService] Removed tile at Collision[15,11]
 [VirtualPitWidthManager] Extending inner floor column at x=16
 [VirtualTiledMapService] Set tile at Base[16,1] = 100
 [VirtualTiledMapService] Removed tile at Collision[16,1]
 [VirtualTiledMapService] Set tile at Base[16,2] = 101
 [VirtualTiledMapService] Removed tile at Collision[16,2]
 [VirtualTiledMapService] Set tile at Base[16,3] = 101
 [VirtualTiledMapService] Removed tile at Collision[16,3]
 [VirtualTiledMapService] Set tile at FogOfWar[16,3] = 301
 [VirtualTiledMapService] Set tile at Base[16,4] = 101
 [VirtualTiledMapService] Removed tile at Collision[16,4]
 [VirtualTiledMapService] Set tile at FogOfWar[16,4] = 301
 [VirtualTiledMapService] Set tile at Base[16,5] = 101
 [VirtualTiledMapService] Removed tile at Collision[16,5]
 [VirtualTiledMapService] Set tile at FogOfWar[16,5] = 301
 [VirtualTiledMapService] Set tile at Base[16,6] = 101
 [VirtualTiledMapService] Removed tile at Collision[16,6]
 [VirtualTiledMapService] Set tile at FogOfWar[16,6] = 301
 [VirtualTiledMapService] Set tile at Base[16,7] = 101
 [VirtualTiledMapService] Removed tile at Collision[16,7]
 [VirtualTiledMapService] Set tile at FogOfWar[16,7] = 301
 [VirtualTiledMapService] Set tile at Base[16,8] = 101
 [VirtualTiledMapService] Removed tile at Collision[16,8]
 [VirtualTiledMapService] Set tile at FogOfWar[16,8] = 301
 [VirtualTiledMapService] Set tile at Base[16,9] = 101
 [VirtualTiledMapService] Removed tile at Collision[16,9]
 [VirtualTiledMapService] Set tile at FogOfWar[16,9] = 301
 [VirtualTiledMapService] Set tile at Base[16,10] = 101
 [VirtualTiledMapService] Removed tile at Collision[16,10]
 [VirtualTiledMapService] Set tile at Base[16,11] = 100
 [VirtualTiledMapService] Removed tile at Collision[16,11]
 [VirtualPitWidthManager] Extending inner floor column at x=17
 [VirtualTiledMapService] Set tile at Base[17,1] = 100
 [VirtualTiledMapService] Removed tile at Collision[17,1]
 [VirtualTiledMapService] Set tile at Base[17,2] = 101
 [VirtualTiledMapService] Removed tile at Collision[17,2]
 [VirtualTiledMapService] Set tile at Base[17,3] = 101
 [VirtualTiledMapService] Removed tile at Collision[17,3]
 [VirtualTiledMapService] Set tile at FogOfWar[17,3] = 301
 [VirtualTiledMapService] Set tile at Base[17,4] = 101
 [VirtualTiledMapService] Removed tile at Collision[17,4]
 [VirtualTiledMapService] Set tile at FogOfWar[17,4] = 301
 [VirtualTiledMapService] Set tile at Base[17,5] = 101
 [VirtualTiledMapService] Removed tile at Collision[17,5]
 [VirtualTiledMapService] Set tile at FogOfWar[17,5] = 301
 [VirtualTiledMapService] Set tile at Base[17,6] = 101
 [VirtualTiledMapService] Removed tile at Collision[17,6]
 [VirtualTiledMapService] Set tile at FogOfWar[17,6] = 301
 [VirtualTiledMapService] Set tile at Base[17,7] = 101
 [VirtualTiledMapService] Removed tile at Collision[17,7]
 [VirtualTiledMapService] Set tile at FogOfWar[17,7] = 301
 [VirtualTiledMapService] Set tile at Base[17,8] = 101
 [VirtualTiledMapService] Removed tile at Collision[17,8]
 [VirtualTiledMapService] Set tile at FogOfWar[17,8] = 301
 [VirtualTiledMapService] Set tile at Base[17,9] = 101
 [VirtualTiledMapService] Removed tile at Collision[17,9]
 [VirtualTiledMapService] Set tile at FogOfWar[17,9] = 301
 [VirtualTiledMapService] Set tile at Base[17,10] = 101
 [VirtualTiledMapService] Removed tile at Collision[17,10]
 [VirtualTiledMapService] Set tile at Base[17,11] = 100
 [VirtualTiledMapService] Removed tile at Collision[17,11]
 [VirtualPitWidthManager] Extending inner floor column at x=18
 [VirtualTiledMapService] Set tile at Base[18,1] = 100
 [VirtualTiledMapService] Removed tile at Collision[18,1]
 [VirtualTiledMapService] Set tile at Base[18,2] = 101
 [VirtualTiledMapService] Removed tile at Collision[18,2]
 [VirtualTiledMapService] Set tile at Base[18,3] = 101
 [VirtualTiledMapService] Removed tile at Collision[18,3]
 [VirtualTiledMapService] Set tile at FogOfWar[18,3] = 301
 [VirtualTiledMapService] Set tile at Base[18,4] = 101
 [VirtualTiledMapService] Removed tile at Collision[18,4]
 [VirtualTiledMapService] Set tile at FogOfWar[18,4] = 301
 [VirtualTiledMapService] Set tile at Base[18,5] = 101
 [VirtualTiledMapService] Removed tile at Collision[18,5]
 [VirtualTiledMapService] Set tile at FogOfWar[18,5] = 301
 [VirtualTiledMapService] Set tile at Base[18,6] = 101
 [VirtualTiledMapService] Removed tile at Collision[18,6]
 [VirtualTiledMapService] Set tile at FogOfWar[18,6] = 301
 [VirtualTiledMapService] Set tile at Base[18,7] = 101
 [VirtualTiledMapService] Removed tile at Collision[18,7]
 [VirtualTiledMapService] Set tile at FogOfWar[18,7] = 301
 [VirtualTiledMapService] Set tile at Base[18,8] = 101
 [VirtualTiledMapService] Removed tile at Collision[18,8]
 [VirtualTiledMapService] Set tile at FogOfWar[18,8] = 301
 [VirtualTiledMapService] Set tile at Base[18,9] = 101
 [VirtualTiledMapService] Removed tile at Collision[18,9]
 [VirtualTiledMapService] Set tile at FogOfWar[18,9] = 301
 [VirtualTiledMapService] Set tile at Base[18,10] = 101
 [VirtualTiledMapService] Removed tile at Collision[18,10]
 [VirtualTiledMapService] Set tile at Base[18,11] = 100
 [VirtualTiledMapService] Removed tile at Collision[18,11]
 [VirtualPitWidthManager] Extending inner floor column at x=19
 [VirtualTiledMapService] Set tile at Base[19,1] = 100
 [VirtualTiledMapService] Removed tile at Collision[19,1]
 [VirtualTiledMapService] Set tile at Base[19,2] = 101
 [VirtualTiledMapService] Removed tile at Collision[19,2]
 [VirtualTiledMapService] Set tile at Base[19,3] = 101
 [VirtualTiledMapService] Removed tile at Collision[19,3]
 [VirtualTiledMapService] Set tile at FogOfWar[19,3] = 301
 [VirtualTiledMapService] Set tile at Base[19,4] = 101
 [VirtualTiledMapService] Removed tile at Collision[19,4]
 [VirtualTiledMapService] Set tile at FogOfWar[19,4] = 301
 [VirtualTiledMapService] Set tile at Base[19,5] = 101
 [VirtualTiledMapService] Removed tile at Collision[19,5]
 [VirtualTiledMapService] Set tile at FogOfWar[19,5] = 301
 [VirtualTiledMapService] Set tile at Base[19,6] = 101
 [VirtualTiledMapService] Removed tile at Collision[19,6]
 [VirtualTiledMapService] Set tile at FogOfWar[19,6] = 301
 [VirtualTiledMapService] Set tile at Base[19,7] = 101
 [VirtualTiledMapService] Removed tile at Collision[19,7]
 [VirtualTiledMapService] Set tile at FogOfWar[19,7] = 301
 [VirtualTiledMapService] Set tile at Base[19,8] = 101
 [VirtualTiledMapService] Removed tile at Collision[19,8]
 [VirtualTiledMapService] Set tile at FogOfWar[19,8] = 301
 [VirtualTiledMapService] Set tile at Base[19,9] = 101
 [VirtualTiledMapService] Removed tile at Collision[19,9]
 [VirtualTiledMapService] Set tile at FogOfWar[19,9] = 301
 [VirtualTiledMapService] Set tile at Base[19,10] = 101
 [VirtualTiledMapService] Removed tile at Collision[19,10]
 [VirtualTiledMapService] Set tile at Base[19,11] = 100
 [VirtualTiledMapService] Removed tile at Collision[19,11]
 [VirtualPitWidthManager] Extending inner floor column at x=20
 [VirtualTiledMapService] Set tile at Base[20,1] = 100
 [VirtualTiledMapService] Removed tile at Collision[20,1]
 [VirtualTiledMapService] Set tile at Base[20,2] = 101
 [VirtualTiledMapService] Removed tile at Collision[20,2]
 [VirtualTiledMapService] Set tile at Base[20,3] = 101
 [VirtualTiledMapService] Removed tile at Collision[20,3]
 [VirtualTiledMapService] Set tile at FogOfWar[20,3] = 301
 [VirtualTiledMapService] Set tile at Base[20,4] = 101
 [VirtualTiledMapService] Removed tile at Collision[20,4]
 [VirtualTiledMapService] Set tile at FogOfWar[20,4] = 301
 [VirtualTiledMapService] Set tile at Base[20,5] = 101
 [VirtualTiledMapService] Removed tile at Collision[20,5]
 [VirtualTiledMapService] Set tile at FogOfWar[20,5] = 301
 [VirtualTiledMapService] Set tile at Base[20,6] = 101
 [VirtualTiledMapService] Removed tile at Collision[20,6]
 [VirtualTiledMapService] Set tile at FogOfWar[20,6] = 301
 [VirtualTiledMapService] Set tile at Base[20,7] = 101
 [VirtualTiledMapService] Removed tile at Collision[20,7]
 [VirtualTiledMapService] Set tile at FogOfWar[20,7] = 301
 [VirtualTiledMapService] Set tile at Base[20,8] = 101
 [VirtualTiledMapService] Removed tile at Collision[20,8]
 [VirtualTiledMapService] Set tile at FogOfWar[20,8] = 301
 [VirtualTiledMapService] Set tile at Base[20,9] = 101
 [VirtualTiledMapService] Removed tile at Collision[20,9]
 [VirtualTiledMapService] Set tile at FogOfWar[20,9] = 301
 [VirtualTiledMapService] Set tile at Base[20,10] = 101
 [VirtualTiledMapService] Removed tile at Collision[20,10]
 [VirtualTiledMapService] Set tile at Base[20,11] = 100
 [VirtualTiledMapService] Removed tile at Collision[20,11]
 [VirtualPitWidthManager] Extending inner floor column at x=21
 [VirtualTiledMapService] Set tile at Base[21,1] = 100
 [VirtualTiledMapService] Removed tile at Collision[21,1]
 [VirtualTiledMapService] Set tile at Base[21,2] = 101
 [VirtualTiledMapService] Removed tile at Collision[21,2]
 [VirtualTiledMapService] Set tile at Base[21,3] = 101
 [VirtualTiledMapService] Removed tile at Collision[21,3]
 [VirtualTiledMapService] Set tile at FogOfWar[21,3] = 301
 [VirtualTiledMapService] Set tile at Base[21,4] = 101
 [VirtualTiledMapService] Removed tile at Collision[21,4]
 [VirtualTiledMapService] Set tile at FogOfWar[21,4] = 301
 [VirtualTiledMapService] Set tile at Base[21,5] = 101
 [VirtualTiledMapService] Removed tile at Collision[21,5]
 [VirtualTiledMapService] Set tile at FogOfWar[21,5] = 301
 [VirtualTiledMapService] Set tile at Base[21,6] = 101
 [VirtualTiledMapService] Removed tile at Collision[21,6]
 [VirtualTiledMapService] Set tile at FogOfWar[21,6] = 301
 [VirtualTiledMapService] Set tile at Base[21,7] = 101
 [VirtualTiledMapService] Removed tile at Collision[21,7]
 [VirtualTiledMapService] Set tile at FogOfWar[21,7] = 301
 [VirtualTiledMapService] Set tile at Base[21,8] = 101
 [VirtualTiledMapService] Removed tile at Collision[21,8]
 [VirtualTiledMapService] Set tile at FogOfWar[21,8] = 301
 [VirtualTiledMapService] Set tile at Base[21,9] = 101
 [VirtualTiledMapService] Removed tile at Collision[21,9]
 [VirtualTiledMapService] Set tile at FogOfWar[21,9] = 301
 [VirtualTiledMapService] Set tile at Base[21,10] = 101
 [VirtualTiledMapService] Removed tile at Collision[21,10]
 [VirtualTiledMapService] Set tile at Base[21,11] = 100
 [VirtualTiledMapService] Removed tile at Collision[21,11]
 [VirtualPitWidthManager] Extending inner floor column at x=22
 [VirtualTiledMapService] Set tile at Base[22,1] = 100
 [VirtualTiledMapService] Removed tile at Collision[22,1]
 [VirtualTiledMapService] Set tile at Base[22,2] = 101
 [VirtualTiledMapService] Removed tile at Collision[22,2]
 [VirtualTiledMapService] Set tile at Base[22,3] = 101
 [VirtualTiledMapService] Removed tile at Collision[22,3]
 [VirtualTiledMapService] Set tile at FogOfWar[22,3] = 301
 [VirtualTiledMapService] Set tile at Base[22,4] = 101
 [VirtualTiledMapService] Removed tile at Collision[22,4]
 [VirtualTiledMapService] Set tile at FogOfWar[22,4] = 301
 [VirtualTiledMapService] Set tile at Base[22,5] = 101
 [VirtualTiledMapService] Removed tile at Collision[22,5]
 [VirtualTiledMapService] Set tile at FogOfWar[22,5] = 301
 [VirtualTiledMapService] Set tile at Base[22,6] = 101
 [VirtualTiledMapService] Removed tile at Collision[22,6]
 [VirtualTiledMapService] Set tile at FogOfWar[22,6] = 301
 [VirtualTiledMapService] Set tile at Base[22,7] = 101
 [VirtualTiledMapService] Removed tile at Collision[22,7]
 [VirtualTiledMapService] Set tile at FogOfWar[22,7] = 301
 [VirtualTiledMapService] Set tile at Base[22,8] = 101
 [VirtualTiledMapService] Removed tile at Collision[22,8]
 [VirtualTiledMapService] Set tile at FogOfWar[22,8] = 301
 [VirtualTiledMapService] Set tile at Base[22,9] = 101
 [VirtualTiledMapService] Removed tile at Collision[22,9]
 [VirtualTiledMapService] Set tile at FogOfWar[22,9] = 301
 [VirtualTiledMapService] Set tile at Base[22,10] = 101
 [VirtualTiledMapService] Removed tile at Collision[22,10]
 [VirtualTiledMapService] Set tile at Base[22,11] = 100
 [VirtualTiledMapService] Removed tile at Collision[22,11]
 [VirtualPitWidthManager] Extending inner floor column at x=23
 [VirtualTiledMapService] Set tile at Base[23,1] = 100
 [VirtualTiledMapService] Removed tile at Collision[23,1]
 [VirtualTiledMapService] Set tile at Base[23,2] = 101
 [VirtualTiledMapService] Removed tile at Collision[23,2]
 [VirtualTiledMapService] Set tile at Base[23,3] = 101
 [VirtualTiledMapService] Removed tile at Collision[23,3]
 [VirtualTiledMapService] Set tile at FogOfWar[23,3] = 301
 [VirtualTiledMapService] Set tile at Base[23,4] = 101
 [VirtualTiledMapService] Removed tile at Collision[23,4]
 [VirtualTiledMapService] Set tile at FogOfWar[23,4] = 301
 [VirtualTiledMapService] Set tile at Base[23,5] = 101
 [VirtualTiledMapService] Removed tile at Collision[23,5]
 [VirtualTiledMapService] Set tile at FogOfWar[23,5] = 301
 [VirtualTiledMapService] Set tile at Base[23,6] = 101
 [VirtualTiledMapService] Removed tile at Collision[23,6]
 [VirtualTiledMapService] Set tile at FogOfWar[23,6] = 301
 [VirtualTiledMapService] Set tile at Base[23,7] = 101
 [VirtualTiledMapService] Removed tile at Collision[23,7]
 [VirtualTiledMapService] Set tile at FogOfWar[23,7] = 301
 [VirtualTiledMapService] Set tile at Base[23,8] = 101
 [VirtualTiledMapService] Removed tile at Collision[23,8]
 [VirtualTiledMapService] Set tile at FogOfWar[23,8] = 301
 [VirtualTiledMapService] Set tile at Base[23,9] = 101
 [VirtualTiledMapService] Removed tile at Collision[23,9]
 [VirtualTiledMapService] Set tile at FogOfWar[23,9] = 301
 [VirtualTiledMapService] Set tile at Base[23,10] = 101
 [VirtualTiledMapService] Removed tile at Collision[23,10]
 [VirtualTiledMapService] Set tile at Base[23,11] = 100
 [VirtualTiledMapService] Removed tile at Collision[23,11]
 [VirtualPitWidthManager] Extending inner floor column at x=24
 [VirtualTiledMapService] Set tile at Base[24,1] = 100
 [VirtualTiledMapService] Removed tile at Collision[24,1]
 [VirtualTiledMapService] Set tile at Base[24,2] = 101
 [VirtualTiledMapService] Removed tile at Collision[24,2]
 [VirtualTiledMapService] Set tile at Base[24,3] = 101
 [VirtualTiledMapService] Removed tile at Collision[24,3]
 [VirtualTiledMapService] Set tile at FogOfWar[24,3] = 301
 [VirtualTiledMapService] Set tile at Base[24,4] = 101
 [VirtualTiledMapService] Removed tile at Collision[24,4]
 [VirtualTiledMapService] Set tile at FogOfWar[24,4] = 301
 [VirtualTiledMapService] Set tile at Base[24,5] = 101
 [VirtualTiledMapService] Removed tile at Collision[24,5]
 [VirtualTiledMapService] Set tile at FogOfWar[24,5] = 301
 [VirtualTiledMapService] Set tile at Base[24,6] = 101
 [VirtualTiledMapService] Removed tile at Collision[24,6]
 [VirtualTiledMapService] Set tile at FogOfWar[24,6] = 301
 [VirtualTiledMapService] Set tile at Base[24,7] = 101
 [VirtualTiledMapService] Removed tile at Collision[24,7]
 [VirtualTiledMapService] Set tile at FogOfWar[24,7] = 301
 [VirtualTiledMapService] Set tile at Base[24,8] = 101
 [VirtualTiledMapService] Removed tile at Collision[24,8]
 [VirtualTiledMapService] Set tile at FogOfWar[24,8] = 301
 [VirtualTiledMapService] Set tile at Base[24,9] = 101
 [VirtualTiledMapService] Removed tile at Collision[24,9]
 [VirtualTiledMapService] Set tile at FogOfWar[24,9] = 301
 [VirtualTiledMapService] Set tile at Base[24,10] = 101
 [VirtualTiledMapService] Removed tile at Collision[24,10]
 [VirtualTiledMapService] Set tile at Base[24,11] = 100
 [VirtualTiledMapService] Removed tile at Collision[24,11]
 [VirtualPitWidthManager] Extending inner floor column at x=25
 [VirtualTiledMapService] Set tile at Base[25,1] = 100
 [VirtualTiledMapService] Removed tile at Collision[25,1]
 [VirtualTiledMapService] Set tile at Base[25,2] = 101
 [VirtualTiledMapService] Removed tile at Collision[25,2]
 [VirtualTiledMapService] Set tile at Base[25,3] = 101
 [VirtualTiledMapService] Removed tile at Collision[25,3]
 [VirtualTiledMapService] Set tile at FogOfWar[25,3] = 301
 [VirtualTiledMapService] Set tile at Base[25,4] = 101
 [VirtualTiledMapService] Removed tile at Collision[25,4]
 [VirtualTiledMapService] Set tile at FogOfWar[25,4] = 301
 [VirtualTiledMapService] Set tile at Base[25,5] = 101
 [VirtualTiledMapService] Removed tile at Collision[25,5]
 [VirtualTiledMapService] Set tile at FogOfWar[25,5] = 301
 [VirtualTiledMapService] Set tile at Base[25,6] = 101
 [VirtualTiledMapService] Removed tile at Collision[25,6]
 [VirtualTiledMapService] Set tile at FogOfWar[25,6] = 301
 [VirtualTiledMapService] Set tile at Base[25,7] = 101
 [VirtualTiledMapService] Removed tile at Collision[25,7]
 [VirtualTiledMapService] Set tile at FogOfWar[25,7] = 301
 [VirtualTiledMapService] Set tile at Base[25,8] = 101
 [VirtualTiledMapService] Removed tile at Collision[25,8]
 [VirtualTiledMapService] Set tile at FogOfWar[25,8] = 301
 [VirtualTiledMapService] Set tile at Base[25,9] = 101
 [VirtualTiledMapService] Removed tile at Collision[25,9]
 [VirtualTiledMapService] Set tile at FogOfWar[25,9] = 301
 [VirtualTiledMapService] Set tile at Base[25,10] = 101
 [VirtualTiledMapService] Removed tile at Collision[25,10]
 [VirtualTiledMapService] Set tile at Base[25,11] = 100
 [VirtualTiledMapService] Removed tile at Collision[25,11]
 [VirtualPitWidthManager] Extending inner floor column at x=26
 [VirtualTiledMapService] Set tile at Base[26,1] = 100
 [VirtualTiledMapService] Removed tile at Collision[26,1]
 [VirtualTiledMapService] Set tile at Base[26,2] = 101
 [VirtualTiledMapService] Removed tile at Collision[26,2]
 [VirtualTiledMapService] Set tile at Base[26,3] = 101
 [VirtualTiledMapService] Removed tile at Collision[26,3]
 [VirtualTiledMapService] Set tile at FogOfWar[26,3] = 301
 [VirtualTiledMapService] Set tile at Base[26,4] = 101
 [VirtualTiledMapService] Removed tile at Collision[26,4]
 [VirtualTiledMapService] Set tile at FogOfWar[26,4] = 301
 [VirtualTiledMapService] Set tile at Base[26,5] = 101
 [VirtualTiledMapService] Removed tile at Collision[26,5]
 [VirtualTiledMapService] Set tile at FogOfWar[26,5] = 301
 [VirtualTiledMapService] Set tile at Base[26,6] = 101
 [VirtualTiledMapService] Removed tile at Collision[26,6]
 [VirtualTiledMapService] Set tile at FogOfWar[26,6] = 301
 [VirtualTiledMapService] Set tile at Base[26,7] = 101
 [VirtualTiledMapService] Removed tile at Collision[26,7]
 [VirtualTiledMapService] Set tile at FogOfWar[26,7] = 301
 [VirtualTiledMapService] Set tile at Base[26,8] = 101
 [VirtualTiledMapService] Removed tile at Collision[26,8]
 [VirtualTiledMapService] Set tile at FogOfWar[26,8] = 301
 [VirtualTiledMapService] Set tile at Base[26,9] = 101
 [VirtualTiledMapService] Removed tile at Collision[26,9]
 [VirtualTiledMapService] Set tile at FogOfWar[26,9] = 301
 [VirtualTiledMapService] Set tile at Base[26,10] = 101
 [VirtualTiledMapService] Removed tile at Collision[26,10]
 [VirtualTiledMapService] Set tile at Base[26,11] = 100
 [VirtualTiledMapService] Removed tile at Collision[26,11]
 [VirtualPitWidthManager] Extending inner floor column at x=27
 [VirtualTiledMapService] Set tile at Base[27,1] = 100
 [VirtualTiledMapService] Removed tile at Collision[27,1]
 [VirtualTiledMapService] Set tile at Base[27,2] = 101
 [VirtualTiledMapService] Removed tile at Collision[27,2]
 [VirtualTiledMapService] Set tile at Base[27,3] = 101
 [VirtualTiledMapService] Removed tile at Collision[27,3]
 [VirtualTiledMapService] Set tile at FogOfWar[27,3] = 301
 [VirtualTiledMapService] Set tile at Base[27,4] = 101
 [VirtualTiledMapService] Removed tile at Collision[27,4]
 [VirtualTiledMapService] Set tile at FogOfWar[27,4] = 301
 [VirtualTiledMapService] Set tile at Base[27,5] = 101
 [VirtualTiledMapService] Removed tile at Collision[27,5]
 [VirtualTiledMapService] Set tile at FogOfWar[27,5] = 301
 [VirtualTiledMapService] Set tile at Base[27,6] = 101
 [VirtualTiledMapService] Removed tile at Collision[27,6]
 [VirtualTiledMapService] Set tile at FogOfWar[27,6] = 301
 [VirtualTiledMapService] Set tile at Base[27,7] = 101
 [VirtualTiledMapService] Removed tile at Collision[27,7]
 [VirtualTiledMapService] Set tile at FogOfWar[27,7] = 301
 [VirtualTiledMapService] Set tile at Base[27,8] = 101
 [VirtualTiledMapService] Removed tile at Collision[27,8]
 [VirtualTiledMapService] Set tile at FogOfWar[27,8] = 301
 [VirtualTiledMapService] Set tile at Base[27,9] = 101
 [VirtualTiledMapService] Removed tile at Collision[27,9]
 [VirtualTiledMapService] Set tile at FogOfWar[27,9] = 301
 [VirtualTiledMapService] Set tile at Base[27,10] = 101
 [VirtualTiledMapService] Removed tile at Collision[27,10]
 [VirtualTiledMapService] Set tile at Base[27,11] = 100
 [VirtualTiledMapService] Removed tile at Collision[27,11]
 [VirtualPitWidthManager] Extending inner floor column at x=28
 [VirtualTiledMapService] Set tile at Base[28,1] = 100
 [VirtualTiledMapService] Removed tile at Collision[28,1]
 [VirtualTiledMapService] Set tile at Base[28,2] = 101
 [VirtualTiledMapService] Removed tile at Collision[28,2]
 [VirtualTiledMapService] Set tile at Base[28,3] = 101
 [VirtualTiledMapService] Removed tile at Collision[28,3]
 [VirtualTiledMapService] Set tile at FogOfWar[28,3] = 301
 [VirtualTiledMapService] Set tile at Base[28,4] = 101
 [VirtualTiledMapService] Removed tile at Collision[28,4]
 [VirtualTiledMapService] Set tile at FogOfWar[28,4] = 301
 [VirtualTiledMapService] Set tile at Base[28,5] = 101
 [VirtualTiledMapService] Removed tile at Collision[28,5]
 [VirtualTiledMapService] Set tile at FogOfWar[28,5] = 301
 [VirtualTiledMapService] Set tile at Base[28,6] = 101
 [VirtualTiledMapService] Removed tile at Collision[28,6]
 [VirtualTiledMapService] Set tile at FogOfWar[28,6] = 301
 [VirtualTiledMapService] Set tile at Base[28,7] = 101
 [VirtualTiledMapService] Removed tile at Collision[28,7]
 [VirtualTiledMapService] Set tile at FogOfWar[28,7] = 301
 [VirtualTiledMapService] Set tile at Base[28,8] = 101
 [VirtualTiledMapService] Removed tile at Collision[28,8]
 [VirtualTiledMapService] Set tile at FogOfWar[28,8] = 301
 [VirtualTiledMapService] Set tile at Base[28,9] = 101
 [VirtualTiledMapService] Removed tile at Collision[28,9]
 [VirtualTiledMapService] Set tile at FogOfWar[28,9] = 301
 [VirtualTiledMapService] Set tile at Base[28,10] = 101
 [VirtualTiledMapService] Removed tile at Collision[28,10]
 [VirtualTiledMapService] Set tile at Base[28,11] = 100
 [VirtualTiledMapService] Removed tile at Collision[28,11]
 [VirtualPitWidthManager] Extending inner floor column at x=29
 [VirtualTiledMapService] Set tile at Base[29,1] = 100
 [VirtualTiledMapService] Removed tile at Collision[29,1]
 [VirtualTiledMapService] Set tile at Base[29,2] = 101
 [VirtualTiledMapService] Removed tile at Collision[29,2]
 [VirtualTiledMapService] Set tile at Base[29,3] = 101
 [VirtualTiledMapService] Removed tile at Collision[29,3]
 [VirtualTiledMapService] Set tile at FogOfWar[29,3] = 301
 [VirtualTiledMapService] Set tile at Base[29,4] = 101
 [VirtualTiledMapService] Removed tile at Collision[29,4]
 [VirtualTiledMapService] Set tile at FogOfWar[29,4] = 301
 [VirtualTiledMapService] Set tile at Base[29,5] = 101
 [VirtualTiledMapService] Removed tile at Collision[29,5]
 [VirtualTiledMapService] Set tile at FogOfWar[29,5] = 301
 [VirtualTiledMapService] Set tile at Base[29,6] = 101
 [VirtualTiledMapService] Removed tile at Collision[29,6]
 [VirtualTiledMapService] Set tile at FogOfWar[29,6] = 301
 [VirtualTiledMapService] Set tile at Base[29,7] = 101
 [VirtualTiledMapService] Removed tile at Collision[29,7]
 [VirtualTiledMapService] Set tile at FogOfWar[29,7] = 301
 [VirtualTiledMapService] Set tile at Base[29,8] = 101
 [VirtualTiledMapService] Removed tile at Collision[29,8]
 [VirtualTiledMapService] Set tile at FogOfWar[29,8] = 301
 [VirtualTiledMapService] Set tile at Base[29,9] = 101
 [VirtualTiledMapService] Removed tile at Collision[29,9]
 [VirtualTiledMapService] Set tile at FogOfWar[29,9] = 301
 [VirtualTiledMapService] Set tile at Base[29,10] = 101
 [VirtualTiledMapService] Removed tile at Collision[29,10]
 [VirtualTiledMapService] Set tile at Base[29,11] = 100
 [VirtualTiledMapService] Removed tile at Collision[29,11]
 [VirtualPitWidthManager] Extending inner floor column at x=30
 [VirtualTiledMapService] Set tile at Base[30,1] = 100
 [VirtualTiledMapService] Removed tile at Collision[30,1]
 [VirtualTiledMapService] Set tile at Base[30,2] = 101
 [VirtualTiledMapService] Removed tile at Collision[30,2]
 [VirtualTiledMapService] Set tile at Base[30,3] = 101
 [VirtualTiledMapService] Removed tile at Collision[30,3]
 [VirtualTiledMapService] Set tile at FogOfWar[30,3] = 301
 [VirtualTiledMapService] Set tile at Base[30,4] = 101
 [VirtualTiledMapService] Removed tile at Collision[30,4]
 [VirtualTiledMapService] Set tile at FogOfWar[30,4] = 301
 [VirtualTiledMapService] Set tile at Base[30,5] = 101
 [VirtualTiledMapService] Removed tile at Collision[30,5]
 [VirtualTiledMapService] Set tile at FogOfWar[30,5] = 301
 [VirtualTiledMapService] Set tile at Base[30,6] = 101
 [VirtualTiledMapService] Removed tile at Collision[30,6]
 [VirtualTiledMapService] Set tile at FogOfWar[30,6] = 301
 [VirtualTiledMapService] Set tile at Base[30,7] = 101
 [VirtualTiledMapService] Removed tile at Collision[30,7]
 [VirtualTiledMapService] Set tile at FogOfWar[30,7] = 301
 [VirtualTiledMapService] Set tile at Base[30,8] = 101
 [VirtualTiledMapService] Removed tile at Collision[30,8]
 [VirtualTiledMapService] Set tile at FogOfWar[30,8] = 301
 [VirtualTiledMapService] Set tile at Base[30,9] = 101
 [VirtualTiledMapService] Removed tile at Collision[30,9]
 [VirtualTiledMapService] Set tile at FogOfWar[30,9] = 301
 [VirtualTiledMapService] Set tile at Base[30,10] = 101
 [VirtualTiledMapService] Removed tile at Collision[30,10]
 [VirtualTiledMapService] Set tile at Base[30,11] = 100
 [VirtualTiledMapService] Removed tile at Collision[30,11]
 [VirtualPitWidthManager] Extending inner floor column at x=31
 [VirtualTiledMapService] Set tile at Base[31,1] = 100
 [VirtualTiledMapService] Removed tile at Collision[31,1]
 [VirtualTiledMapService] Set tile at Base[31,2] = 101
 [VirtualTiledMapService] Removed tile at Collision[31,2]
 [VirtualTiledMapService] Set tile at Base[31,3] = 101
 [VirtualTiledMapService] Removed tile at Collision[31,3]
 [VirtualTiledMapService] Set tile at FogOfWar[31,3] = 301
 [VirtualTiledMapService] Set tile at Base[31,4] = 101
 [VirtualTiledMapService] Removed tile at Collision[31,4]
 [VirtualTiledMapService] Set tile at FogOfWar[31,4] = 301
 [VirtualTiledMapService] Set tile at Base[31,5] = 101
 [VirtualTiledMapService] Removed tile at Collision[31,5]
 [VirtualTiledMapService] Set tile at FogOfWar[31,5] = 301
 [VirtualTiledMapService] Set tile at Base[31,6] = 101
 [VirtualTiledMapService] Removed tile at Collision[31,6]
 [VirtualTiledMapService] Set tile at FogOfWar[31,6] = 301
 [VirtualTiledMapService] Set tile at Base[31,7] = 101
 [VirtualTiledMapService] Removed tile at Collision[31,7]
 [VirtualTiledMapService] Set tile at FogOfWar[31,7] = 301
 [VirtualTiledMapService] Set tile at Base[31,8] = 101
 [VirtualTiledMapService] Removed tile at Collision[31,8]
 [VirtualTiledMapService] Set tile at FogOfWar[31,8] = 301
 [VirtualTiledMapService] Set tile at Base[31,9] = 101
 [VirtualTiledMapService] Removed tile at Collision[31,9]
 [VirtualTiledMapService] Set tile at FogOfWar[31,9] = 301
 [VirtualTiledMapService] Set tile at Base[31,10] = 101
 [VirtualTiledMapService] Removed tile at Collision[31,10]
 [VirtualTiledMapService] Set tile at Base[31,11] = 100
 [VirtualTiledMapService] Removed tile at Collision[31,11]
 [VirtualPitWidthManager] Extending inner wall column at x=32
 [VirtualTiledMapService] Set tile at Base[32,1] = 102
 [VirtualTiledMapService] Removed tile at Collision[32,1]
 [VirtualTiledMapService] Set tile at Base[32,2] = 102
 [VirtualTiledMapService] Set tile at Collision[32,2] = 201
 [VirtualTiledMapService] Set tile at Base[32,3] = 102
 [VirtualTiledMapService] Set tile at Collision[32,3] = 201
 [VirtualTiledMapService] Set tile at Base[32,4] = 102
 [VirtualTiledMapService] Set tile at Collision[32,4] = 201
 [VirtualTiledMapService] Set tile at Base[32,5] = 102
 [VirtualTiledMapService] Set tile at Collision[32,5] = 201
 [VirtualTiledMapService] Set tile at Base[32,6] = 102
 [VirtualTiledMapService] Set tile at Collision[32,6] = 201
 [VirtualTiledMapService] Set tile at Base[32,7] = 102
 [VirtualTiledMapService] Set tile at Collision[32,7] = 201
 [VirtualTiledMapService] Set tile at Base[32,8] = 102
 [VirtualTiledMapService] Set tile at Collision[32,8] = 201
 [VirtualTiledMapService] Set tile at Base[32,9] = 102
 [VirtualTiledMapService] Set tile at Collision[32,9] = 201
 [VirtualTiledMapService] Set tile at Base[32,10] = 102
 [VirtualTiledMapService] Set tile at Collision[32,10] = 201
 [VirtualTiledMapService] Set tile at Base[32,11] = 102
 [VirtualTiledMapService] Removed tile at Collision[32,11]
 [VirtualPitWidthManager] Extending outer floor column at x=33
 [VirtualTiledMapService] Set tile at Base[33,1] = 100
 [VirtualTiledMapService] Removed tile at Collision[33,1]
 [VirtualTiledMapService] Set tile at Base[33,2] = 103
 [VirtualTiledMapService] Removed tile at Collision[33,2]
 [VirtualTiledMapService] Set tile at Base[33,3] = 103
 [VirtualTiledMapService] Removed tile at Collision[33,3]
 [VirtualTiledMapService] Set tile at Base[33,4] = 103
 [VirtualTiledMapService] Removed tile at Collision[33,4]
 [VirtualTiledMapService] Set tile at Base[33,5] = 103
 [VirtualTiledMapService] Removed tile at Collision[33,5]
 [VirtualTiledMapService] Set tile at Base[33,6] = 103
 [VirtualTiledMapService] Removed tile at Collision[33,6]
 [VirtualTiledMapService] Set tile at Base[33,7] = 103
 [VirtualTiledMapService] Removed tile at Collision[33,7]
 [VirtualTiledMapService] Set tile at Base[33,8] = 103
 [VirtualTiledMapService] Removed tile at Collision[33,8]
 [VirtualTiledMapService] Set tile at Base[33,9] = 103
 [VirtualTiledMapService] Removed tile at Collision[33,9]
 [VirtualTiledMapService] Set tile at Base[33,10] = 103
 [VirtualTiledMapService] Removed tile at Collision[33,10]
 [VirtualTiledMapService] Set tile at Base[33,11] = 100
 [VirtualTiledMapService] Removed tile at Collision[33,11]
 [VirtualPitWidthManager] Pit extension complete. New right edge: 33
 [VirtualPitWidthManager] Regenerating FogOfWar for entire pit area from x=2 to x=33, y=3 to y=9
 [VirtualTiledMapService] Set tile at FogOfWar[2,3] = 301
 [VirtualTiledMapService] Set tile at FogOfWar[2,4] = 301
 [VirtualTiledMapService] Set tile at FogOfWar[2,5] = 301
 [VirtualTiledMapService] Set tile at FogOfWar[2,6] = 301
 [VirtualTiledMapService] Set tile at FogOfWar[2,7] = 301
 [VirtualTiledMapService] Set tile at FogOfWar[2,8] = 301
 [VirtualTiledMapService] Set tile at FogOfWar[2,9] = 301
 [VirtualTiledMapService] Set tile at FogOfWar[3,3] = 301
 [VirtualTiledMapService] Set tile at FogOfWar[3,4] = 301
 [VirtualTiledMapService] Set tile at FogOfWar[3,5] = 301
 [VirtualTiledMapService] Set tile at FogOfWar[3,6] = 301
 [VirtualTiledMapService] Set tile at FogOfWar[3,7] = 301
 [VirtualTiledMapService] Set tile at FogOfWar[3,8] = 301
 [VirtualTiledMapService] Set tile at FogOfWar[3,9] = 301
 [VirtualTiledMapService] Set tile at FogOfWar[4,3] = 301
 [VirtualTiledMapService] Set tile at FogOfWar[4,4] = 301
 [VirtualTiledMapService] Set tile at FogOfWar[4,5] = 301
 [VirtualTiledMapService] Set tile at FogOfWar[4,6] = 301
 [VirtualTiledMapService] Set tile at FogOfWar[4,7] = 301
 [VirtualTiledMapService] Set tile at FogOfWar[4,8] = 301
 [VirtualTiledMapService] Set tile at FogOfWar[4,9] = 301
 [VirtualTiledMapService] Set tile at FogOfWar[5,3] = 301
 [VirtualTiledMapService] Set tile at FogOfWar[5,4] = 301
 [VirtualTiledMapService] Set tile at FogOfWar[5,5] = 301
 [VirtualTiledMapService] Set tile at FogOfWar[5,6] = 301
 [VirtualTiledMapService] Set tile at FogOfWar[5,7] = 301
 [VirtualTiledMapService] Set tile at FogOfWar[5,8] = 301
 [VirtualTiledMapService] Set tile at FogOfWar[5,9] = 301
 [VirtualTiledMapService] Set tile at FogOfWar[6,3] = 301
 [VirtualTiledMapService] Set tile at FogOfWar[6,4] = 301
 [VirtualTiledMapService] Set tile at FogOfWar[6,5] = 301
 [VirtualTiledMapService] Set tile at FogOfWar[6,6] = 301
 [VirtualTiledMapService] Set tile at FogOfWar[6,7] = 301
 [VirtualTiledMapService] Set tile at FogOfWar[6,8] = 301
 [VirtualTiledMapService] Set tile at FogOfWar[6,9] = 301
 [VirtualTiledMapService] Set tile at FogOfWar[7,3] = 301
 [VirtualTiledMapService] Set tile at FogOfWar[7,4] = 301
 [VirtualTiledMapService] Set tile at FogOfWar[7,5] = 301
 [VirtualTiledMapService] Set tile at FogOfWar[7,6] = 301
 [VirtualTiledMapService] Set tile at FogOfWar[7,7] = 301
 [VirtualTiledMapService] Set tile at FogOfWar[7,8] = 301
 [VirtualTiledMapService] Set tile at FogOfWar[7,9] = 301
 [VirtualTiledMapService] Set tile at FogOfWar[8,3] = 301
 [VirtualTiledMapService] Set tile at FogOfWar[8,4] = 301
 [VirtualTiledMapService] Set tile at FogOfWar[8,5] = 301
 [VirtualTiledMapService] Set tile at FogOfWar[8,6] = 301
 [VirtualTiledMapService] Set tile at FogOfWar[8,7] = 301
 [VirtualTiledMapService] Set tile at FogOfWar[8,8] = 301
 [VirtualTiledMapService] Set tile at FogOfWar[8,9] = 301
 [VirtualTiledMapService] Set tile at FogOfWar[9,3] = 301
 [VirtualTiledMapService] Set tile at FogOfWar[9,4] = 301
 [VirtualTiledMapService] Set tile at FogOfWar[9,5] = 301
 [VirtualTiledMapService] Set tile at FogOfWar[9,6] = 301
 [VirtualTiledMapService] Set tile at FogOfWar[9,7] = 301
 [VirtualTiledMapService] Set tile at FogOfWar[9,8] = 301
 [VirtualTiledMapService] Set tile at FogOfWar[9,9] = 301
 [VirtualTiledMapService] Set tile at FogOfWar[10,3] = 301
 [VirtualTiledMapService] Set tile at FogOfWar[10,4] = 301
 [VirtualTiledMapService] Set tile at FogOfWar[10,5] = 301
 [VirtualTiledMapService] Set tile at FogOfWar[10,6] = 301
 [VirtualTiledMapService] Set tile at FogOfWar[10,7] = 301
 [VirtualTiledMapService] Set tile at FogOfWar[10,8] = 301
 [VirtualTiledMapService] Set tile at FogOfWar[10,9] = 301
 [VirtualTiledMapService] Set tile at FogOfWar[11,3] = 301
 [VirtualTiledMapService] Set tile at FogOfWar[11,4] = 301
 [VirtualTiledMapService] Set tile at FogOfWar[11,5] = 301
 [VirtualTiledMapService] Set tile at FogOfWar[11,6] = 301
 [VirtualTiledMapService] Set tile at FogOfWar[11,7] = 301
 [VirtualTiledMapService] Set tile at FogOfWar[11,8] = 301
 [VirtualTiledMapService] Set tile at FogOfWar[11,9] = 301
 [VirtualTiledMapService] Set tile at FogOfWar[12,3] = 301
 [VirtualTiledMapService] Set tile at FogOfWar[12,4] = 301
 [VirtualTiledMapService] Set tile at FogOfWar[12,5] = 301
 [VirtualTiledMapService] Set tile at FogOfWar[12,6] = 301
 [VirtualTiledMapService] Set tile at FogOfWar[12,7] = 301
 [VirtualTiledMapService] Set tile at FogOfWar[12,8] = 301
 [VirtualTiledMapService] Set tile at FogOfWar[12,9] = 301
 [VirtualTiledMapService] Set tile at FogOfWar[13,3] = 301
 [VirtualTiledMapService] Set tile at FogOfWar[13,4] = 301
 [VirtualTiledMapService] Set tile at FogOfWar[13,5] = 301
 [VirtualTiledMapService] Set tile at FogOfWar[13,6] = 301
 [VirtualTiledMapService] Set tile at FogOfWar[13,7] = 301
 [VirtualTiledMapService] Set tile at FogOfWar[13,8] = 301
 [VirtualTiledMapService] Set tile at FogOfWar[13,9] = 301
 [VirtualTiledMapService] Set tile at FogOfWar[14,3] = 301
 [VirtualTiledMapService] Set tile at FogOfWar[14,4] = 301
 [VirtualTiledMapService] Set tile at FogOfWar[14,5] = 301
 [VirtualTiledMapService] Set tile at FogOfWar[14,6] = 301
 [VirtualTiledMapService] Set tile at FogOfWar[14,7] = 301
 [VirtualTiledMapService] Set tile at FogOfWar[14,8] = 301
 [VirtualTiledMapService] Set tile at FogOfWar[14,9] = 301
 [VirtualTiledMapService] Set tile at FogOfWar[15,3] = 301
 [VirtualTiledMapService] Set tile at FogOfWar[15,4] = 301
 [VirtualTiledMapService] Set tile at FogOfWar[15,5] = 301
 [VirtualTiledMapService] Set tile at FogOfWar[15,6] = 301
 [VirtualTiledMapService] Set tile at FogOfWar[15,7] = 301
 [VirtualTiledMapService] Set tile at FogOfWar[15,8] = 301
 [VirtualTiledMapService] Set tile at FogOfWar[15,9] = 301
 [VirtualTiledMapService] Set tile at FogOfWar[16,3] = 301
 [VirtualTiledMapService] Set tile at FogOfWar[16,4] = 301
 [VirtualTiledMapService] Set tile at FogOfWar[16,5] = 301
 [VirtualTiledMapService] Set tile at FogOfWar[16,6] = 301
 [VirtualTiledMapService] Set tile at FogOfWar[16,7] = 301
 [VirtualTiledMapService] Set tile at FogOfWar[16,8] = 301
 [VirtualTiledMapService] Set tile at FogOfWar[16,9] = 301
 [VirtualTiledMapService] Set tile at FogOfWar[17,3] = 301
 [VirtualTiledMapService] Set tile at FogOfWar[17,4] = 301
 [VirtualTiledMapService] Set tile at FogOfWar[17,5] = 301
 [VirtualTiledMapService] Set tile at FogOfWar[17,6] = 301
 [VirtualTiledMapService] Set tile at FogOfWar[17,7] = 301
 [VirtualTiledMapService] Set tile at FogOfWar[17,8] = 301
 [VirtualTiledMapService] Set tile at FogOfWar[17,9] = 301
 [VirtualTiledMapService] Set tile at FogOfWar[18,3] = 301
 [VirtualTiledMapService] Set tile at FogOfWar[18,4] = 301
 [VirtualTiledMapService] Set tile at FogOfWar[18,5] = 301
 [VirtualTiledMapService] Set tile at FogOfWar[18,6] = 301
 [VirtualTiledMapService] Set tile at FogOfWar[18,7] = 301
 [VirtualTiledMapService] Set tile at FogOfWar[18,8] = 301
 [VirtualTiledMapService] Set tile at FogOfWar[18,9] = 301
 [VirtualTiledMapService] Set tile at FogOfWar[19,3] = 301
 [VirtualTiledMapService] Set tile at FogOfWar[19,4] = 301
 [VirtualTiledMapService] Set tile at FogOfWar[19,5] = 301
 [VirtualTiledMapService] Set tile at FogOfWar[19,6] = 301
 [VirtualTiledMapService] Set tile at FogOfWar[19,7] = 301
 [VirtualTiledMapService] Set tile at FogOfWar[19,8] = 301
 [VirtualTiledMapService] Set tile at FogOfWar[19,9] = 301
 [VirtualTiledMapService] Set tile at FogOfWar[20,3] = 301
 [VirtualTiledMapService] Set tile at FogOfWar[20,4] = 301
 [VirtualTiledMapService] Set tile at FogOfWar[20,5] = 301
 [VirtualTiledMapService] Set tile at FogOfWar[20,6] = 301
 [VirtualTiledMapService] Set tile at FogOfWar[20,7] = 301
 [VirtualTiledMapService] Set tile at FogOfWar[20,8] = 301
 [VirtualTiledMapService] Set tile at FogOfWar[20,9] = 301
 [VirtualTiledMapService] Set tile at FogOfWar[21,3] = 301
 [VirtualTiledMapService] Set tile at FogOfWar[21,4] = 301
 [VirtualTiledMapService] Set tile at FogOfWar[21,5] = 301
 [VirtualTiledMapService] Set tile at FogOfWar[21,6] = 301
 [VirtualTiledMapService] Set tile at FogOfWar[21,7] = 301
 [VirtualTiledMapService] Set tile at FogOfWar[21,8] = 301
 [VirtualTiledMapService] Set tile at FogOfWar[21,9] = 301
 [VirtualTiledMapService] Set tile at FogOfWar[22,3] = 301
 [VirtualTiledMapService] Set tile at FogOfWar[22,4] = 301
 [VirtualTiledMapService] Set tile at FogOfWar[22,5] = 301
 [VirtualTiledMapService] Set tile at FogOfWar[22,6] = 301
 [VirtualTiledMapService] Set tile at FogOfWar[22,7] = 301
 [VirtualTiledMapService] Set tile at FogOfWar[22,8] = 301
 [VirtualTiledMapService] Set tile at FogOfWar[22,9] = 301
 [VirtualTiledMapService] Set tile at FogOfWar[23,3] = 301
 [VirtualTiledMapService] Set tile at FogOfWar[23,4] = 301
 [VirtualTiledMapService] Set tile at FogOfWar[23,5] = 301
 [VirtualTiledMapService] Set tile at FogOfWar[23,6] = 301
 [VirtualTiledMapService] Set tile at FogOfWar[23,7] = 301
 [VirtualTiledMapService] Set tile at FogOfWar[23,8] = 301
 [VirtualTiledMapService] Set tile at FogOfWar[23,9] = 301
 [VirtualTiledMapService] Set tile at FogOfWar[24,3] = 301
 [VirtualTiledMapService] Set tile at FogOfWar[24,4] = 301
 [VirtualTiledMapService] Set tile at FogOfWar[24,5] = 301
 [VirtualTiledMapService] Set tile at FogOfWar[24,6] = 301
 [VirtualTiledMapService] Set tile at FogOfWar[24,7] = 301
 [VirtualTiledMapService] Set tile at FogOfWar[24,8] = 301
 [VirtualTiledMapService] Set tile at FogOfWar[24,9] = 301
 [VirtualTiledMapService] Set tile at FogOfWar[25,3] = 301
 [VirtualTiledMapService] Set tile at FogOfWar[25,4] = 301
 [VirtualTiledMapService] Set tile at FogOfWar[25,5] = 301
 [VirtualTiledMapService] Set tile at FogOfWar[25,6] = 301
 [VirtualTiledMapService] Set tile at FogOfWar[25,7] = 301
 [VirtualTiledMapService] Set tile at FogOfWar[25,8] = 301
 [VirtualTiledMapService] Set tile at FogOfWar[25,9] = 301
 [VirtualTiledMapService] Set tile at FogOfWar[26,3] = 301
 [VirtualTiledMapService] Set tile at FogOfWar[26,4] = 301
 [VirtualTiledMapService] Set tile at FogOfWar[26,5] = 301
 [VirtualTiledMapService] Set tile at FogOfWar[26,6] = 301
 [VirtualTiledMapService] Set tile at FogOfWar[26,7] = 301
 [VirtualTiledMapService] Set tile at FogOfWar[26,8] = 301
 [VirtualTiledMapService] Set tile at FogOfWar[26,9] = 301
 [VirtualTiledMapService] Set tile at FogOfWar[27,3] = 301
 [VirtualTiledMapService] Set tile at FogOfWar[27,4] = 301
 [VirtualTiledMapService] Set tile at FogOfWar[27,5] = 301
 [VirtualTiledMapService] Set tile at FogOfWar[27,6] = 301
 [VirtualTiledMapService] Set tile at FogOfWar[27,7] = 301
 [VirtualTiledMapService] Set tile at FogOfWar[27,8] = 301
 [VirtualTiledMapService] Set tile at FogOfWar[27,9] = 301
 [VirtualTiledMapService] Set tile at FogOfWar[28,3] = 301
 [VirtualTiledMapService] Set tile at FogOfWar[28,4] = 301
 [VirtualTiledMapService] Set tile at FogOfWar[28,5] = 301
 [VirtualTiledMapService] Set tile at FogOfWar[28,6] = 301
 [VirtualTiledMapService] Set tile at FogOfWar[28,7] = 301
 [VirtualTiledMapService] Set tile at FogOfWar[28,8] = 301
 [VirtualTiledMapService] Set tile at FogOfWar[28,9] = 301
 [VirtualTiledMapService] Set tile at FogOfWar[29,3] = 301
 [VirtualTiledMapService] Set tile at FogOfWar[29,4] = 301
 [VirtualTiledMapService] Set tile at FogOfWar[29,5] = 301
 [VirtualTiledMapService] Set tile at FogOfWar[29,6] = 301
 [VirtualTiledMapService] Set tile at FogOfWar[29,7] = 301
 [VirtualTiledMapService] Set tile at FogOfWar[29,8] = 301
 [VirtualTiledMapService] Set tile at FogOfWar[29,9] = 301
 [VirtualTiledMapService] Set tile at FogOfWar[30,3] = 301
 [VirtualTiledMapService] Set tile at FogOfWar[30,4] = 301
 [VirtualTiledMapService] Set tile at FogOfWar[30,5] = 301
 [VirtualTiledMapService] Set tile at FogOfWar[30,6] = 301
 [VirtualTiledMapService] Set tile at FogOfWar[30,7] = 301
 [VirtualTiledMapService] Set tile at FogOfWar[30,8] = 301
 [VirtualTiledMapService] Set tile at FogOfWar[30,9] = 301
 [VirtualTiledMapService] Set tile at FogOfWar[31,3] = 301
 [VirtualTiledMapService] Set tile at FogOfWar[31,4] = 301
 [VirtualTiledMapService] Set tile at FogOfWar[31,5] = 301
 [VirtualTiledMapService] Set tile at FogOfWar[31,6] = 301
 [VirtualTiledMapService] Set tile at FogOfWar[31,7] = 301
 [VirtualTiledMapService] Set tile at FogOfWar[31,8] = 301
 [VirtualTiledMapService] Set tile at FogOfWar[31,9] = 301
 [VirtualPitWidthManager] FogOfWar regeneration complete
 Level 101: 33 tiles wide (should equal level 100)
 [VirtualPitWidthManager] Setting pit level from 101 to 200
 [VirtualPitWidthManager] Level 200: extending pit by 20 inner floor tiles
 [VirtualPitWidthManager] Extending inner floor column at x=12
 [VirtualTiledMapService] Set tile at Base[12,1] = 100
 [VirtualTiledMapService] Removed tile at Collision[12,1]
 [VirtualTiledMapService] Set tile at Base[12,2] = 101
 [VirtualTiledMapService] Removed tile at Collision[12,2]
 [VirtualTiledMapService] Set tile at Base[12,3] = 101
 [VirtualTiledMapService] Removed tile at Collision[12,3]
 [VirtualTiledMapService] Set tile at FogOfWar[12,3] = 301
 [VirtualTiledMapService] Set tile at Base[12,4] = 101
 [VirtualTiledMapService] Removed tile at Collision[12,4]
 [VirtualTiledMapService] Set tile at FogOfWar[12,4] = 301
 [VirtualTiledMapService] Set tile at Base[12,5] = 101
 [VirtualTiledMapService] Removed tile at Collision[12,5]
 [VirtualTiledMapService] Set tile at FogOfWar[12,5] = 301
 [VirtualTiledMapService] Set tile at Base[12,6] = 101
 [VirtualTiledMapService] Removed tile at Collision[12,6]
 [VirtualTiledMapService] Set tile at FogOfWar[12,6] = 301
 [VirtualTiledMapService] Set tile at Base[12,7] = 101
 [VirtualTiledMapService] Removed tile at Collision[12,7]
 [VirtualTiledMapService] Set tile at FogOfWar[12,7] = 301
 [VirtualTiledMapService] Set tile at Base[12,8] = 101
 [VirtualTiledMapService] Removed tile at Collision[12,8]
 [VirtualTiledMapService] Set tile at FogOfWar[12,8] = 301
 [VirtualTiledMapService] Set tile at Base[12,9] = 101
 [VirtualTiledMapService] Removed tile at Collision[12,9]
 [VirtualTiledMapService] Set tile at FogOfWar[12,9] = 301
 [VirtualTiledMapService] Set tile at Base[12,10] = 101
 [VirtualTiledMapService] Removed tile at Collision[12,10]
 [VirtualTiledMapService] Set tile at Base[12,11] = 100
 [VirtualTiledMapService] Removed tile at Collision[12,11]
 [VirtualPitWidthManager] Extending inner floor column at x=13
 [VirtualTiledMapService] Set tile at Base[13,1] = 100
 [VirtualTiledMapService] Removed tile at Collision[13,1]
 [VirtualTiledMapService] Set tile at Base[13,2] = 101
 [VirtualTiledMapService] Removed tile at Collision[13,2]
 [VirtualTiledMapService] Set tile at Base[13,3] = 101
 [VirtualTiledMapService] Removed tile at Collision[13,3]
 [VirtualTiledMapService] Set tile at FogOfWar[13,3] = 301
 [VirtualTiledMapService] Set tile at Base[13,4] = 101
 [VirtualTiledMapService] Removed tile at Collision[13,4]
 [VirtualTiledMapService] Set tile at FogOfWar[13,4] = 301
 [VirtualTiledMapService] Set tile at Base[13,5] = 101
 [VirtualTiledMapService] Removed tile at Collision[13,5]
 [VirtualTiledMapService] Set tile at FogOfWar[13,5] = 301
 [VirtualTiledMapService] Set tile at Base[13,6] = 101
 [VirtualTiledMapService] Removed tile at Collision[13,6]
 [VirtualTiledMapService] Set tile at FogOfWar[13,6] = 301
 [VirtualTiledMapService] Set tile at Base[13,7] = 101
 [VirtualTiledMapService] Removed tile at Collision[13,7]
 [VirtualTiledMapService] Set tile at FogOfWar[13,7] = 301
 [VirtualTiledMapService] Set tile at Base[13,8] = 101
 [VirtualTiledMapService] Removed tile at Collision[13,8]
 [VirtualTiledMapService] Set tile at FogOfWar[13,8] = 301
 [VirtualTiledMapService] Set tile at Base[13,9] = 101
 [VirtualTiledMapService] Removed tile at Collision[13,9]
 [VirtualTiledMapService] Set tile at FogOfWar[13,9] = 301
 [VirtualTiledMapService] Set tile at Base[13,10] = 101
 [VirtualTiledMapService] Removed tile at Collision[13,10]
 [VirtualTiledMapService] Set tile at Base[13,11] = 100
 [VirtualTiledMapService] Removed tile at Collision[13,11]
 [VirtualPitWidthManager] Extending inner floor column at x=14
 [VirtualTiledMapService] Set tile at Base[14,1] = 100
 [VirtualTiledMapService] Removed tile at Collision[14,1]
 [VirtualTiledMapService] Set tile at Base[14,2] = 101
 [VirtualTiledMapService] Removed tile at Collision[14,2]
 [VirtualTiledMapService] Set tile at Base[14,3] = 101
 [VirtualTiledMapService] Removed tile at Collision[14,3]
 [VirtualTiledMapService] Set tile at FogOfWar[14,3] = 301
 [VirtualTiledMapService] Set tile at Base[14,4] = 101
 [VirtualTiledMapService] Removed tile at Collision[14,4]
 [VirtualTiledMapService] Set tile at FogOfWar[14,4] = 301
 [VirtualTiledMapService] Set tile at Base[14,5] = 101
 [VirtualTiledMapService] Removed tile at Collision[14,5]
 [VirtualTiledMapService] Set tile at FogOfWar[14,5] = 301
 [VirtualTiledMapService] Set tile at Base[14,6] = 101
 [VirtualTiledMapService] Removed tile at Collision[14,6]
 [VirtualTiledMapService] Set tile at FogOfWar[14,6] = 301
 [VirtualTiledMapService] Set tile at Base[14,7] = 101
 [VirtualTiledMapService] Removed tile at Collision[14,7]
 [VirtualTiledMapService] Set tile at FogOfWar[14,7] = 301
 [VirtualTiledMapService] Set tile at Base[14,8] = 101
 [VirtualTiledMapService] Removed tile at Collision[14,8]
 [VirtualTiledMapService] Set tile at FogOfWar[14,8] = 301
 [VirtualTiledMapService] Set tile at Base[14,9] = 101
 [VirtualTiledMapService] Removed tile at Collision[14,9]
 [VirtualTiledMapService] Set tile at FogOfWar[14,9] = 301
 [VirtualTiledMapService] Set tile at Base[14,10] = 101
 [VirtualTiledMapService] Removed tile at Collision[14,10]
 [VirtualTiledMapService] Set tile at Base[14,11] = 100
 [VirtualTiledMapService] Removed tile at Collision[14,11]
 [VirtualPitWidthManager] Extending inner floor column at x=15
 [VirtualTiledMapService] Set tile at Base[15,1] = 100
 [VirtualTiledMapService] Removed tile at Collision[15,1]
 [VirtualTiledMapService] Set tile at Base[15,2] = 101
 [VirtualTiledMapService] Removed tile at Collision[15,2]
 [VirtualTiledMapService] Set tile at Base[15,3] = 101
 [VirtualTiledMapService] Removed tile at Collision[15,3]
 [VirtualTiledMapService] Set tile at FogOfWar[15,3] = 301
 [VirtualTiledMapService] Set tile at Base[15,4] = 101
 [VirtualTiledMapService] Removed tile at Collision[15,4]
 [VirtualTiledMapService] Set tile at FogOfWar[15,4] = 301
 [VirtualTiledMapService] Set tile at Base[15,5] = 101
 [VirtualTiledMapService] Removed tile at Collision[15,5]
 [VirtualTiledMapService] Set tile at FogOfWar[15,5] = 301
 [VirtualTiledMapService] Set tile at Base[15,6] = 101
 [VirtualTiledMapService] Removed tile at Collision[15,6]
 [VirtualTiledMapService] Set tile at FogOfWar[15,6] = 301
 [VirtualTiledMapService] Set tile at Base[15,7] = 101
 [VirtualTiledMapService] Removed tile at Collision[15,7]
 [VirtualTiledMapService] Set tile at FogOfWar[15,7] = 301
 [VirtualTiledMapService] Set tile at Base[15,8] = 101
 [VirtualTiledMapService] Removed tile at Collision[15,8]
 [VirtualTiledMapService] Set tile at FogOfWar[15,8] = 301
 [VirtualTiledMapService] Set tile at Base[15,9] = 101
 [VirtualTiledMapService] Removed tile at Collision[15,9]
 [VirtualTiledMapService] Set tile at FogOfWar[15,9] = 301
 [VirtualTiledMapService] Set tile at Base[15,10] = 101
 [VirtualTiledMapService] Removed tile at Collision[15,10]
 [VirtualTiledMapService] Set tile at Base[15,11] = 100
 [VirtualTiledMapService] Removed tile at Collision[15,11]
 [VirtualPitWidthManager] Extending inner floor column at x=16
 [VirtualTiledMapService] Set tile at Base[16,1] = 100
 [VirtualTiledMapService] Removed tile at Collision[16,1]
 [VirtualTiledMapService] Set tile at Base[16,2] = 101
 [VirtualTiledMapService] Removed tile at Collision[16,2]
 [VirtualTiledMapService] Set tile at Base[16,3] = 101
 [VirtualTiledMapService] Removed tile at Collision[16,3]
 [VirtualTiledMapService] Set tile at FogOfWar[16,3] = 301
 [VirtualTiledMapService] Set tile at Base[16,4] = 101
 [VirtualTiledMapService] Removed tile at Collision[16,4]
 [VirtualTiledMapService] Set tile at FogOfWar[16,4] = 301
 [VirtualTiledMapService] Set tile at Base[16,5] = 101
 [VirtualTiledMapService] Removed tile at Collision[16,5]
 [VirtualTiledMapService] Set tile at FogOfWar[16,5] = 301
 [VirtualTiledMapService] Set tile at Base[16,6] = 101
 [VirtualTiledMapService] Removed tile at Collision[16,6]
 [VirtualTiledMapService] Set tile at FogOfWar[16,6] = 301
 [VirtualTiledMapService] Set tile at Base[16,7] = 101
 [VirtualTiledMapService] Removed tile at Collision[16,7]
 [VirtualTiledMapService] Set tile at FogOfWar[16,7] = 301
 [VirtualTiledMapService] Set tile at Base[16,8] = 101
 [VirtualTiledMapService] Removed tile at Collision[16,8]
 [VirtualTiledMapService] Set tile at FogOfWar[16,8] = 301
 [VirtualTiledMapService] Set tile at Base[16,9] = 101
 [VirtualTiledMapService] Removed tile at Collision[16,9]
 [VirtualTiledMapService] Set tile at FogOfWar[16,9] = 301
 [VirtualTiledMapService] Set tile at Base[16,10] = 101
 [VirtualTiledMapService] Removed tile at Collision[16,10]
 [VirtualTiledMapService] Set tile at Base[16,11] = 100
 [VirtualTiledMapService] Removed tile at Collision[16,11]
 [VirtualPitWidthManager] Extending inner floor column at x=17
 [VirtualTiledMapService] Set tile at Base[17,1] = 100
 [VirtualTiledMapService] Removed tile at Collision[17,1]
 [VirtualTiledMapService] Set tile at Base[17,2] = 101
 [VirtualTiledMapService] Removed tile at Collision[17,2]
 [VirtualTiledMapService] Set tile at Base[17,3] = 101
 [VirtualTiledMapService] Removed tile at Collision[17,3]
 [VirtualTiledMapService] Set tile at FogOfWar[17,3] = 301
 [VirtualTiledMapService] Set tile at Base[17,4] = 101
 [VirtualTiledMapService] Removed tile at Collision[17,4]
 [VirtualTiledMapService] Set tile at FogOfWar[17,4] = 301
 [VirtualTiledMapService] Set tile at Base[17,5] = 101
 [VirtualTiledMapService] Removed tile at Collision[17,5]
 [VirtualTiledMapService] Set tile at FogOfWar[17,5] = 301
 [VirtualTiledMapService] Set tile at Base[17,6] = 101
 [VirtualTiledMapService] Removed tile at Collision[17,6]
 [VirtualTiledMapService] Set tile at FogOfWar[17,6] = 301
 [VirtualTiledMapService] Set tile at Base[17,7] = 101
 [VirtualTiledMapService] Removed tile at Collision[17,7]
 [VirtualTiledMapService] Set tile at FogOfWar[17,7] = 301
 [VirtualTiledMapService] Set tile at Base[17,8] = 101
 [VirtualTiledMapService] Removed tile at Collision[17,8]
 [VirtualTiledMapService] Set tile at FogOfWar[17,8] = 301
 [VirtualTiledMapService] Set tile at Base[17,9] = 101
 [VirtualTiledMapService] Removed tile at Collision[17,9]
 [VirtualTiledMapService] Set tile at FogOfWar[17,9] = 301
 [VirtualTiledMapService] Set tile at Base[17,10] = 101
 [VirtualTiledMapService] Removed tile at Collision[17,10]
 [VirtualTiledMapService] Set tile at Base[17,11] = 100
 [VirtualTiledMapService] Removed tile at Collision[17,11]
 [VirtualPitWidthManager] Extending inner floor column at x=18
 [VirtualTiledMapService] Set tile at Base[18,1] = 100
 [VirtualTiledMapService] Removed tile at Collision[18,1]
 [VirtualTiledMapService] Set tile at Base[18,2] = 101
 [VirtualTiledMapService] Removed tile at Collision[18,2]
 [VirtualTiledMapService] Set tile at Base[18,3] = 101
 [VirtualTiledMapService] Removed tile at Collision[18,3]
 [VirtualTiledMapService] Set tile at FogOfWar[18,3] = 301
 [VirtualTiledMapService] Set tile at Base[18,4] = 101
 [VirtualTiledMapService] Removed tile at Collision[18,4]
 [VirtualTiledMapService] Set tile at FogOfWar[18,4] = 301
 [VirtualTiledMapService] Set tile at Base[18,5] = 101
 [VirtualTiledMapService] Removed tile at Collision[18,5]
 [VirtualTiledMapService] Set tile at FogOfWar[18,5] = 301
 [VirtualTiledMapService] Set tile at Base[18,6] = 101
 [VirtualTiledMapService] Removed tile at Collision[18,6]
 [VirtualTiledMapService] Set tile at FogOfWar[18,6] = 301
 [VirtualTiledMapService] Set tile at Base[18,7] = 101
 [VirtualTiledMapService] Removed tile at Collision[18,7]
 [VirtualTiledMapService] Set tile at FogOfWar[18,7] = 301
 [VirtualTiledMapService] Set tile at Base[18,8] = 101
 [VirtualTiledMapService] Removed tile at Collision[18,8]
 [VirtualTiledMapService] Set tile at FogOfWar[18,8] = 301
 [VirtualTiledMapService] Set tile at Base[18,9] = 101
 [VirtualTiledMapService] Removed tile at Collision[18,9]
 [VirtualTiledMapService] Set tile at FogOfWar[18,9] = 301
 [VirtualTiledMapService] Set tile at Base[18,10] = 101
 [VirtualTiledMapService] Removed tile at Collision[18,10]
 [VirtualTiledMapService] Set tile at Base[18,11] = 100
 [VirtualTiledMapService] Removed tile at Collision[18,11]
 [VirtualPitWidthManager] Extending inner floor column at x=19
 [VirtualTiledMapService] Set tile at Base[19,1] = 100
 [VirtualTiledMapService] Removed tile at Collision[19,1]
 [VirtualTiledMapService] Set tile at Base[19,2] = 101
 [VirtualTiledMapService] Removed tile at Collision[19,2]
 [VirtualTiledMapService] Set tile at Base[19,3] = 101
 [VirtualTiledMapService] Removed tile at Collision[19,3]
 [VirtualTiledMapService] Set tile at FogOfWar[19,3] = 301
 [VirtualTiledMapService] Set tile at Base[19,4] = 101
 [VirtualTiledMapService] Removed tile at Collision[19,4]
 [VirtualTiledMapService] Set tile at FogOfWar[19,4] = 301
 [VirtualTiledMapService] Set tile at Base[19,5] = 101
 [VirtualTiledMapService] Removed tile at Collision[19,5]
 [VirtualTiledMapService] Set tile at FogOfWar[19,5] = 301
 [VirtualTiledMapService] Set tile at Base[19,6] = 101
 [VirtualTiledMapService] Removed tile at Collision[19,6]
 [VirtualTiledMapService] Set tile at FogOfWar[19,6] = 301
 [VirtualTiledMapService] Set tile at Base[19,7] = 101
 [VirtualTiledMapService] Removed tile at Collision[19,7]
 [VirtualTiledMapService] Set tile at FogOfWar[19,7] = 301
 [VirtualTiledMapService] Set tile at Base[19,8] = 101
 [VirtualTiledMapService] Removed tile at Collision[19,8]
 [VirtualTiledMapService] Set tile at FogOfWar[19,8] = 301
 [VirtualTiledMapService] Set tile at Base[19,9] = 101
 [VirtualTiledMapService] Removed tile at Collision[19,9]
 [VirtualTiledMapService] Set tile at FogOfWar[19,9] = 301
 [VirtualTiledMapService] Set tile at Base[19,10] = 101
 [VirtualTiledMapService] Removed tile at Collision[19,10]
 [VirtualTiledMapService] Set tile at Base[19,11] = 100
 [VirtualTiledMapService] Removed tile at Collision[19,11]
 [VirtualPitWidthManager] Extending inner floor column at x=20
 [VirtualTiledMapService] Set tile at Base[20,1] = 100
 [VirtualTiledMapService] Removed tile at Collision[20,1]
 [VirtualTiledMapService] Set tile at Base[20,2] = 101
 [VirtualTiledMapService] Removed tile at Collision[20,2]
 [VirtualTiledMapService] Set tile at Base[20,3] = 101
 [VirtualTiledMapService] Removed tile at Collision[20,3]
 [VirtualTiledMapService] Set tile at FogOfWar[20,3] = 301
 [VirtualTiledMapService] Set tile at Base[20,4] = 101
 [VirtualTiledMapService] Removed tile at Collision[20,4]
 [VirtualTiledMapService] Set tile at FogOfWar[20,4] = 301
 [VirtualTiledMapService] Set tile at Base[20,5] = 101
 [VirtualTiledMapService] Removed tile at Collision[20,5]
 [VirtualTiledMapService] Set tile at FogOfWar[20,5] = 301
 [VirtualTiledMapService] Set tile at Base[20,6] = 101
 [VirtualTiledMapService] Removed tile at Collision[20,6]
 [VirtualTiledMapService] Set tile at FogOfWar[20,6] = 301
 [VirtualTiledMapService] Set tile at Base[20,7] = 101
 [VirtualTiledMapService] Removed tile at Collision[20,7]
 [VirtualTiledMapService] Set tile at FogOfWar[20,7] = 301
 [VirtualTiledMapService] Set tile at Base[20,8] = 101
 [VirtualTiledMapService] Removed tile at Collision[20,8]
 [VirtualTiledMapService] Set tile at FogOfWar[20,8] = 301
 [VirtualTiledMapService] Set tile at Base[20,9] = 101
 [VirtualTiledMapService] Removed tile at Collision[20,9]
 [VirtualTiledMapService] Set tile at FogOfWar[20,9] = 301
 [VirtualTiledMapService] Set tile at Base[20,10] = 101
 [VirtualTiledMapService] Removed tile at Collision[20,10]
 [VirtualTiledMapService] Set tile at Base[20,11] = 100
 [VirtualTiledMapService] Removed tile at Collision[20,11]
 [VirtualPitWidthManager] Extending inner floor column at x=21
 [VirtualTiledMapService] Set tile at Base[21,1] = 100
 [VirtualTiledMapService] Removed tile at Collision[21,1]
 [VirtualTiledMapService] Set tile at Base[21,2] = 101
 [VirtualTiledMapService] Removed tile at Collision[21,2]
 [VirtualTiledMapService] Set tile at Base[21,3] = 101
 [VirtualTiledMapService] Removed tile at Collision[21,3]
 [VirtualTiledMapService] Set tile at FogOfWar[21,3] = 301
 [VirtualTiledMapService] Set tile at Base[21,4] = 101
 [VirtualTiledMapService] Removed tile at Collision[21,4]
 [VirtualTiledMapService] Set tile at FogOfWar[21,4] = 301
 [VirtualTiledMapService] Set tile at Base[21,5] = 101
 [VirtualTiledMapService] Removed tile at Collision[21,5]
 [VirtualTiledMapService] Set tile at FogOfWar[21,5] = 301
 [VirtualTiledMapService] Set tile at Base[21,6] = 101
 [VirtualTiledMapService] Removed tile at Collision[21,6]
 [VirtualTiledMapService] Set tile at FogOfWar[21,6] = 301
 [VirtualTiledMapService] Set tile at Base[21,7] = 101
 [VirtualTiledMapService] Removed tile at Collision[21,7]
 [VirtualTiledMapService] Set tile at FogOfWar[21,7] = 301
 [VirtualTiledMapService] Set tile at Base[21,8] = 101
 [VirtualTiledMapService] Removed tile at Collision[21,8]
 [VirtualTiledMapService] Set tile at FogOfWar[21,8] = 301
 [VirtualTiledMapService] Set tile at Base[21,9] = 101
 [VirtualTiledMapService] Removed tile at Collision[21,9]
 [VirtualTiledMapService] Set tile at FogOfWar[21,9] = 301
 [VirtualTiledMapService] Set tile at Base[21,10] = 101
 [VirtualTiledMapService] Removed tile at Collision[21,10]
 [VirtualTiledMapService] Set tile at Base[21,11] = 100
 [VirtualTiledMapService] Removed tile at Collision[21,11]
 [VirtualPitWidthManager] Extending inner floor column at x=22
 [VirtualTiledMapService] Set tile at Base[22,1] = 100
 [VirtualTiledMapService] Removed tile at Collision[22,1]
 [VirtualTiledMapService] Set tile at Base[22,2] = 101
 [VirtualTiledMapService] Removed tile at Collision[22,2]
 [VirtualTiledMapService] Set tile at Base[22,3] = 101
 [VirtualTiledMapService] Removed tile at Collision[22,3]
 [VirtualTiledMapService] Set tile at FogOfWar[22,3] = 301
 [VirtualTiledMapService] Set tile at Base[22,4] = 101
 [VirtualTiledMapService] Removed tile at Collision[22,4]
 [VirtualTiledMapService] Set tile at FogOfWar[22,4] = 301
 [VirtualTiledMapService] Set tile at Base[22,5] = 101
 [VirtualTiledMapService] Removed tile at Collision[22,5]
 [VirtualTiledMapService] Set tile at FogOfWar[22,5] = 301
 [VirtualTiledMapService] Set tile at Base[22,6] = 101
 [VirtualTiledMapService] Removed tile at Collision[22,6]
 [VirtualTiledMapService] Set tile at FogOfWar[22,6] = 301
 [VirtualTiledMapService] Set tile at Base[22,7] = 101
 [VirtualTiledMapService] Removed tile at Collision[22,7]
 [VirtualTiledMapService] Set tile at FogOfWar[22,7] = 301
 [VirtualTiledMapService] Set tile at Base[22,8] = 101
 [VirtualTiledMapService] Removed tile at Collision[22,8]
 [VirtualTiledMapService] Set tile at FogOfWar[22,8] = 301
 [VirtualTiledMapService] Set tile at Base[22,9] = 101
 [VirtualTiledMapService] Removed tile at Collision[22,9]
 [VirtualTiledMapService] Set tile at FogOfWar[22,9] = 301
 [VirtualTiledMapService] Set tile at Base[22,10] = 101
 [VirtualTiledMapService] Removed tile at Collision[22,10]
 [VirtualTiledMapService] Set tile at Base[22,11] = 100
 [VirtualTiledMapService] Removed tile at Collision[22,11]
 [VirtualPitWidthManager] Extending inner floor column at x=23
 [VirtualTiledMapService] Set tile at Base[23,1] = 100
 [VirtualTiledMapService] Removed tile at Collision[23,1]
 [VirtualTiledMapService] Set tile at Base[23,2] = 101
 [VirtualTiledMapService] Removed tile at Collision[23,2]
 [VirtualTiledMapService] Set tile at Base[23,3] = 101
 [VirtualTiledMapService] Removed tile at Collision[23,3]
 [VirtualTiledMapService] Set tile at FogOfWar[23,3] = 301
 [VirtualTiledMapService] Set tile at Base[23,4] = 101
 [VirtualTiledMapService] Removed tile at Collision[23,4]
 [VirtualTiledMapService] Set tile at FogOfWar[23,4] = 301
 [VirtualTiledMapService] Set tile at Base[23,5] = 101
 [VirtualTiledMapService] Removed tile at Collision[23,5]
 [VirtualTiledMapService] Set tile at FogOfWar[23,5] = 301
 [VirtualTiledMapService] Set tile at Base[23,6] = 101
 [VirtualTiledMapService] Removed tile at Collision[23,6]
 [VirtualTiledMapService] Set tile at FogOfWar[23,6] = 301
 [VirtualTiledMapService] Set tile at Base[23,7] = 101
 [VirtualTiledMapService] Removed tile at Collision[23,7]
 [VirtualTiledMapService] Set tile at FogOfWar[23,7] = 301
 [VirtualTiledMapService] Set tile at Base[23,8] = 101
 [VirtualTiledMapService] Removed tile at Collision[23,8]
 [VirtualTiledMapService] Set tile at FogOfWar[23,8] = 301
 [VirtualTiledMapService] Set tile at Base[23,9] = 101
 [VirtualTiledMapService] Removed tile at Collision[23,9]
 [VirtualTiledMapService] Set tile at FogOfWar[23,9] = 301
 [VirtualTiledMapService] Set tile at Base[23,10] = 101
 [VirtualTiledMapService] Removed tile at Collision[23,10]
 [VirtualTiledMapService] Set tile at Base[23,11] = 100
 [VirtualTiledMapService] Removed tile at Collision[23,11]
 [VirtualPitWidthManager] Extending inner floor column at x=24
 [VirtualTiledMapService] Set tile at Base[24,1] = 100
 [VirtualTiledMapService] Removed tile at Collision[24,1]
 [VirtualTiledMapService] Set tile at Base[24,2] = 101
 [VirtualTiledMapService] Removed tile at Collision[24,2]
 [VirtualTiledMapService] Set tile at Base[24,3] = 101
 [VirtualTiledMapService] Removed tile at Collision[24,3]
 [VirtualTiledMapService] Set tile at FogOfWar[24,3] = 301
 [VirtualTiledMapService] Set tile at Base[24,4] = 101
 [VirtualTiledMapService] Removed tile at Collision[24,4]
 [VirtualTiledMapService] Set tile at FogOfWar[24,4] = 301
 [VirtualTiledMapService] Set tile at Base[24,5] = 101
 [VirtualTiledMapService] Removed tile at Collision[24,5]
 [VirtualTiledMapService] Set tile at FogOfWar[24,5] = 301
 [VirtualTiledMapService] Set tile at Base[24,6] = 101
 [VirtualTiledMapService] Removed tile at Collision[24,6]
 [VirtualTiledMapService] Set tile at FogOfWar[24,6] = 301
 [VirtualTiledMapService] Set tile at Base[24,7] = 101
 [VirtualTiledMapService] Removed tile at Collision[24,7]
 [VirtualTiledMapService] Set tile at FogOfWar[24,7] = 301
 [VirtualTiledMapService] Set tile at Base[24,8] = 101
 [VirtualTiledMapService] Removed tile at Collision[24,8]
 [VirtualTiledMapService] Set tile at FogOfWar[24,8] = 301
 [VirtualTiledMapService] Set tile at Base[24,9] = 101
 [VirtualTiledMapService] Removed tile at Collision[24,9]
 [VirtualTiledMapService] Set tile at FogOfWar[24,9] = 301
 [VirtualTiledMapService] Set tile at Base[24,10] = 101
 [VirtualTiledMapService] Removed tile at Collision[24,10]
 [VirtualTiledMapService] Set tile at Base[24,11] = 100
 [VirtualTiledMapService] Removed tile at Collision[24,11]
 [VirtualPitWidthManager] Extending inner floor column at x=25
 [VirtualTiledMapService] Set tile at Base[25,1] = 100
 [VirtualTiledMapService] Removed tile at Collision[25,1]
 [VirtualTiledMapService] Set tile at Base[25,2] = 101
 [VirtualTiledMapService] Removed tile at Collision[25,2]
 [VirtualTiledMapService] Set tile at Base[25,3] = 101
 [VirtualTiledMapService] Removed tile at Collision[25,3]
 [VirtualTiledMapService] Set tile at FogOfWar[25,3] = 301
 [VirtualTiledMapService] Set tile at Base[25,4] = 101
 [VirtualTiledMapService] Removed tile at Collision[25,4]
 [VirtualTiledMapService] Set tile at FogOfWar[25,4] = 301
 [VirtualTiledMapService] Set tile at Base[25,5] = 101
 [VirtualTiledMapService] Removed tile at Collision[25,5]
 [VirtualTiledMapService] Set tile at FogOfWar[25,5] = 301
 [VirtualTiledMapService] Set tile at Base[25,6] = 101
 [VirtualTiledMapService] Removed tile at Collision[25,6]
 [VirtualTiledMapService] Set tile at FogOfWar[25,6] = 301
 [VirtualTiledMapService] Set tile at Base[25,7] = 101
 [VirtualTiledMapService] Removed tile at Collision[25,7]
 [VirtualTiledMapService] Set tile at FogOfWar[25,7] = 301
 [VirtualTiledMapService] Set tile at Base[25,8] = 101
 [VirtualTiledMapService] Removed tile at Collision[25,8]
 [VirtualTiledMapService] Set tile at FogOfWar[25,8] = 301
 [VirtualTiledMapService] Set tile at Base[25,9] = 101
 [VirtualTiledMapService] Removed tile at Collision[25,9]
 [VirtualTiledMapService] Set tile at FogOfWar[25,9] = 301
 [VirtualTiledMapService] Set tile at Base[25,10] = 101
 [VirtualTiledMapService] Removed tile at Collision[25,10]
 [VirtualTiledMapService] Set tile at Base[25,11] = 100
 [VirtualTiledMapService] Removed tile at Collision[25,11]
 [VirtualPitWidthManager] Extending inner floor column at x=26
 [VirtualTiledMapService] Set tile at Base[26,1] = 100
 [VirtualTiledMapService] Removed tile at Collision[26,1]
 [VirtualTiledMapService] Set tile at Base[26,2] = 101
 [VirtualTiledMapService] Removed tile at Collision[26,2]
 [VirtualTiledMapService] Set tile at Base[26,3] = 101
 [VirtualTiledMapService] Removed tile at Collision[26,3]
 [VirtualTiledMapService] Set tile at FogOfWar[26,3] = 301
 [VirtualTiledMapService] Set tile at Base[26,4] = 101
 [VirtualTiledMapService] Removed tile at Collision[26,4]
 [VirtualTiledMapService] Set tile at FogOfWar[26,4] = 301
 [VirtualTiledMapService] Set tile at Base[26,5] = 101
 [VirtualTiledMapService] Removed tile at Collision[26,5]
 [VirtualTiledMapService] Set tile at FogOfWar[26,5] = 301
 [VirtualTiledMapService] Set tile at Base[26,6] = 101
 [VirtualTiledMapService] Removed tile at Collision[26,6]
 [VirtualTiledMapService] Set tile at FogOfWar[26,6] = 301
 [VirtualTiledMapService] Set tile at Base[26,7] = 101
 [VirtualTiledMapService] Removed tile at Collision[26,7]
 [VirtualTiledMapService] Set tile at FogOfWar[26,7] = 301
 [VirtualTiledMapService] Set tile at Base[26,8] = 101
 [VirtualTiledMapService] Removed tile at Collision[26,8]
 [VirtualTiledMapService] Set tile at FogOfWar[26,8] = 301
 [VirtualTiledMapService] Set tile at Base[26,9] = 101
 [VirtualTiledMapService] Removed tile at Collision[26,9]
 [VirtualTiledMapService] Set tile at FogOfWar[26,9] = 301
 [VirtualTiledMapService] Set tile at Base[26,10] = 101
 [VirtualTiledMapService] Removed tile at Collision[26,10]
 [VirtualTiledMapService] Set tile at Base[26,11] = 100
 [VirtualTiledMapService] Removed tile at Collision[26,11]
 [VirtualPitWidthManager] Extending inner floor column at x=27
 [VirtualTiledMapService] Set tile at Base[27,1] = 100
 [VirtualTiledMapService] Removed tile at Collision[27,1]
 [VirtualTiledMapService] Set tile at Base[27,2] = 101
 [VirtualTiledMapService] Removed tile at Collision[27,2]
 [VirtualTiledMapService] Set tile at Base[27,3] = 101
 [VirtualTiledMapService] Removed tile at Collision[27,3]
 [VirtualTiledMapService] Set tile at FogOfWar[27,3] = 301
 [VirtualTiledMapService] Set tile at Base[27,4] = 101
 [VirtualTiledMapService] Removed tile at Collision[27,4]
 [VirtualTiledMapService] Set tile at FogOfWar[27,4] = 301
 [VirtualTiledMapService] Set tile at Base[27,5] = 101
 [VirtualTiledMapService] Removed tile at Collision[27,5]
 [VirtualTiledMapService] Set tile at FogOfWar[27,5] = 301
 [VirtualTiledMapService] Set tile at Base[27,6] = 101
 [VirtualTiledMapService] Removed tile at Collision[27,6]
 [VirtualTiledMapService] Set tile at FogOfWar[27,6] = 301
 [VirtualTiledMapService] Set tile at Base[27,7] = 101
 [VirtualTiledMapService] Removed tile at Collision[27,7]
 [VirtualTiledMapService] Set tile at FogOfWar[27,7] = 301
 [VirtualTiledMapService] Set tile at Base[27,8] = 101
 [VirtualTiledMapService] Removed tile at Collision[27,8]
 [VirtualTiledMapService] Set tile at FogOfWar[27,8] = 301
 [VirtualTiledMapService] Set tile at Base[27,9] = 101
 [VirtualTiledMapService] Removed tile at Collision[27,9]
 [VirtualTiledMapService] Set tile at FogOfWar[27,9] = 301
 [VirtualTiledMapService] Set tile at Base[27,10] = 101
 [VirtualTiledMapService] Removed tile at Collision[27,10]
 [VirtualTiledMapService] Set tile at Base[27,11] = 100
 [VirtualTiledMapService] Removed tile at Collision[27,11]
 [VirtualPitWidthManager] Extending inner floor column at x=28
 [VirtualTiledMapService] Set tile at Base[28,1] = 100
 [VirtualTiledMapService] Removed tile at Collision[28,1]
 [VirtualTiledMapService] Set tile at Base[28,2] = 101
 [VirtualTiledMapService] Removed tile at Collision[28,2]
 [VirtualTiledMapService] Set tile at Base[28,3] = 101
 [VirtualTiledMapService] Removed tile at Collision[28,3]
 [VirtualTiledMapService] Set tile at FogOfWar[28,3] = 301
 [VirtualTiledMapService] Set tile at Base[28,4] = 101
 [VirtualTiledMapService] Removed tile at Collision[28,4]
 [VirtualTiledMapService] Set tile at FogOfWar[28,4] = 301
 [VirtualTiledMapService] Set tile at Base[28,5] = 101
 [VirtualTiledMapService] Removed tile at Collision[28,5]
 [VirtualTiledMapService] Set tile at FogOfWar[28,5] = 301
 [VirtualTiledMapService] Set tile at Base[28,6] = 101
 [VirtualTiledMapService] Removed tile at Collision[28,6]
 [VirtualTiledMapService] Set tile at FogOfWar[28,6] = 301
 [VirtualTiledMapService] Set tile at Base[28,7] = 101
 [VirtualTiledMapService] Removed tile at Collision[28,7]
 [VirtualTiledMapService] Set tile at FogOfWar[28,7] = 301
 [VirtualTiledMapService] Set tile at Base[28,8] = 101
 [VirtualTiledMapService] Removed tile at Collision[28,8]
 [VirtualTiledMapService] Set tile at FogOfWar[28,8] = 301
 [VirtualTiledMapService] Set tile at Base[28,9] = 101
 [VirtualTiledMapService] Removed tile at Collision[28,9]
 [VirtualTiledMapService] Set tile at FogOfWar[28,9] = 301
 [VirtualTiledMapService] Set tile at Base[28,10] = 101
 [VirtualTiledMapService] Removed tile at Collision[28,10]
 [VirtualTiledMapService] Set tile at Base[28,11] = 100
 [VirtualTiledMapService] Removed tile at Collision[28,11]
 [VirtualPitWidthManager] Extending inner floor column at x=29
 [VirtualTiledMapService] Set tile at Base[29,1] = 100
 [VirtualTiledMapService] Removed tile at Collision[29,1]
 [VirtualTiledMapService] Set tile at Base[29,2] = 101
 [VirtualTiledMapService] Removed tile at Collision[29,2]
 [VirtualTiledMapService] Set tile at Base[29,3] = 101
 [VirtualTiledMapService] Removed tile at Collision[29,3]
 [VirtualTiledMapService] Set tile at FogOfWar[29,3] = 301
 [VirtualTiledMapService] Set tile at Base[29,4] = 101
 [VirtualTiledMapService] Removed tile at Collision[29,4]
 [VirtualTiledMapService] Set tile at FogOfWar[29,4] = 301
 [VirtualTiledMapService] Set tile at Base[29,5] = 101
 [VirtualTiledMapService] Removed tile at Collision[29,5]
 [VirtualTiledMapService] Set tile at FogOfWar[29,5] = 301
 [VirtualTiledMapService] Set tile at Base[29,6] = 101
 [VirtualTiledMapService] Removed tile at Collision[29,6]
 [VirtualTiledMapService] Set tile at FogOfWar[29,6] = 301
 [VirtualTiledMapService] Set tile at Base[29,7] = 101
 [VirtualTiledMapService] Removed tile at Collision[29,7]
 [VirtualTiledMapService] Set tile at FogOfWar[29,7] = 301
 [VirtualTiledMapService] Set tile at Base[29,8] = 101
 [VirtualTiledMapService] Removed tile at Collision[29,8]
 [VirtualTiledMapService] Set tile at FogOfWar[29,8] = 301
 [VirtualTiledMapService] Set tile at Base[29,9] = 101
 [VirtualTiledMapService] Removed tile at Collision[29,9]
 [VirtualTiledMapService] Set tile at FogOfWar[29,9] = 301
 [VirtualTiledMapService] Set tile at Base[29,10] = 101
 [VirtualTiledMapService] Removed tile at Collision[29,10]
 [VirtualTiledMapService] Set tile at Base[29,11] = 100
 [VirtualTiledMapService] Removed tile at Collision[29,11]
 [VirtualPitWidthManager] Extending inner floor column at x=30
 [VirtualTiledMapService] Set tile at Base[30,1] = 100
 [VirtualTiledMapService] Removed tile at Collision[30,1]
 [VirtualTiledMapService] Set tile at Base[30,2] = 101
 [VirtualTiledMapService] Removed tile at Collision[30,2]
 [VirtualTiledMapService] Set tile at Base[30,3] = 101
 [VirtualTiledMapService] Removed tile at Collision[30,3]
 [VirtualTiledMapService] Set tile at FogOfWar[30,3] = 301
 [VirtualTiledMapService] Set tile at Base[30,4] = 101
 [VirtualTiledMapService] Removed tile at Collision[30,4]
 [VirtualTiledMapService] Set tile at FogOfWar[30,4] = 301
 [VirtualTiledMapService] Set tile at Base[30,5] = 101
 [VirtualTiledMapService] Removed tile at Collision[30,5]
 [VirtualTiledMapService] Set tile at FogOfWar[30,5] = 301
 [VirtualTiledMapService] Set tile at Base[30,6] = 101
 [VirtualTiledMapService] Removed tile at Collision[30,6]
 [VirtualTiledMapService] Set tile at FogOfWar[30,6] = 301
 [VirtualTiledMapService] Set tile at Base[30,7] = 101
 [VirtualTiledMapService] Removed tile at Collision[30,7]
 [VirtualTiledMapService] Set tile at FogOfWar[30,7] = 301
 [VirtualTiledMapService] Set tile at Base[30,8] = 101
 [VirtualTiledMapService] Removed tile at Collision[30,8]
 [VirtualTiledMapService] Set tile at FogOfWar[30,8] = 301
 [VirtualTiledMapService] Set tile at Base[30,9] = 101
 [VirtualTiledMapService] Removed tile at Collision[30,9]
 [VirtualTiledMapService] Set tile at FogOfWar[30,9] = 301
 [VirtualTiledMapService] Set tile at Base[30,10] = 101
 [VirtualTiledMapService] Removed tile at Collision[30,10]
 [VirtualTiledMapService] Set tile at Base[30,11] = 100
 [VirtualTiledMapService] Removed tile at Collision[30,11]
 [VirtualPitWidthManager] Extending inner floor column at x=31
 [VirtualTiledMapService] Set tile at Base[31,1] = 100
 [VirtualTiledMapService] Removed tile at Collision[31,1]
 [VirtualTiledMapService] Set tile at Base[31,2] = 101
 [VirtualTiledMapService] Removed tile at Collision[31,2]
 [VirtualTiledMapService] Set tile at Base[31,3] = 101
 [VirtualTiledMapService] Removed tile at Collision[31,3]
 [VirtualTiledMapService] Set tile at FogOfWar[31,3] = 301
 [VirtualTiledMapService] Set tile at Base[31,4] = 101
 [VirtualTiledMapService] Removed tile at Collision[31,4]
 [VirtualTiledMapService] Set tile at FogOfWar[31,4] = 301
 [VirtualTiledMapService] Set tile at Base[31,5] = 101
 [VirtualTiledMapService] Removed tile at Collision[31,5]
 [VirtualTiledMapService] Set tile at FogOfWar[31,5] = 301
 [VirtualTiledMapService] Set tile at Base[31,6] = 101
 [VirtualTiledMapService] Removed tile at Collision[31,6]
 [VirtualTiledMapService] Set tile at FogOfWar[31,6] = 301
 [VirtualTiledMapService] Set tile at Base[31,7] = 101
 [VirtualTiledMapService] Removed tile at Collision[31,7]
 [VirtualTiledMapService] Set tile at FogOfWar[31,7] = 301
 [VirtualTiledMapService] Set tile at Base[31,8] = 101
 [VirtualTiledMapService] Removed tile at Collision[31,8]
 [VirtualTiledMapService] Set tile at FogOfWar[31,8] = 301
 [VirtualTiledMapService] Set tile at Base[31,9] = 101
 [VirtualTiledMapService] Removed tile at Collision[31,9]
 [VirtualTiledMapService] Set tile at FogOfWar[31,9] = 301
 [VirtualTiledMapService] Set tile at Base[31,10] = 101
 [VirtualTiledMapService] Removed tile at Collision[31,10]
 [VirtualTiledMapService] Set tile at Base[31,11] = 100
 [VirtualTiledMapService] Removed tile at Collision[31,11]
 [VirtualPitWidthManager] Extending inner wall column at x=32
 [VirtualTiledMapService] Set tile at Base[32,1] = 102
 [VirtualTiledMapService] Removed tile at Collision[32,1]
 [VirtualTiledMapService] Set tile at Base[32,2] = 102
 [VirtualTiledMapService] Set tile at Collision[32,2] = 201
 [VirtualTiledMapService] Set tile at Base[32,3] = 102
 [VirtualTiledMapService] Set tile at Collision[32,3] = 201
 [VirtualTiledMapService] Set tile at Base[32,4] = 102
 [VirtualTiledMapService] Set tile at Collision[32,4] = 201
 [VirtualTiledMapService] Set tile at Base[32,5] = 102
 [VirtualTiledMapService] Set tile at Collision[32,5] = 201
 [VirtualTiledMapService] Set tile at Base[32,6] = 102
 [VirtualTiledMapService] Set tile at Collision[32,6] = 201
 [VirtualTiledMapService] Set tile at Base[32,7] = 102
 [VirtualTiledMapService] Set tile at Collision[32,7] = 201
 [VirtualTiledMapService] Set tile at Base[32,8] = 102
 [VirtualTiledMapService] Set tile at Collision[32,8] = 201
 [VirtualTiledMapService] Set tile at Base[32,9] = 102
 [VirtualTiledMapService] Set tile at Collision[32,9] = 201
 [VirtualTiledMapService] Set tile at Base[32,10] = 102
 [VirtualTiledMapService] Set tile at Collision[32,10] = 201
 [VirtualTiledMapService] Set tile at Base[32,11] = 102
 [VirtualTiledMapService] Removed tile at Collision[32,11]
 [VirtualPitWidthManager] Extending outer floor column at x=33
 [VirtualTiledMapService] Set tile at Base[33,1] = 100
 [VirtualTiledMapService] Removed tile at Collision[33,1]
 [VirtualTiledMapService] Set tile at Base[33,2] = 103
 [VirtualTiledMapService] Removed tile at Collision[33,2]
 [VirtualTiledMapService] Set tile at Base[33,3] = 103
 [VirtualTiledMapService] Removed tile at Collision[33,3]
 [VirtualTiledMapService] Set tile at Base[33,4] = 103
 [VirtualTiledMapService] Removed tile at Collision[33,4]
 [VirtualTiledMapService] Set tile at Base[33,5] = 103
 [VirtualTiledMapService] Removed tile at Collision[33,5]
 [VirtualTiledMapService] Set tile at Base[33,6] = 103
 [VirtualTiledMapService] Removed tile at Collision[33,6]
 [VirtualTiledMapService] Set tile at Base[33,7] = 103
 [VirtualTiledMapService] Removed tile at Collision[33,7]
 [VirtualTiledMapService] Set tile at Base[33,8] = 103
 [VirtualTiledMapService] Removed tile at Collision[33,8]
 [VirtualTiledMapService] Set tile at Base[33,9] = 103
 [VirtualTiledMapService] Removed tile at Collision[33,9]
 [VirtualTiledMapService] Set tile at Base[33,10] = 103
 [VirtualTiledMapService] Removed tile at Collision[33,10]
 [VirtualTiledMapService] Set tile at Base[33,11] = 100
 [VirtualTiledMapService] Removed tile at Collision[33,11]
 [VirtualPitWidthManager] Pit extension complete. New right edge: 33
 [VirtualPitWidthManager] Regenerating FogOfWar for entire pit area from x=2 to x=33, y=3 to y=9
 [VirtualTiledMapService] Set tile at FogOfWar[2,3] = 301
 [VirtualTiledMapService] Set tile at FogOfWar[2,4] = 301
 [VirtualTiledMapService] Set tile at FogOfWar[2,5] = 301
 [VirtualTiledMapService] Set tile at FogOfWar[2,6] = 301
 [VirtualTiledMapService] Set tile at FogOfWar[2,7] = 301
 [VirtualTiledMapService] Set tile at FogOfWar[2,8] = 301
 [VirtualTiledMapService] Set tile at FogOfWar[2,9] = 301
 [VirtualTiledMapService] Set tile at FogOfWar[3,3] = 301
 [VirtualTiledMapService] Set tile at FogOfWar[3,4] = 301
 [VirtualTiledMapService] Set tile at FogOfWar[3,5] = 301
 [VirtualTiledMapService] Set tile at FogOfWar[3,6] = 301
 [VirtualTiledMapService] Set tile at FogOfWar[3,7] = 301
 [VirtualTiledMapService] Set tile at FogOfWar[3,8] = 301
 [VirtualTiledMapService] Set tile at FogOfWar[3,9] = 301
 [VirtualTiledMapService] Set tile at FogOfWar[4,3] = 301
 [VirtualTiledMapService] Set tile at FogOfWar[4,4] = 301
 [VirtualTiledMapService] Set tile at FogOfWar[4,5] = 301
 [VirtualTiledMapService] Set tile at FogOfWar[4,6] = 301
 [VirtualTiledMapService] Set tile at FogOfWar[4,7] = 301
 [VirtualTiledMapService] Set tile at FogOfWar[4,8] = 301
 [VirtualTiledMapService] Set tile at FogOfWar[4,9] = 301
 [VirtualTiledMapService] Set tile at FogOfWar[5,3] = 301
 [VirtualTiledMapService] Set tile at FogOfWar[5,4] = 301
 [VirtualTiledMapService] Set tile at FogOfWar[5,5] = 301
 [VirtualTiledMapService] Set tile at FogOfWar[5,6] = 301
 [VirtualTiledMapService] Set tile at FogOfWar[5,7] = 301
 [VirtualTiledMapService] Set tile at FogOfWar[5,8] = 301
 [VirtualTiledMapService] Set tile at FogOfWar[5,9] = 301
 [VirtualTiledMapService] Set tile at FogOfWar[6,3] = 301
 [VirtualTiledMapService] Set tile at FogOfWar[6,4] = 301
 [VirtualTiledMapService] Set tile at FogOfWar[6,5] = 301
 [VirtualTiledMapService] Set tile at FogOfWar[6,6] = 301
 [VirtualTiledMapService] Set tile at FogOfWar[6,7] = 301
 [VirtualTiledMapService] Set tile at FogOfWar[6,8] = 301
 [VirtualTiledMapService] Set tile at FogOfWar[6,9] = 301
 [VirtualTiledMapService] Set tile at FogOfWar[7,3] = 301
 [VirtualTiledMapService] Set tile at FogOfWar[7,4] = 301
 [VirtualTiledMapService] Set tile at FogOfWar[7,5] = 301
 [VirtualTiledMapService] Set tile at FogOfWar[7,6] = 301
 [VirtualTiledMapService] Set tile at FogOfWar[7,7] = 301
 [VirtualTiledMapService] Set tile at FogOfWar[7,8] = 301
 [VirtualTiledMapService] Set tile at FogOfWar[7,9] = 301
 [VirtualTiledMapService] Set tile at FogOfWar[8,3] = 301
 [VirtualTiledMapService] Set tile at FogOfWar[8,4] = 301
 [VirtualTiledMapService] Set tile at FogOfWar[8,5] = 301
 [VirtualTiledMapService] Set tile at FogOfWar[8,6] = 301
 [VirtualTiledMapService] Set tile at FogOfWar[8,7] = 301
 [VirtualTiledMapService] Set tile at FogOfWar[8,8] = 301
 [VirtualTiledMapService] Set tile at FogOfWar[8,9] = 301
 [VirtualTiledMapService] Set tile at FogOfWar[9,3] = 301
 [VirtualTiledMapService] Set tile at FogOfWar[9,4] = 301
 [VirtualTiledMapService] Set tile at FogOfWar[9,5] = 301
 [VirtualTiledMapService] Set tile at FogOfWar[9,6] = 301
 [VirtualTiledMapService] Set tile at FogOfWar[9,7] = 301
 [VirtualTiledMapService] Set tile at FogOfWar[9,8] = 301
 [VirtualTiledMapService] Set tile at FogOfWar[9,9] = 301
 [VirtualTiledMapService] Set tile at FogOfWar[10,3] = 301
 [VirtualTiledMapService] Set tile at FogOfWar[10,4] = 301
 [VirtualTiledMapService] Set tile at FogOfWar[10,5] = 301
 [VirtualTiledMapService] Set tile at FogOfWar[10,6] = 301
 [VirtualTiledMapService] Set tile at FogOfWar[10,7] = 301
 [VirtualTiledMapService] Set tile at FogOfWar[10,8] = 301
 [VirtualTiledMapService] Set tile at FogOfWar[10,9] = 301
 [VirtualTiledMapService] Set tile at FogOfWar[11,3] = 301
 [VirtualTiledMapService] Set tile at FogOfWar[11,4] = 301
 [VirtualTiledMapService] Set tile at FogOfWar[11,5] = 301
 [VirtualTiledMapService] Set tile at FogOfWar[11,6] = 301
 [VirtualTiledMapService] Set tile at FogOfWar[11,7] = 301
 [VirtualTiledMapService] Set tile at FogOfWar[11,8] = 301
 [VirtualTiledMapService] Set tile at FogOfWar[11,9] = 301
 [VirtualTiledMapService] Set tile at FogOfWar[12,3] = 301
 [VirtualTiledMapService] Set tile at FogOfWar[12,4] = 301
 [VirtualTiledMapService] Set tile at FogOfWar[12,5] = 301
 [VirtualTiledMapService] Set tile at FogOfWar[12,6] = 301
 [VirtualTiledMapService] Set tile at FogOfWar[12,7] = 301
 [VirtualTiledMapService] Set tile at FogOfWar[12,8] = 301
 [VirtualTiledMapService] Set tile at FogOfWar[12,9] = 301
 [VirtualTiledMapService] Set tile at FogOfWar[13,3] = 301
 [VirtualTiledMapService] Set tile at FogOfWar[13,4] = 301
 [VirtualTiledMapService] Set tile at FogOfWar[13,5] = 301
 [VirtualTiledMapService] Set tile at FogOfWar[13,6] = 301
 [VirtualTiledMapService] Set tile at FogOfWar[13,7] = 301
 [VirtualTiledMapService] Set tile at FogOfWar[13,8] = 301
 [VirtualTiledMapService] Set tile at FogOfWar[13,9] = 301
 [VirtualTiledMapService] Set tile at FogOfWar[14,3] = 301
 [VirtualTiledMapService] Set tile at FogOfWar[14,4] = 301
 [VirtualTiledMapService] Set tile at FogOfWar[14,5] = 301
 [VirtualTiledMapService] Set tile at FogOfWar[14,6] = 301
 [VirtualTiledMapService] Set tile at FogOfWar[14,7] = 301
 [VirtualTiledMapService] Set tile at FogOfWar[14,8] = 301
 [VirtualTiledMapService] Set tile at FogOfWar[14,9] = 301
 [VirtualTiledMapService] Set tile at FogOfWar[15,3] = 301
 [VirtualTiledMapService] Set tile at FogOfWar[15,4] = 301
 [VirtualTiledMapService] Set tile at FogOfWar[15,5] = 301
 [VirtualTiledMapService] Set tile at FogOfWar[15,6] = 301
 [VirtualTiledMapService] Set tile at FogOfWar[15,7] = 301
 [VirtualTiledMapService] Set tile at FogOfWar[15,8] = 301
 [VirtualTiledMapService] Set tile at FogOfWar[15,9] = 301
 [VirtualTiledMapService] Set tile at FogOfWar[16,3] = 301
 [VirtualTiledMapService] Set tile at FogOfWar[16,4] = 301
 [VirtualTiledMapService] Set tile at FogOfWar[16,5] = 301
 [VirtualTiledMapService] Set tile at FogOfWar[16,6] = 301
 [VirtualTiledMapService] Set tile at FogOfWar[16,7] = 301
 [VirtualTiledMapService] Set tile at FogOfWar[16,8] = 301
 [VirtualTiledMapService] Set tile at FogOfWar[16,9] = 301
 [VirtualTiledMapService] Set tile at FogOfWar[17,3] = 301
 [VirtualTiledMapService] Set tile at FogOfWar[17,4] = 301
 [VirtualTiledMapService] Set tile at FogOfWar[17,5] = 301
 [VirtualTiledMapService] Set tile at FogOfWar[17,6] = 301
 [VirtualTiledMapService] Set tile at FogOfWar[17,7] = 301
 [VirtualTiledMapService] Set tile at FogOfWar[17,8] = 301
 [VirtualTiledMapService] Set tile at FogOfWar[17,9] = 301
 [VirtualTiledMapService] Set tile at FogOfWar[18,3] = 301
 [VirtualTiledMapService] Set tile at FogOfWar[18,4] = 301
 [VirtualTiledMapService] Set tile at FogOfWar[18,5] = 301
 [VirtualTiledMapService] Set tile at FogOfWar[18,6] = 301
 [VirtualTiledMapService] Set tile at FogOfWar[18,7] = 301
 [VirtualTiledMapService] Set tile at FogOfWar[18,8] = 301
 [VirtualTiledMapService] Set tile at FogOfWar[18,9] = 301
 [VirtualTiledMapService] Set tile at FogOfWar[19,3] = 301
 [VirtualTiledMapService] Set tile at FogOfWar[19,4] = 301
 [VirtualTiledMapService] Set tile at FogOfWar[19,5] = 301
 [VirtualTiledMapService] Set tile at FogOfWar[19,6] = 301
 [VirtualTiledMapService] Set tile at FogOfWar[19,7] = 301
 [VirtualTiledMapService] Set tile at FogOfWar[19,8] = 301
 [VirtualTiledMapService] Set tile at FogOfWar[19,9] = 301
 [VirtualTiledMapService] Set tile at FogOfWar[20,3] = 301
 [VirtualTiledMapService] Set tile at FogOfWar[20,4] = 301
 [VirtualTiledMapService] Set tile at FogOfWar[20,5] = 301
 [VirtualTiledMapService] Set tile at FogOfWar[20,6] = 301
 [VirtualTiledMapService] Set tile at FogOfWar[20,7] = 301
 [VirtualTiledMapService] Set tile at FogOfWar[20,8] = 301
 [VirtualTiledMapService] Set tile at FogOfWar[20,9] = 301
 [VirtualTiledMapService] Set tile at FogOfWar[21,3] = 301
 [VirtualTiledMapService] Set tile at FogOfWar[21,4] = 301
 [VirtualTiledMapService] Set tile at FogOfWar[21,5] = 301
 [VirtualTiledMapService] Set tile at FogOfWar[21,6] = 301
 [VirtualTiledMapService] Set tile at FogOfWar[21,7] = 301
 [VirtualTiledMapService] Set tile at FogOfWar[21,8] = 301
 [VirtualTiledMapService] Set tile at FogOfWar[21,9] = 301
 [VirtualTiledMapService] Set tile at FogOfWar[22,3] = 301
 [VirtualTiledMapService] Set tile at FogOfWar[22,4] = 301
 [VirtualTiledMapService] Set tile at FogOfWar[22,5] = 301
 [VirtualTiledMapService] Set tile at FogOfWar[22,6] = 301
 [VirtualTiledMapService] Set tile at FogOfWar[22,7] = 301
 [VirtualTiledMapService] Set tile at FogOfWar[22,8] = 301
 [VirtualTiledMapService] Set tile at FogOfWar[22,9] = 301
 [VirtualTiledMapService] Set tile at FogOfWar[23,3] = 301
 [VirtualTiledMapService] Set tile at FogOfWar[23,4] = 301
 [VirtualTiledMapService] Set tile at FogOfWar[23,5] = 301
 [VirtualTiledMapService] Set tile at FogOfWar[23,6] = 301
 [VirtualTiledMapService] Set tile at FogOfWar[23,7] = 301
 [VirtualTiledMapService] Set tile at FogOfWar[23,8] = 301
 [VirtualTiledMapService] Set tile at FogOfWar[23,9] = 301
 [VirtualTiledMapService] Set tile at FogOfWar[24,3] = 301
 [VirtualTiledMapService] Set tile at FogOfWar[24,4] = 301
 [VirtualTiledMapService] Set tile at FogOfWar[24,5] = 301
 [VirtualTiledMapService] Set tile at FogOfWar[24,6] = 301
 [VirtualTiledMapService] Set tile at FogOfWar[24,7] = 301
 [VirtualTiledMapService] Set tile at FogOfWar[24,8] = 301
 [VirtualTiledMapService] Set tile at FogOfWar[24,9] = 301
 [VirtualTiledMapService] Set tile at FogOfWar[25,3] = 301
 [VirtualTiledMapService] Set tile at FogOfWar[25,4] = 301
 [VirtualTiledMapService] Set tile at FogOfWar[25,5] = 301
 [VirtualTiledMapService] Set tile at FogOfWar[25,6] = 301
 [VirtualTiledMapService] Set tile at FogOfWar[25,7] = 301
 [VirtualTiledMapService] Set tile at FogOfWar[25,8] = 301
 [VirtualTiledMapService] Set tile at FogOfWar[25,9] = 301
 [VirtualTiledMapService] Set tile at FogOfWar[26,3] = 301
 [VirtualTiledMapService] Set tile at FogOfWar[26,4] = 301
 [VirtualTiledMapService] Set tile at FogOfWar[26,5] = 301
 [VirtualTiledMapService] Set tile at FogOfWar[26,6] = 301
 [VirtualTiledMapService] Set tile at FogOfWar[26,7] = 301
 [VirtualTiledMapService] Set tile at FogOfWar[26,8] = 301
 [VirtualTiledMapService] Set tile at FogOfWar[26,9] = 301
 [VirtualTiledMapService] Set tile at FogOfWar[27,3] = 301
 [VirtualTiledMapService] Set tile at FogOfWar[27,4] = 301
 [VirtualTiledMapService] Set tile at FogOfWar[27,5] = 301
 [VirtualTiledMapService] Set tile at FogOfWar[27,6] = 301
 [VirtualTiledMapService] Set tile at FogOfWar[27,7] = 301
 [VirtualTiledMapService] Set tile at FogOfWar[27,8] = 301
 [VirtualTiledMapService] Set tile at FogOfWar[27,9] = 301
 [VirtualTiledMapService] Set tile at FogOfWar[28,3] = 301
 [VirtualTiledMapService] Set tile at FogOfWar[28,4] = 301
 [VirtualTiledMapService] Set tile at FogOfWar[28,5] = 301
 [VirtualTiledMapService] Set tile at FogOfWar[28,6] = 301
 [VirtualTiledMapService] Set tile at FogOfWar[28,7] = 301
 [VirtualTiledMapService] Set tile at FogOfWar[28,8] = 301
 [VirtualTiledMapService] Set tile at FogOfWar[28,9] = 301
 [VirtualTiledMapService] Set tile at FogOfWar[29,3] = 301
 [VirtualTiledMapService] Set tile at FogOfWar[29,4] = 301
 [VirtualTiledMapService] Set tile at FogOfWar[29,5] = 301
 [VirtualTiledMapService] Set tile at FogOfWar[29,6] = 301
 [VirtualTiledMapService] Set tile at FogOfWar[29,7] = 301
 [VirtualTiledMapService] Set tile at FogOfWar[29,8] = 301
 [VirtualTiledMapService] Set tile at FogOfWar[29,9] = 301
 [VirtualTiledMapService] Set tile at FogOfWar[30,3] = 301
 [VirtualTiledMapService] Set tile at FogOfWar[30,4] = 301
 [VirtualTiledMapService] Set tile at FogOfWar[30,5] = 301
 [VirtualTiledMapService] Set tile at FogOfWar[30,6] = 301
 [VirtualTiledMapService] Set tile at FogOfWar[30,7] = 301
 [VirtualTiledMapService] Set tile at FogOfWar[30,8] = 301
 [VirtualTiledMapService] Set tile at FogOfWar[30,9] = 301
 [VirtualTiledMapService] Set tile at FogOfWar[31,3] = 301
 [VirtualTiledMapService] Set tile at FogOfWar[31,4] = 301
 [VirtualTiledMapService] Set tile at FogOfWar[31,5] = 301
 [VirtualTiledMapService] Set tile at FogOfWar[31,6] = 301
 [VirtualTiledMapService] Set tile at FogOfWar[31,7] = 301
 [VirtualTiledMapService] Set tile at FogOfWar[31,8] = 301
 [VirtualTiledMapService] Set tile at FogOfWar[31,9] = 301
 [VirtualPitWidthManager] FogOfWar regeneration complete
 Level 200: 33 tiles wide (should equal level 100)
 [VirtualPitWidthManager] Setting pit level from 200 to 1000
 [VirtualPitWidthManager] Level 1000: extending pit by 20 inner floor tiles
 [VirtualPitWidthManager] Extending inner floor column at x=12
 [VirtualTiledMapService] Set tile at Base[12,1] = 100
 [VirtualTiledMapService] Removed tile at Collision[12,1]
 [VirtualTiledMapService] Set tile at Base[12,2] = 101
 [VirtualTiledMapService] Removed tile at Collision[12,2]
 [VirtualTiledMapService] Set tile at Base[12,3] = 101
 [VirtualTiledMapService] Removed tile at Collision[12,3]
 [VirtualTiledMapService] Set tile at FogOfWar[12,3] = 301
 [VirtualTiledMapService] Set tile at Base[12,4] = 101
 [VirtualTiledMapService] Removed tile at Collision[12,4]
 [VirtualTiledMapService] Set tile at FogOfWar[12,4] = 301
 [VirtualTiledMapService] Set tile at Base[12,5] = 101
 [VirtualTiledMapService] Removed tile at Collision[12,5]
 [VirtualTiledMapService] Set tile at FogOfWar[12,5] = 301
 [VirtualTiledMapService] Set tile at Base[12,6] = 101
 [VirtualTiledMapService] Removed tile at Collision[12,6]
 [VirtualTiledMapService] Set tile at FogOfWar[12,6] = 301
 [VirtualTiledMapService] Set tile at Base[12,7] = 101
 [VirtualTiledMapService] Removed tile at Collision[12,7]
 [VirtualTiledMapService] Set tile at FogOfWar[12,7] = 301
 [VirtualTiledMapService] Set tile at Base[12,8] = 101
 [VirtualTiledMapService] Removed tile at Collision[12,8]
 [VirtualTiledMapService] Set tile at FogOfWar[12,8] = 301
 [VirtualTiledMapService] Set tile at Base[12,9] = 101
 [VirtualTiledMapService] Removed tile at Collision[12,9]
 [VirtualTiledMapService] Set tile at FogOfWar[12,9] = 301
 [VirtualTiledMapService] Set tile at Base[12,10] = 101
 [VirtualTiledMapService] Removed tile at Collision[12,10]
 [VirtualTiledMapService] Set tile at Base[12,11] = 100
 [VirtualTiledMapService] Removed tile at Collision[12,11]
 [VirtualPitWidthManager] Extending inner floor column at x=13
 [VirtualTiledMapService] Set tile at Base[13,1] = 100
 [VirtualTiledMapService] Removed tile at Collision[13,1]
 [VirtualTiledMapService] Set tile at Base[13,2] = 101
 [VirtualTiledMapService] Removed tile at Collision[13,2]
 [VirtualTiledMapService] Set tile at Base[13,3] = 101
 [VirtualTiledMapService] Removed tile at Collision[13,3]
 [VirtualTiledMapService] Set tile at FogOfWar[13,3] = 301
 [VirtualTiledMapService] Set tile at Base[13,4] = 101
 [VirtualTiledMapService] Removed tile at Collision[13,4]
 [VirtualTiledMapService] Set tile at FogOfWar[13,4] = 301
 [VirtualTiledMapService] Set tile at Base[13,5] = 101
 [VirtualTiledMapService] Removed tile at Collision[13,5]
 [VirtualTiledMapService] Set tile at FogOfWar[13,5] = 301
 [VirtualTiledMapService] Set tile at Base[13,6] = 101
 [VirtualTiledMapService] Removed tile at Collision[13,6]
 [VirtualTiledMapService] Set tile at FogOfWar[13,6] = 301
 [VirtualTiledMapService] Set tile at Base[13,7] = 101
 [VirtualTiledMapService] Removed tile at Collision[13,7]
 [VirtualTiledMapService] Set tile at FogOfWar[13,7] = 301
 [VirtualTiledMapService] Set tile at Base[13,8] = 101
 [VirtualTiledMapService] Removed tile at Collision[13,8]
 [VirtualTiledMapService] Set tile at FogOfWar[13,8] = 301
 [VirtualTiledMapService] Set tile at Base[13,9] = 101
 [VirtualTiledMapService] Removed tile at Collision[13,9]
 [VirtualTiledMapService] Set tile at FogOfWar[13,9] = 301
 [VirtualTiledMapService] Set tile at Base[13,10] = 101
 [VirtualTiledMapService] Removed tile at Collision[13,10]
 [VirtualTiledMapService] Set tile at Base[13,11] = 100
 [VirtualTiledMapService] Removed tile at Collision[13,11]
 [VirtualPitWidthManager] Extending inner floor column at x=14
 [VirtualTiledMapService] Set tile at Base[14,1] = 100
 [VirtualTiledMapService] Removed tile at Collision[14,1]
 [VirtualTiledMapService] Set tile at Base[14,2] = 101
 [VirtualTiledMapService] Removed tile at Collision[14,2]
 [VirtualTiledMapService] Set tile at Base[14,3] = 101
 [VirtualTiledMapService] Removed tile at Collision[14,3]
 [VirtualTiledMapService] Set tile at FogOfWar[14,3] = 301
 [VirtualTiledMapService] Set tile at Base[14,4] = 101
 [VirtualTiledMapService] Removed tile at Collision[14,4]
 [VirtualTiledMapService] Set tile at FogOfWar[14,4] = 301
 [VirtualTiledMapService] Set tile at Base[14,5] = 101
 [VirtualTiledMapService] Removed tile at Collision[14,5]
 [VirtualTiledMapService] Set tile at FogOfWar[14,5] = 301
 [VirtualTiledMapService] Set tile at Base[14,6] = 101
 [VirtualTiledMapService] Removed tile at Collision[14,6]
 [VirtualTiledMapService] Set tile at FogOfWar[14,6] = 301
 [VirtualTiledMapService] Set tile at Base[14,7] = 101
 [VirtualTiledMapService] Removed tile at Collision[14,7]
 [VirtualTiledMapService] Set tile at FogOfWar[14,7] = 301
 [VirtualTiledMapService] Set tile at Base[14,8] = 101
 [VirtualTiledMapService] Removed tile at Collision[14,8]
 [VirtualTiledMapService] Set tile at FogOfWar[14,8] = 301
 [VirtualTiledMapService] Set tile at Base[14,9] = 101
 [VirtualTiledMapService] Removed tile at Collision[14,9]
 [VirtualTiledMapService] Set tile at FogOfWar[14,9] = 301
 [VirtualTiledMapService] Set tile at Base[14,10] = 101
 [VirtualTiledMapService] Removed tile at Collision[14,10]
 [VirtualTiledMapService] Set tile at Base[14,11] = 100
 [VirtualTiledMapService] Removed tile at Collision[14,11]
 [VirtualPitWidthManager] Extending inner floor column at x=15
 [VirtualTiledMapService] Set tile at Base[15,1] = 100
 [VirtualTiledMapService] Removed tile at Collision[15,1]
 [VirtualTiledMapService] Set tile at Base[15,2] = 101
 [VirtualTiledMapService] Removed tile at Collision[15,2]
 [VirtualTiledMapService] Set tile at Base[15,3] = 101
 [VirtualTiledMapService] Removed tile at Collision[15,3]
 [VirtualTiledMapService] Set tile at FogOfWar[15,3] = 301
 [VirtualTiledMapService] Set tile at Base[15,4] = 101
 [VirtualTiledMapService] Removed tile at Collision[15,4]
 [VirtualTiledMapService] Set tile at FogOfWar[15,4] = 301
 [VirtualTiledMapService] Set tile at Base[15,5] = 101
 [VirtualTiledMapService] Removed tile at Collision[15,5]
 [VirtualTiledMapService] Set tile at FogOfWar[15,5] = 301
 [VirtualTiledMapService] Set tile at Base[15,6] = 101
 [VirtualTiledMapService] Removed tile at Collision[15,6]
 [VirtualTiledMapService] Set tile at FogOfWar[15,6] = 301
 [VirtualTiledMapService] Set tile at Base[15,7] = 101
 [VirtualTiledMapService] Removed tile at Collision[15,7]
 [VirtualTiledMapService] Set tile at FogOfWar[15,7] = 301
 [VirtualTiledMapService] Set tile at Base[15,8] = 101
 [VirtualTiledMapService] Removed tile at Collision[15,8]
 [VirtualTiledMapService] Set tile at FogOfWar[15,8] = 301
 [VirtualTiledMapService] Set tile at Base[15,9] = 101
 [VirtualTiledMapService] Removed tile at Collision[15,9]
 [VirtualTiledMapService] Set tile at FogOfWar[15,9] = 301
 [VirtualTiledMapService] Set tile at Base[15,10] = 101
 [VirtualTiledMapService] Removed tile at Collision[15,10]
 [VirtualTiledMapService] Set tile at Base[15,11] = 100
 [VirtualTiledMapService] Removed tile at Collision[15,11]
 [VirtualPitWidthManager] Extending inner floor column at x=16
 [VirtualTiledMapService] Set tile at Base[16,1] = 100
 [VirtualTiledMapService] Removed tile at Collision[16,1]
 [VirtualTiledMapService] Set tile at Base[16,2] = 101
 [VirtualTiledMapService] Removed tile at Collision[16,2]
 [VirtualTiledMapService] Set tile at Base[16,3] = 101
 [VirtualTiledMapService] Removed tile at Collision[16,3]
 [VirtualTiledMapService] Set tile at FogOfWar[16,3] = 301
 [VirtualTiledMapService] Set tile at Base[16,4] = 101
 [VirtualTiledMapService] Removed tile at Collision[16,4]
 [VirtualTiledMapService] Set tile at FogOfWar[16,4] = 301
 [VirtualTiledMapService] Set tile at Base[16,5] = 101
 [VirtualTiledMapService] Removed tile at Collision[16,5]
 [VirtualTiledMapService] Set tile at FogOfWar[16,5] = 301
 [VirtualTiledMapService] Set tile at Base[16,6] = 101
 [VirtualTiledMapService] Removed tile at Collision[16,6]
 [VirtualTiledMapService] Set tile at FogOfWar[16,6] = 301
 [VirtualTiledMapService] Set tile at Base[16,7] = 101
 [VirtualTiledMapService] Removed tile at Collision[16,7]
 [VirtualTiledMapService] Set tile at FogOfWar[16,7] = 301
 [VirtualTiledMapService] Set tile at Base[16,8] = 101
 [VirtualTiledMapService] Removed tile at Collision[16,8]
 [VirtualTiledMapService] Set tile at FogOfWar[16,8] = 301
 [VirtualTiledMapService] Set tile at Base[16,9] = 101
 [VirtualTiledMapService] Removed tile at Collision[16,9]
 [VirtualTiledMapService] Set tile at FogOfWar[16,9] = 301
 [VirtualTiledMapService] Set tile at Base[16,10] = 101
 [VirtualTiledMapService] Removed tile at Collision[16,10]
 [VirtualTiledMapService] Set tile at Base[16,11] = 100
 [VirtualTiledMapService] Removed tile at Collision[16,11]
 [VirtualPitWidthManager] Extending inner floor column at x=17
 [VirtualTiledMapService] Set tile at Base[17,1] = 100
 [VirtualTiledMapService] Removed tile at Collision[17,1]
 [VirtualTiledMapService] Set tile at Base[17,2] = 101
 [VirtualTiledMapService] Removed tile at Collision[17,2]
 [VirtualTiledMapService] Set tile at Base[17,3] = 101
 [VirtualTiledMapService] Removed tile at Collision[17,3]
 [VirtualTiledMapService] Set tile at FogOfWar[17,3] = 301
 [VirtualTiledMapService] Set tile at Base[17,4] = 101
 [VirtualTiledMapService] Removed tile at Collision[17,4]
 [VirtualTiledMapService] Set tile at FogOfWar[17,4] = 301
 [VirtualTiledMapService] Set tile at Base[17,5] = 101
 [VirtualTiledMapService] Removed tile at Collision[17,5]
 [VirtualTiledMapService] Set tile at FogOfWar[17,5] = 301
 [VirtualTiledMapService] Set tile at Base[17,6] = 101
 [VirtualTiledMapService] Removed tile at Collision[17,6]
 [VirtualTiledMapService] Set tile at FogOfWar[17,6] = 301
 [VirtualTiledMapService] Set tile at Base[17,7] = 101
 [VirtualTiledMapService] Removed tile at Collision[17,7]
 [VirtualTiledMapService] Set tile at FogOfWar[17,7] = 301
 [VirtualTiledMapService] Set tile at Base[17,8] = 101
 [VirtualTiledMapService] Removed tile at Collision[17,8]
 [VirtualTiledMapService] Set tile at FogOfWar[17,8] = 301
 [VirtualTiledMapService] Set tile at Base[17,9] = 101
 [VirtualTiledMapService] Removed tile at Collision[17,9]
 [VirtualTiledMapService] Set tile at FogOfWar[17,9] = 301
 [VirtualTiledMapService] Set tile at Base[17,10] = 101
 [VirtualTiledMapService] Removed tile at Collision[17,10]
 [VirtualTiledMapService] Set tile at Base[17,11] = 100
 [VirtualTiledMapService] Removed tile at Collision[17,11]
 [VirtualPitWidthManager] Extending inner floor column at x=18
 [VirtualTiledMapService] Set tile at Base[18,1] = 100
 [VirtualTiledMapService] Removed tile at Collision[18,1]
 [VirtualTiledMapService] Set tile at Base[18,2] = 101
 [VirtualTiledMapService] Removed tile at Collision[18,2]
 [VirtualTiledMapService] Set tile at Base[18,3] = 101
 [VirtualTiledMapService] Removed tile at Collision[18,3]
 [VirtualTiledMapService] Set tile at FogOfWar[18,3] = 301
 [VirtualTiledMapService] Set tile at Base[18,4] = 101
 [VirtualTiledMapService] Removed tile at Collision[18,4]
 [VirtualTiledMapService] Set tile at FogOfWar[18,4] = 301
 [VirtualTiledMapService] Set tile at Base[18,5] = 101
 [VirtualTiledMapService] Removed tile at Collision[18,5]
 [VirtualTiledMapService] Set tile at FogOfWar[18,5] = 301
 [VirtualTiledMapService] Set tile at Base[18,6] = 101
 [VirtualTiledMapService] Removed tile at Collision[18,6]
 [VirtualTiledMapService] Set tile at FogOfWar[18,6] = 301
 [VirtualTiledMapService] Set tile at Base[18,7] = 101
 [VirtualTiledMapService] Removed tile at Collision[18,7]
 [VirtualTiledMapService] Set tile at FogOfWar[18,7] = 301
 [VirtualTiledMapService] Set tile at Base[18,8] = 101
 [VirtualTiledMapService] Removed tile at Collision[18,8]
 [VirtualTiledMapService] Set tile at FogOfWar[18,8] = 301
 [VirtualTiledMapService] Set tile at Base[18,9] = 101
 [VirtualTiledMapService] Removed tile at Collision[18,9]
 [VirtualTiledMapService] Set tile at FogOfWar[18,9] = 301
 [VirtualTiledMapService] Set tile at Base[18,10] = 101
 [VirtualTiledMapService] Removed tile at Collision[18,10]
 [VirtualTiledMapService] Set tile at Base[18,11] = 100
 [VirtualTiledMapService] Removed tile at Collision[18,11]
 [VirtualPitWidthManager] Extending inner floor column at x=19
 [VirtualTiledMapService] Set tile at Base[19,1] = 100
 [VirtualTiledMapService] Removed tile at Collision[19,1]
 [VirtualTiledMapService] Set tile at Base[19,2] = 101
 [VirtualTiledMapService] Removed tile at Collision[19,2]
 [VirtualTiledMapService] Set tile at Base[19,3] = 101
 [VirtualTiledMapService] Removed tile at Collision[19,3]
 [VirtualTiledMapService] Set tile at FogOfWar[19,3] = 301
 [VirtualTiledMapService] Set tile at Base[19,4] = 101
 [VirtualTiledMapService] Removed tile at Collision[19,4]
 [VirtualTiledMapService] Set tile at FogOfWar[19,4] = 301
 [VirtualTiledMapService] Set tile at Base[19,5] = 101
 [VirtualTiledMapService] Removed tile at Collision[19,5]
 [VirtualTiledMapService] Set tile at FogOfWar[19,5] = 301
 [VirtualTiledMapService] Set tile at Base[19,6] = 101
 [VirtualTiledMapService] Removed tile at Collision[19,6]
 [VirtualTiledMapService] Set tile at FogOfWar[19,6] = 301
 [VirtualTiledMapService] Set tile at Base[19,7] = 101
 [VirtualTiledMapService] Removed tile at Collision[19,7]
 [VirtualTiledMapService] Set tile at FogOfWar[19,7] = 301
 [VirtualTiledMapService] Set tile at Base[19,8] = 101
 [VirtualTiledMapService] Removed tile at Collision[19,8]
 [VirtualTiledMapService] Set tile at FogOfWar[19,8] = 301
 [VirtualTiledMapService] Set tile at Base[19,9] = 101
 [VirtualTiledMapService] Removed tile at Collision[19,9]
 [VirtualTiledMapService] Set tile at FogOfWar[19,9] = 301
 [VirtualTiledMapService] Set tile at Base[19,10] = 101
 [VirtualTiledMapService] Removed tile at Collision[19,10]
 [VirtualTiledMapService] Set tile at Base[19,11] = 100
 [VirtualTiledMapService] Removed tile at Collision[19,11]
 [VirtualPitWidthManager] Extending inner floor column at x=20
 [VirtualTiledMapService] Set tile at Base[20,1] = 100
 [VirtualTiledMapService] Removed tile at Collision[20,1]
 [VirtualTiledMapService] Set tile at Base[20,2] = 101
 [VirtualTiledMapService] Removed tile at Collision[20,2]
 [VirtualTiledMapService] Set tile at Base[20,3] = 101
 [VirtualTiledMapService] Removed tile at Collision[20,3]
 [VirtualTiledMapService] Set tile at FogOfWar[20,3] = 301
 [VirtualTiledMapService] Set tile at Base[20,4] = 101
 [VirtualTiledMapService] Removed tile at Collision[20,4]
 [VirtualTiledMapService] Set tile at FogOfWar[20,4] = 301
 [VirtualTiledMapService] Set tile at Base[20,5] = 101
 [VirtualTiledMapService] Removed tile at Collision[20,5]
 [VirtualTiledMapService] Set tile at FogOfWar[20,5] = 301
 [VirtualTiledMapService] Set tile at Base[20,6] = 101
 [VirtualTiledMapService] Removed tile at Collision[20,6]
 [VirtualTiledMapService] Set tile at FogOfWar[20,6] = 301
 [VirtualTiledMapService] Set tile at Base[20,7] = 101
 [VirtualTiledMapService] Removed tile at Collision[20,7]
 [VirtualTiledMapService] Set tile at FogOfWar[20,7] = 301
 [VirtualTiledMapService] Set tile at Base[20,8] = 101
 [VirtualTiledMapService] Removed tile at Collision[20,8]
 [VirtualTiledMapService] Set tile at FogOfWar[20,8] = 301
 [VirtualTiledMapService] Set tile at Base[20,9] = 101
 [VirtualTiledMapService] Removed tile at Collision[20,9]
 [VirtualTiledMapService] Set tile at FogOfWar[20,9] = 301
 [VirtualTiledMapService] Set tile at Base[20,10] = 101
 [VirtualTiledMapService] Removed tile at Collision[20,10]
 [VirtualTiledMapService] Set tile at Base[20,11] = 100
 [VirtualTiledMapService] Removed tile at Collision[20,11]
 [VirtualPitWidthManager] Extending inner floor column at x=21
 [VirtualTiledMapService] Set tile at Base[21,1] = 100
 [VirtualTiledMapService] Removed tile at Collision[21,1]
 [VirtualTiledMapService] Set tile at Base[21,2] = 101
 [VirtualTiledMapService] Removed tile at Collision[21,2]
 [VirtualTiledMapService] Set tile at Base[21,3] = 101
 [VirtualTiledMapService] Removed tile at Collision[21,3]
 [VirtualTiledMapService] Set tile at FogOfWar[21,3] = 301
 [VirtualTiledMapService] Set tile at Base[21,4] = 101
 [VirtualTiledMapService] Removed tile at Collision[21,4]
 [VirtualTiledMapService] Set tile at FogOfWar[21,4] = 301
 [VirtualTiledMapService] Set tile at Base[21,5] = 101
 [VirtualTiledMapService] Removed tile at Collision[21,5]
 [VirtualTiledMapService] Set tile at FogOfWar[21,5] = 301
 [VirtualTiledMapService] Set tile at Base[21,6] = 101
 [VirtualTiledMapService] Removed tile at Collision[21,6]
 [VirtualTiledMapService] Set tile at FogOfWar[21,6] = 301
 [VirtualTiledMapService] Set tile at Base[21,7] = 101
 [VirtualTiledMapService] Removed tile at Collision[21,7]
 [VirtualTiledMapService] Set tile at FogOfWar[21,7] = 301
 [VirtualTiledMapService] Set tile at Base[21,8] = 101
 [VirtualTiledMapService] Removed tile at Collision[21,8]
 [VirtualTiledMapService] Set tile at FogOfWar[21,8] = 301
 [VirtualTiledMapService] Set tile at Base[21,9] = 101
 [VirtualTiledMapService] Removed tile at Collision[21,9]
 [VirtualTiledMapService] Set tile at FogOfWar[21,9] = 301
 [VirtualTiledMapService] Set tile at Base[21,10] = 101
 [VirtualTiledMapService] Removed tile at Collision[21,10]
 [VirtualTiledMapService] Set tile at Base[21,11] = 100
 [VirtualTiledMapService] Removed tile at Collision[21,11]
 [VirtualPitWidthManager] Extending inner floor column at x=22
 [VirtualTiledMapService] Set tile at Base[22,1] = 100
 [VirtualTiledMapService] Removed tile at Collision[22,1]
 [VirtualTiledMapService] Set tile at Base[22,2] = 101
 [VirtualTiledMapService] Removed tile at Collision[22,2]
 [VirtualTiledMapService] Set tile at Base[22,3] = 101
 [VirtualTiledMapService] Removed tile at Collision[22,3]
 [VirtualTiledMapService] Set tile at FogOfWar[22,3] = 301
 [VirtualTiledMapService] Set tile at Base[22,4] = 101
 [VirtualTiledMapService] Removed tile at Collision[22,4]
 [VirtualTiledMapService] Set tile at FogOfWar[22,4] = 301
 [VirtualTiledMapService] Set tile at Base[22,5] = 101
 [VirtualTiledMapService] Removed tile at Collision[22,5]
 [VirtualTiledMapService] Set tile at FogOfWar[22,5] = 301
 [VirtualTiledMapService] Set tile at Base[22,6] = 101
 [VirtualTiledMapService] Removed tile at Collision[22,6]
 [VirtualTiledMapService] Set tile at FogOfWar[22,6] = 301
 [VirtualTiledMapService] Set tile at Base[22,7] = 101
 [VirtualTiledMapService] Removed tile at Collision[22,7]
 [VirtualTiledMapService] Set tile at FogOfWar[22,7] = 301
 [VirtualTiledMapService] Set tile at Base[22,8] = 101
 [VirtualTiledMapService] Removed tile at Collision[22,8]
 [VirtualTiledMapService] Set tile at FogOfWar[22,8] = 301
 [VirtualTiledMapService] Set tile at Base[22,9] = 101
 [VirtualTiledMapService] Removed tile at Collision[22,9]
 [VirtualTiledMapService] Set tile at FogOfWar[22,9] = 301
 [VirtualTiledMapService] Set tile at Base[22,10] = 101
 [VirtualTiledMapService] Removed tile at Collision[22,10]
 [VirtualTiledMapService] Set tile at Base[22,11] = 100
 [VirtualTiledMapService] Removed tile at Collision[22,11]
 [VirtualPitWidthManager] Extending inner floor column at x=23
 [VirtualTiledMapService] Set tile at Base[23,1] = 100
 [VirtualTiledMapService] Removed tile at Collision[23,1]
 [VirtualTiledMapService] Set tile at Base[23,2] = 101
 [VirtualTiledMapService] Removed tile at Collision[23,2]
 [VirtualTiledMapService] Set tile at Base[23,3] = 101
 [VirtualTiledMapService] Removed tile at Collision[23,3]
 [VirtualTiledMapService] Set tile at FogOfWar[23,3] = 301
 [VirtualTiledMapService] Set tile at Base[23,4] = 101
 [VirtualTiledMapService] Removed tile at Collision[23,4]
 [VirtualTiledMapService] Set tile at FogOfWar[23,4] = 301
 [VirtualTiledMapService] Set tile at Base[23,5] = 101
 [VirtualTiledMapService] Removed tile at Collision[23,5]
 [VirtualTiledMapService] Set tile at FogOfWar[23,5] = 301
 [VirtualTiledMapService] Set tile at Base[23,6] = 101
 [VirtualTiledMapService] Removed tile at Collision[23,6]
 [VirtualTiledMapService] Set tile at FogOfWar[23,6] = 301
 [VirtualTiledMapService] Set tile at Base[23,7] = 101
 [VirtualTiledMapService] Removed tile at Collision[23,7]
 [VirtualTiledMapService] Set tile at FogOfWar[23,7] = 301
 [VirtualTiledMapService] Set tile at Base[23,8] = 101
 [VirtualTiledMapService] Removed tile at Collision[23,8]
 [VirtualTiledMapService] Set tile at FogOfWar[23,8] = 301
 [VirtualTiledMapService] Set tile at Base[23,9] = 101
 [VirtualTiledMapService] Removed tile at Collision[23,9]
 [VirtualTiledMapService] Set tile at FogOfWar[23,9] = 301
 [VirtualTiledMapService] Set tile at Base[23,10] = 101
 [VirtualTiledMapService] Removed tile at Collision[23,10]
 [VirtualTiledMapService] Set tile at Base[23,11] = 100
 [VirtualTiledMapService] Removed tile at Collision[23,11]
 [VirtualPitWidthManager] Extending inner floor column at x=24
 [VirtualTiledMapService] Set tile at Base[24,1] = 100
 [VirtualTiledMapService] Removed tile at Collision[24,1]
 [VirtualTiledMapService] Set tile at Base[24,2] = 101
 [VirtualTiledMapService] Removed tile at Collision[24,2]
 [VirtualTiledMapService] Set tile at Base[24,3] = 101
 [VirtualTiledMapService] Removed tile at Collision[24,3]
 [VirtualTiledMapService] Set tile at FogOfWar[24,3] = 301
 [VirtualTiledMapService] Set tile at Base[24,4] = 101
 [VirtualTiledMapService] Removed tile at Collision[24,4]
 [VirtualTiledMapService] Set tile at FogOfWar[24,4] = 301
 [VirtualTiledMapService] Set tile at Base[24,5] = 101
 [VirtualTiledMapService] Removed tile at Collision[24,5]
 [VirtualTiledMapService] Set tile at FogOfWar[24,5] = 301
 [VirtualTiledMapService] Set tile at Base[24,6] = 101
 [VirtualTiledMapService] Removed tile at Collision[24,6]
 [VirtualTiledMapService] Set tile at FogOfWar[24,6] = 301
 [VirtualTiledMapService] Set tile at Base[24,7] = 101
 [VirtualTiledMapService] Removed tile at Collision[24,7]
 [VirtualTiledMapService] Set tile at FogOfWar[24,7] = 301
 [VirtualTiledMapService] Set tile at Base[24,8] = 101
 [VirtualTiledMapService] Removed tile at Collision[24,8]
 [VirtualTiledMapService] Set tile at FogOfWar[24,8] = 301
 [VirtualTiledMapService] Set tile at Base[24,9] = 101
 [VirtualTiledMapService] Removed tile at Collision[24,9]
 [VirtualTiledMapService] Set tile at FogOfWar[24,9] = 301
 [VirtualTiledMapService] Set tile at Base[24,10] = 101
 [VirtualTiledMapService] Removed tile at Collision[24,10]
 [VirtualTiledMapService] Set tile at Base[24,11] = 100
 [VirtualTiledMapService] Removed tile at Collision[24,11]
 [VirtualPitWidthManager] Extending inner floor column at x=25
 [VirtualTiledMapService] Set tile at Base[25,1] = 100
 [VirtualTiledMapService] Removed tile at Collision[25,1]
 [VirtualTiledMapService] Set tile at Base[25,2] = 101
 [VirtualTiledMapService] Removed tile at Collision[25,2]
 [VirtualTiledMapService] Set tile at Base[25,3] = 101
 [VirtualTiledMapService] Removed tile at Collision[25,3]
 [VirtualTiledMapService] Set tile at FogOfWar[25,3] = 301
 [VirtualTiledMapService] Set tile at Base[25,4] = 101
 [VirtualTiledMapService] Removed tile at Collision[25,4]
 [VirtualTiledMapService] Set tile at FogOfWar[25,4] = 301
 [VirtualTiledMapService] Set tile at Base[25,5] = 101
 [VirtualTiledMapService] Removed tile at Collision[25,5]
 [VirtualTiledMapService] Set tile at FogOfWar[25,5] = 301
 [VirtualTiledMapService] Set tile at Base[25,6] = 101
 [VirtualTiledMapService] Removed tile at Collision[25,6]
 [VirtualTiledMapService] Set tile at FogOfWar[25,6] = 301
 [VirtualTiledMapService] Set tile at Base[25,7] = 101
 [VirtualTiledMapService] Removed tile at Collision[25,7]
 [VirtualTiledMapService] Set tile at FogOfWar[25,7] = 301
 [VirtualTiledMapService] Set tile at Base[25,8] = 101
 [VirtualTiledMapService] Removed tile at Collision[25,8]
 [VirtualTiledMapService] Set tile at FogOfWar[25,8] = 301
 [VirtualTiledMapService] Set tile at Base[25,9] = 101
 [VirtualTiledMapService] Removed tile at Collision[25,9]
 [VirtualTiledMapService] Set tile at FogOfWar[25,9] = 301
 [VirtualTiledMapService] Set tile at Base[25,10] = 101
 [VirtualTiledMapService] Removed tile at Collision[25,10]
 [VirtualTiledMapService] Set tile at Base[25,11] = 100
 [VirtualTiledMapService] Removed tile at Collision[25,11]
 [VirtualPitWidthManager] Extending inner floor column at x=26
 [VirtualTiledMapService] Set tile at Base[26,1] = 100
 [VirtualTiledMapService] Removed tile at Collision[26,1]
 [VirtualTiledMapService] Set tile at Base[26,2] = 101
 [VirtualTiledMapService] Removed tile at Collision[26,2]
 [VirtualTiledMapService] Set tile at Base[26,3] = 101
 [VirtualTiledMapService] Removed tile at Collision[26,3]
 [VirtualTiledMapService] Set tile at FogOfWar[26,3] = 301
 [VirtualTiledMapService] Set tile at Base[26,4] = 101
 [VirtualTiledMapService] Removed tile at Collision[26,4]
 [VirtualTiledMapService] Set tile at FogOfWar[26,4] = 301
 [VirtualTiledMapService] Set tile at Base[26,5] = 101
 [VirtualTiledMapService] Removed tile at Collision[26,5]
 [VirtualTiledMapService] Set tile at FogOfWar[26,5] = 301
 [VirtualTiledMapService] Set tile at Base[26,6] = 101
 [VirtualTiledMapService] Removed tile at Collision[26,6]
 [VirtualTiledMapService] Set tile at FogOfWar[26,6] = 301
 [VirtualTiledMapService] Set tile at Base[26,7] = 101
 [VirtualTiledMapService] Removed tile at Collision[26,7]
 [VirtualTiledMapService] Set tile at FogOfWar[26,7] = 301
 [VirtualTiledMapService] Set tile at Base[26,8] = 101
 [VirtualTiledMapService] Removed tile at Collision[26,8]
 [VirtualTiledMapService] Set tile at FogOfWar[26,8] = 301
 [VirtualTiledMapService] Set tile at Base[26,9] = 101
 [VirtualTiledMapService] Removed tile at Collision[26,9]
 [VirtualTiledMapService] Set tile at FogOfWar[26,9] = 301
 [VirtualTiledMapService] Set tile at Base[26,10] = 101
 [VirtualTiledMapService] Removed tile at Collision[26,10]
 [VirtualTiledMapService] Set tile at Base[26,11] = 100
 [VirtualTiledMapService] Removed tile at Collision[26,11]
 [VirtualPitWidthManager] Extending inner floor column at x=27
 [VirtualTiledMapService] Set tile at Base[27,1] = 100
 [VirtualTiledMapService] Removed tile at Collision[27,1]
 [VirtualTiledMapService] Set tile at Base[27,2] = 101
 [VirtualTiledMapService] Removed tile at Collision[27,2]
 [VirtualTiledMapService] Set tile at Base[27,3] = 101
 [VirtualTiledMapService] Removed tile at Collision[27,3]
 [VirtualTiledMapService] Set tile at FogOfWar[27,3] = 301
 [VirtualTiledMapService] Set tile at Base[27,4] = 101
 [VirtualTiledMapService] Removed tile at Collision[27,4]
 [VirtualTiledMapService] Set tile at FogOfWar[27,4] = 301
 [VirtualTiledMapService] Set tile at Base[27,5] = 101
 [VirtualTiledMapService] Removed tile at Collision[27,5]
 [VirtualTiledMapService] Set tile at FogOfWar[27,5] = 301
 [VirtualTiledMapService] Set tile at Base[27,6] = 101
 [VirtualTiledMapService] Removed tile at Collision[27,6]
 [VirtualTiledMapService] Set tile at FogOfWar[27,6] = 301
 [VirtualTiledMapService] Set tile at Base[27,7] = 101
 [VirtualTiledMapService] Removed tile at Collision[27,7]
 [VirtualTiledMapService] Set tile at FogOfWar[27,7] = 301
 [VirtualTiledMapService] Set tile at Base[27,8] = 101
 [VirtualTiledMapService] Removed tile at Collision[27,8]
 [VirtualTiledMapService] Set tile at FogOfWar[27,8] = 301
 [VirtualTiledMapService] Set tile at Base[27,9] = 101
 [VirtualTiledMapService] Removed tile at Collision[27,9]
 [VirtualTiledMapService] Set tile at FogOfWar[27,9] = 301
 [VirtualTiledMapService] Set tile at Base[27,10] = 101
 [VirtualTiledMapService] Removed tile at Collision[27,10]
 [VirtualTiledMapService] Set tile at Base[27,11] = 100
 [VirtualTiledMapService] Removed tile at Collision[27,11]
 [VirtualPitWidthManager] Extending inner floor column at x=28
 [VirtualTiledMapService] Set tile at Base[28,1] = 100
 [VirtualTiledMapService] Removed tile at Collision[28,1]
 [VirtualTiledMapService] Set tile at Base[28,2] = 101
 [VirtualTiledMapService] Removed tile at Collision[28,2]
 [VirtualTiledMapService] Set tile at Base[28,3] = 101
 [VirtualTiledMapService] Removed tile at Collision[28,3]
 [VirtualTiledMapService] Set tile at FogOfWar[28,3] = 301
 [VirtualTiledMapService] Set tile at Base[28,4] = 101
 [VirtualTiledMapService] Removed tile at Collision[28,4]
 [VirtualTiledMapService] Set tile at FogOfWar[28,4] = 301
 [VirtualTiledMapService] Set tile at Base[28,5] = 101
 [VirtualTiledMapService] Removed tile at Collision[28,5]
 [VirtualTiledMapService] Set tile at FogOfWar[28,5] = 301
 [VirtualTiledMapService] Set tile at Base[28,6] = 101
 [VirtualTiledMapService] Removed tile at Collision[28,6]
 [VirtualTiledMapService] Set tile at FogOfWar[28,6] = 301
 [VirtualTiledMapService] Set tile at Base[28,7] = 101
 [VirtualTiledMapService] Removed tile at Collision[28,7]
 [VirtualTiledMapService] Set tile at FogOfWar[28,7] = 301
 [VirtualTiledMapService] Set tile at Base[28,8] = 101
 [VirtualTiledMapService] Removed tile at Collision[28,8]
 [VirtualTiledMapService] Set tile at FogOfWar[28,8] = 301
 [VirtualTiledMapService] Set tile at Base[28,9] = 101
 [VirtualTiledMapService] Removed tile at Collision[28,9]
 [VirtualTiledMapService] Set tile at FogOfWar[28,9] = 301
 [VirtualTiledMapService] Set tile at Base[28,10] = 101
 [VirtualTiledMapService] Removed tile at Collision[28,10]
 [VirtualTiledMapService] Set tile at Base[28,11] = 100
 [VirtualTiledMapService] Removed tile at Collision[28,11]
 [VirtualPitWidthManager] Extending inner floor column at x=29
 [VirtualTiledMapService] Set tile at Base[29,1] = 100
 [VirtualTiledMapService] Removed tile at Collision[29,1]
 [VirtualTiledMapService] Set tile at Base[29,2] = 101
 [VirtualTiledMapService] Removed tile at Collision[29,2]
 [VirtualTiledMapService] Set tile at Base[29,3] = 101
 [VirtualTiledMapService] Removed tile at Collision[29,3]
 [VirtualTiledMapService] Set tile at FogOfWar[29,3] = 301
 [VirtualTiledMapService] Set tile at Base[29,4] = 101
 [VirtualTiledMapService] Removed tile at Collision[29,4]
 [VirtualTiledMapService] Set tile at FogOfWar[29,4] = 301
 [VirtualTiledMapService] Set tile at Base[29,5] = 101
 [VirtualTiledMapService] Removed tile at Collision[29,5]
 [VirtualTiledMapService] Set tile at FogOfWar[29,5] = 301
 [VirtualTiledMapService] Set tile at Base[29,6] = 101
 [VirtualTiledMapService] Removed tile at Collision[29,6]
 [VirtualTiledMapService] Set tile at FogOfWar[29,6] = 301
 [VirtualTiledMapService] Set tile at Base[29,7] = 101
 [VirtualTiledMapService] Removed tile at Collision[29,7]
 [VirtualTiledMapService] Set tile at FogOfWar[29,7] = 301
 [VirtualTiledMapService] Set tile at Base[29,8] = 101
 [VirtualTiledMapService] Removed tile at Collision[29,8]
 [VirtualTiledMapService] Set tile at FogOfWar[29,8] = 301
 [VirtualTiledMapService] Set tile at Base[29,9] = 101
 [VirtualTiledMapService] Removed tile at Collision[29,9]
 [VirtualTiledMapService] Set tile at FogOfWar[29,9] = 301
 [VirtualTiledMapService] Set tile at Base[29,10] = 101
 [VirtualTiledMapService] Removed tile at Collision[29,10]
 [VirtualTiledMapService] Set tile at Base[29,11] = 100
 [VirtualTiledMapService] Removed tile at Collision[29,11]
 [VirtualPitWidthManager] Extending inner floor column at x=30
 [VirtualTiledMapService] Set tile at Base[30,1] = 100
 [VirtualTiledMapService] Removed tile at Collision[30,1]
 [VirtualTiledMapService] Set tile at Base[30,2] = 101
 [VirtualTiledMapService] Removed tile at Collision[30,2]
 [VirtualTiledMapService] Set tile at Base[30,3] = 101
 [VirtualTiledMapService] Removed tile at Collision[30,3]
 [VirtualTiledMapService] Set tile at FogOfWar[30,3] = 301
 [VirtualTiledMapService] Set tile at Base[30,4] = 101
 [VirtualTiledMapService] Removed tile at Collision[30,4]
 [VirtualTiledMapService] Set tile at FogOfWar[30,4] = 301
 [VirtualTiledMapService] Set tile at Base[30,5] = 101
 [VirtualTiledMapService] Removed tile at Collision[30,5]
 [VirtualTiledMapService] Set tile at FogOfWar[30,5] = 301
 [VirtualTiledMapService] Set tile at Base[30,6] = 101
 [VirtualTiledMapService] Removed tile at Collision[30,6]
 [VirtualTiledMapService] Set tile at FogOfWar[30,6] = 301
 [VirtualTiledMapService] Set tile at Base[30,7] = 101
 [VirtualTiledMapService] Removed tile at Collision[30,7]
 [VirtualTiledMapService] Set tile at FogOfWar[30,7] = 301
 [VirtualTiledMapService] Set tile at Base[30,8] = 101
 [VirtualTiledMapService] Removed tile at Collision[30,8]
 [VirtualTiledMapService] Set tile at FogOfWar[30,8] = 301
 [VirtualTiledMapService] Set tile at Base[30,9] = 101
 [VirtualTiledMapService] Removed tile at Collision[30,9]
 [VirtualTiledMapService] Set tile at FogOfWar[30,9] = 301
 [VirtualTiledMapService] Set tile at Base[30,10] = 101
 [VirtualTiledMapService] Removed tile at Collision[30,10]
 [VirtualTiledMapService] Set tile at Base[30,11] = 100
 [VirtualTiledMapService] Removed tile at Collision[30,11]
 [VirtualPitWidthManager] Extending inner floor column at x=31
 [VirtualTiledMapService] Set tile at Base[31,1] = 100
 [VirtualTiledMapService] Removed tile at Collision[31,1]
 [VirtualTiledMapService] Set tile at Base[31,2] = 101
 [VirtualTiledMapService] Removed tile at Collision[31,2]
 [VirtualTiledMapService] Set tile at Base[31,3] = 101
 [VirtualTiledMapService] Removed tile at Collision[31,3]
 [VirtualTiledMapService] Set tile at FogOfWar[31,3] = 301
 [VirtualTiledMapService] Set tile at Base[31,4] = 101
 [VirtualTiledMapService] Removed tile at Collision[31,4]
 [VirtualTiledMapService] Set tile at FogOfWar[31,4] = 301
 [VirtualTiledMapService] Set tile at Base[31,5] = 101
 [VirtualTiledMapService] Removed tile at Collision[31,5]
 [VirtualTiledMapService] Set tile at FogOfWar[31,5] = 301
 [VirtualTiledMapService] Set tile at Base[31,6] = 101
 [VirtualTiledMapService] Removed tile at Collision[31,6]
 [VirtualTiledMapService] Set tile at FogOfWar[31,6] = 301
 [VirtualTiledMapService] Set tile at Base[31,7] = 101
 [VirtualTiledMapService] Removed tile at Collision[31,7]
 [VirtualTiledMapService] Set tile at FogOfWar[31,7] = 301
 [VirtualTiledMapService] Set tile at Base[31,8] = 101
 [VirtualTiledMapService] Removed tile at Collision[31,8]
 [VirtualTiledMapService] Set tile at FogOfWar[31,8] = 301
 [VirtualTiledMapService] Set tile at Base[31,9] = 101
 [VirtualTiledMapService] Removed tile at Collision[31,9]
 [VirtualTiledMapService] Set tile at FogOfWar[31,9] = 301
 [VirtualTiledMapService] Set tile at Base[31,10] = 101
 [VirtualTiledMapService] Removed tile at Collision[31,10]
 [VirtualTiledMapService] Set tile at Base[31,11] = 100
 [VirtualTiledMapService] Removed tile at Collision[31,11]
 [VirtualPitWidthManager] Extending inner wall column at x=32
 [VirtualTiledMapService] Set tile at Base[32,1] = 102
 [VirtualTiledMapService] Removed tile at Collision[32,1]
 [VirtualTiledMapService] Set tile at Base[32,2] = 102
 [VirtualTiledMapService] Set tile at Collision[32,2] = 201
 [VirtualTiledMapService] Set tile at Base[32,3] = 102
 [VirtualTiledMapService] Set tile at Collision[32,3] = 201
 [VirtualTiledMapService] Set tile at Base[32,4] = 102
 [VirtualTiledMapService] Set tile at Collision[32,4] = 201
 [VirtualTiledMapService] Set tile at Base[32,5] = 102
 [VirtualTiledMapService] Set tile at Collision[32,5] = 201
 [VirtualTiledMapService] Set tile at Base[32,6] = 102
 [VirtualTiledMapService] Set tile at Collision[32,6] = 201
 [VirtualTiledMapService] Set tile at Base[32,7] = 102
 [VirtualTiledMapService] Set tile at Collision[32,7] = 201
 [VirtualTiledMapService] Set tile at Base[32,8] = 102
 [VirtualTiledMapService] Set tile at Collision[32,8] = 201
 [VirtualTiledMapService] Set tile at Base[32,9] = 102
 [VirtualTiledMapService] Set tile at Collision[32,9] = 201
 [VirtualTiledMapService] Set tile at Base[32,10] = 102
 [VirtualTiledMapService] Set tile at Collision[32,10] = 201
 [VirtualTiledMapService] Set tile at Base[32,11] = 102
 [VirtualTiledMapService] Removed tile at Collision[32,11]
 [VirtualPitWidthManager] Extending outer floor column at x=33
 [VirtualTiledMapService] Set tile at Base[33,1] = 100
 [VirtualTiledMapService] Removed tile at Collision[33,1]
 [VirtualTiledMapService] Set tile at Base[33,2] = 103
 [VirtualTiledMapService] Removed tile at Collision[33,2]
 [VirtualTiledMapService] Set tile at Base[33,3] = 103
 [VirtualTiledMapService] Removed tile at Collision[33,3]
 [VirtualTiledMapService] Set tile at Base[33,4] = 103
 [VirtualTiledMapService] Removed tile at Collision[33,4]
 [VirtualTiledMapService] Set tile at Base[33,5] = 103
 [VirtualTiledMapService] Removed tile at Collision[33,5]
 [VirtualTiledMapService] Set tile at Base[33,6] = 103
 [VirtualTiledMapService] Removed tile at Collision[33,6]
 [VirtualTiledMapService] Set tile at Base[33,7] = 103
 [VirtualTiledMapService] Removed tile at Collision[33,7]
 [VirtualTiledMapService] Set tile at Base[33,8] = 103
 [VirtualTiledMapService] Removed tile at Collision[33,8]
 [VirtualTiledMapService] Set tile at Base[33,9] = 103
 [VirtualTiledMapService] Removed tile at Collision[33,9]
 [VirtualTiledMapService] Set tile at Base[33,10] = 103
 [VirtualTiledMapService] Removed tile at Collision[33,10]
 [VirtualTiledMapService] Set tile at Base[33,11] = 100
 [VirtualTiledMapService] Removed tile at Collision[33,11]
 [VirtualPitWidthManager] Pit extension complete. New right edge: 33
 [VirtualPitWidthManager] Regenerating FogOfWar for entire pit area from x=2 to x=33, y=3 to y=9
 [VirtualTiledMapService] Set tile at FogOfWar[2,3] = 301
 [VirtualTiledMapService] Set tile at FogOfWar[2,4] = 301
 [VirtualTiledMapService] Set tile at FogOfWar[2,5] = 301
 [VirtualTiledMapService] Set tile at FogOfWar[2,6] = 301
 [VirtualTiledMapService] Set tile at FogOfWar[2,7] = 301
 [VirtualTiledMapService] Set tile at FogOfWar[2,8] = 301
 [VirtualTiledMapService] Set tile at FogOfWar[2,9] = 301
 [VirtualTiledMapService] Set tile at FogOfWar[3,3] = 301
 [VirtualTiledMapService] Set tile at FogOfWar[3,4] = 301
 [VirtualTiledMapService] Set tile at FogOfWar[3,5] = 301
 [VirtualTiledMapService] Set tile at FogOfWar[3,6] = 301
 [VirtualTiledMapService] Set tile at FogOfWar[3,7] = 301
 [VirtualTiledMapService] Set tile at FogOfWar[3,8] = 301
 [VirtualTiledMapService] Set tile at FogOfWar[3,9] = 301
 [VirtualTiledMapService] Set tile at FogOfWar[4,3] = 301
 [VirtualTiledMapService] Set tile at FogOfWar[4,4] = 301
 [VirtualTiledMapService] Set tile at FogOfWar[4,5] = 301
 [VirtualTiledMapService] Set tile at FogOfWar[4,6] = 301
 [VirtualTiledMapService] Set tile at FogOfWar[4,7] = 301
 [VirtualTiledMapService] Set tile at FogOfWar[4,8] = 301
 [VirtualTiledMapService] Set tile at FogOfWar[4,9] = 301
 [VirtualTiledMapService] Set tile at FogOfWar[5,3] = 301
 [VirtualTiledMapService] Set tile at FogOfWar[5,4] = 301
 [VirtualTiledMapService] Set tile at FogOfWar[5,5] = 301
 [VirtualTiledMapService] Set tile at FogOfWar[5,6] = 301
 [VirtualTiledMapService] Set tile at FogOfWar[5,7] = 301
 [VirtualTiledMapService] Set tile at FogOfWar[5,8] = 301
 [VirtualTiledMapService] Set tile at FogOfWar[5,9] = 301
 [VirtualTiledMapService] Set tile at FogOfWar[6,3] = 301
 [VirtualTiledMapService] Set tile at FogOfWar[6,4] = 301
 [VirtualTiledMapService] Set tile at FogOfWar[6,5] = 301
 [VirtualTiledMapService] Set tile at FogOfWar[6,6] = 301
 [VirtualTiledMapService] Set tile at FogOfWar[6,7] = 301
 [VirtualTiledMapService] Set tile at FogOfWar[6,8] = 301
 [VirtualTiledMapService] Set tile at FogOfWar[6,9] = 301
 [VirtualTiledMapService] Set tile at FogOfWar[7,3] = 301
 [VirtualTiledMapService] Set tile at FogOfWar[7,4] = 301
 [VirtualTiledMapService] Set tile at FogOfWar[7,5] = 301
 [VirtualTiledMapService] Set tile at FogOfWar[7,6] = 301
 [VirtualTiledMapService] Set tile at FogOfWar[7,7] = 301
 [VirtualTiledMapService] Set tile at FogOfWar[7,8] = 301
 [VirtualTiledMapService] Set tile at FogOfWar[7,9] = 301
 [VirtualTiledMapService] Set tile at FogOfWar[8,3] = 301
 [VirtualTiledMapService] Set tile at FogOfWar[8,4] = 301
 [VirtualTiledMapService] Set tile at FogOfWar[8,5] = 301
 [VirtualTiledMapService] Set tile at FogOfWar[8,6] = 301
 [VirtualTiledMapService] Set tile at FogOfWar[8,7] = 301
 [VirtualTiledMapService] Set tile at FogOfWar[8,8] = 301
 [VirtualTiledMapService] Set tile at FogOfWar[8,9] = 301
 [VirtualTiledMapService] Set tile at FogOfWar[9,3] = 301
 [VirtualTiledMapService] Set tile at FogOfWar[9,4] = 301
 [VirtualTiledMapService] Set tile at FogOfWar[9,5] = 301
 [VirtualTiledMapService] Set tile at FogOfWar[9,6] = 301
 [VirtualTiledMapService] Set tile at FogOfWar[9,7] = 301
 [VirtualTiledMapService] Set tile at FogOfWar[9,8] = 301
 [VirtualTiledMapService] Set tile at FogOfWar[9,9] = 301
 [VirtualTiledMapService] Set tile at FogOfWar[10,3] = 301
 [VirtualTiledMapService] Set tile at FogOfWar[10,4] = 301
 [VirtualTiledMapService] Set tile at FogOfWar[10,5] = 301
 [VirtualTiledMapService] Set tile at FogOfWar[10,6] = 301
 [VirtualTiledMapService] Set tile at FogOfWar[10,7] = 301
 [VirtualTiledMapService] Set tile at FogOfWar[10,8] = 301
 [VirtualTiledMapService] Set tile at FogOfWar[10,9] = 301
 [VirtualTiledMapService] Set tile at FogOfWar[11,3] = 301
 [VirtualTiledMapService] Set tile at FogOfWar[11,4] = 301
 [VirtualTiledMapService] Set tile at FogOfWar[11,5] = 301
 [VirtualTiledMapService] Set tile at FogOfWar[11,6] = 301
 [VirtualTiledMapService] Set tile at FogOfWar[11,7] = 301
 [VirtualTiledMapService] Set tile at FogOfWar[11,8] = 301
 [VirtualTiledMapService] Set tile at FogOfWar[11,9] = 301
 [VirtualTiledMapService] Set tile at FogOfWar[12,3] = 301
 [VirtualTiledMapService] Set tile at FogOfWar[12,4] = 301
 [VirtualTiledMapService] Set tile at FogOfWar[12,5] = 301
 [VirtualTiledMapService] Set tile at FogOfWar[12,6] = 301
 [VirtualTiledMapService] Set tile at FogOfWar[12,7] = 301
 [VirtualTiledMapService] Set tile at FogOfWar[12,8] = 301
 [VirtualTiledMapService] Set tile at FogOfWar[12,9] = 301
 [VirtualTiledMapService] Set tile at FogOfWar[13,3] = 301
 [VirtualTiledMapService] Set tile at FogOfWar[13,4] = 301
 [VirtualTiledMapService] Set tile at FogOfWar[13,5] = 301
 [VirtualTiledMapService] Set tile at FogOfWar[13,6] = 301
 [VirtualTiledMapService] Set tile at FogOfWar[13,7] = 301
 [VirtualTiledMapService] Set tile at FogOfWar[13,8] = 301
 [VirtualTiledMapService] Set tile at FogOfWar[13,9] = 301
 [VirtualTiledMapService] Set tile at FogOfWar[14,3] = 301
 [VirtualTiledMapService] Set tile at FogOfWar[14,4] = 301
 [VirtualTiledMapService] Set tile at FogOfWar[14,5] = 301
 [VirtualTiledMapService] Set tile at FogOfWar[14,6] = 301
 [VirtualTiledMapService] Set tile at FogOfWar[14,7] = 301
 [VirtualTiledMapService] Set tile at FogOfWar[14,8] = 301
 [VirtualTiledMapService] Set tile at FogOfWar[14,9] = 301
 [VirtualTiledMapService] Set tile at FogOfWar[15,3] = 301
 [VirtualTiledMapService] Set tile at FogOfWar[15,4] = 301
 [VirtualTiledMapService] Set tile at FogOfWar[15,5] = 301
 [VirtualTiledMapService] Set tile at FogOfWar[15,6] = 301
 [VirtualTiledMapService] Set tile at FogOfWar[15,7] = 301
 [VirtualTiledMapService] Set tile at FogOfWar[15,8] = 301
 [VirtualTiledMapService] Set tile at FogOfWar[15,9] = 301
 [VirtualTiledMapService] Set tile at FogOfWar[16,3] = 301
 [VirtualTiledMapService] Set tile at FogOfWar[16,4] = 301
 [VirtualTiledMapService] Set tile at FogOfWar[16,5] = 301
 [VirtualTiledMapService] Set tile at FogOfWar[16,6] = 301
 [VirtualTiledMapService] Set tile at FogOfWar[16,7] = 301
 [VirtualTiledMapService] Set tile at FogOfWar[16,8] = 301
 [VirtualTiledMapService] Set tile at FogOfWar[16,9] = 301
 [VirtualTiledMapService] Set tile at FogOfWar[17,3] = 301
 [VirtualTiledMapService] Set tile at FogOfWar[17,4] = 301
 [VirtualTiledMapService] Set tile at FogOfWar[17,5] = 301
 [VirtualTiledMapService] Set tile at FogOfWar[17,6] = 301
 [VirtualTiledMapService] Set tile at FogOfWar[17,7] = 301
 [VirtualTiledMapService] Set tile at FogOfWar[17,8] = 301
 [VirtualTiledMapService] Set tile at FogOfWar[17,9] = 301
 [VirtualTiledMapService] Set tile at FogOfWar[18,3] = 301
 [VirtualTiledMapService] Set tile at FogOfWar[18,4] = 301
 [VirtualTiledMapService] Set tile at FogOfWar[18,5] = 301
 [VirtualTiledMapService] Set tile at FogOfWar[18,6] = 301
 [VirtualTiledMapService] Set tile at FogOfWar[18,7] = 301
 [VirtualTiledMapService] Set tile at FogOfWar[18,8] = 301
 [VirtualTiledMapService] Set tile at FogOfWar[18,9] = 301
 [VirtualTiledMapService] Set tile at FogOfWar[19,3] = 301
 [VirtualTiledMapService] Set tile at FogOfWar[19,4] = 301
 [VirtualTiledMapService] Set tile at FogOfWar[19,5] = 301
 [VirtualTiledMapService] Set tile at FogOfWar[19,6] = 301
 [VirtualTiledMapService] Set tile at FogOfWar[19,7] = 301
 [VirtualTiledMapService] Set tile at FogOfWar[19,8] = 301
 [VirtualTiledMapService] Set tile at FogOfWar[19,9] = 301
 [VirtualTiledMapService] Set tile at FogOfWar[20,3] = 301
 [VirtualTiledMapService] Set tile at FogOfWar[20,4] = 301
 [VirtualTiledMapService] Set tile at FogOfWar[20,5] = 301
 [VirtualTiledMapService] Set tile at FogOfWar[20,6] = 301
 [VirtualTiledMapService] Set tile at FogOfWar[20,7] = 301
 [VirtualTiledMapService] Set tile at FogOfWar[20,8] = 301
 [VirtualTiledMapService] Set tile at FogOfWar[20,9] = 301
 [VirtualTiledMapService] Set tile at FogOfWar[21,3] = 301
 [VirtualTiledMapService] Set tile at FogOfWar[21,4] = 301
 [VirtualTiledMapService] Set tile at FogOfWar[21,5] = 301
 [VirtualTiledMapService] Set tile at FogOfWar[21,6] = 301
 [VirtualTiledMapService] Set tile at FogOfWar[21,7] = 301
 [VirtualTiledMapService] Set tile at FogOfWar[21,8] = 301
 [VirtualTiledMapService] Set tile at FogOfWar[21,9] = 301
 [VirtualTiledMapService] Set tile at FogOfWar[22,3] = 301
 [VirtualTiledMapService] Set tile at FogOfWar[22,4] = 301
 [VirtualTiledMapService] Set tile at FogOfWar[22,5] = 301
 [VirtualTiledMapService] Set tile at FogOfWar[22,6] = 301
 [VirtualTiledMapService] Set tile at FogOfWar[22,7] = 301
 [VirtualTiledMapService] Set tile at FogOfWar[22,8] = 301
 [VirtualTiledMapService] Set tile at FogOfWar[22,9] = 301
 [VirtualTiledMapService] Set tile at FogOfWar[23,3] = 301
 [VirtualTiledMapService] Set tile at FogOfWar[23,4] = 301
 [VirtualTiledMapService] Set tile at FogOfWar[23,5] = 301
 [VirtualTiledMapService] Set tile at FogOfWar[23,6] = 301
 [VirtualTiledMapService] Set tile at FogOfWar[23,7] = 301
 [VirtualTiledMapService] Set tile at FogOfWar[23,8] = 301
 [VirtualTiledMapService] Set tile at FogOfWar[23,9] = 301
 [VirtualTiledMapService] Set tile at FogOfWar[24,3] = 301
 [VirtualTiledMapService] Set tile at FogOfWar[24,4] = 301
 [VirtualTiledMapService] Set tile at FogOfWar[24,5] = 301
 [VirtualTiledMapService] Set tile at FogOfWar[24,6] = 301
 [VirtualTiledMapService] Set tile at FogOfWar[24,7] = 301
 [VirtualTiledMapService] Set tile at FogOfWar[24,8] = 301
 [VirtualTiledMapService] Set tile at FogOfWar[24,9] = 301
 [VirtualTiledMapService] Set tile at FogOfWar[25,3] = 301
 [VirtualTiledMapService] Set tile at FogOfWar[25,4] = 301
 [VirtualTiledMapService] Set tile at FogOfWar[25,5] = 301
 [VirtualTiledMapService] Set tile at FogOfWar[25,6] = 301
 [VirtualTiledMapService] Set tile at FogOfWar[25,7] = 301
 [VirtualTiledMapService] Set tile at FogOfWar[25,8] = 301
 [VirtualTiledMapService] Set tile at FogOfWar[25,9] = 301
 [VirtualTiledMapService] Set tile at FogOfWar[26,3] = 301
 [VirtualTiledMapService] Set tile at FogOfWar[26,4] = 301
 [VirtualTiledMapService] Set tile at FogOfWar[26,5] = 301
 [VirtualTiledMapService] Set tile at FogOfWar[26,6] = 301
 [VirtualTiledMapService] Set tile at FogOfWar[26,7] = 301
 [VirtualTiledMapService] Set tile at FogOfWar[26,8] = 301
 [VirtualTiledMapService] Set tile at FogOfWar[26,9] = 301
 [VirtualTiledMapService] Set tile at FogOfWar[27,3] = 301
 [VirtualTiledMapService] Set tile at FogOfWar[27,4] = 301
 [VirtualTiledMapService] Set tile at FogOfWar[27,5] = 301
 [VirtualTiledMapService] Set tile at FogOfWar[27,6] = 301
 [VirtualTiledMapService] Set tile at FogOfWar[27,7] = 301
 [VirtualTiledMapService] Set tile at FogOfWar[27,8] = 301
 [VirtualTiledMapService] Set tile at FogOfWar[27,9] = 301
 [VirtualTiledMapService] Set tile at FogOfWar[28,3] = 301
 [VirtualTiledMapService] Set tile at FogOfWar[28,4] = 301
 [VirtualTiledMapService] Set tile at FogOfWar[28,5] = 301
 [VirtualTiledMapService] Set tile at FogOfWar[28,6] = 301
 [VirtualTiledMapService] Set tile at FogOfWar[28,7] = 301
 [VirtualTiledMapService] Set tile at FogOfWar[28,8] = 301
 [VirtualTiledMapService] Set tile at FogOfWar[28,9] = 301
 [VirtualTiledMapService] Set tile at FogOfWar[29,3] = 301
 [VirtualTiledMapService] Set tile at FogOfWar[29,4] = 301
 [VirtualTiledMapService] Set tile at FogOfWar[29,5] = 301
 [VirtualTiledMapService] Set tile at FogOfWar[29,6] = 301
 [VirtualTiledMapService] Set tile at FogOfWar[29,7] = 301
 [VirtualTiledMapService] Set tile at FogOfWar[29,8] = 301
 [VirtualTiledMapService] Set tile at FogOfWar[29,9] = 301
 [VirtualTiledMapService] Set tile at FogOfWar[30,3] = 301
 [VirtualTiledMapService] Set tile at FogOfWar[30,4] = 301
 [VirtualTiledMapService] Set tile at FogOfWar[30,5] = 301
 [VirtualTiledMapService] Set tile at FogOfWar[30,6] = 301
 [VirtualTiledMapService] Set tile at FogOfWar[30,7] = 301
 [VirtualTiledMapService] Set tile at FogOfWar[30,8] = 301
 [VirtualTiledMapService] Set tile at FogOfWar[30,9] = 301
 [VirtualTiledMapService] Set tile at FogOfWar[31,3] = 301
 [VirtualTiledMapService] Set tile at FogOfWar[31,4] = 301
 [VirtualTiledMapService] Set tile at FogOfWar[31,5] = 301
 [VirtualTiledMapService] Set tile at FogOfWar[31,6] = 301
 [VirtualTiledMapService] Set tile at FogOfWar[31,7] = 301
 [VirtualTiledMapService] Set tile at FogOfWar[31,8] = 301
 [VirtualTiledMapService] Set tile at FogOfWar[31,9] = 301
 [VirtualPitWidthManager] FogOfWar regeneration complete
 Level 1000: 33 tiles wide (should equal level 100)
 
 SUCCESS: Virtual Layer pit expansion is correctly capped at level 100!
 


  Passed StackingIntegration_HeroPicksUpMultiplePotions_CreatesStacks [< 1 ms]
  Passed StackingIntegration_MaxedStack_CreatesNewStack [< 1 ms]
  Passed StackingIntegration_MixedItems_StacksSeparately [< 1 ms]
  Passed StackingIntegration_TreasureDrops_AutomaticallyStack [< 1 ms]
  Passed StackingIntegration_ConsumeFromStack_WorksCorrectly [< 1 ms]
  Passed ItemBag_DefaultConstruction_HasStandardBagProperties [< 1 ms]
  Passed ItemBag_CustomConstruction_HasSpecifiedProperties [< 1 ms]
  Passed ItemBag_TryAdd_WorksUntilCapacityReached [< 1 ms]
  Passed ItemBag_Remove_WorksCorrectly [< 1 ms]
  Passed ItemBag_RemoveAt_WorksCorrectly [< 1 ms]
  Passed Gear_SupportsHPAndMPBonuses [< 1 ms]
  Passed Hero_CalculatesEquipmentHPMPBonuses [< 1 ms]
  Passed Hero_SupportsShieldEquipment [< 1 ms]
  Passed Hero_ShieldContributesToDefense [< 1 ms]
  Passed Gear_ImplementsIGearInterface [< 1 ms]
  Passed HeroCrystal_Starts_With_Zero_JP [< 1 ms]
  Passed EarnJP_Increases_Total_And_Current_JP [< 1 ms]
  Passed EarnJP_Multiple_Times_Accumulates [< 1 ms]
  Passed EarnJP_Negative_Amount_Is_Ignored [< 1 ms]
  Passed TryPurchaseSkill_Success_Reduces_Current_JP [< 1 ms]
  Passed TryPurchaseSkill_Fails_If_Insufficient_JP [< 1 ms]
  Passed TryPurchaseSkill_Fails_If_Already_Learned [< 1 ms]
  Passed JobLevel_Starts_At_0 [< 1 ms]
  Passed JobLevel_Increases_With_Purchased_Skills [< 1 ms]
  Passed IsJobMastered_False_Initially [< 1 ms]
  Passed IsJobMastered_True_When_All_Skills_Learned [< 1 ms]
  Passed Knight_Skills_Have_Correct_JP_Costs [< 1 ms]
  Passed Mage_Skills_Have_Correct_JP_Costs [< 1 ms]
  Passed Priest_Skills_Have_Correct_JP_Costs [< 1 ms]
  Passed Monk_Skills_Have_Correct_JP_Costs [< 1 ms]
  Passed Thief_Skills_Have_Correct_JP_Costs [< 1 ms]
  Passed Archer_Skills_Have_Correct_JP_Costs [< 1 ms]
  Passed Combine_Crystals_Adds_JP [< 1 ms]
  Passed AddExperience_GainsXP_ExperienceIncreases [1 ms]
  Passed AddExperience_EnoughXP_LevelsUp [< 1 ms]
  Passed AddExperience_NotEnoughXP_DoesNotLevelUp [< 1 ms]
  Passed AddExperience_StatsGrowOnLevelUp [< 1 ms]
  Passed AddExperience_MultipleLevelUps [< 1 ms]
  Passed AddExperience_PartialXPCarriesOver [< 1 ms]
  Passed AddExperience_MaxLevelCap [< 1 ms]
  Passed AddExperience_ZeroOrNegative_ReturnsFalse [< 1 ms]
  Passed RequiredExpForNextLevel_MatchesHeroFormula [< 1 ms]
  Passed AddExperience_HPMPRecalculated [< 1 ms]
  Passed AddExperience_StatsCappedAt99 [< 1 ms]
  Passed NewMercenary_ExperienceStartsAtZero [< 1 ms]
  Passed CalculateMercenaryHireCost_Level1_Returns50 [< 1 ms]
  Passed CalculateMercenaryHireCost_Level9_Returns450 [< 1 ms]
  Passed CalculateMercenaryHireCost_Level10_Returns750 [< 1 ms]
  Passed CalculateMercenaryHireCost_Level19_Returns1425 [< 1 ms]
  Passed CalculateMercenaryHireCost_Level20_Returns2000 [< 1 ms]
  Passed CalculateMercenaryHireCost_Level30_Returns3750 [< 1 ms]
  Passed CalculateMercenaryHireCost_Level99_Returns27225 [< 1 ms]
  Passed CalculateMercenaryHireCost_BelowLevel1_ClampsTo1 [< 1 ms]
  Passed CalculateMercenaryHireCost_AboveMaxLevel_ClampsTo99 [< 1 ms]
  Passed CalculateMercenaryHireCost_CostIncreasesWithLevel [< 1 ms]
  Passed CalculateMercenaryHireCost_MultiplierIncreasesEvery10Levels [< 1 ms]
  Passed DetermineMercenaryLevel_HeroLevel1_AlwaysReturnsAtLeast1 [< 1 ms]
  Passed DetermineMercenaryLevel_HeroLevel50_ReturnsWithinRange [< 1 ms]
  Passed DetermineMercenaryLevel_HeroLevel0_ClampsToAtLeast1 [< 1 ms]
  Passed DetermineMercenaryLevel_NegativeHeroLevel_ClampsToAtLeast1 [< 1 ms]
  Passed DetermineMercenaryLevel_ProducesVariedLevels [< 1 ms]
  Passed LearnAllJobSkills_Knight_LearnsAllFourSkills [1 ms]
  Passed LearnAllJobSkills_Thief_LearnsAllFourSkills [< 1 ms]
  Passed LearnAllJobSkills_Mage_LearnsAllFourSkills [< 1 ms]
  Passed LearnAllJobSkills_Priest_LearnsAllFourSkills [< 1 ms]
  Passed LearnAllJobSkills_Monk_LearnsAllFourSkills [< 1 ms]
  Passed LearnAllJobSkills_Archer_LearnsAllFourSkills [< 1 ms]
  Passed LearnAllJobSkills_CalledTwice_DoesNotDuplicate [< 1 ms]
  Passed LearnAllJobSkills_Knight_HasActiveAttackSkills [< 1 ms]
  Passed LearnAllJobSkills_Mage_HasActiveAttackSkills [< 1 ms]
  Passed LearnAllJobSkills_Knight_AppliesPassiveDefenseBonus [< 1 ms]
  Passed LearnAllJobSkills_Mage_AppliesFireDamageBonus [< 1 ms]
  Passed LearnAllJobSkills_Mage_AppliesMPCostReduction [< 1 ms]
  Passed LearnAllJobSkills_Priest_AppliesMPTickRegen [< 1 ms]
  Passed LearnAllJobSkills_Priest_AppliesHealPowerBonus [< 1 ms]
  Passed LearnAllJobSkills_Monk_AppliesEnableCounter [< 1 ms]
  Passed LearnAllJobSkills_Monk_AppliesDeflectChance [< 1 ms]
  Passed LearnAllJobSkills_NoSkills_PassivesAreZero [< 1 ms]
  Passed PriestMercenary_HasHealingSkillUsableOutsideOfBattle [< 1 ms]
  Passed PriestMercenary_CanSpendMPForHealingSkill [< 1 ms]
  Passed PriestMercenary_CanHealOtherMercenary [1 ms]
  Passed PriestMercenary_CanHealHero [< 1 ms]
  Passed NonPriestMercenary_HasNoHealingSkill [< 1 ms]
  Passed PriestMercenary_CannotHealWithoutEnoughMP [< 1 ms]
  Passed JumpIntoPitAction_Constructor_ShouldSetCorrectPreconditionsAndPostconditions [< 1 ms]
  Passed GoapConstants_JumpIntoPitAction_ShouldExist [< 1 ms]
  Passed GoapConstants_SimplifiedModel_ShouldOnlyContainCoreConstants [< 1 ms]
  Passed GameConfig_PitConfiguration_ShouldHaveCorrectTargetTile [< 1 ms]
  Passed GameConfig_HeroSpawning_ShouldAllowCorrectMinimumDistance [< 1 ms]
  Passed AllNewMonsters_CanBeCreated [< 1 ms]
  Passed AllMonsters_HaveCorrectLevels [< 1 ms]
  Passed AllMonsters_HaveCorrectStats [1 ms]
  Passed EnemyLevelConfig_ContainsAllMonsters [< 1 ms]
  Passed SwordShieldPattern_IsDetected_WhenItemsAreAdjacent [3 ms]
  Passed SwordShieldPattern_IsNotDetected_WhenItemsAreNotAdjacent [< 1 ms]
  Passed SwordShieldPattern_IsNotDetected_WhenWrongItemTypes [< 1 ms]
  Passed SwordShieldSynergy_AppliesDefenseBonus_WhenActive [1 ms]
  Passed SynergyDiscovery_MarksPatternAsDiscovered_InCrystal [< 1 ms]
  Passed StencilDiscovery_IsTriggered_WhenPatternMatched [2 ms]
  Passed PaperdollSystem_AllLayersCreated_ShouldHaveCorrectCount [1 ms]
  Passed PaperdollSystem_DefaultAnimations_ShouldBeCorrect [1 ms]
  Passed PaperdollSystem_JumpComponent_ShouldWorkWithAllLayers [< 1 ms]
  Standard Output Messages:
 
 
 Debug Trace:
 Warn: [HeroJumpComponent] StartJump called but graphics components not available (this is normal in tests)
 Warn: [HeroAnimationComponent] Animation MaleHeroBackArmWalkUp not found - animations may not be loaded
 Warn: [HeroAnimationComponent] Animation MaleHeroBodyWalkUp not found - animations may not be loaded
 Warn: [HeroAnimationComponent] Animation MaleHeroPantsWalkUp not found - animations may not be loaded
 Warn: [HeroAnimationComponent] Animation MaleHeroShirtWalkUp not found - animations may not be loaded
 Warn: [HeroAnimationComponent] Animation MaleHeroHeadWalkUp not found - animations may not be loaded
 Warn: [HeroAnimationComponent] Animation MaleHeroEyesWalkUp not found - animations may not be loaded
 Warn: [HeroAnimationComponent] Animation MaleHeroHairWalkUp not found - animations may not be loaded
 Warn: [HeroAnimationComponent] Animation MaleHeroArmWalkUp not found - animations may not be loaded
 Log: [HeroJumpComponent] Ended jump animation


  Passed PaperdollSystem_AnimationDirections_ShouldWorkForAllLayers [4 ms]
  Standard Output Messages:
 
 
 Debug Trace:
 Warn: [HeroAnimationComponent] Animation MaleHeroBackArmWalkUp not found - animations may not be loaded
 Warn: [HeroAnimationComponent] Animation MaleHeroBodyWalkUp not found - animations may not be loaded
 Warn: [HeroAnimationComponent] Animation MaleHeroPantsWalkUp not found - animations may not be loaded
 Warn: [HeroAnimationComponent] Animation MaleHeroShirtWalkUp not found - animations may not be loaded
 Warn: [HeroAnimationComponent] Animation MaleHeroHeadWalkUp not found - animations may not be loaded
 Warn: [HeroAnimationComponent] Animation MaleHeroEyesWalkUp not found - animations may not be loaded
 Warn: [HeroAnimationComponent] Animation MaleHeroHairWalkUp not found - animations may not be loaded
 Warn: [HeroAnimationComponent] Animation MaleHeroArmWalkUp not found - animations may not be loaded
 Warn: [HeroAnimationComponent] Animation MaleHeroBackArmWalkDown not found - animations may not be loaded
 Warn: [HeroAnimationComponent] Animation MaleHeroBodyWalkDown not found - animations may not be loaded
 Warn: [HeroAnimationComponent] Animation MaleHeroPantsWalkDown not found - animations may not be loaded
 Warn: [HeroAnimationComponent] Animation MaleHeroShirtWalkDown not found - animations may not be loaded
 Warn: [HeroAnimationComponent] Animation MaleHeroHeadWalkDown not found - animations may not be loaded
 Warn: [HeroAnimationComponent] Animation MaleHeroEyesWalkDown not found - animations may not be loaded
 Warn: [HeroAnimationComponent] Animation MaleHeroHairWalkDown not found - animations may not be loaded
 Warn: [HeroAnimationComponent] Animation MaleHeroArmWalkDown not found - animations may not be loaded
 Warn: [HeroAnimationComponent] Animation MaleHeroBackArmWalkRight not found - animations may not be loaded
 Warn: [HeroAnimationComponent] Animation MaleHeroBodyWalkRight not found - animations may not be loaded
 Warn: [HeroAnimationComponent] Animation MaleHeroPantsWalkRight not found - animations may not be loaded
 Warn: [HeroAnimationComponent] Animation MaleHeroShirtWalkRight not found - animations may not be loaded
 Warn: [HeroAnimationComponent] Animation MaleHeroHeadWalkRight not found - animations may not be loaded
 Warn: [HeroAnimationComponent] Animation MaleHeroEyesWalkRight not found - animations may not be loaded
 Warn: [HeroAnimationComponent] Animation MaleHeroHairWalkRight not found - animations may not be loaded
 Warn: [HeroAnimationComponent] Animation MaleHeroArmWalkRight not found - animations may not be loaded
 Warn: [HeroAnimationComponent] Animation MaleHeroBackArmWalkRight not found - animations may not be loaded
 Warn: [HeroAnimationComponent] Animation MaleHeroBodyWalkRight not found - animations may not be loaded
 Warn: [HeroAnimationComponent] Animation MaleHeroPantsWalkRight not found - animations may not be loaded
 Warn: [HeroAnimationComponent] Animation MaleHeroShirtWalkRight not found - animations may not be loaded
 Warn: [HeroAnimationComponent] Animation MaleHeroHeadWalkRight not found - animations may not be loaded
 Warn: [HeroAnimationComponent] Animation MaleHeroEyesWalkRight not found - animations may not be loaded
 Warn: [HeroAnimationComponent] Animation MaleHeroHairWalkRight not found - animations may not be loaded
 Warn: [HeroAnimationComponent] Animation MaleHeroArmWalkRight not found - animations may not be loaded
 Warn: [HeroAnimationComponent] Animation MaleHeroBackArmWalkRight not found - animations may not be loaded
 Warn: [HeroAnimationComponent] Animation MaleHeroBodyWalkRight not found - animations may not be loaded
 Warn: [HeroAnimationComponent] Animation MaleHeroPantsWalkRight not found - animations may not be loaded
 Warn: [HeroAnimationComponent] Animation MaleHeroShirtWalkRight not found - animations may not be loaded
 Warn: [HeroAnimationComponent] Animation MaleHeroHeadWalkRight not found - animations may not be loaded
 Warn: [HeroAnimationComponent] Animation MaleHeroEyesWalkRight not found - animations may not be loaded
 Warn: [HeroAnimationComponent] Animation MaleHeroHairWalkRight not found - animations may not be loaded
 Warn: [HeroAnimationComponent] Animation MaleHeroArmWalkRight not found - animations may not be loaded
 Warn: [HeroAnimationComponent] Animation MaleHeroBackArmWalkRight not found - animations may not be loaded
 Warn: [HeroAnimationComponent] Animation MaleHeroBodyWalkRight not found - animations may not be loaded
 Warn: [HeroAnimationComponent] Animation MaleHeroPantsWalkRight not found - animations may not be loaded
 Warn: [HeroAnimationComponent] Animation MaleHeroShirtWalkRight not found - animations may not be loaded
 Warn: [HeroAnimationComponent] Animation MaleHeroHeadWalkRight not found - animations may not be loaded
 Warn: [HeroAnimationComponent] Animation MaleHeroEyesWalkRight not found - animations may not be loaded
 Warn: [HeroAnimationComponent] Animation MaleHeroHairWalkRight not found - animations may not be loaded
 Warn: [HeroAnimationComponent] Animation MaleHeroArmWalkRight not found - animations may not be loaded
 Warn: [HeroAnimationComponent] Animation MaleHeroBackArmWalkRight not found - animations may not be loaded
 Warn: [HeroAnimationComponent] Animation MaleHeroBodyWalkRight not found - animations may not be loaded
 Warn: [HeroAnimationComponent] Animation MaleHeroPantsWalkRight not found - animations may not be loaded
 Warn: [HeroAnimationComponent] Animation MaleHeroShirtWalkRight not found - animations may not be loaded
 Warn: [HeroAnimationComponent] Animation MaleHeroHeadWalkRight not found - animations may not be loaded
 Warn: [HeroAnimationComponent] Animation MaleHeroEyesWalkRight not found - animations may not be loaded
 Warn: [HeroAnimationComponent] Animation MaleHeroHairWalkRight not found - animations may not be loaded
 Warn: [HeroAnimationComponent] Animation MaleHeroArmWalkRight not found - animations may not be loaded
 Warn: [HeroAnimationComponent] Animation MaleHeroBackArmWalkRight not found - animations may not be loaded
 Warn: [HeroAnimationComponent] Animation MaleHeroBodyWalkRight not found - animations may not be loaded
 Warn: [HeroAnimationComponent] Animation MaleHeroPantsWalkRight not found - animations may not be loaded
 Warn: [HeroAnimationComponent] Animation MaleHeroShirtWalkRight not found - animations may not be loaded
 Warn: [HeroAnimationComponent] Animation MaleHeroHeadWalkRight not found - animations may not be loaded
 Warn: [HeroAnimationComponent] Animation MaleHeroEyesWalkRight not found - animations may not be loaded
 Warn: [HeroAnimationComponent] Animation MaleHeroHairWalkRight not found - animations may not be loaded
 Warn: [HeroAnimationComponent] Animation MaleHeroArmWalkRight not found - animations may not be loaded


  Passed PausableComponent_UpdatesWhenNotPaused [< 1 ms]
  Passed PausableComponent_DoesNotUpdateWhenPaused [1 ms]
  Standard Output Messages:
 
 
 Debug Trace:
 Log: [PauseService] Game pause state changed to: True


  Passed IPausableComponent_HasCorrectInterface [< 1 ms]
  Passed PauseService_InitiallyNotPaused [< 1 ms]
  Passed PauseService_PauseSetsTruе [< 1 ms]
  Standard Output Messages:
 
 
 Debug Trace:
 Log: [PauseService] Game pause state changed to: True


  Passed PauseService_UnpauseSetsFalse [< 1 ms]
  Standard Output Messages:
 
 
 Debug Trace:
 Log: [PauseService] Game pause state changed to: True
 Log: [PauseService] Game pause state changed to: False


  Passed PauseService_ToggleChangesPauseState [< 1 ms]
  Standard Output Messages:
 
 
 Debug Trace:
 Log: [PauseService] Game pause state changed to: True


  Passed PauseService_IsPausedPropertySetsState [< 1 ms]
  Standard Output Messages:
 
 
 Debug Trace:
 Log: [PauseService] Game pause state changed to: True
 Log: [PauseService] Game pause state changed to: False


  Passed VirtualGame_Level10PitExpansion_ShouldHaveFullConnectivity [1 ms]
  Standard Output Messages:
 [VirtualWorld] Generated 5 obstacles and 1 wizard orb in pit
 [VirtualWorld] Regenerated pit at level 10, bounds: (1,2,14,9)
 [VirtualWorld] Generated 5 obstacles and 1 wizard orb in pit
 [VirtualWorld] Regenerated pit at level 10, bounds: (1,2,14,9)
 Level 10 pit bounds: (1,2,14,9)
 Testing path from left column (2,3) to right column (13,3)
 Path found with 11 steps - connectivity verified!
 ✓ Path from (2,4) to (4,4): 2 steps
 ✓ Path from (3,5) to (12,5): 11 steps
 ✓ Path from (2,6) to (13,6): 13 steps
 All connectivity tests passed - pit expansion maintains full reachability!


  Passed VirtualGame_NormalPitVsExpandedPit_ConnectivityComparison [1 ms]
  Standard Output Messages:
 [VirtualWorld] Generated 5 obstacles and 1 wizard orb in pit
 [VirtualWorld] Regenerated pit at level 10, bounds: (1,2,14,9)
 [VirtualWorld] Generated 5 obstacles and 1 wizard orb in pit
 [VirtualWorld] Regenerated pit at level 5, bounds: (1,2,12,9)
 Normal pit (level 5): 10 explorable columns
 [VirtualWorld] Generated 5 obstacles and 1 wizard orb in pit
 [VirtualWorld] Regenerated pit at level 10, bounds: (1,2,14,9)
 Expanded pit (level 10): 12 explorable columns
 ✓ Column 3 reachable from column 2
 ✓ Column 4 reachable from column 2
 ✓ Column 5 reachable from column 2
 ✓ Column 6 reachable from column 2
 ✓ Column 7 reachable from column 2
 ✓ Column 8 reachable from column 2
 ✓ Column 9 reachable from column 2
 ✓ Column 10 reachable from column 2
 ✓ Column 11 reachable from column 2
 ✓ Column 12 reachable from column 2
 ✓ Column 13 reachable from column 2
 SUCCESS: All 12 columns in expanded pit are reachable!


  Passed VirtualGame_PitExpansionLevels1Through9To10_ShouldExploreFullyWithoutGettingStuck [30 ms]
  Passed CaveEnemies_Pit1To4_OnlyTier1 [2 ms]
  Standard Output Messages:
 
 
 Debug Trace:
 Warn: [PitGenerator] Failed to load Actors.atlas: Object reference not set to an instance of an object.


  Passed CaveEnemies_Pit6To9_Tier1AndTier2 [< 1 ms]
  Standard Output Messages:
 
 
 Debug Trace:
 Warn: [PitGenerator] Failed to load Actors.atlas: Object reference not set to an instance of an object.


  Passed CaveEnemies_Pit11Plus_IncludesTier3 [1 ms]
  Standard Output Messages:
 
 
 Debug Trace:
 Warn: [PitGenerator] Failed to load Actors.atlas: Object reference not set to an instance of an object.


  Passed CaveEnemies_BossFloors_SpawnConfiguredBossWithExpectedLevel [< 1 ms]
  Standard Output Messages:
 
 
 Debug Trace:
 Warn: [PitGenerator] Failed to load Actors.atlas: Object reference not set to an instance of an object.


  Passed CaveEnemies_NonBossFloors_NoPitLord [1 ms]
  Standard Output Messages:
 
 
 Debug Trace:
 Warn: [PitGenerator] Failed to load Actors.atlas: Object reference not set to an instance of an object.


  Passed CaveEnemies_LevelScaling_FollowsBalanceConfig [< 1 ms]
  Standard Output Messages:
 
 
 Debug Trace:
 Warn: [PitGenerator] Failed to load Actors.atlas: Object reference not set to an instance of an object.


  Passed PitGenerator_Constants_ShouldBeValidValues [< 1 ms]
  Passed GameConfig_EntityTagConstants_ShouldHaveCorrectValues [< 1 ms]
  Passed GoapConstants_PitInitialized_ShouldExistWithCorrectValue [< 1 ms]
  Passed GameConfig_PitBounds_ShouldHaveCorrectConfiguration [< 1 ms]
  Passed PitGenerator_ValidPlacementArea_ShouldCalculateCorrectly [< 1 ms]
  Passed PitGenerator_EntityCountRequirements_ShouldBeCorrect [< 1 ms]
  Passed PitGenerator_LevelBasedFormulas_ShouldCalculateCorrectAmounts [< 1 ms]
  Passed PitGenerator_FormulaConstraints_ShouldRespectMinMaxLimits [< 1 ms]
  Passed PitMerchantVault_AddItem_ShouldIncreaseCount [< 1 ms]
  Passed PitMerchantVault_AddMultipleItems_ShouldStoreAll [< 1 ms]
  Passed PitMerchantVault_AddItems_Collection_ShouldStoreAll [< 1 ms]
  Passed PitMerchantVault_RemoveItem_ShouldDecreaseCount [< 1 ms]
  Passed PitMerchantVault_RemoveNonExistentItem_ShouldReturnFalse [< 1 ms]
  Passed PitMerchantVault_Clear_ShouldRemoveAllItems [< 1 ms]
  Passed PitMerchantVault_AddNullItem_ShouldNotIncreaseCount [< 1 ms]
  Passed PitMerchantVault_AddItems_WithNulls_ShouldOnlyAddNonNull [< 1 ms]
  Passed PitMerchantVault_AddItems_NullCollection_ShouldNotThrow [< 1 ms]
  Passed PitMerchantVault_Items_ShouldBeReadOnly [< 1 ms]
  Passed PitGenerator_RegenerateForLevel_ShouldUseCorrectFormulas [< 1 ms]
  Passed PitWidthManager_SetPitLevel_ShouldTriggerRegeneration [< 1 ms]
  Passed PitWidthManager_InnerFloorCollisionPattern_ShouldHaveNoCollisionInExplorableArea [< 1 ms]
  Passed PitWidthManager_ExtensionFormula_MatchesVirtualLayerFix [< 1 ms]
  Passed PitWidthManager_Constructor_ShouldInitializeCorrectly [< 1 ms]
  Passed PitWidthManager_GetCurrentPitCandidateTargets_ShouldReturnFallbackWhenNotInitialized [< 1 ms]
  Standard Output Messages:
 
 
 Debug Trace:
 Warn: [PitWidthManager] Manager not initialized, returning default targets


  Passed PitWidthManager_CalculateExtensionTiles_Level1ShouldExtendZero [< 1 ms]
  Passed PitWidthManager_CalculateExtensionTiles_Level10ShouldExtendTwo [< 1 ms]
  Passed PitWidthManager_CalculateExtensionTiles_Level20ShouldExtendFour [< 1 ms]
  Passed PitWidthManager_CalculateExtensionTiles_Level35ShouldExtendSix [< 1 ms]
  Passed PitWidthManager_ExtensionFormula_ShouldBeCorrect [< 1 ms]
  Passed GameConfig_PitRectConfiguration_ShouldSupportDynamicExpansion [< 1 ms]
  Passed PitWidthManager_CalculateCurrentPitWorldBounds_ShouldReturnFallbackWhenNotInitialized [< 1 ms]
  Standard Output Messages:
 
 
 Debug Trace:
 Warn: [PitWidthManager] Manager not initialized, returning default pit bounds


  Passed PitWidthManager_DynamicPitBounds_ShouldExpandCorrectly [< 1 ms]
  Passed PitWidthManager_ExpansionLimit_ShouldCapAtLevel100 [< 1 ms]
  Passed PotionItems_NormalPotions_HaveCorrectProperties [< 1 ms]
  Passed PotionItems_MidPotions_HaveCorrectProperties [< 1 ms]
  Passed PotionItems_FullPotions_HaveCorrectProperties [< 1 ms]
  Passed Battle_Emergency_PicksHighestHP [< 1 ms]
  Passed Battle_Emergency_AllowsFullPotion [< 1 ms]
  Passed Battle_Emergency_IgnoresMP [< 1 ms]
  Passed Battle_OnlyHPCritical_PrefersHPPotion [< 1 ms]
  Passed Battle_OnlyMPCritical_PrefersMPPotion [< 1 ms]
  Passed Battle_BothCritical_PrefersMixPotion [< 1 ms]
  Passed Battle_HPCriticalMPNot_WeightsCorrectly [< 1 ms]
  Passed Battle_TieBreaker_HigherEffectiveHP [< 1 ms]
  Passed Battle_TieBreaker_CheaperPotion [< 1 ms]
  Passed Battle_FullPotion_SkippedForSmallDeficit [< 1 ms]
  Passed Battle_FullPotion_AllowedForLargeDeficit [< 1 ms]
  Passed OutOfBattle_HPOnly_SmallestSufficientPotion [< 1 ms]
  Passed OutOfBattle_HPOnly_LargeDeficitUsesLargerPotion [< 1 ms]
  Passed OutOfBattle_HPOnly_FallbackToPartial [< 1 ms]
  Passed OutOfBattle_MPOnly_SmallestSufficientPotion [< 1 ms]
  Passed OutOfBattle_DualResource_MixBetterThanSeparate [< 1 ms]
  Passed OutOfBattle_DualResource_TiedWaste_PrefersSeparate [< 1 ms]
  Passed OutOfBattle_DualResource_SeparateLessWaste [< 1 ms]
  Passed OutOfBattle_FullPotion_SkippedForSmallDeficit [< 1 ms]
  Passed OutOfBattle_FullPotion_AllowedForLargeDeficit [< 1 ms]
  Passed OutOfBattle_FullMixPotion_AllowedWhenMPDeficitLarge [< 1 ms]
  Passed Battle_NothingToRestore_ReturnsFalse [< 1 ms]
  Passed Battle_EmptyBag_ReturnsFalse [< 1 ms]
  Passed Battle_NullBag_ReturnsFalse [< 1 ms]
  Passed OutOfBattle_NothingToRestore_ReturnsFalse [< 1 ms]
  Passed OutOfBattle_BattleOnlySkipped [< 1 ms]
  Passed OutOfBattle_ZeroStackSkipped [< 1 ms]
  Passed GetEffectiveRestoreAmount_FullRestore_ReturnsMax [< 1 ms]
  Passed GetEffectiveRestoreAmount_NormalRestore_ReturnsAmount [< 1 ms]
  Passed GetEffectiveRestoreAmount_Zero_ReturnsZero [< 1 ms]
  Passed Battle_MixPotionWhenBothResourcesMatter [< 1 ms]
  Passed Battle_NotEmergency_JustAboveThreshold [< 1 ms]
  Passed PotionSystem_TreasureGeneration_ProducesCorrectPotions [< 1 ms]
  Passed PotionSystem_HPRestoreAmounts_AreCorrect [< 1 ms]
  Passed PotionSystem_ItemBagIntegration_WorksCorrectly [< 1 ms]
  Passed PotionSystem_AllPotionNamesMatchAtlasSprites [1 ms]
  Passed Knight_Level1_HasCorrectBaseStats [< 1 ms]
  Passed Knight_Level25_StatsWithinExpectedRange [< 1 ms]
  Passed Knight_Level50_StatsWithinExpectedRange [< 1 ms]
  Passed Knight_Level75_StatsWithinExpectedRange [< 1 ms]
  Passed Knight_Level99_ReachesTargetStats [< 1 ms]
  Passed Monk_Level1_HasCorrectBaseStats [< 1 ms]
  Passed Monk_Level25_StatsWithinExpectedRange [< 1 ms]
  Passed Monk_Level50_StatsWithinExpectedRange [< 1 ms]
  Passed Monk_Level75_StatsWithinExpectedRange [< 1 ms]
  Passed Monk_Level99_ReachesTargetStats [< 1 ms]
  Passed Thief_Level1_HasCorrectBaseStats [< 1 ms]
  Passed Thief_Level25_StatsWithinExpectedRange [< 1 ms]
  Passed Thief_Level50_StatsWithinExpectedRange [< 1 ms]
  Passed Thief_Level75_StatsWithinExpectedRange [< 1 ms]
  Passed Thief_Level99_ReachesTargetStats [< 1 ms]
  Passed Archer_Level1_HasCorrectBaseStats [< 1 ms]
  Passed Archer_Level25_StatsWithinExpectedRange [< 1 ms]
  Passed Archer_Level50_StatsWithinExpectedRange [< 1 ms]
  Passed Archer_Level75_StatsWithinExpectedRange [< 1 ms]
  Passed Archer_Level99_ReachesTargetStats [< 1 ms]
  Passed Mage_Level1_HasCorrectBaseStats [< 1 ms]
  Passed Mage_Level25_StatsWithinExpectedRange [< 1 ms]
  Passed Mage_Level50_StatsWithinExpectedRange [< 1 ms]
  Passed Mage_Level75_StatsWithinExpectedRange [< 1 ms]
  Passed Mage_Level99_ReachesTargetStats [< 1 ms]
  Passed Priest_Level1_HasCorrectBaseStats [< 1 ms]
  Passed Priest_Level25_StatsWithinExpectedRange [< 1 ms]
  Passed Priest_Level50_StatsWithinExpectedRange [< 1 ms]
  Passed Priest_Level75_StatsWithinExpectedRange [< 1 ms]
  Passed Priest_Level99_ReachesTargetStats [< 1 ms]
  Passed Hero_LevelUp_IncreasesStats [< 1 ms]
  Passed Equip_Restrictions_ByJob_ViaAllowedJobs [< 1 ms]
  Passed Equip_AllowedJobs_DefaultsFromItemKind [< 1 ms]
  Passed Equip_CustomAllowedJobs_OverridesDefault [< 1 ms]
  Passed SetEquipmentSlot_EnforcesAllowedJobs [< 1 ms]
  Passed SetEquipmentSlot_RejectsWrongSlotType [< 1 ms]
  Passed Gear_DefaultAllowedJobs_MatchesItemKind [< 1 ms]
  Passed CanEquipItem_RespectsExtraPermissions [< 1 ms]
  Passed SaveData_PersistAndRecover_RoundTrip [15 ms]
  Passed SaveData_PersistAndRecover_HandlesEmptyData [1 ms]
  Passed ItemRegistry_TryCreateItem_FindsKnownGearItems [30 ms]
  Passed ItemRegistry_TryCreateItem_FindsKnownPotionItems [< 1 ms]
  Passed ItemRegistry_TryCreateItem_ReturnsFalseForUnknownItem [< 1 ms]
  Passed JobFactory_CreateJob_CreatesAllPrimaryJobs [< 1 ms]
  Passed JobFactory_CreateJob_CreatesCompositeJob [< 1 ms]
  Passed JobFactory_CreateJob_DefaultsToKnightForUnknown [< 1 ms]
  Passed InventorySlotPositions_NonSequential_PreservedThroughSaveLoad [1 ms]
  Passed ShortcutBarSlots_PreservedThroughSaveLoad [1 ms]
  Passed SaveData_Version1_LoadsWithoutShortcutSlots [< 1 ms]
  Passed AddItem_SingleItem_AddsToVault [4 ms]
  Passed AddItem_TwoIdenticalGear_CreatesOneStackWithQuantityTwo [< 1 ms]
  Passed AddItem_DifferentGear_CreatesSeparateStacks [< 1 ms]
  Passed AddItem_Consumables_StacksCorrectly [< 1 ms]
  Passed AddItem_ConsumablesExceedingMaxStack_CreatesMultipleStacks [7 ms]
  Passed AddItem_MaxStackOf999_VerifyCapEnforced [< 1 ms]
  Passed AddItems_MultipleItems_AddsAllCorrectly [< 1 ms]
  Passed RemoveQuantity_ValidRemoval_RemovesCorrectly [< 1 ms]
  Passed RemoveQuantity_RemoveAllInStack_RemovesStack [< 1 ms]
  Passed RemoveQuantity_InsufficientQuantity_ReturnsFalse [< 1 ms]
  Passed Clear_WithItems_RemovesAllItems [< 1 ms]
  Passed SimulateHeroDeath_AllEquipmentAndInventory_StacksProperly [3 ms]
  Passed AddItem_MultipleHeroDeaths_AccumulatesItems [< 1 ms]
  Passed AddItem_LargeStacksAcrossMultipleHeroes_HandlesMaxStackCorrectly [3 ms]
  Passed BaseSkill_WithFireElement_ShouldHaveFireElement [< 1 ms]
  Passed BaseSkill_WithoutElement_ShouldDefaultToNeutral [< 1 ms]
  Passed BaseSkill_WithWaterElement_ShouldHaveWaterElement [< 1 ms]
  Passed BaseSkill_WithEarthElement_ShouldHaveEarthElement [< 1 ms]
  Passed BaseSkill_WithWindElement_ShouldHaveWindElement [< 1 ms]
  Passed BaseSkill_WithLightElement_ShouldHaveLightElement [< 1 ms]
  Passed BaseSkill_WithDarkElement_ShouldHaveDarkElement [< 1 ms]
  Passed BaseSkill_PassiveWithElement_ShouldHaveElement [< 1 ms]
  Passed ISkill_Interface_ShouldExposeElementProperty [< 1 ms]
  Passed ISkill_WithNeutralElement_ShouldExposeNeutral [< 1 ms]
  Passed Skill_WithElement_ShouldPreserveAllProperties [2 ms]
  Passed Skill_ShortConstructor_ShouldSetDefaultNeutral [< 1 ms]
  Passed MultipleSkills_ShouldHaveIndependentElements [< 1 ms]
  Passed ShortcutSlotData_CreateItemReference_SetsCorrectType [6 ms]
  Passed ShortcutSlotData_CreateSkillReference_SetsCorrectType [1 ms]
  Passed ShortcutSlotData_Clear_ResetsToEmpty [< 1 ms]
  Passed InventorySelectionManager_SetSelectedFromHeroCrystalTab_SetsSkillSelection [< 1 ms]
  Passed InventorySelectionManager_ClearSelection_ClearsSkillSelection [< 1 ms]
  Passed ActiveSkill_HasCorrectKind [< 1 ms]
  Passed PassiveSkill_HasCorrectKind [< 1 ms]
  Passed Hero_LevelingToMax_StatsCappedAt99 [< 1 ms]
  Passed Hero_MaxLevel_CannotExceed99 [< 1 ms]
  Passed Hero_HPWithHighVitality_CappedAt9999 [< 1 ms]
  Passed Hero_MPWithHighMagic_CappedAt999 [< 1 ms]
  Passed Hero_LevelUp_StatsIncreaseCorrectly [< 1 ms]
  Passed GrowthCurveCalculator_MatchesHeroImplementation [< 1 ms]
  Passed Hero_RecalculateDerived_UsesGrowthCurveCalculator [< 1 ms]
  Passed StatBlock_Add_RespectsCaps [< 1 ms]
  Passed Hero_MultipleJobs_StatsCapped [< 1 ms]
  Passed StatConstants_DefinedCorrectly [< 1 ms]
  Passed ClampHP_ValidValue_ReturnsValue [1 ms]
  Passed ClampHP_ExceedsMax_ReturnsMax [< 1 ms]
  Passed ClampHP_BelowZero_ReturnsZero [< 1 ms]
  Passed ClampMP_ValidValue_ReturnsValue [< 1 ms]
  Passed ClampMP_ExceedsMax_ReturnsMax [< 1 ms]
  Passed ClampMP_BelowZero_ReturnsZero [< 1 ms]
  Passed ClampStat_ValidValue_ReturnsValue [< 1 ms]
  Passed ClampStat_ExceedsMax_ReturnsMax [< 1 ms]
  Passed ClampStat_BelowZero_ReturnsZero [< 1 ms]
  Passed ClampLevel_ValidValue_ReturnsValue [< 1 ms]
  Passed ClampLevel_ExceedsMax_ReturnsMax [< 1 ms]
  Passed ClampLevel_BelowMin_ReturnsMin [< 1 ms]
  Passed ClampStatBlock_ValidStats_ReturnsStats [< 1 ms]
  Passed ClampStatBlock_ExceedsMax_ClampsToMax [< 1 ms]
  Passed ClampStatBlock_BelowZero_ClampsToZero [< 1 ms]
  Passed ClampStatBlock_MixedValues_ClampsCorrectly [< 1 ms]
  Passed SynergyStencil_Constructor_InitializesCorrectly [1 ms]
  Passed SynergyStencil_MarkDiscovered_SetsSource [< 1 ms]
  Passed SynergyStencil_MarkDiscovered_OnlyFirstSourceIsRecorded [< 1 ms]
  Passed SynergyStencil_OverlayAnchor_CanBeSet [< 1 ms]
  Passed GameStateService_DiscoverStencil_AddsNewStencil [1 ms]
  Passed GameStateService_DiscoverStencil_DoesNotOverwriteExisting [< 1 ms]
  Passed GameStateService_IsStencilDiscovered_ReturnsFalseForUndiscovered [< 1 ms]
  Passed GameStateService_DiscoverStencil_TracksMultipleStencils [< 1 ms]
  Passed SynergyPattern_HasStencil_DefaultsToTrue [< 1 ms]
  Passed OrganicDiscovery_AddsStencilWhenPatternFirstMatched [< 1 ms]
  Passed OrganicDiscovery_DoesNotDiscoverTwice [< 1 ms]
  Passed OrganicDiscovery_OnlyDiscoversPatternsWithStencils [< 1 ms]
  Passed OrganicDiscovery_WorksWithoutGameStateService [< 1 ms]
  Passed SynergyEffectAggregator_SingleInstance_Returns100PercentMultiplier [< 1 ms]
  Passed SynergyEffectAggregator_TwoInstances_Returns150PercentMultiplier [< 1 ms]
  Passed SynergyEffectAggregator_ThreeInstances_Returns175PercentMultiplier [< 1 ms]
  Passed SynergyEffectAggregator_FourthInstance_DoesNotExceedCap [< 1 ms]
  Passed SynergyEffectAggregator_ZeroInstances_ReturnsZero [< 1 ms]
  Passed SynergyEffectAggregator_GetInstanceMultiplier_ReturnsCorrectValues [< 1 ms]
  Passed PointsAcceleration_SingleInstance_NoAcceleration [< 1 ms]
  Passed PointsAcceleration_TwoInstances_35PercentBonus [< 1 ms]
  Passed PointsAcceleration_ThreeInstances_CappedAt70Percent [< 1 ms]
  Passed PointsAcceleration_FourInstances_StillCappedAt70Percent [< 1 ms]
  Passed PointsAcceleration_AfterSkillLearned_NoAcceleration [< 1 ms]
  Passed ActiveSynergy_SharesItems_ReturnsTrueWhenOverlapping [< 1 ms]
  Passed ActiveSynergy_SharesItems_ReturnsFalseWhenNoOverlap [< 1 ms]
  Passed ActiveSynergy_SharesItems_ReturnsFalseForNull [< 1 ms]
  Passed ActiveSynergyGroup_TryAddInstance_AcceptsNonOverlapping [< 1 ms]
  Passed ActiveSynergyGroup_TryAddInstance_RejectsOverlapping [< 1 ms]
  Passed ActiveSynergyGroup_TryAddInstance_RejectsAtMaxCap [< 1 ms]
  Passed ActiveSynergyGroup_TotalMultiplier_CalculatesCorrectly [< 1 ms]
  Passed SynergyDetector_DetectSynergiesGrouped_GroupsByPattern [1 ms]
  Passed SynergyDetector_DetectSynergiesGrouped_RejectsOverlappingInstances [< 1 ms]
  Passed SynergyDetector_DetectSynergiesGrouped_CapsAtThreeInstances [< 1 ms]
  Passed Hero_UpdateActiveSynergiesGrouped_AppliesMultipliedEffects [1 ms]
  Passed Hero_UpdateActiveSynergiesGrouped_RemovesOldEffects [1 ms]
  Passed Hero_UpdateActiveSynergiesGrouped_PopulatesLegacyList [< 1 ms]
  Passed Hero_EarnSynergyPointsWithAcceleration_AppliesCorrectBonus [< 1 ms]
  Passed Hero_EarnSynergyPointsWithAcceleration_StopsAfterSkillLearned [< 1 ms]
  Passed Hero_SynergySkill_UnlocksExactlyOnce [< 1 ms]
  Passed Hero_MultipleInstances_DoNotDuplicateSkillUnlock [1 ms]
  Passed Hero_UpdateActiveSynergiesGrouped_TriggersStencilDiscovery [< 1 ms]
  Passed SynergyPattern_Constructor_InitializesCorrectly [< 1 ms]
  Passed ActiveSynergy_StartsWithZeroPoints [< 1 ms]
  Passed ActiveSynergy_EarnPoints_IncreasesPointsEarned [< 1 ms]
  Passed ActiveSynergy_EarnPoints_NegativeAmountIgnored [< 1 ms]
  Passed ActiveSynergy_IsSkillUnlocked_WhenPointsReachThreshold [< 1 ms]
  Passed SynergyDetector_RegisterPattern_AddsPattern [< 1 ms]
  Passed SynergyDetector_DetectsSingleItemPattern [< 1 ms]
  Passed SynergyDetector_DetectsTwoItemHorizontalPattern [< 1 ms]
  Passed SynergyDetector_IgnoresPatternOutOfBounds [< 1 ms]
  Passed SynergyDetector_RequiresExactItemKindMatch [< 1 ms]
  Passed HeroCrystal_EarnSynergyPoints_IncreasesPoints [< 1 ms]
  Passed HeroCrystal_EarnSynergyPoints_AccumulatesForSameSynergy [< 1 ms]
  Passed HeroCrystal_EarnSynergyPoints_TracksMultipleSynergies [< 1 ms]
  Passed HeroCrystal_DiscoverSynergy_MarksAsDiscovered [< 1 ms]
  Passed HeroCrystal_LearnSynergySkill_MarksAsLearned [< 1 ms]
  Passed StatBonusEffect_HasCorrectProperties [< 1 ms]
  Passed SkillModifierEffect_AppliesAndRemovesMPReduction [1 ms]
  Passed PassiveAbilityEffect_AppliesAndRemovesDefenseBonus [< 1 ms]
  Passed Hero_UpdateActiveSynergies_AppliesEffects [< 1 ms]
  Passed Hero_UpdateActiveSynergies_RemovesOldEffects [< 1 ms]
  Passed Hero_SynergyStatBonuses_AreAppliedToTotalStats [< 1 ms]
  Passed Hero_SynergyHPBonus_IsAppliedToMaxHP [< 1 ms]
  Passed PassiveAbilityEffect_CounterUseReferenceCount [1 ms]
  Passed Monster_HasJPYield_CalculatedFromLevel [< 1 ms]
  Passed Monster_HasSPYield_CalculatedFromLevel [< 1 ms]
  Passed AllMonsters_HaveJPAndSPYields [1 ms]
  Passed SynergyDetector_RegisterPattern_AddsToStaticRegistry [< 1 ms]
  Passed SynergyDetector_GetPatternById_ReturnsNullForUnknownPattern [< 1 ms]
  Passed HeroCrystal_DiscoverSynergy_TracksSynergyIds [< 1 ms]
  Passed HeroCrystal_GetSynergyPoints_ReturnsZeroForNewSynergy [< 1 ms]
  Passed HeroCrystal_EarnSynergyPoints_AccumulatesPoints [< 1 ms]
  Passed HeroCrystal_LearnSynergySkill_TracksLearnedSkills [< 1 ms]
  Passed TreasureLevel_PitLevel1To10_ShouldOnlyGiveLevel1 [< 1 ms]
  Passed TreasureLevel_PitLevel11To30_ShouldGiveLevel1And2 [< 1 ms]
  Passed TreasureLevel_PitLevel31To60_ShouldGiveLevel1To3 [< 1 ms]
  Passed TreasureLevel_PitLevel61To90_ShouldGiveLevel1To4 [< 1 ms]
  Passed TreasureLevel_PitLevel91Plus_ShouldGiveLevel1To5 [1 ms]
  Passed TreasureState_InitialState_ShouldBeClosed [< 1 ms]
  Passed TreasureLevel_InitialLevel_ShouldBe1 [< 1 ms]
  Passed TreasureLevel_ValidRange_ShouldAcceptValues1To5 [< 1 ms]
  Passed TreasureLevel_InvalidRange_ShouldRejectInvalidValues [< 1 ms]
  Passed TreasureState_StateChange_ShouldAllowValidTransitions [< 1 ms]
  Passed TreasureComponent_GenerateItemForTreasureLevel_CreatesCorrectRarityItems [< 1 ms]
  Passed TreasureComponent_ContainedItem_CanBeSetAndRetrieved [< 1 ms]
  Passed TreasureComponent_InitializeForPitLevel_SetsLevelAndItem [< 1 ms]
  Passed CaveLoot_Level1_AlwaysNormalRarity [< 1 ms]
  Passed CaveLoot_Level2_AlwaysUncommonRarity [< 1 ms]
  Passed CaveLoot_Level3_AlwaysRareRarity [< 1 ms]
  Passed CaveLoot_ConsumableToEquipmentRatio_Approximately60To40 [1 ms]
  Passed FastFUI_CanBeCreated [< 1 ms]
  Passed HeroUI_CanBeCreated [17 ms]
  Passed FastFUI_TimeScaleToggle_WorksCorrectly [< 1 ms]
  Passed VirtualWorldState_Initialization_ShouldSetupCorrectly [1 ms]
  Standard Output Messages:
 [VirtualWorld] Generated 5 obstacles and 1 wizard orb in pit
 [VirtualWorld] Regenerated pit at level 10, bounds: (1,2,14,9)


  Passed VirtualHero_StateManagement_ShouldWorkCorrectly [< 1 ms]
  Standard Output Messages:
 [VirtualWorld] Generated 5 obstacles and 1 wizard orb in pit
 [VirtualWorld] Regenerated pit at level 10, bounds: (1,2,14,9)
 [VirtualWorld] Hero moved from (34,6) to (0,3)
 [VirtualHero] Teleported to (0,3) for testing
 [VirtualWorld] Cleared 9 fog tiles around (2,3)
 [VirtualWorld] Hero moved from (0,3) to (2,3)
 [VirtualHero] Teleported to (2,3) for testing


  Passed VirtualWorldState_PitRegeneration_ShouldWorkForDifferentLevels [< 1 ms]
  Standard Output Messages:
 [VirtualWorld] Generated 5 obstacles and 1 wizard orb in pit
 [VirtualWorld] Regenerated pit at level 10, bounds: (1,2,14,9)
 [VirtualWorld] Generated 5 obstacles and 1 wizard orb in pit
 [VirtualWorld] Regenerated pit at level 10, bounds: (1,2,14,9)
 [VirtualWorld] Generated 5 obstacles and 1 wizard orb in pit
 [VirtualWorld] Regenerated pit at level 40, bounds: (1,2,20,9)
 [VirtualWorld] Generated 5 obstacles and 1 wizard orb in pit
 [VirtualWorld] Regenerated pit at level 90, bounds: (1,2,30,9)


  Passed VirtualGameSimulation_CompleteWorkflow_ShouldExecuteSuccessfully [27 ms]
  Passed VirtualHero_ExplorationStates_ShouldDetectExploredPit [< 1 ms]
  Standard Output Messages:
 [VirtualWorld] Generated 5 obstacles and 1 wizard orb in pit
 [VirtualWorld] Regenerated pit at level 10, bounds: (1,2,14,9)
 [VirtualWorld] Cleared 1 fog tiles around (2,3)
 [VirtualWorld] Cleared 1 fog tiles around (2,4)
 [VirtualWorld] Cleared 1 fog tiles around (2,5)
 [VirtualWorld] Cleared 1 fog tiles around (2,6)
 [VirtualWorld] Cleared 1 fog tiles around (2,7)
 [VirtualWorld] Cleared 1 fog tiles around (2,8)
 [VirtualWorld] Cleared 1 fog tiles around (2,9)
 [VirtualWorld] Cleared 1 fog tiles around (3,3)
 [VirtualWorld] Cleared 1 fog tiles around (3,4)
 [VirtualWorld] Cleared 1 fog tiles around (3,5)
 [VirtualWorld] Cleared 1 fog tiles around (3,6)
 [VirtualWorld] Cleared 1 fog tiles around (3,7)
 [VirtualWorld] Cleared 1 fog tiles around (3,8)
 [VirtualWorld] Cleared 1 fog tiles around (3,9)
 [VirtualWorld] Cleared 1 fog tiles around (4,3)
 [VirtualWorld] Cleared 1 fog tiles around (4,4)
 [VirtualWorld] Cleared 1 fog tiles around (4,5)
 [VirtualWorld] Cleared 1 fog tiles around (4,6)
 [VirtualWorld] Cleared 1 fog tiles around (4,7)
 [VirtualWorld] Cleared 1 fog tiles around (4,8)
 [VirtualWorld] Cleared 1 fog tiles around (4,9)
 [VirtualWorld] Cleared 1 fog tiles around (5,3)
 [VirtualWorld] Cleared 1 fog tiles around (5,4)
 [VirtualWorld] Cleared 1 fog tiles around (5,5)
 [VirtualWorld] Cleared 1 fog tiles around (5,6)
 [VirtualWorld] Cleared 1 fog tiles around (5,7)
 [VirtualWorld] Cleared 1 fog tiles around (5,8)
 [VirtualWorld] Cleared 1 fog tiles around (5,9)
 [VirtualWorld] Cleared 1 fog tiles around (6,3)
 [VirtualWorld] Cleared 1 fog tiles around (6,4)
 [VirtualWorld] Cleared 1 fog tiles around (6,5)
 [VirtualWorld] Cleared 1 fog tiles around (6,6)
 [VirtualWorld] Cleared 1 fog tiles around (6,7)
 [VirtualWorld] Cleared 1 fog tiles around (6,8)
 [VirtualWorld] Cleared 1 fog tiles around (6,9)
 [VirtualWorld] Cleared 1 fog tiles around (7,3)
 [VirtualWorld] Cleared 1 fog tiles around (7,4)
 [VirtualWorld] Cleared 1 fog tiles around (7,5)
 [VirtualWorld] Cleared 1 fog tiles around (7,6)
 [VirtualWorld] Cleared 1 fog tiles around (7,7)
 [VirtualWorld] Cleared 1 fog tiles around (7,8)
 [VirtualWorld] Cleared 1 fog tiles around (7,9)
 [VirtualWorld] Cleared 1 fog tiles around (8,3)
 [VirtualWorld] Cleared 1 fog tiles around (8,4)
 [VirtualWorld] Cleared 1 fog tiles around (8,5)
 [VirtualWorld] Cleared 1 fog tiles around (8,6)
 [VirtualWorld] Cleared 1 fog tiles around (8,7)
 [VirtualWorld] Cleared 1 fog tiles around (8,8)
 [VirtualWorld] Cleared 1 fog tiles around (8,9)
 [VirtualWorld] Cleared 1 fog tiles around (9,3)
 [VirtualWorld] Cleared 1 fog tiles around (9,4)
 [VirtualWorld] Cleared 1 fog tiles around (9,5)
 [VirtualWorld] Cleared 1 fog tiles around (9,6)
 [VirtualWorld] Cleared 1 fog tiles around (9,7)
 [VirtualWorld] Cleared 1 fog tiles around (9,8)
 [VirtualWorld] Cleared 1 fog tiles around (9,9)
 [VirtualWorld] Cleared 1 fog tiles around (10,3)
 [VirtualWorld] Cleared 1 fog tiles around (10,4)
 [VirtualWorld] Cleared 1 fog tiles around (10,5)
 [VirtualWorld] Cleared 1 fog tiles around (10,6)
 [VirtualWorld] Cleared 1 fog tiles around (10,7)
 [VirtualWorld] Cleared 1 fog tiles around (10,8)
 [VirtualWorld] Cleared 1 fog tiles around (10,9)
 [VirtualWorld] Cleared 1 fog tiles around (11,3)
 [VirtualWorld] Cleared 1 fog tiles around (11,4)
 [VirtualWorld] Cleared 1 fog tiles around (11,5)
 [VirtualWorld] Cleared 1 fog tiles around (11,6)
 [VirtualWorld] Cleared 1 fog tiles around (11,7)
 [VirtualWorld] Cleared 1 fog tiles around (11,8)
 [VirtualWorld] Cleared 1 fog tiles around (11,9)
 [VirtualWorld] Cleared 1 fog tiles around (12,3)
 [VirtualWorld] Cleared 1 fog tiles around (12,4)
 [VirtualWorld] Cleared 1 fog tiles around (12,5)
 [VirtualWorld] Cleared 1 fog tiles around (12,6)
 [VirtualWorld] Cleared 1 fog tiles around (12,7)
 [VirtualWorld] Cleared 1 fog tiles around (12,8)
 [VirtualWorld] Cleared 1 fog tiles around (12,9)
 [VirtualWorld] Cleared 1 fog tiles around (13,3)
 [VirtualWorld] Cleared 1 fog tiles around (13,4)
 [VirtualWorld] Cleared 1 fog tiles around (13,5)
 [VirtualWorld] Cleared 1 fog tiles around (13,6)
 [VirtualWorld] Cleared 1 fog tiles around (13,7)
 [VirtualWorld] Cleared 1 fog tiles around (13,8)
 [VirtualWorld] Cleared 1 fog tiles around (13,9)


  Passed VirtualHero_WizardOrbStates_ShouldDetectCorrectly [< 1 ms]
  Standard Output Messages:
 [VirtualWorld] Generated 5 obstacles and 1 wizard orb in pit
 [VirtualWorld] Regenerated pit at level 10, bounds: (1,2,14,9)
 [VirtualWorld] Cleared 9 fog tiles around (8,6)
 [VirtualWorld] Cleared 16 fog tiles around (8,6)
 [VirtualWorld] Hero moved from (34,6) to (8,6)
 [VirtualHero] Teleported to (8,6) for testing


  Passed VirtualGameSimulation_PathfindingAndMovement_ShouldWorkCorrectly [< 1 ms]
  Standard Output Messages:
 [VirtualWorld] Generated 5 obstacles and 1 wizard orb in pit
 [VirtualWorld] Regenerated pit at level 10, bounds: (1,2,14,9)
 [VirtualHero] Set movement path with 8 tiles
 [VirtualWorld] Hero moved from (34,6) to (35,6)
 [VirtualHero] Moved to (35,6), states updated
 [VirtualWorld] Hero moved from (35,6) to (36,6)
 [VirtualHero] Moved to (36,6), states updated
 [VirtualWorld] Hero moved from (36,6) to (37,6)
 [VirtualHero] Moved to (37,6), states updated
 [VirtualWorld] Hero moved from (37,6) to (38,6)
 [VirtualHero] Moved to (38,6), states updated
 [VirtualWorld] Hero moved from (38,6) to (39,6)
 [VirtualHero] Moved to (39,6), states updated
 [VirtualWorld] Hero moved from (39,6) to (39,7)
 [VirtualHero] Moved to (39,7), states updated
 [VirtualWorld] Hero moved from (39,7) to (39,8)
 [VirtualHero] Moved to (39,8), states updated
 [VirtualWorld] Hero moved from (39,8) to (39,9)
 [VirtualHero] Moved to (39,9), states updated


  Passed VirtualWorldState_VisualRepresentation_ShouldShowCorrectSymbols [< 1 ms]
  Standard Output Messages:
 [VirtualWorld] Generated 5 obstacles and 1 wizard orb in pit
 [VirtualWorld] Regenerated pit at level 10, bounds: (1,2,14,9)


  Passed VirtualPitLevelQueue_QueueManagement_ShouldWorkCorrectly [1 ms]
  Passed VirtualStateMachine_BasicWanderTest_ShouldExploreSmallArea [21 ms]
  Standard Output Messages:
 [VirtualWorld] Generated 5 obstacles and 1 wizard orb in pit
 [VirtualWorld] Regenerated pit at level 10, bounds: (1,2,14,9)
 [VirtualWorld] Generated 5 obstacles and 1 wizard orb in pit
 [VirtualWorld] Regenerated pit at level 1, bounds: (1,2,12,9)
 Pit bounds: (1,2,12,9)
 [VirtualWorld] Hero moved from (34,6) to (-1,3)
 [VirtualHero] Teleported to (-1,3) for testing
 Hero initial position: (-1,3)
 
 Tick 0:
   State: Idle
   Hero at: (-1,3)
   World states: [HeroInitialized, PitInitialized, OutsidePit]
 [VirtualStateMachine] Planned action: JumpIntoPitAction
 
 Tick 1:
   State: PerformAction
   Hero at: (-1,3)
   World states: [HeroInitialized, PitInitialized, OutsidePit]
 [VirtualStateMachine] Performing action: JumpIntoPitAction
 [VirtualStateMachine] JumpIntoPit: From (-1,3) to (2,3)
 [VirtualStateMachine] JumpIntoPit: Path calculated, length=0
 [VirtualStateMachine] JumpIntoPit: No path found, using direct teleport
 [VirtualWorld] Cleared 9 fog tiles around (2,3)
 [VirtualWorld] Hero moved from (-1,3) to (2,3)
 [VirtualHero] Teleported to (2,3) for testing
 [VirtualStateMachine] Hero jumped into pit at (2,3) via fallback
 [VirtualStateMachine] Action JumpIntoPitAction completed
 
 Tick 2:
   State: Idle
   Hero at: (2,3)
   World states: [HeroInitialized, PitInitialized, InsidePit]
 [VirtualStateMachine] Planned action: WanderPitAction
 
 Tick 3:
   State: PerformAction
   Hero at: (2,3)
   World states: [HeroInitialized, PitInitialized, InsidePit]
 [VirtualStateMachine] Performing action: WanderPitAction
 [VirtualStateMachine] Selected systematic wander target: (2,6) from leftmost column 2 (4 candidates in column, 57 total)
 [VirtualWorld] Cleared 9 fog tiles around (2,6)
 [VirtualWorld] Hero moved from (2,3) to (2,6)
 [VirtualHero] Teleported to (2,6) for testing
 [VirtualStateMachine] Wandered to and explored (2,6)
 
 Tick 4:
   State: PerformAction
   Hero at: (2,6)
   World states: [HeroInitialized, PitInitialized, InsidePit]
 [VirtualStateMachine] Performing action: WanderPitAction
 [VirtualStateMachine] Selected systematic wander target: (2,9) from leftmost column 2 (1 candidates in column, 49 total)
 [VirtualWorld] Cleared 3 fog tiles around (2,9)
 [VirtualWorld] Hero moved from (2,6) to (2,9)
 [VirtualHero] Teleported to (2,9) for testing
 [VirtualStateMachine] Wandered to and explored (2,9)
 
 Tick 5:
   State: PerformAction
   Hero at: (2,9)
   World states: [HeroInitialized, PitInitialized, InsidePit]
 [VirtualStateMachine] Performing action: WanderPitAction
 [VirtualStateMachine] Selected systematic wander target: (5,6) from leftmost column 5 (6 candidates in column, 46 total)
 [VirtualWorld] Cleared 15 fog tiles around (5,6)
 [VirtualWorld] Hero moved from (2,9) to (5,6)
 [VirtualHero] Teleported to (5,6) for testing
 [VirtualStateMachine] Wandered to and explored (5,6)
 
 Tick 6:
   State: PerformAction
   Hero at: (5,6)
   World states: [HeroInitialized, PitInitialized, InsidePit, FoundWizardOrb]
 [VirtualStateMachine] Performing action: WanderPitAction
 [VirtualStateMachine] Selected systematic wander target: (5,3) from leftmost column 5 (1 candidates in column, 32 total)
 [VirtualWorld] Cleared 3 fog tiles around (5,3)
 [VirtualWorld] Hero moved from (5,6) to (5,3)
 [VirtualHero] Teleported to (5,3) for testing
 [VirtualStateMachine] Wandered to and explored (5,3)
 
 Tick 7:
   State: PerformAction
   Hero at: (5,3)
   World states: [HeroInitialized, PitInitialized, InsidePit, FoundWizardOrb]
 [VirtualStateMachine] Performing action: WanderPitAction
 [VirtualStateMachine] Selected systematic wander target: (6,9) from leftmost column 6 (1 candidates in column, 29 total)
 [VirtualWorld] Cleared 6 fog tiles around (6,9)
 [VirtualWorld] Hero moved from (5,3) to (6,9)
 [VirtualHero] Teleported to (6,9) for testing
 [VirtualStateMachine] Wandered to and explored (6,9)
 
 Tick 8:
   State: PerformAction
   Hero at: (6,9)
   World states: [HeroInitialized, PitInitialized, InsidePit, FoundWizardOrb]
 [VirtualStateMachine] Performing action: WanderPitAction
 [VirtualStateMachine] Selected systematic wander target: (8,5) from leftmost column 8 (3 candidates in column, 24 total)
 [VirtualWorld] Cleared 14 fog tiles around (8,5)
 [VirtualWorld] Hero moved from (6,9) to (8,5)
 [VirtualHero] Teleported to (8,5) for testing
 [VirtualStateMachine] Wandered to and explored (8,5)
 
 Tick 9:
   State: PerformAction
   Hero at: (8,5)
   World states: [HeroInitialized, PitInitialized, InsidePit, FoundWizardOrb]
 [VirtualStateMachine] Performing action: WanderPitAction
 [VirtualStateMachine] Selected systematic wander target: (9,8) from leftmost column 9 (2 candidates in column, 11 total)
 [VirtualWorld] Cleared 8 fog tiles around (9,8)
 [VirtualWorld] Hero moved from (8,5) to (9,8)
 [VirtualHero] Teleported to (9,8) for testing
 [VirtualStateMachine] Wandered to and explored (9,8)
 
 Tick 10:
   State: PerformAction
   Hero at: (9,8)
   World states: [HeroInitialized, PitInitialized, InsidePit, FoundWizardOrb]
 [VirtualStateMachine] Performing action: WanderPitAction
 [VirtualStateMachine] Selected systematic wander target: (11,5) from leftmost column 11 (3 candidates in column, 3 total)
 [VirtualWorld] Cleared 3 fog tiles around (11,5)
 [VirtualWorld] Hero moved from (9,8) to (11,5)
 [VirtualHero] Teleported to (11,5) for testing
 [VirtualStateMachine] Wandered to and explored (11,5)
 Exploration completed at tick 10!


  Passed VirtualStateMachine_JumpIntoPitTest_ShouldGetInside [19 ms]
  Standard Output Messages:
 [VirtualWorld] Generated 5 obstacles and 1 wizard orb in pit
 [VirtualWorld] Regenerated pit at level 10, bounds: (1,2,14,9)
 [VirtualWorld] Generated 5 obstacles and 1 wizard orb in pit
 [VirtualWorld] Regenerated pit at level 1, bounds: (1,2,12,9)
 [VirtualWorld] Hero moved from (34,6) to (0,3)
 [VirtualHero] Teleported to (0,3) for testing
 Before: Hero at (0,3), InsidePit: False
 [VirtualStateMachine] Planned action: JumpIntoPitAction
 Tick 0: State=PerformAction, Position=(0,3), States=[HeroInitialized, PitInitialized, OutsidePit]
 [VirtualStateMachine] Performing action: JumpIntoPitAction
 [VirtualStateMachine] JumpIntoPit: From (0,3) to (2,3)
 [VirtualStateMachine] JumpIntoPit: Path calculated, length=0
 [VirtualStateMachine] JumpIntoPit: No path found, using direct teleport
 [VirtualWorld] Cleared 9 fog tiles around (2,3)
 [VirtualWorld] Hero moved from (0,3) to (2,3)
 [VirtualHero] Teleported to (2,3) for testing
 [VirtualStateMachine] Hero jumped into pit at (2,3) via fallback
 [VirtualStateMachine] Action JumpIntoPitAction completed
 Tick 1: State=Idle, Position=(2,3), States=[HeroInitialized, PitInitialized, InsidePit]
 Successfully got inside pit!


  Passed VirtualWorld_CavePit_TracksAllEntities [< 1 ms]
  Standard Output Messages:
 [VirtualWorld] Generated 5 obstacles and 1 wizard orb in pit
 [VirtualWorld] Regenerated pit at level 10, bounds: (1,2,14,9)
 [VirtualTiledMapService] Initialized basic tile patterns for PitWidthManager
 [VirtualPitWidthManager] Recorded FogOfWar index: 301
 [VirtualPitWidthManager] Recorded ground tile index: 104
 [VirtualPitWidthManager] baseOuterFloor[1] = 100
 [VirtualPitWidthManager] baseOuterFloor[2] = 103
 [VirtualPitWidthManager] baseOuterFloor[3] = 103
 [VirtualPitWidthManager] baseOuterFloor[4] = 103
 [VirtualPitWidthManager] baseOuterFloor[5] = 103
 [VirtualPitWidthManager] baseOuterFloor[6] = 103
 [VirtualPitWidthManager] baseOuterFloor[7] = 103
 [VirtualPitWidthManager] baseOuterFloor[8] = 103
 [VirtualPitWidthManager] baseOuterFloor[9] = 103
 [VirtualPitWidthManager] baseOuterFloor[10] = 103
 [VirtualPitWidthManager] baseOuterFloor[11] = 100
 [VirtualPitWidthManager] baseOuterFloor total: 11 tiles, 11 non-zero
 [VirtualPitWidthManager] collisionOuterFloor[1] = 0
 [VirtualPitWidthManager] collisionOuterFloor[2] = 0
 [VirtualPitWidthManager] collisionOuterFloor[3] = 0
 [VirtualPitWidthManager] collisionOuterFloor[4] = 0
 [VirtualPitWidthManager] collisionOuterFloor[5] = 0
 [VirtualPitWidthManager] collisionOuterFloor[6] = 0
 [VirtualPitWidthManager] collisionOuterFloor[7] = 0
 [VirtualPitWidthManager] collisionOuterFloor[8] = 0
 [VirtualPitWidthManager] collisionOuterFloor[9] = 0
 [VirtualPitWidthManager] collisionOuterFloor[10] = 0
 [VirtualPitWidthManager] collisionOuterFloor[11] = 0
 [VirtualPitWidthManager] collisionOuterFloor total: 11 tiles, 0 non-zero
 [VirtualPitWidthManager] baseInnerWall[1] = 102
 [VirtualPitWidthManager] baseInnerWall[2] = 102
 [VirtualPitWidthManager] baseInnerWall[3] = 102
 [VirtualPitWidthManager] baseInnerWall[4] = 102
 [VirtualPitWidthManager] baseInnerWall[5] = 102
 [VirtualPitWidthManager] baseInnerWall[6] = 102
 [VirtualPitWidthManager] baseInnerWall[7] = 102
 [VirtualPitWidthManager] baseInnerWall[8] = 102
 [VirtualPitWidthManager] baseInnerWall[9] = 102
 [VirtualPitWidthManager] baseInnerWall[10] = 102
 [VirtualPitWidthManager] baseInnerWall[11] = 102
 [VirtualPitWidthManager] baseInnerWall total: 11 tiles, 11 non-zero
 [VirtualPitWidthManager] collisionInnerWall[1] = 0
 [VirtualPitWidthManager] collisionInnerWall[2] = 201
 [VirtualPitWidthManager] collisionInnerWall[3] = 201
 [VirtualPitWidthManager] collisionInnerWall[4] = 201
 [VirtualPitWidthManager] collisionInnerWall[5] = 201
 [VirtualPitWidthManager] collisionInnerWall[6] = 201
 [VirtualPitWidthManager] collisionInnerWall[7] = 201
 [VirtualPitWidthManager] collisionInnerWall[8] = 201
 [VirtualPitWidthManager] collisionInnerWall[9] = 201
 [VirtualPitWidthManager] collisionInnerWall[10] = 201
 [VirtualPitWidthManager] collisionInnerWall[11] = 0
 [VirtualPitWidthManager] collisionInnerWall total: 11 tiles, 9 non-zero
 [VirtualPitWidthManager] baseInnerFloor[1] = 100
 [VirtualPitWidthManager] baseInnerFloor[2] = 101
 [VirtualPitWidthManager] baseInnerFloor[3] = 101
 [VirtualPitWidthManager] baseInnerFloor[4] = 101
 [VirtualPitWidthManager] baseInnerFloor[5] = 101
 [VirtualPitWidthManager] baseInnerFloor[6] = 101
 [VirtualPitWidthManager] baseInnerFloor[7] = 101
 [VirtualPitWidthManager] baseInnerFloor[8] = 101
 [VirtualPitWidthManager] baseInnerFloor[9] = 101
 [VirtualPitWidthManager] baseInnerFloor[10] = 101
 [VirtualPitWidthManager] baseInnerFloor[11] = 100
 [VirtualPitWidthManager] baseInnerFloor total: 11 tiles, 11 non-zero
 [VirtualPitWidthManager] collisionInnerFloor[1] = 0
 [VirtualPitWidthManager] collisionInnerFloor[2] = 0
 [VirtualPitWidthManager] collisionInnerFloor[3] = 0
 [VirtualPitWidthManager] collisionInnerFloor[4] = 0
 [VirtualPitWidthManager] collisionInnerFloor[5] = 0
 [VirtualPitWidthManager] collisionInnerFloor[6] = 0
 [VirtualPitWidthManager] collisionInnerFloor[7] = 0
 [VirtualPitWidthManager] collisionInnerFloor[8] = 0
 [VirtualPitWidthManager] collisionInnerFloor[9] = 0
 [VirtualPitWidthManager] collisionInnerFloor[10] = 0
 [VirtualPitWidthManager] collisionInnerFloor[11] = 0
 [VirtualPitWidthManager] collisionInnerFloor total: 11 tiles, 0 non-zero
 [VirtualPitWidthManager] Initialization complete. Current pit right edge: 13
 [VirtualPitGenerator] Regenerating pit content for level 10
 [VirtualWorld] Cleared all entities and interior collisions
 [VirtualPitGenerator] Valid placement area for level 10: tiles (2,3) to (10,9)
 [VirtualPitGenerator] Level 10 calculated amounts:
 [VirtualPitGenerator]   Max Monsters: 2, Actual: 2
 [VirtualPitGenerator]   Max Chests: 2, Actual: 2
 [VirtualPitGenerator]   Min Obstacles: 5
 [VirtualPitGenerator]   Max Obstacles: 10, Actual: 10
 [VirtualWorld] Wizard orb positioned at (8,8)
 [VirtualPitGenerator] Generated wizard orb at (8,8)
 [VirtualWorld] Added obstacle at (4,5)
 [VirtualWorld] Added obstacle at (6,4)
 [VirtualWorld] Added obstacle at (10,7)
 [VirtualWorld] Added obstacle at (4,6)
 [VirtualWorld] Added obstacle at (8,9)
 [VirtualWorld] Added obstacle at (4,3)
 [VirtualWorld] Added obstacle at (3,9)
 [VirtualWorld] Added obstacle at (3,4)
 [VirtualWorld] Added obstacle at (4,7)
 [VirtualWorld] Added obstacle at (6,7)
 [VirtualWorld] Added MidDagger_Normal treasure (level 1) at (10,6)
 [VirtualWorld] Added MidAxe_Normal treasure (level 1) at (2,5)
 [VirtualWorld] Added Pit Lord monster at (3,5)
 [VirtualPitGenerator] Cave boss floor at level 10 with Pit Lord (scaled level 18)
 [VirtualPitGenerator] Generated 10 obstacles, 2 treasures, 1 monsters, and 1 wizard orb


  Passed VirtualWorld_CaveTreasure_TracksTreasureLevels [1 ms]
  Standard Output Messages:
 [VirtualWorld] Generated 5 obstacles and 1 wizard orb in pit
 [VirtualWorld] Regenerated pit at level 10, bounds: (1,2,14,9)
 [VirtualTiledMapService] Initialized basic tile patterns for PitWidthManager
 [VirtualPitWidthManager] Recorded FogOfWar index: 301
 [VirtualPitWidthManager] Recorded ground tile index: 104
 [VirtualPitWidthManager] baseOuterFloor[1] = 100
 [VirtualPitWidthManager] baseOuterFloor[2] = 103
 [VirtualPitWidthManager] baseOuterFloor[3] = 103
 [VirtualPitWidthManager] baseOuterFloor[4] = 103
 [VirtualPitWidthManager] baseOuterFloor[5] = 103
 [VirtualPitWidthManager] baseOuterFloor[6] = 103
 [VirtualPitWidthManager] baseOuterFloor[7] = 103
 [VirtualPitWidthManager] baseOuterFloor[8] = 103
 [VirtualPitWidthManager] baseOuterFloor[9] = 103
 [VirtualPitWidthManager] baseOuterFloor[10] = 103
 [VirtualPitWidthManager] baseOuterFloor[11] = 100
 [VirtualPitWidthManager] baseOuterFloor total: 11 tiles, 11 non-zero
 [VirtualPitWidthManager] collisionOuterFloor[1] = 0
 [VirtualPitWidthManager] collisionOuterFloor[2] = 0
 [VirtualPitWidthManager] collisionOuterFloor[3] = 0
 [VirtualPitWidthManager] collisionOuterFloor[4] = 0
 [VirtualPitWidthManager] collisionOuterFloor[5] = 0
 [VirtualPitWidthManager] collisionOuterFloor[6] = 0
 [VirtualPitWidthManager] collisionOuterFloor[7] = 0
 [VirtualPitWidthManager] collisionOuterFloor[8] = 0
 [VirtualPitWidthManager] collisionOuterFloor[9] = 0
 [VirtualPitWidthManager] collisionOuterFloor[10] = 0
 [VirtualPitWidthManager] collisionOuterFloor[11] = 0
 [VirtualPitWidthManager] collisionOuterFloor total: 11 tiles, 0 non-zero
 [VirtualPitWidthManager] baseInnerWall[1] = 102
 [VirtualPitWidthManager] baseInnerWall[2] = 102
 [VirtualPitWidthManager] baseInnerWall[3] = 102
 [VirtualPitWidthManager] baseInnerWall[4] = 102
 [VirtualPitWidthManager] baseInnerWall[5] = 102
 [VirtualPitWidthManager] baseInnerWall[6] = 102
 [VirtualPitWidthManager] baseInnerWall[7] = 102
 [VirtualPitWidthManager] baseInnerWall[8] = 102
 [VirtualPitWidthManager] baseInnerWall[9] = 102
 [VirtualPitWidthManager] baseInnerWall[10] = 102
 [VirtualPitWidthManager] baseInnerWall[11] = 102
 [VirtualPitWidthManager] baseInnerWall total: 11 tiles, 11 non-zero
 [VirtualPitWidthManager] collisionInnerWall[1] = 0
 [VirtualPitWidthManager] collisionInnerWall[2] = 201
 [VirtualPitWidthManager] collisionInnerWall[3] = 201
 [VirtualPitWidthManager] collisionInnerWall[4] = 201
 [VirtualPitWidthManager] collisionInnerWall[5] = 201
 [VirtualPitWidthManager] collisionInnerWall[6] = 201
 [VirtualPitWidthManager] collisionInnerWall[7] = 201
 [VirtualPitWidthManager] collisionInnerWall[8] = 201
 [VirtualPitWidthManager] collisionInnerWall[9] = 201
 [VirtualPitWidthManager] collisionInnerWall[10] = 201
 [VirtualPitWidthManager] collisionInnerWall[11] = 0
 [VirtualPitWidthManager] collisionInnerWall total: 11 tiles, 9 non-zero
 [VirtualPitWidthManager] baseInnerFloor[1] = 100
 [VirtualPitWidthManager] baseInnerFloor[2] = 101
 [VirtualPitWidthManager] baseInnerFloor[3] = 101
 [VirtualPitWidthManager] baseInnerFloor[4] = 101
 [VirtualPitWidthManager] baseInnerFloor[5] = 101
 [VirtualPitWidthManager] baseInnerFloor[6] = 101
 [VirtualPitWidthManager] baseInnerFloor[7] = 101
 [VirtualPitWidthManager] baseInnerFloor[8] = 101
 [VirtualPitWidthManager] baseInnerFloor[9] = 101
 [VirtualPitWidthManager] baseInnerFloor[10] = 101
 [VirtualPitWidthManager] baseInnerFloor[11] = 100
 [VirtualPitWidthManager] baseInnerFloor total: 11 tiles, 11 non-zero
 [VirtualPitWidthManager] collisionInnerFloor[1] = 0
 [VirtualPitWidthManager] collisionInnerFloor[2] = 0
 [VirtualPitWidthManager] collisionInnerFloor[3] = 0
 [VirtualPitWidthManager] collisionInnerFloor[4] = 0
 [VirtualPitWidthManager] collisionInnerFloor[5] = 0
 [VirtualPitWidthManager] collisionInnerFloor[6] = 0
 [VirtualPitWidthManager] collisionInnerFloor[7] = 0
 [VirtualPitWidthManager] collisionInnerFloor[8] = 0
 [VirtualPitWidthManager] collisionInnerFloor[9] = 0
 [VirtualPitWidthManager] collisionInnerFloor[10] = 0
 [VirtualPitWidthManager] collisionInnerFloor[11] = 0
 [VirtualPitWidthManager] collisionInnerFloor total: 11 tiles, 0 non-zero
 [VirtualPitWidthManager] Initialization complete. Current pit right edge: 13
 [VirtualPitGenerator] Regenerating pit content for level 1
 [VirtualWorld] Cleared all entities and interior collisions
 [VirtualPitGenerator] Valid placement area for level 1: tiles (2,3) to (10,9)
 [VirtualPitGenerator] Level 1 calculated amounts:
 [VirtualPitGenerator]   Max Monsters: 2, Actual: 1
 [VirtualPitGenerator]   Max Chests: 2, Actual: 1
 [VirtualPitGenerator]   Min Obstacles: 5
 [VirtualPitGenerator]   Max Obstacles: 10, Actual: 6
 [VirtualWorld] Wizard orb positioned at (8,7)
 [VirtualPitGenerator] Generated wizard orb at (8,7)
 [VirtualWorld] Added obstacle at (5,5)
 [VirtualWorld] Added obstacle at (10,3)
 [VirtualWorld] Added obstacle at (7,3)
 [VirtualWorld] Added obstacle at (4,5)
 [VirtualWorld] Added obstacle at (10,7)
 [VirtualWorld] Added obstacle at (7,4)
 [VirtualWorld] Added EarlyHelm_Normal treasure (level 1) at (7,7)
 [VirtualWorld] Added Bat monster at (2,4)
 [VirtualPitGenerator] Generated 6 obstacles, 1 treasures, 1 monsters, and 1 wizard orb
 [VirtualPitGenerator] Regenerating pit content for level 6
 [VirtualWorld] Cleared all entities and interior collisions
 [VirtualPitGenerator] Valid placement area for level 6: tiles (2,3) to (10,9)
 [VirtualPitGenerator] Level 6 calculated amounts:
 [VirtualPitGenerator]   Max Monsters: 2, Actual: 2
 [VirtualPitGenerator]   Max Chests: 2, Actual: 2
 [VirtualPitGenerator]   Min Obstacles: 5
 [VirtualPitGenerator]   Max Obstacles: 10, Actual: 10
 [VirtualWorld] Wizard orb positioned at (9,9)
 [VirtualPitGenerator] Generated wizard orb at (9,9)
 [VirtualWorld] Added obstacle at (9,7)
 [VirtualWorld] Added obstacle at (6,8)
 [VirtualWorld] Added obstacle at (6,7)
 [VirtualWorld] Added obstacle at (3,8)
 [VirtualWorld] Added obstacle at (7,4)
 [VirtualWorld] Added obstacle at (8,5)
 [VirtualWorld] Added obstacle at (8,8)
 [VirtualWorld] Added obstacle at (7,7)
 [VirtualWorld] Added obstacle at (4,3)
 [VirtualWorld] Added obstacle at (3,5)
 [VirtualWorld] Added MidAxe_Normal treasure (level 1) at (5,3)
 [VirtualWorld] Added MidArmor_Normal treasure (level 1) at (10,5)
 [VirtualWorld] Added Stone Beetle monster at (2,3)
 [VirtualWorld] Added Bat monster at (5,5)
 [VirtualPitGenerator] Generated 10 obstacles, 2 treasures, 2 monsters, and 1 wizard orb
 [VirtualPitGenerator] Regenerating pit content for level 11
 [VirtualWorld] Cleared all entities and interior collisions
 [VirtualPitGenerator] Valid placement area for level 11: tiles (2,3) to (10,9)
 [VirtualPitGenerator] Level 11 calculated amounts:
 [VirtualPitGenerator]   Max Monsters: 2, Actual: 1
 [VirtualPitGenerator]   Max Chests: 2, Actual: 1
 [VirtualPitGenerator]   Min Obstacles: 5
 [VirtualPitGenerator]   Max Obstacles: 10, Actual: 7
 [VirtualWorld] Wizard orb positioned at (10,4)
 [VirtualPitGenerator] Generated wizard orb at (10,4)
 [VirtualWorld] Added obstacle at (3,8)
 [VirtualWorld] Added obstacle at (10,5)
 [VirtualWorld] Added obstacle at (4,5)
 [VirtualWorld] Added obstacle at (2,4)
 [VirtualWorld] Added obstacle at (3,7)
 [VirtualWorld] Added obstacle at (10,6)
 [VirtualWorld] Added obstacle at (9,9)
 [VirtualWorld] Added LateShield_Normal treasure (level 1) at (7,4)
 [VirtualWorld] Added Orc monster at (9,8)
 [VirtualPitGenerator] Generated 7 obstacles, 1 treasures, 1 monsters, and 1 wizard orb
 [VirtualPitGenerator] Regenerating pit content for level 15
 [VirtualWorld] Cleared all entities and interior collisions
 [VirtualPitGenerator] Valid placement area for level 15: tiles (2,3) to (10,9)
 [VirtualPitGenerator] Level 15 calculated amounts:
 [VirtualPitGenerator]   Max Monsters: 2, Actual: 1
 [VirtualPitGenerator]   Max Chests: 2, Actual: 1
 [VirtualPitGenerator]   Min Obstacles: 7
 [VirtualPitGenerator]   Max Obstacles: 12, Actual: 10
 [VirtualWorld] Wizard orb positioned at (8,9)
 [VirtualPitGenerator] Generated wizard orb at (8,9)
 [VirtualWorld] Added obstacle at (8,7)
 [VirtualWorld] Added obstacle at (10,8)
 [VirtualWorld] Added obstacle at (9,5)
 [VirtualWorld] Added obstacle at (3,9)
 [VirtualWorld] Added obstacle at (4,6)
 [VirtualWorld] Added obstacle at (5,4)
 [VirtualWorld] Added obstacle at (4,3)
 [VirtualWorld] Added obstacle at (3,8)
 [VirtualWorld] Added obstacle at (6,6)
 [VirtualWorld] Added obstacle at (4,4)
 [VirtualWorld] Added LateArmor_Uncommon treasure (level 2) at (10,7)
 [VirtualWorld] Added Earth Elemental monster at (5,5)
 [VirtualPitGenerator] Cave boss floor at level 15 with Earth Elemental (scaled level 28)
 [VirtualPitGenerator] Generated 10 obstacles, 1 treasures, 0 monsters, and 1 wizard orb
 [VirtualPitGenerator] Regenerating pit content for level 20
 [VirtualWorld] Cleared all entities and interior collisions
 [VirtualPitGenerator] Valid placement area for level 20: tiles (2,3) to (10,9)
 [VirtualPitGenerator] Level 20 calculated amounts:
 [VirtualPitGenerator]   Max Monsters: 3, Actual: 3
 [VirtualPitGenerator]   Max Chests: 3, Actual: 3
 [VirtualPitGenerator]   Min Obstacles: 9
 [VirtualPitGenerator]   Max Obstacles: 14, Actual: 10
 [VirtualWorld] Wizard orb positioned at (9,4)
 [VirtualPitGenerator] Generated wizard orb at (9,4)
 [VirtualWorld] Added obstacle at (2,9)
 [VirtualWorld] Added obstacle at (6,6)
 [VirtualWorld] Added obstacle at (7,3)
 [VirtualWorld] Added obstacle at (2,5)
 [VirtualWorld] Added obstacle at (9,9)
 [VirtualWorld] Added obstacle at (6,4)
 [VirtualWorld] Added obstacle at (5,4)
 [VirtualWorld] Added obstacle at (2,6)
 [VirtualWorld] Added obstacle at (8,5)
 [VirtualWorld] Added obstacle at (2,7)
 [VirtualWorld] Added AdvancedSword_Uncommon treasure (level 3) at (5,3)
 [VirtualWorld] Added AdvancedSpear_Normal treasure (level 1) at (3,6)
 [VirtualWorld] Added AdvancedStaff_Uncommon treasure (level 2) at (6,7)
 [VirtualWorld] Added Molten Titan monster at (2,8)
 [VirtualPitGenerator] Cave boss floor at level 20 with Molten Titan (scaled level 38)
 [VirtualPitGenerator] Generated 10 obstacles, 3 treasures, 2 monsters, and 1 wizard orb
 [VirtualPitGenerator] Regenerating pit content for level 25
 [VirtualWorld] Cleared all entities and interior collisions
 [VirtualPitGenerator] Valid placement area for level 25: tiles (2,3) to (10,9)
 [VirtualPitGenerator] Level 25 calculated amounts:
 [VirtualPitGenerator]   Max Monsters: 3, Actual: 1
 [VirtualPitGenerator]   Max Chests: 3, Actual: 1
 [VirtualPitGenerator]   Min Obstacles: 11
 [VirtualPitGenerator]   Max Obstacles: 17, Actual: 16
 [VirtualWorld] Wizard orb positioned at (10,6)
 [VirtualPitGenerator] Generated wizard orb at (10,6)
 [VirtualWorld] Added obstacle at (5,3)
 [VirtualWorld] Added obstacle at (10,3)
 [VirtualWorld] Added obstacle at (6,7)
 [VirtualWorld] Added obstacle at (10,8)
 [VirtualWorld] Added obstacle at (6,6)
 [VirtualWorld] Added obstacle at (7,5)
 [VirtualWorld] Added obstacle at (6,5)
 [VirtualWorld] Added obstacle at (10,4)
 [VirtualWorld] Added obstacle at (8,4)
 [VirtualWorld] Added obstacle at (3,6)
 [VirtualWorld] Added obstacle at (3,5)
 [VirtualWorld] Added obstacle at (2,5)
 [VirtualWorld] Added obstacle at (9,8)
 [VirtualWorld] Added obstacle at (5,7)
 [VirtualWorld] Added obstacle at (3,7)
 [VirtualWorld] Added obstacle at (2,3)
 [VirtualWorld] Added EliteDagger_Uncommon treasure (level 2) at (9,7)
 [VirtualWorld] Added Ancient Wyrm monster at (7,4)
 [VirtualPitGenerator] Cave boss floor at level 25 with Ancient Wyrm (scaled level 46)
 [VirtualPitGenerator] Generated 16 obstacles, 1 treasures, 0 monsters, and 1 wizard orb


  Passed VirtualWorld_CaveBounds_MatchDynamicWidth [< 1 ms]
  Standard Output Messages:
 [VirtualWorld] Generated 5 obstacles and 1 wizard orb in pit
 [VirtualWorld] Regenerated pit at level 10, bounds: (1,2,14,9)
 [VirtualTiledMapService] Initialized basic tile patterns for PitWidthManager
 [VirtualPitWidthManager] Recorded FogOfWar index: 301
 [VirtualPitWidthManager] Recorded ground tile index: 104
 [VirtualPitWidthManager] baseOuterFloor[1] = 100
 [VirtualPitWidthManager] baseOuterFloor[2] = 103
 [VirtualPitWidthManager] baseOuterFloor[3] = 103
 [VirtualPitWidthManager] baseOuterFloor[4] = 103
 [VirtualPitWidthManager] baseOuterFloor[5] = 103
 [VirtualPitWidthManager] baseOuterFloor[6] = 103
 [VirtualPitWidthManager] baseOuterFloor[7] = 103
 [VirtualPitWidthManager] baseOuterFloor[8] = 103
 [VirtualPitWidthManager] baseOuterFloor[9] = 103
 [VirtualPitWidthManager] baseOuterFloor[10] = 103
 [VirtualPitWidthManager] baseOuterFloor[11] = 100
 [VirtualPitWidthManager] baseOuterFloor total: 11 tiles, 11 non-zero
 [VirtualPitWidthManager] collisionOuterFloor[1] = 0
 [VirtualPitWidthManager] collisionOuterFloor[2] = 0
 [VirtualPitWidthManager] collisionOuterFloor[3] = 0
 [VirtualPitWidthManager] collisionOuterFloor[4] = 0
 [VirtualPitWidthManager] collisionOuterFloor[5] = 0
 [VirtualPitWidthManager] collisionOuterFloor[6] = 0
 [VirtualPitWidthManager] collisionOuterFloor[7] = 0
 [VirtualPitWidthManager] collisionOuterFloor[8] = 0
 [VirtualPitWidthManager] collisionOuterFloor[9] = 0
 [VirtualPitWidthManager] collisionOuterFloor[10] = 0
 [VirtualPitWidthManager] collisionOuterFloor[11] = 0
 [VirtualPitWidthManager] collisionOuterFloor total: 11 tiles, 0 non-zero
 [VirtualPitWidthManager] baseInnerWall[1] = 102
 [VirtualPitWidthManager] baseInnerWall[2] = 102
 [VirtualPitWidthManager] baseInnerWall[3] = 102
 [VirtualPitWidthManager] baseInnerWall[4] = 102
 [VirtualPitWidthManager] baseInnerWall[5] = 102
 [VirtualPitWidthManager] baseInnerWall[6] = 102
 [VirtualPitWidthManager] baseInnerWall[7] = 102
 [VirtualPitWidthManager] baseInnerWall[8] = 102
 [VirtualPitWidthManager] baseInnerWall[9] = 102
 [VirtualPitWidthManager] baseInnerWall[10] = 102
 [VirtualPitWidthManager] baseInnerWall[11] = 102
 [VirtualPitWidthManager] baseInnerWall total: 11 tiles, 11 non-zero
 [VirtualPitWidthManager] collisionInnerWall[1] = 0
 [VirtualPitWidthManager] collisionInnerWall[2] = 201
 [VirtualPitWidthManager] collisionInnerWall[3] = 201
 [VirtualPitWidthManager] collisionInnerWall[4] = 201
 [VirtualPitWidthManager] collisionInnerWall[5] = 201
 [VirtualPitWidthManager] collisionInnerWall[6] = 201
 [VirtualPitWidthManager] collisionInnerWall[7] = 201
 [VirtualPitWidthManager] collisionInnerWall[8] = 201
 [VirtualPitWidthManager] collisionInnerWall[9] = 201
 [VirtualPitWidthManager] collisionInnerWall[10] = 201
 [VirtualPitWidthManager] collisionInnerWall[11] = 0
 [VirtualPitWidthManager] collisionInnerWall total: 11 tiles, 9 non-zero
 [VirtualPitWidthManager] baseInnerFloor[1] = 100
 [VirtualPitWidthManager] baseInnerFloor[2] = 101
 [VirtualPitWidthManager] baseInnerFloor[3] = 101
 [VirtualPitWidthManager] baseInnerFloor[4] = 101
 [VirtualPitWidthManager] baseInnerFloor[5] = 101
 [VirtualPitWidthManager] baseInnerFloor[6] = 101
 [VirtualPitWidthManager] baseInnerFloor[7] = 101
 [VirtualPitWidthManager] baseInnerFloor[8] = 101
 [VirtualPitWidthManager] baseInnerFloor[9] = 101
 [VirtualPitWidthManager] baseInnerFloor[10] = 101
 [VirtualPitWidthManager] baseInnerFloor[11] = 100
 [VirtualPitWidthManager] baseInnerFloor total: 11 tiles, 11 non-zero
 [VirtualPitWidthManager] collisionInnerFloor[1] = 0
 [VirtualPitWidthManager] collisionInnerFloor[2] = 0
 [VirtualPitWidthManager] collisionInnerFloor[3] = 0
 [VirtualPitWidthManager] collisionInnerFloor[4] = 0
 [VirtualPitWidthManager] collisionInnerFloor[5] = 0
 [VirtualPitWidthManager] collisionInnerFloor[6] = 0
 [VirtualPitWidthManager] collisionInnerFloor[7] = 0
 [VirtualPitWidthManager] collisionInnerFloor[8] = 0
 [VirtualPitWidthManager] collisionInnerFloor[9] = 0
 [VirtualPitWidthManager] collisionInnerFloor[10] = 0
 [VirtualPitWidthManager] collisionInnerFloor[11] = 0
 [VirtualPitWidthManager] collisionInnerFloor total: 11 tiles, 0 non-zero
 [VirtualPitWidthManager] Initialization complete. Current pit right edge: 13
 [VirtualPitGenerator] Regenerating pit content for level 1
 [VirtualWorld] Cleared all entities and interior collisions
 [VirtualPitGenerator] Valid placement area for level 1: tiles (2,3) to (10,9)
 [VirtualPitGenerator] Level 1 calculated amounts:
 [VirtualPitGenerator]   Max Monsters: 2, Actual: 1
 [VirtualPitGenerator]   Max Chests: 2, Actual: 1
 [VirtualPitGenerator]   Min Obstacles: 5
 [VirtualPitGenerator]   Max Obstacles: 10, Actual: 6
 [VirtualWorld] Wizard orb positioned at (8,7)
 [VirtualPitGenerator] Generated wizard orb at (8,7)
 [VirtualWorld] Added obstacle at (5,5)
 [VirtualWorld] Added obstacle at (10,3)
 [VirtualWorld] Added obstacle at (7,3)
 [VirtualWorld] Added obstacle at (4,5)
 [VirtualWorld] Added obstacle at (10,7)
 [VirtualWorld] Added obstacle at (7,4)
 [VirtualWorld] Added EarlyHelm_Normal treasure (level 1) at (7,7)
 [VirtualWorld] Added Bat monster at (2,4)
 [VirtualPitGenerator] Generated 6 obstacles, 1 treasures, 1 monsters, and 1 wizard orb
 [VirtualPitGenerator] Regenerating pit content for level 10
 [VirtualWorld] Cleared all entities and interior collisions
 [VirtualPitGenerator] Valid placement area for level 10: tiles (2,3) to (10,9)
 [VirtualPitGenerator] Level 10 calculated amounts:
 [VirtualPitGenerator]   Max Monsters: 2, Actual: 2
 [VirtualPitGenerator]   Max Chests: 2, Actual: 2
 [VirtualPitGenerator]   Min Obstacles: 5
 [VirtualPitGenerator]   Max Obstacles: 10, Actual: 10
 [VirtualWorld] Wizard orb positioned at (8,8)
 [VirtualPitGenerator] Generated wizard orb at (8,8)
 [VirtualWorld] Added obstacle at (4,5)
 [VirtualWorld] Added obstacle at (6,4)
 [VirtualWorld] Added obstacle at (10,7)
 [VirtualWorld] Added obstacle at (4,6)
 [VirtualWorld] Added obstacle at (8,9)
 [VirtualWorld] Added obstacle at (4,3)
 [VirtualWorld] Added obstacle at (3,9)
 [VirtualWorld] Added obstacle at (3,4)
 [VirtualWorld] Added obstacle at (4,7)
 [VirtualWorld] Added obstacle at (6,7)
 [VirtualWorld] Added MidDagger_Normal treasure (level 1) at (10,6)
 [VirtualWorld] Added MidAxe_Normal treasure (level 1) at (2,5)
 [VirtualWorld] Added Pit Lord monster at (3,5)
 [VirtualPitGenerator] Cave boss floor at level 10 with Pit Lord (scaled level 18)
 [VirtualPitGenerator] Generated 10 obstacles, 2 treasures, 1 monsters, and 1 wizard orb
 [VirtualPitGenerator] Regenerating pit content for level 20
 [VirtualWorld] Cleared all entities and interior collisions
 [VirtualPitGenerator] Valid placement area for level 20: tiles (2,3) to (10,9)
 [VirtualPitGenerator] Level 20 calculated amounts:
 [VirtualPitGenerator]   Max Monsters: 3, Actual: 3
 [VirtualPitGenerator]   Max Chests: 3, Actual: 3
 [VirtualPitGenerator]   Min Obstacles: 9
 [VirtualPitGenerator]   Max Obstacles: 14, Actual: 10
 [VirtualWorld] Wizard orb positioned at (9,4)
 [VirtualPitGenerator] Generated wizard orb at (9,4)
 [VirtualWorld] Added obstacle at (2,9)
 [VirtualWorld] Added obstacle at (6,6)
 [VirtualWorld] Added obstacle at (7,3)
 [VirtualWorld] Added obstacle at (2,5)
 [VirtualWorld] Added obstacle at (9,9)
 [VirtualWorld] Added obstacle at (6,4)
 [VirtualWorld] Added obstacle at (5,4)
 [VirtualWorld] Added obstacle at (2,6)
 [VirtualWorld] Added obstacle at (8,5)
 [VirtualWorld] Added obstacle at (2,7)
 [VirtualWorld] Added AdvancedSword_Uncommon treasure (level 3) at (5,3)
 [VirtualWorld] Added AdvancedSpear_Normal treasure (level 1) at (3,6)
 [VirtualWorld] Added AdvancedStaff_Uncommon treasure (level 2) at (6,7)
 [VirtualWorld] Added Molten Titan monster at (2,8)
 [VirtualPitGenerator] Cave boss floor at level 20 with Molten Titan (scaled level 38)
 [VirtualPitGenerator] Generated 10 obstacles, 3 treasures, 2 monsters, and 1 wizard orb
 [VirtualPitGenerator] Regenerating pit content for level 25
 [VirtualWorld] Cleared all entities and interior collisions
 [VirtualPitGenerator] Valid placement area for level 25: tiles (2,3) to (10,9)
 [VirtualPitGenerator] Level 25 calculated amounts:
 [VirtualPitGenerator]   Max Monsters: 3, Actual: 1
 [VirtualPitGenerator]   Max Chests: 3, Actual: 1
 [VirtualPitGenerator]   Min Obstacles: 11
 [VirtualPitGenerator]   Max Obstacles: 17, Actual: 16
 [VirtualWorld] Wizard orb positioned at (10,6)
 [VirtualPitGenerator] Generated wizard orb at (10,6)
 [VirtualWorld] Added obstacle at (5,3)
 [VirtualWorld] Added obstacle at (10,3)
 [VirtualWorld] Added obstacle at (6,7)
 [VirtualWorld] Added obstacle at (10,8)
 [VirtualWorld] Added obstacle at (6,6)
 [VirtualWorld] Added obstacle at (7,5)
 [VirtualWorld] Added obstacle at (6,5)
 [VirtualWorld] Added obstacle at (10,4)
 [VirtualWorld] Added obstacle at (8,4)
 [VirtualWorld] Added obstacle at (3,6)
 [VirtualWorld] Added obstacle at (3,5)
 [VirtualWorld] Added obstacle at (2,5)
 [VirtualWorld] Added obstacle at (9,8)
 [VirtualWorld] Added obstacle at (5,7)
 [VirtualWorld] Added obstacle at (3,7)
 [VirtualWorld] Added obstacle at (2,3)
 [VirtualWorld] Added EliteDagger_Uncommon treasure (level 2) at (9,7)
 [VirtualWorld] Added Ancient Wyrm monster at (7,4)
 [VirtualPitGenerator] Cave boss floor at level 25 with Ancient Wyrm (scaled level 46)
 [VirtualPitGenerator] Generated 16 obstacles, 1 treasures, 0 monsters, and 1 wizard orb


  Passed WanderPitAction_Constructor_ShouldSetCorrectPreconditionsAndPostconditions [< 1 ms]
  Passed GoapConstants_WanderPitAction_ShouldExist [< 1 ms]
  Passed GoapConstants_InsidePit_ShouldExist [< 1 ms]
  Passed GoapConstants_SimplifiedStates_ShouldExist [< 1 ms]
  Passed GoapConstants_SimplifiedActions_ShouldExist [< 1 ms]
  Passed SimplifiedGoapActions_ShouldInstantiate [< 1 ms]
  Passed ActivateWizardOrbAction_QueuePitLevel_ShouldWork [1 ms]
  Standard Output Messages:
 
 
 Debug Trace:
 Log: [PitLevelQueue] Level 50 queued for regeneration
 Log: [PitLevelQueue] Dequeued level 50 for regeneration


  Passed HeroCrystalTab_CanBeCreated [< 1 ms]
  Passed HeroCrystalTab_UpdateWithHero_WithoutCreateContent_ShouldHandleGracefully [1 ms]
  Passed HeroCrystalTab_UpdateWithNullHero_ShouldNotThrow [< 1 ms]
  Passed HeroCrystalTab_Update_ShouldNotThrow [< 1 ms]
  Passed HoverableImageButton_ShouldBeCreatable [10 ms]
  Passed HoverableImageButton_SetHoverText_ShouldUpdateText [< 1 ms]
  Passed HoverableImageButton_ShouldInheritFromImageButton [< 1 ms]
  Passed HoverableImageButton_EstimateTextWidth_ShouldHandleEmptyText [< 1 ms]
  Passed InventoryGrid_ShouldInitializeCorrectly [5 ms]
  Passed FindNextAvailableSlot_ShouldReturnInventorySlot [1 ms]
  Passed UpdateBagCapacity_NoLongerLimitsSlots [< 1 ms]
  Passed InventorySlotData_ShouldInitializeCorrectly [< 1 ms]
  Passed InventorySlotData_EquipmentSlot_ShouldSetCorrectly [1 ms]
  Passed InventorySlotData_ShortcutKey_ShouldSetCorrectly [< 1 ms]

Test Run Failed.
Total tests: 918
     Passed: 911
     Failed: 1
    Skipped: 6
 Total time: 2.2788 Seconds
